
Apartment Name: O, Max Bandwidth: 180
(id: 20, initial_bandwith: 10, is_empty: 0) (id: 117, initial_bandwith: 7, is_empty: 0) (id: 426, initial_bandwith: 15, is_empty: 0) (id: 197, initial_bandwith: 14, is_empty: 0) (id: 203, initial_bandwith: 9, is_empty: 0) (id: 445, initial_bandwith: 16, is_empty: 0) (id: 72, initial_bandwith: 11, is_empty: 0) (id: 352, initial_bandwith: 4, is_empty: 0) (id: 370, initial_bandwith: 8, is_empty: 0) (id: 235, initial_bandwith: 16, is_empty: 0) 
backwards
(id: 235, initial_bandwith: 16, is_empty: 0)(id: 370, initial_bandwith: 8, is_empty: 0)(id: 352, initial_bandwith: 4, is_empty: 0)(id: 72, initial_bandwith: 11, is_empty: 0)(id: 445, initial_bandwith: 16, is_empty: 0)(id: 203, initial_bandwith: 9, is_empty: 0)(id: 197, initial_bandwith: 14, is_empty: 0)(id: 426, initial_bandwith: 15, is_empty: 0)(id: 117, initial_bandwith: 7, is_empty: 0)(id: 20, initial_bandwith: 10, is_empty: 0)

Apartment Name: R, Max Bandwidth: 380
(id: 51, initial_bandwith: 44, is_empty: 0) (id: 450, initial_bandwith: 32, is_empty: 0) (id: 93, initial_bandwith: 5, is_empty: 0) (id: 52, initial_bandwith: 3, is_empty: 0) (id: 311, initial_bandwith: 21, is_empty: 0) (id: 88, initial_bandwith: 11, is_empty: 0) (id: 453, initial_bandwith: 41, is_empty: 0) (id: 19, initial_bandwith: 24, is_empty: 0) 
backwards
(id: 19, initial_bandwith: 24, is_empty: 0)(id: 453, initial_bandwith: 41, is_empty: 0)(id: 88, initial_bandwith: 11, is_empty: 0)(id: 311, initial_bandwith: 21, is_empty: 0)(id: 52, initial_bandwith: 3, is_empty: 0)(id: 93, initial_bandwith: 5, is_empty: 0)(id: 450, initial_bandwith: 32, is_empty: 0)(id: 51, initial_bandwith: 44, is_empty: 0)

Apartment Name: W, Max Bandwidth: 120
(id: 475, initial_bandwith: 4, is_empty: 0) (id: 168, initial_bandwith: 6, is_empty: 0) (id: 269, initial_bandwith: 5, is_empty: 0) (id: 377, initial_bandwith: 8, is_empty: 0) (id: 244, initial_bandwith: 5, is_empty: 0) (id: 309, initial_bandwith: 1, is_empty: 0) (id: 454, initial_bandwith: 3, is_empty: 0) (id: 102, initial_bandwith: 4, is_empty: 0) (id: 463, initial_bandwith: 6, is_empty: 0) (id: 171, initial_bandwith: 3, is_empty: 0) (id: 48, initial_bandwith: 7, is_empty: 0) (id: 220, initial_bandwith: 8, is_empty: 0) (id: 298, initial_bandwith: 2, is_empty: 0) (id: 24, initial_bandwith: 3, is_empty: 0) (id: 205, initial_bandwith: 4, is_empty: 0) 
backwards
(id: 205, initial_bandwith: 4, is_empty: 0)(id: 24, initial_bandwith: 3, is_empty: 0)(id: 298, initial_bandwith: 2, is_empty: 0)(id: 220, initial_bandwith: 8, is_empty: 0)(id: 48, initial_bandwith: 7, is_empty: 0)(id: 171, initial_bandwith: 3, is_empty: 0)(id: 463, initial_bandwith: 6, is_empty: 0)(id: 102, initial_bandwith: 4, is_empty: 0)(id: 454, initial_bandwith: 3, is_empty: 0)(id: 309, initial_bandwith: 1, is_empty: 0)(id: 244, initial_bandwith: 5, is_empty: 0)(id: 377, initial_bandwith: 8, is_empty: 0)(id: 269, initial_bandwith: 5, is_empty: 0)(id: 168, initial_bandwith: 6, is_empty: 0)(id: 475, initial_bandwith: 4, is_empty: 0)

Apartment Name: S, Max Bandwidth: 120
(id: 98, initial_bandwith: 12, is_empty: 0) (id: 263, initial_bandwith: 4, is_empty: 0) (id: 393, initial_bandwith: 5, is_empty: 0) (id: 214, initial_bandwith: 3, is_empty: 0) (id: 289, initial_bandwith: 15, is_empty: 0) (id: 257, initial_bandwith: 5, is_empty: 0) (id: 37, initial_bandwith: 11, is_empty: 0) (id: 67, initial_bandwith: 0, is_empty: 0) 
backwards
(id: 67, initial_bandwith: 0, is_empty: 0)(id: 37, initial_bandwith: 11, is_empty: 0)(id: 257, initial_bandwith: 5, is_empty: 0)(id: 289, initial_bandwith: 15, is_empty: 0)(id: 214, initial_bandwith: 3, is_empty: 0)(id: 393, initial_bandwith: 5, is_empty: 0)(id: 263, initial_bandwith: 4, is_empty: 0)(id: 98, initial_bandwith: 12, is_empty: 0)

Apartment Name: J, Max Bandwidth: 340
(id: 14, initial_bandwith: 16, is_empty: 0) (id: 434, initial_bandwith: 10, is_empty: 0) (id: 164, initial_bandwith: 21, is_empty: 0) (id: 133, initial_bandwith: 14, is_empty: 0) (id: 260, initial_bandwith: 18, is_empty: 0) (id: 384, initial_bandwith: 19, is_empty: 0) (id: 120, initial_bandwith: 17, is_empty: 0) (id: 457, initial_bandwith: 21, is_empty: 0) (id: 499, initial_bandwith: 20, is_empty: 0) (id: 367, initial_bandwith: 21, is_empty: 0) 
backwards
(id: 367, initial_bandwith: 21, is_empty: 0)(id: 499, initial_bandwith: 20, is_empty: 0)(id: 457, initial_bandwith: 21, is_empty: 0)(id: 120, initial_bandwith: 17, is_empty: 0)(id: 384, initial_bandwith: 19, is_empty: 0)(id: 260, initial_bandwith: 18, is_empty: 0)(id: 133, initial_bandwith: 14, is_empty: 0)(id: 164, initial_bandwith: 21, is_empty: 0)(id: 434, initial_bandwith: 10, is_empty: 0)(id: 14, initial_bandwith: 16, is_empty: 0)

Apartment Name: B, Max Bandwidth: 220
(id: 280, initial_bandwith: 99, is_empty: 0) (id: 157, initial_bandwith: 9, is_empty: 0) 
backwards
(id: 157, initial_bandwith: 9, is_empty: 0)(id: 280, initial_bandwith: 99, is_empty: 0)

Apartment Name: Q, Max Bandwidth: 260
(id: 359, initial_bandwith: 188, is_empty: 0) 
backwards
(id: 359, initial_bandwith: 188, is_empty: 0)

Apartment Name: L, Max Bandwidth: 100
(id: 254, initial_bandwith: 6, is_empty: 0) (id: 208, initial_bandwith: 1, is_empty: 0) (id: 193, initial_bandwith: 10, is_empty: 0) (id: 74, initial_bandwith: 1, is_empty: 0) (id: 386, initial_bandwith: 7, is_empty: 0) (id: 446, initial_bandwith: 2, is_empty: 0) (id: 427, initial_bandwith: 5, is_empty: 0) (id: 165, initial_bandwith: 3, is_empty: 0) 
backwards
(id: 165, initial_bandwith: 3, is_empty: 0)(id: 427, initial_bandwith: 5, is_empty: 0)(id: 446, initial_bandwith: 2, is_empty: 0)(id: 386, initial_bandwith: 7, is_empty: 0)(id: 74, initial_bandwith: 1, is_empty: 0)(id: 193, initial_bandwith: 10, is_empty: 0)(id: 208, initial_bandwith: 1, is_empty: 0)(id: 254, initial_bandwith: 6, is_empty: 0)
