
Apartment Name: F, Max Bandwidth: 100
(id: 27, initial_bandwith: 2, is_empty: 0) (id: 56, initial_bandwith: 6, is_empty: 0) (id: 295, initial_bandwith: 1, is_empty: 0) (id: 104, initial_bandwith: 4, is_empty: 0) (id: 21, initial_bandwith: 5, is_empty: 0) (id: 312, initial_bandwith: 5, is_empty: 0) (id: 435, initial_bandwith: 0, is_empty: 0) (id: 64, initial_bandwith: 4, is_empty: 0) (id: 386, initial_bandwith: 1, is_empty: 0) (id: 203, initial_bandwith: 5, is_empty: 0) (id: 108, initial_bandwith: 0, is_empty: 0) (id: 442, initial_bandwith: 6, is_empty: 0) (id: 310, initial_bandwith: 6, is_empty: 0) (id: 6, initial_bandwith: 1, is_empty: 0) (id: 137, initial_bandwith: 2, is_empty: 0) 
backwards
(id: 137, initial_bandwith: 2, is_empty: 0)(id: 6, initial_bandwith: 1, is_empty: 0)(id: 310, initial_bandwith: 6, is_empty: 0)(id: 442, initial_bandwith: 6, is_empty: 0)(id: 108, initial_bandwith: 0, is_empty: 0)(id: 203, initial_bandwith: 5, is_empty: 0)(id: 386, initial_bandwith: 1, is_empty: 0)(id: 64, initial_bandwith: 4, is_empty: 0)(id: 435, initial_bandwith: 0, is_empty: 0)(id: 312, initial_bandwith: 5, is_empty: 0)(id: 21, initial_bandwith: 5, is_empty: 0)(id: 104, initial_bandwith: 4, is_empty: 0)(id: 295, initial_bandwith: 1, is_empty: 0)(id: 56, initial_bandwith: 6, is_empty: 0)(id: 27, initial_bandwith: 2, is_empty: 0)

Apartment Name: W, Max Bandwidth: 260
(id: 477, initial_bandwith: 2, is_empty: 0) (id: 192, initial_bandwith: 6, is_empty: 0) (id: 74, initial_bandwith: 8, is_empty: 0) (id: 273, initial_bandwith: 3, is_empty: 0) (id: 221, initial_bandwith: 15, is_empty: 0) (id: 344, initial_bandwith: 8, is_empty: 0) (id: 178, initial_bandwith: 11, is_empty: 0) (id: 334, initial_bandwith: 12, is_empty: 0) (id: 97, initial_bandwith: 0, is_empty: 0) (id: 244, initial_bandwith: 13, is_empty: 0) (id: 330, initial_bandwith: 11, is_empty: 0) (id: 276, initial_bandwith: 8, is_empty: 0) (id: 339, initial_bandwith: 14, is_empty: 0) (id: 311, initial_bandwith: 0, is_empty: 0) (id: 150, initial_bandwith: 7, is_empty: 0) (id: 463, initial_bandwith: 9, is_empty: 0) (id: 165, initial_bandwith: 12, is_empty: 0) 
backwards
(id: 165, initial_bandwith: 12, is_empty: 0)(id: 463, initial_bandwith: 9, is_empty: 0)(id: 150, initial_bandwith: 7, is_empty: 0)(id: 311, initial_bandwith: 0, is_empty: 0)(id: 339, initial_bandwith: 14, is_empty: 0)(id: 276, initial_bandwith: 8, is_empty: 0)(id: 330, initial_bandwith: 11, is_empty: 0)(id: 244, initial_bandwith: 13, is_empty: 0)(id: 97, initial_bandwith: 0, is_empty: 0)(id: 334, initial_bandwith: 12, is_empty: 0)(id: 178, initial_bandwith: 11, is_empty: 0)(id: 344, initial_bandwith: 8, is_empty: 0)(id: 221, initial_bandwith: 15, is_empty: 0)(id: 273, initial_bandwith: 3, is_empty: 0)(id: 74, initial_bandwith: 8, is_empty: 0)(id: 192, initial_bandwith: 6, is_empty: 0)(id: 477, initial_bandwith: 2, is_empty: 0)

Apartment Name: I, Max Bandwidth: 360
(id: 138, initial_bandwith: 13, is_empty: 0) (id: 34, initial_bandwith: 8, is_empty: 0) (id: 234, initial_bandwith: 16, is_empty: 0) (id: 166, initial_bandwith: 6, is_empty: 0) (id: 279, initial_bandwith: 6, is_empty: 0) (id: 254, initial_bandwith: 17, is_empty: 0) (id: 483, initial_bandwith: 15, is_empty: 0) (id: 450, initial_bandwith: 18, is_empty: 0) (id: 80, initial_bandwith: 5, is_empty: 0) (id: 462, initial_bandwith: 18, is_empty: 0) (id: 127, initial_bandwith: 10, is_empty: 0) (id: 381, initial_bandwith: 11, is_empty: 0) (id: 122, initial_bandwith: 0, is_empty: 0) (id: 121, initial_bandwith: 1, is_empty: 0) (id: 423, initial_bandwith: 17, is_empty: 0) (id: 315, initial_bandwith: 7, is_empty: 0) (id: 447, initial_bandwith: 15, is_empty: 0) (id: 378, initial_bandwith: 8, is_empty: 0) (id: 116, initial_bandwith: 9, is_empty: 0) 
backwards
(id: 116, initial_bandwith: 9, is_empty: 0)(id: 378, initial_bandwith: 8, is_empty: 0)(id: 447, initial_bandwith: 15, is_empty: 0)(id: 315, initial_bandwith: 7, is_empty: 0)(id: 423, initial_bandwith: 17, is_empty: 0)(id: 121, initial_bandwith: 1, is_empty: 0)(id: 122, initial_bandwith: 0, is_empty: 0)(id: 381, initial_bandwith: 11, is_empty: 0)(id: 127, initial_bandwith: 10, is_empty: 0)(id: 462, initial_bandwith: 18, is_empty: 0)(id: 80, initial_bandwith: 5, is_empty: 0)(id: 450, initial_bandwith: 18, is_empty: 0)(id: 483, initial_bandwith: 15, is_empty: 0)(id: 254, initial_bandwith: 17, is_empty: 0)(id: 279, initial_bandwith: 6, is_empty: 0)(id: 166, initial_bandwith: 6, is_empty: 0)(id: 234, initial_bandwith: 16, is_empty: 0)(id: 34, initial_bandwith: 8, is_empty: 0)(id: 138, initial_bandwith: 13, is_empty: 0)

Apartment Name: C, Max Bandwidth: 320
(id: 153, initial_bandwith: 6, is_empty: 0) (id: 17, initial_bandwith: 7, is_empty: 0) (id: 280, initial_bandwith: 10, is_empty: 0) (id: 16, initial_bandwith: 13, is_empty: 0) (id: 146, initial_bandwith: 6, is_empty: 0) (id: 249, initial_bandwith: 1, is_empty: 0) (id: 134, initial_bandwith: 19, is_empty: 0) (id: 143, initial_bandwith: 10, is_empty: 0) (id: 320, initial_bandwith: 19, is_empty: 0) (id: 58, initial_bandwith: 17, is_empty: 0) (id: 225, initial_bandwith: 17, is_empty: 0) (id: 472, initial_bandwith: 0, is_empty: 0) (id: 190, initial_bandwith: 4, is_empty: 0) (id: 43, initial_bandwith: 18, is_empty: 0) (id: 226, initial_bandwith: 8, is_empty: 0) (id: 53, initial_bandwith: 8, is_empty: 0) 
backwards
(id: 53, initial_bandwith: 8, is_empty: 0)(id: 226, initial_bandwith: 8, is_empty: 0)(id: 43, initial_bandwith: 18, is_empty: 0)(id: 190, initial_bandwith: 4, is_empty: 0)(id: 472, initial_bandwith: 0, is_empty: 0)(id: 225, initial_bandwith: 17, is_empty: 0)(id: 58, initial_bandwith: 17, is_empty: 0)(id: 320, initial_bandwith: 19, is_empty: 0)(id: 143, initial_bandwith: 10, is_empty: 0)(id: 134, initial_bandwith: 19, is_empty: 0)(id: 249, initial_bandwith: 1, is_empty: 0)(id: 146, initial_bandwith: 6, is_empty: 0)(id: 16, initial_bandwith: 13, is_empty: 0)(id: 280, initial_bandwith: 10, is_empty: 0)(id: 17, initial_bandwith: 7, is_empty: 0)(id: 153, initial_bandwith: 6, is_empty: 0)

Apartment Name: A, Max Bandwidth: 120
(id: 260, initial_bandwith: 8, is_empty: 0) (id: 88, initial_bandwith: 3, is_empty: 0) (id: 256, initial_bandwith: 11, is_empty: 0) (id: 85, initial_bandwith: 0, is_empty: 0) (id: 269, initial_bandwith: 5, is_empty: 0) (id: 67, initial_bandwith: 11, is_empty: 0) (id: 106, initial_bandwith: 4, is_empty: 0) (id: 18, initial_bandwith: 12, is_empty: 0) (id: 488, initial_bandwith: 0, is_empty: 0) (id: 460, initial_bandwith: 5, is_empty: 0) 
backwards
(id: 460, initial_bandwith: 5, is_empty: 0)(id: 488, initial_bandwith: 0, is_empty: 0)(id: 18, initial_bandwith: 12, is_empty: 0)(id: 106, initial_bandwith: 4, is_empty: 0)(id: 67, initial_bandwith: 11, is_empty: 0)(id: 269, initial_bandwith: 5, is_empty: 0)(id: 85, initial_bandwith: 0, is_empty: 0)(id: 256, initial_bandwith: 11, is_empty: 0)(id: 88, initial_bandwith: 3, is_empty: 0)(id: 260, initial_bandwith: 8, is_empty: 0)

Apartment Name: P, Max Bandwidth: 220
(id: 370, initial_bandwith: 22, is_empty: 0) (id: 30, initial_bandwith: 29, is_empty: 0) (id: 400, initial_bandwith: 10, is_empty: 0) (id: 242, initial_bandwith: 7, is_empty: 0) (id: 84, initial_bandwith: 3, is_empty: 0) 
backwards
(id: 84, initial_bandwith: 3, is_empty: 0)(id: 242, initial_bandwith: 7, is_empty: 0)(id: 400, initial_bandwith: 10, is_empty: 0)(id: 30, initial_bandwith: 29, is_empty: 0)(id: 370, initial_bandwith: 22, is_empty: 0)

Apartment Name: E, Max Bandwidth: 320
(id: 342, initial_bandwith: 3, is_empty: 0) (id: 156, initial_bandwith: 26, is_empty: 0) (id: 333, initial_bandwith: 10, is_empty: 0) (id: 61, initial_bandwith: 20, is_empty: 0) (id: 228, initial_bandwith: 25, is_empty: 0) (id: 397, initial_bandwith: 10, is_empty: 0) (id: 202, initial_bandwith: 11, is_empty: 0) (id: 376, initial_bandwith: 19, is_empty: 0) (id: 216, initial_bandwith: 23, is_empty: 0) (id: 363, initial_bandwith: 7, is_empty: 0) (id: 125, initial_bandwith: 7, is_empty: 0) (id: 411, initial_bandwith: 16, is_empty: 0) 
backwards
(id: 411, initial_bandwith: 16, is_empty: 0)(id: 125, initial_bandwith: 7, is_empty: 0)(id: 363, initial_bandwith: 7, is_empty: 0)(id: 216, initial_bandwith: 23, is_empty: 0)(id: 376, initial_bandwith: 19, is_empty: 0)(id: 202, initial_bandwith: 11, is_empty: 0)(id: 397, initial_bandwith: 10, is_empty: 0)(id: 228, initial_bandwith: 25, is_empty: 0)(id: 61, initial_bandwith: 20, is_empty: 0)(id: 333, initial_bandwith: 10, is_empty: 0)(id: 156, initial_bandwith: 26, is_empty: 0)(id: 342, initial_bandwith: 3, is_empty: 0)

Apartment Name: Y, Max Bandwidth: 280
(id: 109, initial_bandwith: 8, is_empty: 0) (id: 296, initial_bandwith: 34, is_empty: 0) (id: 114, initial_bandwith: 22, is_empty: 0) (id: 23, initial_bandwith: 7, is_empty: 0) (id: 232, initial_bandwith: 31, is_empty: 0) (id: 434, initial_bandwith: 35, is_empty: 0) (id: 338, initial_bandwith: 7, is_empty: 0) (id: 89, initial_bandwith: 25, is_empty: 0) 
backwards
(id: 89, initial_bandwith: 25, is_empty: 0)(id: 338, initial_bandwith: 7, is_empty: 0)(id: 434, initial_bandwith: 35, is_empty: 0)(id: 232, initial_bandwith: 31, is_empty: 0)(id: 23, initial_bandwith: 7, is_empty: 0)(id: 114, initial_bandwith: 22, is_empty: 0)(id: 296, initial_bandwith: 34, is_empty: 0)(id: 109, initial_bandwith: 8, is_empty: 0)

Apartment Name: S, Max Bandwidth: 140
(id: 147, initial_bandwith: 0, is_empty: 0) (id: 63, initial_bandwith: 9, is_empty: 0) (id: 110, initial_bandwith: 7, is_empty: 0) (id: 207, initial_bandwith: 9, is_empty: 0) (id: 100, initial_bandwith: 6, is_empty: 0) (id: 194, initial_bandwith: 3, is_empty: 0) (id: 62, initial_bandwith: 1, is_empty: 0) (id: 440, initial_bandwith: 10, is_empty: 0) (id: 393, initial_bandwith: 8, is_empty: 0) (id: 486, initial_bandwith: 3, is_empty: 0) (id: 481, initial_bandwith: 0, is_empty: 0) (id: 40, initial_bandwith: 8, is_empty: 0) 
backwards
(id: 40, initial_bandwith: 8, is_empty: 0)(id: 481, initial_bandwith: 0, is_empty: 0)(id: 486, initial_bandwith: 3, is_empty: 0)(id: 393, initial_bandwith: 8, is_empty: 0)(id: 440, initial_bandwith: 10, is_empty: 0)(id: 62, initial_bandwith: 1, is_empty: 0)(id: 194, initial_bandwith: 3, is_empty: 0)(id: 100, initial_bandwith: 6, is_empty: 0)(id: 207, initial_bandwith: 9, is_empty: 0)(id: 110, initial_bandwith: 7, is_empty: 0)(id: 63, initial_bandwith: 9, is_empty: 0)(id: 147, initial_bandwith: 0, is_empty: 0)

Apartment Name: M, Max Bandwidth: 240
(id: 22, initial_bandwith: 3, is_empty: 0) (id: 239, initial_bandwith: 15, is_empty: 0) (id: 360, initial_bandwith: 4, is_empty: 0) (id: 219, initial_bandwith: 11, is_empty: 0) (id: 107, initial_bandwith: 14, is_empty: 0) (id: 212, initial_bandwith: 2, is_empty: 0) (id: 250, initial_bandwith: 7, is_empty: 0) (id: 340, initial_bandwith: 17, is_empty: 0) (id: 257, initial_bandwith: 13, is_empty: 0) (id: 11, initial_bandwith: 1, is_empty: 0) (id: 186, initial_bandwith: 8, is_empty: 0) (id: 154, initial_bandwith: 15, is_empty: 0) (id: 402, initial_bandwith: 11, is_empty: 0) (id: 181, initial_bandwith: 2, is_empty: 0) 
backwards
(id: 181, initial_bandwith: 2, is_empty: 0)(id: 402, initial_bandwith: 11, is_empty: 0)(id: 154, initial_bandwith: 15, is_empty: 0)(id: 186, initial_bandwith: 8, is_empty: 0)(id: 11, initial_bandwith: 1, is_empty: 0)(id: 257, initial_bandwith: 13, is_empty: 0)(id: 340, initial_bandwith: 17, is_empty: 0)(id: 250, initial_bandwith: 7, is_empty: 0)(id: 212, initial_bandwith: 2, is_empty: 0)(id: 107, initial_bandwith: 14, is_empty: 0)(id: 219, initial_bandwith: 11, is_empty: 0)(id: 360, initial_bandwith: 4, is_empty: 0)(id: 239, initial_bandwith: 15, is_empty: 0)(id: 22, initial_bandwith: 3, is_empty: 0)

Apartment Name: D, Max Bandwidth: 240
(id: 185, initial_bandwith: 12, is_empty: 0) (id: 347, initial_bandwith: 5, is_empty: 0) (id: 424, initial_bandwith: 8, is_empty: 0) (id: 213, initial_bandwith: 5, is_empty: 0) (id: 355, initial_bandwith: 6, is_empty: 0) (id: 81, initial_bandwith: 4, is_empty: 0) (id: 467, initial_bandwith: 11, is_empty: 0) (id: 466, initial_bandwith: 5, is_empty: 0) (id: 313, initial_bandwith: 5, is_empty: 0) (id: 240, initial_bandwith: 8, is_empty: 0) (id: 158, initial_bandwith: 7, is_empty: 0) (id: 162, initial_bandwith: 7, is_empty: 0) (id: 316, initial_bandwith: 10, is_empty: 0) (id: 8, initial_bandwith: 2, is_empty: 0) (id: 99, initial_bandwith: 6, is_empty: 0) (id: 214, initial_bandwith: 4, is_empty: 0) (id: 60, initial_bandwith: 0, is_empty: 0) (id: 126, initial_bandwith: 3, is_empty: 0) (id: 394, initial_bandwith: 8, is_empty: 0) 
backwards
(id: 394, initial_bandwith: 8, is_empty: 0)(id: 126, initial_bandwith: 3, is_empty: 0)(id: 60, initial_bandwith: 0, is_empty: 0)(id: 214, initial_bandwith: 4, is_empty: 0)(id: 99, initial_bandwith: 6, is_empty: 0)(id: 8, initial_bandwith: 2, is_empty: 0)(id: 316, initial_bandwith: 10, is_empty: 0)(id: 162, initial_bandwith: 7, is_empty: 0)(id: 158, initial_bandwith: 7, is_empty: 0)(id: 240, initial_bandwith: 8, is_empty: 0)(id: 313, initial_bandwith: 5, is_empty: 0)(id: 466, initial_bandwith: 5, is_empty: 0)(id: 467, initial_bandwith: 11, is_empty: 0)(id: 81, initial_bandwith: 4, is_empty: 0)(id: 355, initial_bandwith: 6, is_empty: 0)(id: 213, initial_bandwith: 5, is_empty: 0)(id: 424, initial_bandwith: 8, is_empty: 0)(id: 347, initial_bandwith: 5, is_empty: 0)(id: 185, initial_bandwith: 12, is_empty: 0)

Apartment Name: V, Max Bandwidth: 180
(id: 139, initial_bandwith: 9, is_empty: 0) (id: 383, initial_bandwith: 1, is_empty: 0) (id: 443, initial_bandwith: 8, is_empty: 0) (id: 335, initial_bandwith: 3, is_empty: 0) (id: 206, initial_bandwith: 0, is_empty: 0) (id: 418, initial_bandwith: 7, is_empty: 0) (id: 469, initial_bandwith: 6, is_empty: 0) (id: 308, initial_bandwith: 10, is_empty: 0) (id: 277, initial_bandwith: 4, is_empty: 0) (id: 493, initial_bandwith: 4, is_empty: 0) (id: 294, initial_bandwith: 2, is_empty: 0) (id: 287, initial_bandwith: 0, is_empty: 0) (id: 485, initial_bandwith: 2, is_empty: 0) (id: 142, initial_bandwith: 10, is_empty: 0) (id: 459, initial_bandwith: 5, is_empty: 0) (id: 408, initial_bandwith: 5, is_empty: 0) (id: 390, initial_bandwith: 0, is_empty: 0) 
backwards
(id: 390, initial_bandwith: 0, is_empty: 0)(id: 408, initial_bandwith: 5, is_empty: 0)(id: 459, initial_bandwith: 5, is_empty: 0)(id: 142, initial_bandwith: 10, is_empty: 0)(id: 485, initial_bandwith: 2, is_empty: 0)(id: 287, initial_bandwith: 0, is_empty: 0)(id: 294, initial_bandwith: 2, is_empty: 0)(id: 493, initial_bandwith: 4, is_empty: 0)(id: 277, initial_bandwith: 4, is_empty: 0)(id: 308, initial_bandwith: 10, is_empty: 0)(id: 469, initial_bandwith: 6, is_empty: 0)(id: 418, initial_bandwith: 7, is_empty: 0)(id: 206, initial_bandwith: 0, is_empty: 0)(id: 335, initial_bandwith: 3, is_empty: 0)(id: 443, initial_bandwith: 8, is_empty: 0)(id: 383, initial_bandwith: 1, is_empty: 0)(id: 139, initial_bandwith: 9, is_empty: 0)

Apartment Name: Z, Max Bandwidth: 300
(id: 286, initial_bandwith: 12, is_empty: 0) (id: 48, initial_bandwith: 1, is_empty: 0) (id: 367, initial_bandwith: 8, is_empty: 0) (id: 432, initial_bandwith: 16, is_empty: 0) (id: 362, initial_bandwith: 14, is_empty: 0) (id: 490, initial_bandwith: 7, is_empty: 0) (id: 222, initial_bandwith: 12, is_empty: 0) (id: 94, initial_bandwith: 4, is_empty: 0) (id: 305, initial_bandwith: 12, is_empty: 0) (id: 429, initial_bandwith: 13, is_empty: 0) (id: 473, initial_bandwith: 21, is_empty: 0) (id: 265, initial_bandwith: 20, is_empty: 0) 
backwards
(id: 265, initial_bandwith: 20, is_empty: 0)(id: 473, initial_bandwith: 21, is_empty: 0)(id: 429, initial_bandwith: 13, is_empty: 0)(id: 305, initial_bandwith: 12, is_empty: 0)(id: 94, initial_bandwith: 4, is_empty: 0)(id: 222, initial_bandwith: 12, is_empty: 0)(id: 490, initial_bandwith: 7, is_empty: 0)(id: 362, initial_bandwith: 14, is_empty: 0)(id: 432, initial_bandwith: 16, is_empty: 0)(id: 367, initial_bandwith: 8, is_empty: 0)(id: 48, initial_bandwith: 1, is_empty: 0)(id: 286, initial_bandwith: 12, is_empty: 0)

Apartment Name: T, Max Bandwidth: 160
(id: 384, initial_bandwith: 17, is_empty: 0) (id: 7, initial_bandwith: 6, is_empty: 0) (id: 327, initial_bandwith: 11, is_empty: 0) (id: 306, initial_bandwith: 6, is_empty: 0) (id: 224, initial_bandwith: 8, is_empty: 0) (id: 382, initial_bandwith: 11, is_empty: 0) (id: 105, initial_bandwith: 0, is_empty: 0) (id: 272, initial_bandwith: 11, is_empty: 0) (id: 322, initial_bandwith: 6, is_empty: 0) 
backwards
(id: 322, initial_bandwith: 6, is_empty: 0)(id: 272, initial_bandwith: 11, is_empty: 0)(id: 105, initial_bandwith: 0, is_empty: 0)(id: 382, initial_bandwith: 11, is_empty: 0)(id: 224, initial_bandwith: 8, is_empty: 0)(id: 306, initial_bandwith: 6, is_empty: 0)(id: 327, initial_bandwith: 11, is_empty: 0)(id: 7, initial_bandwith: 6, is_empty: 0)(id: 384, initial_bandwith: 17, is_empty: 0)

Apartment Name: X, Max Bandwidth: 240
(id: 421, initial_bandwith: 10, is_empty: 0) (id: 437, initial_bandwith: 57, is_empty: 0) (id: 420, initial_bandwith: 48, is_empty: 0) 
backwards
(id: 420, initial_bandwith: 48, is_empty: 0)(id: 437, initial_bandwith: 57, is_empty: 0)(id: 421, initial_bandwith: 10, is_empty: 0)

Apartment Name: G, Max Bandwidth: 180
(id: 78, initial_bandwith: 10, is_empty: 0) (id: 258, initial_bandwith: 11, is_empty: 0) (id: 266, initial_bandwith: 5, is_empty: 0) (id: 410, initial_bandwith: 2, is_empty: 0) (id: 479, initial_bandwith: 9, is_empty: 0) (id: 326, initial_bandwith: 3, is_empty: 0) (id: 117, initial_bandwith: 11, is_empty: 0) (id: 270, initial_bandwith: 8, is_empty: 0) (id: 155, initial_bandwith: 2, is_empty: 0) (id: 161, initial_bandwith: 3, is_empty: 0) (id: 318, initial_bandwith: 6, is_empty: 0) (id: 271, initial_bandwith: 0, is_empty: 0) (id: 51, initial_bandwith: 7, is_empty: 0) (id: 498, initial_bandwith: 7, is_empty: 0) (id: 433, initial_bandwith: 9, is_empty: 0) (id: 476, initial_bandwith: 11, is_empty: 0) 
backwards
(id: 476, initial_bandwith: 11, is_empty: 0)(id: 433, initial_bandwith: 9, is_empty: 0)(id: 498, initial_bandwith: 7, is_empty: 0)(id: 51, initial_bandwith: 7, is_empty: 0)(id: 271, initial_bandwith: 0, is_empty: 0)(id: 318, initial_bandwith: 6, is_empty: 0)(id: 161, initial_bandwith: 3, is_empty: 0)(id: 155, initial_bandwith: 2, is_empty: 0)(id: 270, initial_bandwith: 8, is_empty: 0)(id: 117, initial_bandwith: 11, is_empty: 0)(id: 326, initial_bandwith: 3, is_empty: 0)(id: 479, initial_bandwith: 9, is_empty: 0)(id: 410, initial_bandwith: 2, is_empty: 0)(id: 266, initial_bandwith: 5, is_empty: 0)(id: 258, initial_bandwith: 11, is_empty: 0)(id: 78, initial_bandwith: 10, is_empty: 0)

Apartment Name: H, Max Bandwidth: 220
(id: 95, initial_bandwith: 19, is_empty: 0) (id: 28, initial_bandwith: 27, is_empty: 0) (id: 198, initial_bandwith: 31, is_empty: 0) (id: 245, initial_bandwith: 28, is_empty: 0) (id: 439, initial_bandwith: 2, is_empty: 0) (id: 358, initial_bandwith: 30, is_empty: 0) (id: 235, initial_bandwith: 5, is_empty: 0) 
backwards
(id: 235, initial_bandwith: 5, is_empty: 0)(id: 358, initial_bandwith: 30, is_empty: 0)(id: 439, initial_bandwith: 2, is_empty: 0)(id: 245, initial_bandwith: 28, is_empty: 0)(id: 198, initial_bandwith: 31, is_empty: 0)(id: 28, initial_bandwith: 27, is_empty: 0)(id: 95, initial_bandwith: 19, is_empty: 0)

Apartment Name: Q, Max Bandwidth: 320
(id: 14, initial_bandwith: 22, is_empty: 0) (id: 332, initial_bandwith: 13, is_empty: 0) (id: 20, initial_bandwith: 4, is_empty: 0) (id: 188, initial_bandwith: 11, is_empty: 0) (id: 227, initial_bandwith: 5, is_empty: 0) (id: 468, initial_bandwith: 0, is_empty: 0) (id: 172, initial_bandwith: 0, is_empty: 0) (id: 233, initial_bandwith: 11, is_empty: 0) (id: 431, initial_bandwith: 24, is_empty: 0) (id: 452, initial_bandwith: 24, is_empty: 0) (id: 471, initial_bandwith: 24, is_empty: 0) (id: 448, initial_bandwith: 6, is_empty: 0) (id: 489, initial_bandwith: 0, is_empty: 0) 
backwards
(id: 489, initial_bandwith: 0, is_empty: 0)(id: 448, initial_bandwith: 6, is_empty: 0)(id: 471, initial_bandwith: 24, is_empty: 0)(id: 452, initial_bandwith: 24, is_empty: 0)(id: 431, initial_bandwith: 24, is_empty: 0)(id: 233, initial_bandwith: 11, is_empty: 0)(id: 172, initial_bandwith: 0, is_empty: 0)(id: 468, initial_bandwith: 0, is_empty: 0)(id: 227, initial_bandwith: 5, is_empty: 0)(id: 188, initial_bandwith: 11, is_empty: 0)(id: 20, initial_bandwith: 4, is_empty: 0)(id: 332, initial_bandwith: 13, is_empty: 0)(id: 14, initial_bandwith: 22, is_empty: 0)
