
Apartment Name: T, Max Bandwidth: 140
(id: 95, initial_bandwith: 3, is_empty: 0) (id: 240, initial_bandwith: 2, is_empty: 0) (id: 381, initial_bandwith: 45, is_empty: 0) 
backwards
(id: 381, initial_bandwith: 45, is_empty: 0)(id: 240, initial_bandwith: 2, is_empty: 0)(id: 95, initial_bandwith: 3, is_empty: 0)

Apartment Name: Q, Max Bandwidth: 140
(id: 52, initial_bandwith: 7, is_empty: 0) (id: 344, initial_bandwith: 7, is_empty: 0) (id: 497, initial_bandwith: 0, is_empty: 0) (id: 254, initial_bandwith: 4, is_empty: 0) (id: 452, initial_bandwith: 4, is_empty: 0) (id: 369, initial_bandwith: 8, is_empty: 0) (id: 264, initial_bandwith: 2, is_empty: 0) (id: 448, initial_bandwith: 9, is_empty: 0) (id: 295, initial_bandwith: 1, is_empty: 0) (id: 459, initial_bandwith: 7, is_empty: 0) (id: 401, initial_bandwith: 8, is_empty: 0) (id: 94, initial_bandwith: 2, is_empty: 0) (id: 119, initial_bandwith: 8, is_empty: 0) (id: 150, initial_bandwith: 9, is_empty: 0) (id: 8, initial_bandwith: 8, is_empty: 0) 
backwards
(id: 8, initial_bandwith: 8, is_empty: 0)(id: 150, initial_bandwith: 9, is_empty: 0)(id: 119, initial_bandwith: 8, is_empty: 0)(id: 94, initial_bandwith: 2, is_empty: 0)(id: 401, initial_bandwith: 8, is_empty: 0)(id: 459, initial_bandwith: 7, is_empty: 0)(id: 295, initial_bandwith: 1, is_empty: 0)(id: 448, initial_bandwith: 9, is_empty: 0)(id: 264, initial_bandwith: 2, is_empty: 0)(id: 369, initial_bandwith: 8, is_empty: 0)(id: 452, initial_bandwith: 4, is_empty: 0)(id: 254, initial_bandwith: 4, is_empty: 0)(id: 497, initial_bandwith: 0, is_empty: 0)(id: 344, initial_bandwith: 7, is_empty: 0)(id: 52, initial_bandwith: 7, is_empty: 0)

Apartment Name: Z, Max Bandwidth: 140
(id: 98, initial_bandwith: 19, is_empty: 0) (id: 360, initial_bandwith: 15, is_empty: 0) (id: 9, initial_bandwith: 19, is_empty: 0) (id: 385, initial_bandwith: 19, is_empty: 0) (id: 11, initial_bandwith: 9, is_empty: 0) 
backwards
(id: 11, initial_bandwith: 9, is_empty: 0)(id: 385, initial_bandwith: 19, is_empty: 0)(id: 9, initial_bandwith: 19, is_empty: 0)(id: 360, initial_bandwith: 15, is_empty: 0)(id: 98, initial_bandwith: 19, is_empty: 0)

Apartment Name: X, Max Bandwidth: 140
(id: 27, initial_bandwith: 76, is_empty: 0) 
backwards
(id: 27, initial_bandwith: 76, is_empty: 0)

Apartment Name: R, Max Bandwidth: 120
(id: 258, initial_bandwith: 0, is_empty: 0) (id: 464, initial_bandwith: 5, is_empty: 0) (id: 389, initial_bandwith: 2, is_empty: 0) (id: 116, initial_bandwith: 4, is_empty: 0) (id: 379, initial_bandwith: 3, is_empty: 0) (id: 272, initial_bandwith: 7, is_empty: 0) (id: 419, initial_bandwith: 1, is_empty: 0) (id: 102, initial_bandwith: 3, is_empty: 0) (id: 106, initial_bandwith: 4, is_empty: 0) (id: 218, initial_bandwith: 6, is_empty: 0) (id: 440, initial_bandwith: 1, is_empty: 0) (id: 187, initial_bandwith: 7, is_empty: 0) (id: 41, initial_bandwith: 1, is_empty: 0) (id: 283, initial_bandwith: 6, is_empty: 0) (id: 124, initial_bandwith: 6, is_empty: 0) (id: 481, initial_bandwith: 3, is_empty: 0) (id: 278, initial_bandwith: 2, is_empty: 0) 
backwards
(id: 278, initial_bandwith: 2, is_empty: 0)(id: 481, initial_bandwith: 3, is_empty: 0)(id: 124, initial_bandwith: 6, is_empty: 0)(id: 283, initial_bandwith: 6, is_empty: 0)(id: 41, initial_bandwith: 1, is_empty: 0)(id: 187, initial_bandwith: 7, is_empty: 0)(id: 440, initial_bandwith: 1, is_empty: 0)(id: 218, initial_bandwith: 6, is_empty: 0)(id: 106, initial_bandwith: 4, is_empty: 0)(id: 102, initial_bandwith: 3, is_empty: 0)(id: 419, initial_bandwith: 1, is_empty: 0)(id: 272, initial_bandwith: 7, is_empty: 0)(id: 379, initial_bandwith: 3, is_empty: 0)(id: 116, initial_bandwith: 4, is_empty: 0)(id: 389, initial_bandwith: 2, is_empty: 0)(id: 464, initial_bandwith: 5, is_empty: 0)(id: 258, initial_bandwith: 0, is_empty: 0)

Apartment Name: K, Max Bandwidth: 320
(id: 343, initial_bandwith: 1, is_empty: 0) (id: 163, initial_bandwith: 15, is_empty: 0) (id: 436, initial_bandwith: 17, is_empty: 0) (id: 394, initial_bandwith: 18, is_empty: 0) (id: 480, initial_bandwith: 4, is_empty: 0) (id: 108, initial_bandwith: 8, is_empty: 0) (id: 126, initial_bandwith: 14, is_empty: 0) (id: 172, initial_bandwith: 10, is_empty: 0) (id: 181, initial_bandwith: 7, is_empty: 0) (id: 362, initial_bandwith: 9, is_empty: 0) (id: 458, initial_bandwith: 0, is_empty: 0) (id: 370, initial_bandwith: 0, is_empty: 0) (id: 246, initial_bandwith: 5, is_empty: 0) (id: 212, initial_bandwith: 5, is_empty: 0) (id: 130, initial_bandwith: 2, is_empty: 0) (id: 486, initial_bandwith: 18, is_empty: 0) (id: 433, initial_bandwith: 12, is_empty: 0) 
backwards
(id: 433, initial_bandwith: 12, is_empty: 0)(id: 486, initial_bandwith: 18, is_empty: 0)(id: 130, initial_bandwith: 2, is_empty: 0)(id: 212, initial_bandwith: 5, is_empty: 0)(id: 246, initial_bandwith: 5, is_empty: 0)(id: 370, initial_bandwith: 0, is_empty: 0)(id: 458, initial_bandwith: 0, is_empty: 0)(id: 362, initial_bandwith: 9, is_empty: 0)(id: 181, initial_bandwith: 7, is_empty: 0)(id: 172, initial_bandwith: 10, is_empty: 0)(id: 126, initial_bandwith: 14, is_empty: 0)(id: 108, initial_bandwith: 8, is_empty: 0)(id: 480, initial_bandwith: 4, is_empty: 0)(id: 394, initial_bandwith: 18, is_empty: 0)(id: 436, initial_bandwith: 17, is_empty: 0)(id: 163, initial_bandwith: 15, is_empty: 0)(id: 343, initial_bandwith: 1, is_empty: 0)
