
Apartment Name: P, Max Bandwidth: 100
(id: 283, initial_bandwith: 2, is_empty: 0) (id: 6, initial_bandwith: 2, is_empty: 0) (id: 499, initial_bandwith: 10, is_empty: 0) (id: 368, initial_bandwith: 3, is_empty: 0) (id: 65, initial_bandwith: 8, is_empty: 0) (id: 93, initial_bandwith: 5, is_empty: 0) (id: 238, initial_bandwith: 6, is_empty: 0) (id: 471, initial_bandwith: 9, is_empty: 0) (id: 39, initial_bandwith: 4, is_empty: 0) (id: 384, initial_bandwith: 0, is_empty: 0) 
backwards
(id: 384, initial_bandwith: 0, is_empty: 0)(id: 39, initial_bandwith: 4, is_empty: 0)(id: 471, initial_bandwith: 9, is_empty: 0)(id: 238, initial_bandwith: 6, is_empty: 0)(id: 93, initial_bandwith: 5, is_empty: 0)(id: 65, initial_bandwith: 8, is_empty: 0)(id: 368, initial_bandwith: 3, is_empty: 0)(id: 499, initial_bandwith: 10, is_empty: 0)(id: 6, initial_bandwith: 2, is_empty: 0)(id: 283, initial_bandwith: 2, is_empty: 0)

Apartment Name: K, Max Bandwidth: 360
(id: 407, initial_bandwith: 92, is_empty: 0) (id: 227, initial_bandwith: 36, is_empty: 0) (id: 130, initial_bandwith: 89, is_empty: 0) 
backwards
(id: 130, initial_bandwith: 89, is_empty: 0)(id: 227, initial_bandwith: 36, is_empty: 0)(id: 407, initial_bandwith: 92, is_empty: 0)

Apartment Name: D, Max Bandwidth: 100
(id: 104, initial_bandwith: 15, is_empty: 0) (id: 339, initial_bandwith: 2, is_empty: 0) (id: 392, initial_bandwith: 19, is_empty: 0) (id: 295, initial_bandwith: 25, is_empty: 0) 
backwards
(id: 295, initial_bandwith: 25, is_empty: 0)(id: 392, initial_bandwith: 19, is_empty: 0)(id: 339, initial_bandwith: 2, is_empty: 0)(id: 104, initial_bandwith: 15, is_empty: 0)

Apartment Name: A, Max Bandwidth: 260
(id: 470, initial_bandwith: 31, is_empty: 0) (id: 319, initial_bandwith: 26, is_empty: 0) (id: 376, initial_bandwith: 6, is_empty: 0) (id: 323, initial_bandwith: 6, is_empty: 0) (id: 211, initial_bandwith: 30, is_empty: 0) (id: 249, initial_bandwith: 21, is_empty: 0) (id: 101, initial_bandwith: 1, is_empty: 0) 
backwards
(id: 101, initial_bandwith: 1, is_empty: 0)(id: 249, initial_bandwith: 21, is_empty: 0)(id: 211, initial_bandwith: 30, is_empty: 0)(id: 323, initial_bandwith: 6, is_empty: 0)(id: 376, initial_bandwith: 6, is_empty: 0)(id: 319, initial_bandwith: 26, is_empty: 0)(id: 470, initial_bandwith: 31, is_empty: 0)

Apartment Name: W, Max Bandwidth: 220
(id: 137, initial_bandwith: 2, is_empty: 0) (id: 71, initial_bandwith: 3, is_empty: 0) (id: 54, initial_bandwith: 0, is_empty: 0) (id: 472, initial_bandwith: 0, is_empty: 0) (id: 168, initial_bandwith: 4, is_empty: 0) (id: 322, initial_bandwith: 11, is_empty: 0) (id: 371, initial_bandwith: 2, is_empty: 0) (id: 198, initial_bandwith: 11, is_empty: 0) (id: 280, initial_bandwith: 1, is_empty: 0) (id: 33, initial_bandwith: 1, is_empty: 0) (id: 301, initial_bandwith: 10, is_empty: 0) (id: 140, initial_bandwith: 10, is_empty: 0) (id: 417, initial_bandwith: 11, is_empty: 0) (id: 412, initial_bandwith: 9, is_empty: 0) (id: 346, initial_bandwith: 7, is_empty: 0) (id: 416, initial_bandwith: 11, is_empty: 0) (id: 347, initial_bandwith: 7, is_empty: 0) (id: 142, initial_bandwith: 4, is_empty: 0) 
backwards
(id: 142, initial_bandwith: 4, is_empty: 0)(id: 347, initial_bandwith: 7, is_empty: 0)(id: 416, initial_bandwith: 11, is_empty: 0)(id: 346, initial_bandwith: 7, is_empty: 0)(id: 412, initial_bandwith: 9, is_empty: 0)(id: 417, initial_bandwith: 11, is_empty: 0)(id: 140, initial_bandwith: 10, is_empty: 0)(id: 301, initial_bandwith: 10, is_empty: 0)(id: 33, initial_bandwith: 1, is_empty: 0)(id: 280, initial_bandwith: 1, is_empty: 0)(id: 198, initial_bandwith: 11, is_empty: 0)(id: 371, initial_bandwith: 2, is_empty: 0)(id: 322, initial_bandwith: 11, is_empty: 0)(id: 168, initial_bandwith: 4, is_empty: 0)(id: 472, initial_bandwith: 0, is_empty: 0)(id: 54, initial_bandwith: 0, is_empty: 0)(id: 71, initial_bandwith: 3, is_empty: 0)(id: 137, initial_bandwith: 2, is_empty: 0)

Apartment Name: T, Max Bandwidth: 220
(id: 124, initial_bandwith: 7, is_empty: 0) (id: 429, initial_bandwith: 6, is_empty: 0) (id: 320, initial_bandwith: 2, is_empty: 0) (id: 481, initial_bandwith: 3, is_empty: 0) (id: 304, initial_bandwith: 6, is_empty: 0) (id: 254, initial_bandwith: 6, is_empty: 0) (id: 451, initial_bandwith: 5, is_empty: 0) (id: 69, initial_bandwith: 9, is_empty: 0) (id: 2, initial_bandwith: 6, is_empty: 0) (id: 7, initial_bandwith: 2, is_empty: 0) (id: 385, initial_bandwith: 5, is_empty: 0) (id: 418, initial_bandwith: 6, is_empty: 0) (id: 221, initial_bandwith: 11, is_empty: 0) (id: 372, initial_bandwith: 9, is_empty: 0) (id: 414, initial_bandwith: 1, is_empty: 0) (id: 496, initial_bandwith: 4, is_empty: 0) (id: 224, initial_bandwith: 0, is_empty: 0) (id: 166, initial_bandwith: 1, is_empty: 0) 
backwards
(id: 166, initial_bandwith: 1, is_empty: 0)(id: 224, initial_bandwith: 0, is_empty: 0)(id: 496, initial_bandwith: 4, is_empty: 0)(id: 414, initial_bandwith: 1, is_empty: 0)(id: 372, initial_bandwith: 9, is_empty: 0)(id: 221, initial_bandwith: 11, is_empty: 0)(id: 418, initial_bandwith: 6, is_empty: 0)(id: 385, initial_bandwith: 5, is_empty: 0)(id: 7, initial_bandwith: 2, is_empty: 0)(id: 2, initial_bandwith: 6, is_empty: 0)(id: 69, initial_bandwith: 9, is_empty: 0)(id: 451, initial_bandwith: 5, is_empty: 0)(id: 254, initial_bandwith: 6, is_empty: 0)(id: 304, initial_bandwith: 6, is_empty: 0)(id: 481, initial_bandwith: 3, is_empty: 0)(id: 320, initial_bandwith: 2, is_empty: 0)(id: 429, initial_bandwith: 6, is_empty: 0)(id: 124, initial_bandwith: 7, is_empty: 0)

Apartment Name: B, Max Bandwidth: 240
(id: 328, initial_bandwith: 12, is_empty: 0) (id: 79, initial_bandwith: 32, is_empty: 0) (id: 47, initial_bandwith: 35, is_empty: 0) (id: 105, initial_bandwith: 31, is_empty: 0) 
backwards
(id: 105, initial_bandwith: 31, is_empty: 0)(id: 47, initial_bandwith: 35, is_empty: 0)(id: 79, initial_bandwith: 32, is_empty: 0)(id: 328, initial_bandwith: 12, is_empty: 0)

Apartment Name: X, Max Bandwidth: 320
(id: 353, initial_bandwith: 49, is_empty: 0) (id: 62, initial_bandwith: 32, is_empty: 0) (id: 450, initial_bandwith: 36, is_empty: 0) (id: 449, initial_bandwith: 58, is_empty: 0) 
backwards
(id: 449, initial_bandwith: 58, is_empty: 0)(id: 450, initial_bandwith: 36, is_empty: 0)(id: 62, initial_bandwith: 32, is_empty: 0)(id: 353, initial_bandwith: 49, is_empty: 0)

Apartment Name: E, Max Bandwidth: 280
(id: 70, initial_bandwith: 4, is_empty: 0) (id: 447, initial_bandwith: 1, is_empty: 0) (id: 96, initial_bandwith: 0, is_empty: 0) (id: 431, initial_bandwith: 13, is_empty: 0) (id: 315, initial_bandwith: 0, is_empty: 0) (id: 452, initial_bandwith: 0, is_empty: 0) (id: 217, initial_bandwith: 0, is_empty: 0) (id: 103, initial_bandwith: 4, is_empty: 0) (id: 388, initial_bandwith: 14, is_empty: 0) (id: 234, initial_bandwith: 0, is_empty: 0) (id: 195, initial_bandwith: 10, is_empty: 0) (id: 329, initial_bandwith: 1, is_empty: 0) (id: 491, initial_bandwith: 1, is_empty: 0) (id: 359, initial_bandwith: 10, is_empty: 0) (id: 85, initial_bandwith: 11, is_empty: 0) (id: 399, initial_bandwith: 6, is_empty: 0) (id: 462, initial_bandwith: 10, is_empty: 0) (id: 81, initial_bandwith: 10, is_empty: 0) (id: 276, initial_bandwith: 10, is_empty: 0) 
backwards
(id: 276, initial_bandwith: 10, is_empty: 0)(id: 81, initial_bandwith: 10, is_empty: 0)(id: 462, initial_bandwith: 10, is_empty: 0)(id: 399, initial_bandwith: 6, is_empty: 0)(id: 85, initial_bandwith: 11, is_empty: 0)(id: 359, initial_bandwith: 10, is_empty: 0)(id: 491, initial_bandwith: 1, is_empty: 0)(id: 329, initial_bandwith: 1, is_empty: 0)(id: 195, initial_bandwith: 10, is_empty: 0)(id: 234, initial_bandwith: 0, is_empty: 0)(id: 388, initial_bandwith: 14, is_empty: 0)(id: 103, initial_bandwith: 4, is_empty: 0)(id: 217, initial_bandwith: 0, is_empty: 0)(id: 452, initial_bandwith: 0, is_empty: 0)(id: 315, initial_bandwith: 0, is_empty: 0)(id: 431, initial_bandwith: 13, is_empty: 0)(id: 96, initial_bandwith: 0, is_empty: 0)(id: 447, initial_bandwith: 1, is_empty: 0)(id: 70, initial_bandwith: 4, is_empty: 0)

Apartment Name: Y, Max Bandwidth: 340
(id: 460, initial_bandwith: 28, is_empty: 0) (id: 248, initial_bandwith: 16, is_empty: 0) (id: 200, initial_bandwith: 23, is_empty: 0) (id: 377, initial_bandwith: 18, is_empty: 0) (id: 118, initial_bandwith: 6, is_empty: 0) (id: 114, initial_bandwith: 29, is_empty: 0) (id: 135, initial_bandwith: 1, is_empty: 0) (id: 269, initial_bandwith: 14, is_empty: 0) (id: 448, initial_bandwith: 9, is_empty: 0) (id: 23, initial_bandwith: 24, is_empty: 0) (id: 187, initial_bandwith: 16, is_empty: 0) 
backwards
(id: 187, initial_bandwith: 16, is_empty: 0)(id: 23, initial_bandwith: 24, is_empty: 0)(id: 448, initial_bandwith: 9, is_empty: 0)(id: 269, initial_bandwith: 14, is_empty: 0)(id: 135, initial_bandwith: 1, is_empty: 0)(id: 114, initial_bandwith: 29, is_empty: 0)(id: 118, initial_bandwith: 6, is_empty: 0)(id: 377, initial_bandwith: 18, is_empty: 0)(id: 200, initial_bandwith: 23, is_empty: 0)(id: 248, initial_bandwith: 16, is_empty: 0)(id: 460, initial_bandwith: 28, is_empty: 0)

Apartment Name: G, Max Bandwidth: 180
(id: 360, initial_bandwith: 37, is_empty: 0) (id: 468, initial_bandwith: 47, is_empty: 0) (id: 73, initial_bandwith: 29, is_empty: 0) 
backwards
(id: 73, initial_bandwith: 29, is_empty: 0)(id: 468, initial_bandwith: 47, is_empty: 0)(id: 360, initial_bandwith: 37, is_empty: 0)

Apartment Name: H, Max Bandwidth: 300
(id: 298, initial_bandwith: 28, is_empty: 0) (id: 261, initial_bandwith: 10, is_empty: 0) (id: 406, initial_bandwith: 24, is_empty: 0) (id: 178, initial_bandwith: 69, is_empty: 0) 
backwards
(id: 178, initial_bandwith: 69, is_empty: 0)(id: 406, initial_bandwith: 24, is_empty: 0)(id: 261, initial_bandwith: 10, is_empty: 0)(id: 298, initial_bandwith: 28, is_empty: 0)

Apartment Name: U, Max Bandwidth: 180
(id: 286, initial_bandwith: 4, is_empty: 0) (id: 245, initial_bandwith: 0, is_empty: 0) (id: 389, initial_bandwith: 0, is_empty: 0) (id: 206, initial_bandwith: 0, is_empty: 0) (id: 209, initial_bandwith: 5, is_empty: 0) (id: 220, initial_bandwith: 3, is_empty: 0) (id: 421, initial_bandwith: 3, is_empty: 0) (id: 444, initial_bandwith: 2, is_empty: 0) (id: 126, initial_bandwith: 3, is_empty: 0) (id: 201, initial_bandwith: 3, is_empty: 0) (id: 228, initial_bandwith: 0, is_empty: 0) (id: 495, initial_bandwith: 0, is_empty: 0) (id: 453, initial_bandwith: 3, is_empty: 0) (id: 266, initial_bandwith: 7, is_empty: 0) (id: 494, initial_bandwith: 8, is_empty: 0) (id: 493, initial_bandwith: 7, is_empty: 0) (id: 214, initial_bandwith: 7, is_empty: 0) (id: 63, initial_bandwith: 6, is_empty: 0) 
backwards
(id: 63, initial_bandwith: 6, is_empty: 0)(id: 214, initial_bandwith: 7, is_empty: 0)(id: 493, initial_bandwith: 7, is_empty: 0)(id: 494, initial_bandwith: 8, is_empty: 0)(id: 266, initial_bandwith: 7, is_empty: 0)(id: 453, initial_bandwith: 3, is_empty: 0)(id: 495, initial_bandwith: 0, is_empty: 0)(id: 228, initial_bandwith: 0, is_empty: 0)(id: 201, initial_bandwith: 3, is_empty: 0)(id: 126, initial_bandwith: 3, is_empty: 0)(id: 444, initial_bandwith: 2, is_empty: 0)(id: 421, initial_bandwith: 3, is_empty: 0)(id: 220, initial_bandwith: 3, is_empty: 0)(id: 209, initial_bandwith: 5, is_empty: 0)(id: 206, initial_bandwith: 0, is_empty: 0)(id: 389, initial_bandwith: 0, is_empty: 0)(id: 245, initial_bandwith: 0, is_empty: 0)(id: 286, initial_bandwith: 4, is_empty: 0)
