
Apartment Name: P, Max Bandwidth: 380
(id: 39, initial_bandwith: 1, is_empty: 0) (id: 126, initial_bandwith: 2, is_empty: 0) (id: 118, initial_bandwith: 8, is_empty: 0) (id: 25, initial_bandwith: 26, is_empty: 0) (id: 76, initial_bandwith: 38, is_empty: 0) (id: 485, initial_bandwith: 23, is_empty: 0) (id: 292, initial_bandwith: 0, is_empty: 0) (id: 124, initial_bandwith: 25, is_empty: 0) (id: 171, initial_bandwith: 12, is_empty: 0) (id: 479, initial_bandwith: 2, is_empty: 0) 
backwards
(id: 479, initial_bandwith: 2, is_empty: 0)(id: 171, initial_bandwith: 12, is_empty: 0)(id: 124, initial_bandwith: 25, is_empty: 0)(id: 292, initial_bandwith: 0, is_empty: 0)(id: 485, initial_bandwith: 23, is_empty: 0)(id: 76, initial_bandwith: 38, is_empty: 0)(id: 25, initial_bandwith: 26, is_empty: 0)(id: 118, initial_bandwith: 8, is_empty: 0)(id: 126, initial_bandwith: 2, is_empty: 0)(id: 39, initial_bandwith: 1, is_empty: 0)

Apartment Name: S, Max Bandwidth: 380
(id: 403, initial_bandwith: 15, is_empty: 0) (id: 357, initial_bandwith: 53, is_empty: 0) (id: 32, initial_bandwith: 17, is_empty: 0) (id: 176, initial_bandwith: 15, is_empty: 0) (id: 13, initial_bandwith: 39, is_empty: 0) (id: 467, initial_bandwith: 21, is_empty: 0) 
backwards
(id: 467, initial_bandwith: 21, is_empty: 0)(id: 13, initial_bandwith: 39, is_empty: 0)(id: 176, initial_bandwith: 15, is_empty: 0)(id: 32, initial_bandwith: 17, is_empty: 0)(id: 357, initial_bandwith: 53, is_empty: 0)(id: 403, initial_bandwith: 15, is_empty: 0)

Apartment Name: Q, Max Bandwidth: 320
(id: 383, initial_bandwith: 20, is_empty: 0) (id: 56, initial_bandwith: 1, is_empty: 0) (id: 191, initial_bandwith: 17, is_empty: 0) (id: 382, initial_bandwith: 13, is_empty: 0) (id: 23, initial_bandwith: 0, is_empty: 0) (id: 136, initial_bandwith: 23, is_empty: 0) (id: 425, initial_bandwith: 8, is_empty: 0) (id: 218, initial_bandwith: 4, is_empty: 0) (id: 440, initial_bandwith: 18, is_empty: 0) (id: 40, initial_bandwith: 29, is_empty: 0) 
backwards
(id: 40, initial_bandwith: 29, is_empty: 0)(id: 440, initial_bandwith: 18, is_empty: 0)(id: 218, initial_bandwith: 4, is_empty: 0)(id: 425, initial_bandwith: 8, is_empty: 0)(id: 136, initial_bandwith: 23, is_empty: 0)(id: 23, initial_bandwith: 0, is_empty: 0)(id: 382, initial_bandwith: 13, is_empty: 0)(id: 191, initial_bandwith: 17, is_empty: 0)(id: 56, initial_bandwith: 1, is_empty: 0)(id: 383, initial_bandwith: 20, is_empty: 0)

Apartment Name: I, Max Bandwidth: 160
(id: 232, initial_bandwith: 10, is_empty: 0) (id: 445, initial_bandwith: 0, is_empty: 0) (id: 148, initial_bandwith: 3, is_empty: 0) (id: 151, initial_bandwith: 4, is_empty: 0) (id: 85, initial_bandwith: 12, is_empty: 0) (id: 123, initial_bandwith: 0, is_empty: 0) (id: 96, initial_bandwith: 3, is_empty: 0) (id: 120, initial_bandwith: 10, is_empty: 0) (id: 431, initial_bandwith: 0, is_empty: 0) (id: 63, initial_bandwith: 2, is_empty: 0) (id: 246, initial_bandwith: 10, is_empty: 0) 
backwards
(id: 246, initial_bandwith: 10, is_empty: 0)(id: 63, initial_bandwith: 2, is_empty: 0)(id: 431, initial_bandwith: 0, is_empty: 0)(id: 120, initial_bandwith: 10, is_empty: 0)(id: 96, initial_bandwith: 3, is_empty: 0)(id: 123, initial_bandwith: 0, is_empty: 0)(id: 85, initial_bandwith: 12, is_empty: 0)(id: 151, initial_bandwith: 4, is_empty: 0)(id: 148, initial_bandwith: 3, is_empty: 0)(id: 445, initial_bandwith: 0, is_empty: 0)(id: 232, initial_bandwith: 10, is_empty: 0)

Apartment Name: C, Max Bandwidth: 280
(id: 111, initial_bandwith: 10, is_empty: 0) (id: 344, initial_bandwith: 7, is_empty: 0) (id: 64, initial_bandwith: 14, is_empty: 0) (id: 260, initial_bandwith: 13, is_empty: 0) (id: 37, initial_bandwith: 6, is_empty: 0) (id: 491, initial_bandwith: 7, is_empty: 0) (id: 285, initial_bandwith: 8, is_empty: 0) (id: 144, initial_bandwith: 5, is_empty: 0) (id: 100, initial_bandwith: 1, is_empty: 0) (id: 2, initial_bandwith: 5, is_empty: 0) (id: 487, initial_bandwith: 12, is_empty: 0) (id: 72, initial_bandwith: 11, is_empty: 0) (id: 217, initial_bandwith: 3, is_empty: 0) (id: 302, initial_bandwith: 0, is_empty: 0) (id: 70, initial_bandwith: 14, is_empty: 0) (id: 364, initial_bandwith: 11, is_empty: 0) (id: 455, initial_bandwith: 7, is_empty: 0) (id: 230, initial_bandwith: 10, is_empty: 0) (id: 130, initial_bandwith: 11, is_empty: 0) 
backwards
(id: 130, initial_bandwith: 11, is_empty: 0)(id: 230, initial_bandwith: 10, is_empty: 0)(id: 455, initial_bandwith: 7, is_empty: 0)(id: 364, initial_bandwith: 11, is_empty: 0)(id: 70, initial_bandwith: 14, is_empty: 0)(id: 302, initial_bandwith: 0, is_empty: 0)(id: 217, initial_bandwith: 3, is_empty: 0)(id: 72, initial_bandwith: 11, is_empty: 0)(id: 487, initial_bandwith: 12, is_empty: 0)(id: 2, initial_bandwith: 5, is_empty: 0)(id: 100, initial_bandwith: 1, is_empty: 0)(id: 144, initial_bandwith: 5, is_empty: 0)(id: 285, initial_bandwith: 8, is_empty: 0)(id: 491, initial_bandwith: 7, is_empty: 0)(id: 37, initial_bandwith: 6, is_empty: 0)(id: 260, initial_bandwith: 13, is_empty: 0)(id: 64, initial_bandwith: 14, is_empty: 0)(id: 344, initial_bandwith: 7, is_empty: 0)(id: 111, initial_bandwith: 10, is_empty: 0)

Apartment Name: W, Max Bandwidth: 260
(id: 498, initial_bandwith: 31, is_empty: 0) (id: 114, initial_bandwith: 30, is_empty: 0) (id: 107, initial_bandwith: 27, is_empty: 0) (id: 228, initial_bandwith: 32, is_empty: 0) (id: 451, initial_bandwith: 31, is_empty: 0) (id: 57, initial_bandwith: 13, is_empty: 0) (id: 419, initial_bandwith: 30, is_empty: 0) 
backwards
(id: 419, initial_bandwith: 30, is_empty: 0)(id: 57, initial_bandwith: 13, is_empty: 0)(id: 451, initial_bandwith: 31, is_empty: 0)(id: 228, initial_bandwith: 32, is_empty: 0)(id: 107, initial_bandwith: 27, is_empty: 0)(id: 114, initial_bandwith: 30, is_empty: 0)(id: 498, initial_bandwith: 31, is_empty: 0)

Apartment Name: T, Max Bandwidth: 360
(id: 209, initial_bandwith: 16, is_empty: 0) (id: 134, initial_bandwith: 41, is_empty: 0) (id: 192, initial_bandwith: 54, is_empty: 0) (id: 416, initial_bandwith: 14, is_empty: 0) (id: 456, initial_bandwith: 19, is_empty: 0) (id: 447, initial_bandwith: 0, is_empty: 0) 
backwards
(id: 447, initial_bandwith: 0, is_empty: 0)(id: 456, initial_bandwith: 19, is_empty: 0)(id: 416, initial_bandwith: 14, is_empty: 0)(id: 192, initial_bandwith: 54, is_empty: 0)(id: 134, initial_bandwith: 41, is_empty: 0)(id: 209, initial_bandwith: 16, is_empty: 0)

Apartment Name: K, Max Bandwidth: 300
(id: 227, initial_bandwith: 8, is_empty: 0) (id: 132, initial_bandwith: 4, is_empty: 0) (id: 10, initial_bandwith: 12, is_empty: 0) (id: 168, initial_bandwith: 0, is_empty: 0) (id: 351, initial_bandwith: 0, is_empty: 0) (id: 296, initial_bandwith: 4, is_empty: 0) (id: 405, initial_bandwith: 16, is_empty: 0) (id: 186, initial_bandwith: 7, is_empty: 0) (id: 460, initial_bandwith: 7, is_empty: 0) (id: 159, initial_bandwith: 11, is_empty: 0) (id: 87, initial_bandwith: 8, is_empty: 0) (id: 361, initial_bandwith: 14, is_empty: 0) (id: 280, initial_bandwith: 14, is_empty: 0) (id: 449, initial_bandwith: 2, is_empty: 0) (id: 212, initial_bandwith: 8, is_empty: 0) (id: 91, initial_bandwith: 1, is_empty: 0) (id: 35, initial_bandwith: 1, is_empty: 0) (id: 320, initial_bandwith: 0, is_empty: 0) 
backwards
(id: 320, initial_bandwith: 0, is_empty: 0)(id: 35, initial_bandwith: 1, is_empty: 0)(id: 91, initial_bandwith: 1, is_empty: 0)(id: 212, initial_bandwith: 8, is_empty: 0)(id: 449, initial_bandwith: 2, is_empty: 0)(id: 280, initial_bandwith: 14, is_empty: 0)(id: 361, initial_bandwith: 14, is_empty: 0)(id: 87, initial_bandwith: 8, is_empty: 0)(id: 159, initial_bandwith: 11, is_empty: 0)(id: 460, initial_bandwith: 7, is_empty: 0)(id: 186, initial_bandwith: 7, is_empty: 0)(id: 405, initial_bandwith: 16, is_empty: 0)(id: 296, initial_bandwith: 4, is_empty: 0)(id: 351, initial_bandwith: 0, is_empty: 0)(id: 168, initial_bandwith: 0, is_empty: 0)(id: 10, initial_bandwith: 12, is_empty: 0)(id: 132, initial_bandwith: 4, is_empty: 0)(id: 227, initial_bandwith: 8, is_empty: 0)
