
Apartment Name: W, Max Bandwidth: 180
(id: 190, initial_bandwith: 4, is_empty: 0) (id: 64, initial_bandwith: 21, is_empty: 0) (id: 479, initial_bandwith: 12, is_empty: 0) (id: 497, initial_bandwith: 31, is_empty: 0) 
backwards
(id: 497, initial_bandwith: 31, is_empty: 0)(id: 479, initial_bandwith: 12, is_empty: 0)(id: 64, initial_bandwith: 21, is_empty: 0)(id: 190, initial_bandwith: 4, is_empty: 0)

Apartment Name: S, Max Bandwidth: 320
(id: 471, initial_bandwith: 62, is_empty: 0) (id: 492, initial_bandwith: 26, is_empty: 0) (id: 4, initial_bandwith: 44, is_empty: 0) 
backwards
(id: 4, initial_bandwith: 44, is_empty: 0)(id: 492, initial_bandwith: 26, is_empty: 0)(id: 471, initial_bandwith: 62, is_empty: 0)

Apartment Name: V, Max Bandwidth: 120
(id: 51, initial_bandwith: 18, is_empty: 0) (id: 472, initial_bandwith: 9, is_empty: 0) (id: 302, initial_bandwith: 7, is_empty: 0) (id: 324, initial_bandwith: 20, is_empty: 0) 
backwards
(id: 324, initial_bandwith: 20, is_empty: 0)(id: 302, initial_bandwith: 7, is_empty: 0)(id: 472, initial_bandwith: 9, is_empty: 0)(id: 51, initial_bandwith: 18, is_empty: 0)

Apartment Name: H, Max Bandwidth: 220
(id: 415, initial_bandwith: 4, is_empty: 0) (id: 366, initial_bandwith: 3, is_empty: 0) (id: 353, initial_bandwith: 10, is_empty: 0) (id: 188, initial_bandwith: 0, is_empty: 0) (id: 417, initial_bandwith: 6, is_empty: 0) (id: 423, initial_bandwith: 5, is_empty: 0) (id: 374, initial_bandwith: 8, is_empty: 0) (id: 367, initial_bandwith: 1, is_empty: 0) (id: 143, initial_bandwith: 8, is_empty: 0) (id: 127, initial_bandwith: 4, is_empty: 0) (id: 432, initial_bandwith: 7, is_empty: 0) (id: 347, initial_bandwith: 7, is_empty: 0) (id: 224, initial_bandwith: 11, is_empty: 0) (id: 87, initial_bandwith: 5, is_empty: 0) (id: 370, initial_bandwith: 4, is_empty: 0) (id: 465, initial_bandwith: 10, is_empty: 0) (id: 158, initial_bandwith: 7, is_empty: 0) (id: 166, initial_bandwith: 8, is_empty: 0) 
backwards
(id: 166, initial_bandwith: 8, is_empty: 0)(id: 158, initial_bandwith: 7, is_empty: 0)(id: 465, initial_bandwith: 10, is_empty: 0)(id: 370, initial_bandwith: 4, is_empty: 0)(id: 87, initial_bandwith: 5, is_empty: 0)(id: 224, initial_bandwith: 11, is_empty: 0)(id: 347, initial_bandwith: 7, is_empty: 0)(id: 432, initial_bandwith: 7, is_empty: 0)(id: 127, initial_bandwith: 4, is_empty: 0)(id: 143, initial_bandwith: 8, is_empty: 0)(id: 367, initial_bandwith: 1, is_empty: 0)(id: 374, initial_bandwith: 8, is_empty: 0)(id: 423, initial_bandwith: 5, is_empty: 0)(id: 417, initial_bandwith: 6, is_empty: 0)(id: 188, initial_bandwith: 0, is_empty: 0)(id: 353, initial_bandwith: 10, is_empty: 0)(id: 366, initial_bandwith: 3, is_empty: 0)(id: 415, initial_bandwith: 4, is_empty: 0)

Apartment Name: A, Max Bandwidth: 200
(id: 265, initial_bandwith: 10, is_empty: 0) (id: 425, initial_bandwith: 7, is_empty: 0) (id: 130, initial_bandwith: 6, is_empty: 0) (id: 58, initial_bandwith: 6, is_empty: 0) (id: 388, initial_bandwith: 8, is_empty: 0) (id: 262, initial_bandwith: 4, is_empty: 0) (id: 489, initial_bandwith: 5, is_empty: 0) (id: 124, initial_bandwith: 10, is_empty: 0) (id: 44, initial_bandwith: 1, is_empty: 0) (id: 114, initial_bandwith: 2, is_empty: 0) (id: 352, initial_bandwith: 0, is_empty: 0) (id: 344, initial_bandwith: 1, is_empty: 0) (id: 149, initial_bandwith: 2, is_empty: 0) 
backwards
(id: 149, initial_bandwith: 2, is_empty: 0)(id: 344, initial_bandwith: 1, is_empty: 0)(id: 352, initial_bandwith: 0, is_empty: 0)(id: 114, initial_bandwith: 2, is_empty: 0)(id: 44, initial_bandwith: 1, is_empty: 0)(id: 124, initial_bandwith: 10, is_empty: 0)(id: 489, initial_bandwith: 5, is_empty: 0)(id: 262, initial_bandwith: 4, is_empty: 0)(id: 388, initial_bandwith: 8, is_empty: 0)(id: 58, initial_bandwith: 6, is_empty: 0)(id: 130, initial_bandwith: 6, is_empty: 0)(id: 425, initial_bandwith: 7, is_empty: 0)(id: 265, initial_bandwith: 10, is_empty: 0)

Apartment Name: F, Max Bandwidth: 140
(id: 306, initial_bandwith: 17, is_empty: 0) 
backwards
(id: 306, initial_bandwith: 17, is_empty: 0)

Apartment Name: I, Max Bandwidth: 160
(id: 111, initial_bandwith: 6, is_empty: 0) (id: 467, initial_bandwith: 7, is_empty: 0) (id: 180, initial_bandwith: 0, is_empty: 0) (id: 389, initial_bandwith: 6, is_empty: 0) (id: 3, initial_bandwith: 4, is_empty: 0) (id: 318, initial_bandwith: 3, is_empty: 0) (id: 380, initial_bandwith: 4, is_empty: 0) (id: 384, initial_bandwith: 4, is_empty: 0) (id: 337, initial_bandwith: 5, is_empty: 0) (id: 426, initial_bandwith: 5, is_empty: 0) (id: 132, initial_bandwith: 1, is_empty: 0) (id: 276, initial_bandwith: 4, is_empty: 0) 
backwards
(id: 276, initial_bandwith: 4, is_empty: 0)(id: 132, initial_bandwith: 1, is_empty: 0)(id: 426, initial_bandwith: 5, is_empty: 0)(id: 337, initial_bandwith: 5, is_empty: 0)(id: 384, initial_bandwith: 4, is_empty: 0)(id: 380, initial_bandwith: 4, is_empty: 0)(id: 318, initial_bandwith: 3, is_empty: 0)(id: 3, initial_bandwith: 4, is_empty: 0)(id: 389, initial_bandwith: 6, is_empty: 0)(id: 180, initial_bandwith: 0, is_empty: 0)(id: 467, initial_bandwith: 7, is_empty: 0)(id: 111, initial_bandwith: 6, is_empty: 0)

Apartment Name: L, Max Bandwidth: 240
(id: 304, initial_bandwith: 18, is_empty: 0) (id: 394, initial_bandwith: 7, is_empty: 0) (id: 392, initial_bandwith: 12, is_empty: 0) (id: 232, initial_bandwith: 27, is_empty: 0) (id: 89, initial_bandwith: 19, is_empty: 0) (id: 346, initial_bandwith: 20, is_empty: 0) (id: 368, initial_bandwith: 24, is_empty: 0) 
backwards
(id: 368, initial_bandwith: 24, is_empty: 0)(id: 346, initial_bandwith: 20, is_empty: 0)(id: 89, initial_bandwith: 19, is_empty: 0)(id: 232, initial_bandwith: 27, is_empty: 0)(id: 392, initial_bandwith: 12, is_empty: 0)(id: 394, initial_bandwith: 7, is_empty: 0)(id: 304, initial_bandwith: 18, is_empty: 0)

Apartment Name: G, Max Bandwidth: 360
(id: 487, initial_bandwith: 3, is_empty: 0) (id: 34, initial_bandwith: 28, is_empty: 0) (id: 268, initial_bandwith: 24, is_empty: 0) (id: 441, initial_bandwith: 12, is_empty: 0) (id: 142, initial_bandwith: 11, is_empty: 0) (id: 218, initial_bandwith: 25, is_empty: 0) (id: 498, initial_bandwith: 17, is_empty: 0) (id: 391, initial_bandwith: 23, is_empty: 0) (id: 277, initial_bandwith: 5, is_empty: 0) (id: 70, initial_bandwith: 7, is_empty: 0) (id: 363, initial_bandwith: 24, is_empty: 0) (id: 201, initial_bandwith: 1, is_empty: 0) 
backwards
(id: 201, initial_bandwith: 1, is_empty: 0)(id: 363, initial_bandwith: 24, is_empty: 0)(id: 70, initial_bandwith: 7, is_empty: 0)(id: 277, initial_bandwith: 5, is_empty: 0)(id: 391, initial_bandwith: 23, is_empty: 0)(id: 498, initial_bandwith: 17, is_empty: 0)(id: 218, initial_bandwith: 25, is_empty: 0)(id: 142, initial_bandwith: 11, is_empty: 0)(id: 441, initial_bandwith: 12, is_empty: 0)(id: 268, initial_bandwith: 24, is_empty: 0)(id: 34, initial_bandwith: 28, is_empty: 0)(id: 487, initial_bandwith: 3, is_empty: 0)

Apartment Name: M, Max Bandwidth: 160
(id: 274, initial_bandwith: 10, is_empty: 0) (id: 301, initial_bandwith: 2, is_empty: 0) (id: 247, initial_bandwith: 3, is_empty: 0) (id: 119, initial_bandwith: 1, is_empty: 0) (id: 341, initial_bandwith: 9, is_empty: 0) (id: 207, initial_bandwith: 6, is_empty: 0) (id: 278, initial_bandwith: 2, is_empty: 0) (id: 229, initial_bandwith: 1, is_empty: 0) (id: 293, initial_bandwith: 4, is_empty: 0) (id: 144, initial_bandwith: 5, is_empty: 0) (id: 134, initial_bandwith: 2, is_empty: 0) (id: 0, initial_bandwith: 4, is_empty: 0) (id: 235, initial_bandwith: 0, is_empty: 0) (id: 331, initial_bandwith: 6, is_empty: 0) (id: 307, initial_bandwith: 4, is_empty: 0) (id: 296, initial_bandwith: 2, is_empty: 0) 
backwards
(id: 296, initial_bandwith: 2, is_empty: 0)(id: 307, initial_bandwith: 4, is_empty: 0)(id: 331, initial_bandwith: 6, is_empty: 0)(id: 235, initial_bandwith: 0, is_empty: 0)(id: 0, initial_bandwith: 4, is_empty: 0)(id: 134, initial_bandwith: 2, is_empty: 0)(id: 144, initial_bandwith: 5, is_empty: 0)(id: 293, initial_bandwith: 4, is_empty: 0)(id: 229, initial_bandwith: 1, is_empty: 0)(id: 278, initial_bandwith: 2, is_empty: 0)(id: 207, initial_bandwith: 6, is_empty: 0)(id: 341, initial_bandwith: 9, is_empty: 0)(id: 119, initial_bandwith: 1, is_empty: 0)(id: 247, initial_bandwith: 3, is_empty: 0)(id: 301, initial_bandwith: 2, is_empty: 0)(id: 274, initial_bandwith: 10, is_empty: 0)

Apartment Name: O, Max Bandwidth: 320
(id: 335, initial_bandwith: 63, is_empty: 0) (id: 103, initial_bandwith: 80, is_empty: 0) (id: 400, initial_bandwith: 27, is_empty: 0) (id: 91, initial_bandwith: 17, is_empty: 0) 
backwards
(id: 91, initial_bandwith: 17, is_empty: 0)(id: 400, initial_bandwith: 27, is_empty: 0)(id: 103, initial_bandwith: 80, is_empty: 0)(id: 335, initial_bandwith: 63, is_empty: 0)

Apartment Name: Y, Max Bandwidth: 200
(id: 212, initial_bandwith: 9, is_empty: 0) (id: 390, initial_bandwith: 12, is_empty: 0) (id: 169, initial_bandwith: 56, is_empty: 0) 
backwards
(id: 169, initial_bandwith: 56, is_empty: 0)(id: 390, initial_bandwith: 12, is_empty: 0)(id: 212, initial_bandwith: 9, is_empty: 0)

Apartment Name: X, Max Bandwidth: 140
(id: 148, initial_bandwith: 8, is_empty: 0) (id: 6, initial_bandwith: 7, is_empty: 0) (id: 298, initial_bandwith: 3, is_empty: 0) (id: 214, initial_bandwith: 9, is_empty: 0) (id: 145, initial_bandwith: 4, is_empty: 0) (id: 198, initial_bandwith: 3, is_empty: 0) (id: 485, initial_bandwith: 1, is_empty: 0) (id: 381, initial_bandwith: 9, is_empty: 0) (id: 11, initial_bandwith: 10, is_empty: 0) (id: 484, initial_bandwith: 0, is_empty: 0) (id: 316, initial_bandwith: 10, is_empty: 0) (id: 26, initial_bandwith: 2, is_empty: 0) (id: 181, initial_bandwith: 8, is_empty: 0) (id: 69, initial_bandwith: 9, is_empty: 0) 
backwards
(id: 69, initial_bandwith: 9, is_empty: 0)(id: 181, initial_bandwith: 8, is_empty: 0)(id: 26, initial_bandwith: 2, is_empty: 0)(id: 316, initial_bandwith: 10, is_empty: 0)(id: 484, initial_bandwith: 0, is_empty: 0)(id: 11, initial_bandwith: 10, is_empty: 0)(id: 381, initial_bandwith: 9, is_empty: 0)(id: 485, initial_bandwith: 1, is_empty: 0)(id: 198, initial_bandwith: 3, is_empty: 0)(id: 145, initial_bandwith: 4, is_empty: 0)(id: 214, initial_bandwith: 9, is_empty: 0)(id: 298, initial_bandwith: 3, is_empty: 0)(id: 6, initial_bandwith: 7, is_empty: 0)(id: 148, initial_bandwith: 8, is_empty: 0)
