
Apartment Name: F, Max Bandwidth: 320
(id: 213, initial_bandwith: 3, is_empty: 0) (id: 439, initial_bandwith: 11, is_empty: 0) (id: 308, initial_bandwith: 5, is_empty: 0) (id: 312, initial_bandwith: 20, is_empty: 0) (id: 490, initial_bandwith: 2, is_empty: 0) (id: 304, initial_bandwith: 20, is_empty: 0) (id: 131, initial_bandwith: 10, is_empty: 0) (id: 194, initial_bandwith: 19, is_empty: 0) (id: 0, initial_bandwith: 14, is_empty: 0) (id: 358, initial_bandwith: 18, is_empty: 0) (id: 98, initial_bandwith: 4, is_empty: 0) (id: 113, initial_bandwith: 9, is_empty: 0) (id: 294, initial_bandwith: 18, is_empty: 0) (id: 206, initial_bandwith: 20, is_empty: 0) (id: 80, initial_bandwith: 10, is_empty: 0) (id: 110, initial_bandwith: 19, is_empty: 0) 
backwards
(id: 110, initial_bandwith: 19, is_empty: 0)(id: 80, initial_bandwith: 10, is_empty: 0)(id: 206, initial_bandwith: 20, is_empty: 0)(id: 294, initial_bandwith: 18, is_empty: 0)(id: 113, initial_bandwith: 9, is_empty: 0)(id: 98, initial_bandwith: 4, is_empty: 0)(id: 358, initial_bandwith: 18, is_empty: 0)(id: 0, initial_bandwith: 14, is_empty: 0)(id: 194, initial_bandwith: 19, is_empty: 0)(id: 131, initial_bandwith: 10, is_empty: 0)(id: 304, initial_bandwith: 20, is_empty: 0)(id: 490, initial_bandwith: 2, is_empty: 0)(id: 312, initial_bandwith: 20, is_empty: 0)(id: 308, initial_bandwith: 5, is_empty: 0)(id: 439, initial_bandwith: 11, is_empty: 0)(id: 213, initial_bandwith: 3, is_empty: 0)

Apartment Name: G, Max Bandwidth: 300
(id: 482, initial_bandwith: 13, is_empty: 0) (id: 164, initial_bandwith: 19, is_empty: 0) (id: 367, initial_bandwith: 29, is_empty: 0) (id: 137, initial_bandwith: 11, is_empty: 0) (id: 92, initial_bandwith: 5, is_empty: 0) (id: 392, initial_bandwith: 28, is_empty: 0) (id: 122, initial_bandwith: 4, is_empty: 0) (id: 168, initial_bandwith: 1, is_empty: 0) (id: 251, initial_bandwith: 21, is_empty: 0) 
backwards
(id: 251, initial_bandwith: 21, is_empty: 0)(id: 168, initial_bandwith: 1, is_empty: 0)(id: 122, initial_bandwith: 4, is_empty: 0)(id: 392, initial_bandwith: 28, is_empty: 0)(id: 92, initial_bandwith: 5, is_empty: 0)(id: 137, initial_bandwith: 11, is_empty: 0)(id: 367, initial_bandwith: 29, is_empty: 0)(id: 164, initial_bandwith: 19, is_empty: 0)(id: 482, initial_bandwith: 13, is_empty: 0)

Apartment Name: O, Max Bandwidth: 300
(id: 202, initial_bandwith: 42, is_empty: 0) (id: 181, initial_bandwith: 0, is_empty: 1) 
backwards
(id: 181, initial_bandwith: 0, is_empty: 1)(id: 202, initial_bandwith: 42, is_empty: 0)

Apartment Name: N, Max Bandwidth: 300
(id: 147, initial_bandwith: 15, is_empty: 0) (id: 489, initial_bandwith: 5, is_empty: 0) (id: 73, initial_bandwith: 10, is_empty: 0) (id: 75, initial_bandwith: 17, is_empty: 0) (id: 350, initial_bandwith: 4, is_empty: 0) (id: 166, initial_bandwith: 11, is_empty: 0) (id: 141, initial_bandwith: 9, is_empty: 0) (id: 248, initial_bandwith: 15, is_empty: 0) (id: 454, initial_bandwith: 1, is_empty: 0) (id: 257, initial_bandwith: 14, is_empty: 0) (id: 267, initial_bandwith: 4, is_empty: 0) (id: 468, initial_bandwith: 5, is_empty: 0) (id: 407, initial_bandwith: 15, is_empty: 0) (id: 456, initial_bandwith: 13, is_empty: 0) (id: 408, initial_bandwith: 15, is_empty: 0) (id: 280, initial_bandwith: 9, is_empty: 0) (id: 203, initial_bandwith: 14, is_empty: 0) 
backwards
(id: 203, initial_bandwith: 14, is_empty: 0)(id: 280, initial_bandwith: 9, is_empty: 0)(id: 408, initial_bandwith: 15, is_empty: 0)(id: 456, initial_bandwith: 13, is_empty: 0)(id: 407, initial_bandwith: 15, is_empty: 0)(id: 468, initial_bandwith: 5, is_empty: 0)(id: 267, initial_bandwith: 4, is_empty: 0)(id: 257, initial_bandwith: 14, is_empty: 0)(id: 454, initial_bandwith: 1, is_empty: 0)(id: 248, initial_bandwith: 15, is_empty: 0)(id: 141, initial_bandwith: 9, is_empty: 0)(id: 166, initial_bandwith: 11, is_empty: 0)(id: 350, initial_bandwith: 4, is_empty: 0)(id: 75, initial_bandwith: 17, is_empty: 0)(id: 73, initial_bandwith: 10, is_empty: 0)(id: 489, initial_bandwith: 5, is_empty: 0)(id: 147, initial_bandwith: 15, is_empty: 0)

Apartment Name: I, Max Bandwidth: 260
(id: 152, initial_bandwith: 18, is_empty: 0) (id: 307, initial_bandwith: 0, is_empty: 0) (id: 317, initial_bandwith: 8, is_empty: 0) (id: 285, initial_bandwith: 5, is_empty: 0) (id: 441, initial_bandwith: 18, is_empty: 0) (id: 262, initial_bandwith: 4, is_empty: 0) (id: 458, initial_bandwith: 1, is_empty: 0) (id: 326, initial_bandwith: 1, is_empty: 0) (id: 233, initial_bandwith: 17, is_empty: 0) (id: 401, initial_bandwith: 11, is_empty: 0) (id: 271, initial_bandwith: 0, is_empty: 0) (id: 491, initial_bandwith: 14, is_empty: 0) (id: 378, initial_bandwith: 6, is_empty: 0) (id: 283, initial_bandwith: 15, is_empty: 0) 
backwards
(id: 283, initial_bandwith: 15, is_empty: 0)(id: 378, initial_bandwith: 6, is_empty: 0)(id: 491, initial_bandwith: 14, is_empty: 0)(id: 271, initial_bandwith: 0, is_empty: 0)(id: 401, initial_bandwith: 11, is_empty: 0)(id: 233, initial_bandwith: 17, is_empty: 0)(id: 326, initial_bandwith: 1, is_empty: 0)(id: 458, initial_bandwith: 1, is_empty: 0)(id: 262, initial_bandwith: 4, is_empty: 0)(id: 441, initial_bandwith: 18, is_empty: 0)(id: 285, initial_bandwith: 5, is_empty: 0)(id: 317, initial_bandwith: 8, is_empty: 0)(id: 307, initial_bandwith: 0, is_empty: 0)(id: 152, initial_bandwith: 18, is_empty: 0)

Apartment Name: H, Max Bandwidth: 220
(id: 79, initial_bandwith: 33, is_empty: 0) (id: 370, initial_bandwith: 46, is_empty: 0) (id: 146, initial_bandwith: 19, is_empty: 0) (id: 429, initial_bandwith: 18, is_empty: 0) 
backwards
(id: 429, initial_bandwith: 18, is_empty: 0)(id: 146, initial_bandwith: 19, is_empty: 0)(id: 370, initial_bandwith: 46, is_empty: 0)(id: 79, initial_bandwith: 33, is_empty: 0)

Apartment Name: D, Max Bandwidth: 160
(id: 325, initial_bandwith: 12, is_empty: 0) (id: 450, initial_bandwith: 17, is_empty: 0) (id: 318, initial_bandwith: 25, is_empty: 0) (id: 363, initial_bandwith: 9, is_empty: 0) (id: 419, initial_bandwith: 15, is_empty: 0) (id: 422, initial_bandwith: 3, is_empty: 0) 
backwards
(id: 422, initial_bandwith: 3, is_empty: 0)(id: 419, initial_bandwith: 15, is_empty: 0)(id: 363, initial_bandwith: 9, is_empty: 0)(id: 318, initial_bandwith: 25, is_empty: 0)(id: 450, initial_bandwith: 17, is_empty: 0)(id: 325, initial_bandwith: 12, is_empty: 0)

Apartment Name: Z, Max Bandwidth: 380
(id: 246, initial_bandwith: 30, is_empty: 0) (id: 375, initial_bandwith: 27, is_empty: 0) (id: 362, initial_bandwith: 0, is_empty: 0) (id: 421, initial_bandwith: 36, is_empty: 0) (id: 192, initial_bandwith: 24, is_empty: 0) (id: 234, initial_bandwith: 27, is_empty: 0) (id: 130, initial_bandwith: 5, is_empty: 0) (id: 481, initial_bandwith: 36, is_empty: 0) (id: 449, initial_bandwith: 39, is_empty: 0) 
backwards
(id: 449, initial_bandwith: 39, is_empty: 0)(id: 481, initial_bandwith: 36, is_empty: 0)(id: 130, initial_bandwith: 5, is_empty: 0)(id: 234, initial_bandwith: 27, is_empty: 0)(id: 192, initial_bandwith: 24, is_empty: 0)(id: 421, initial_bandwith: 36, is_empty: 0)(id: 362, initial_bandwith: 0, is_empty: 0)(id: 375, initial_bandwith: 27, is_empty: 0)(id: 246, initial_bandwith: 30, is_empty: 0)

Apartment Name: Q, Max Bandwidth: 220
(id: 47, initial_bandwith: 6, is_empty: 0) (id: 448, initial_bandwith: 6, is_empty: 0) (id: 214, initial_bandwith: 10, is_empty: 0) (id: 125, initial_bandwith: 4, is_empty: 0) (id: 15, initial_bandwith: 11, is_empty: 0) (id: 459, initial_bandwith: 7, is_empty: 0) (id: 200, initial_bandwith: 0, is_empty: 0) (id: 52, initial_bandwith: 12, is_empty: 0) (id: 105, initial_bandwith: 0, is_empty: 0) (id: 387, initial_bandwith: 9, is_empty: 0) (id: 470, initial_bandwith: 9, is_empty: 0) (id: 497, initial_bandwith: 10, is_empty: 0) (id: 211, initial_bandwith: 7, is_empty: 0) (id: 112, initial_bandwith: 8, is_empty: 0) (id: 223, initial_bandwith: 9, is_empty: 0) (id: 121, initial_bandwith: 7, is_empty: 0) (id: 356, initial_bandwith: 6, is_empty: 0) (id: 55, initial_bandwith: 10, is_empty: 0) 
backwards
(id: 55, initial_bandwith: 10, is_empty: 0)(id: 356, initial_bandwith: 6, is_empty: 0)(id: 121, initial_bandwith: 7, is_empty: 0)(id: 223, initial_bandwith: 9, is_empty: 0)(id: 112, initial_bandwith: 8, is_empty: 0)(id: 211, initial_bandwith: 7, is_empty: 0)(id: 497, initial_bandwith: 10, is_empty: 0)(id: 470, initial_bandwith: 9, is_empty: 0)(id: 387, initial_bandwith: 9, is_empty: 0)(id: 105, initial_bandwith: 0, is_empty: 0)(id: 52, initial_bandwith: 12, is_empty: 0)(id: 200, initial_bandwith: 0, is_empty: 0)(id: 459, initial_bandwith: 7, is_empty: 0)(id: 15, initial_bandwith: 11, is_empty: 0)(id: 125, initial_bandwith: 4, is_empty: 0)(id: 214, initial_bandwith: 10, is_empty: 0)(id: 448, initial_bandwith: 6, is_empty: 0)(id: 47, initial_bandwith: 6, is_empty: 0)

Apartment Name: B, Max Bandwidth: 380
(id: 485, initial_bandwith: 9, is_empty: 0) (id: 275, initial_bandwith: 15, is_empty: 0) (id: 190, initial_bandwith: 20, is_empty: 0) (id: 145, initial_bandwith: 16, is_empty: 0) (id: 153, initial_bandwith: 4, is_empty: 0) (id: 412, initial_bandwith: 4, is_empty: 0) (id: 64, initial_bandwith: 18, is_empty: 0) (id: 16, initial_bandwith: 12, is_empty: 0) (id: 149, initial_bandwith: 21, is_empty: 0) (id: 303, initial_bandwith: 14, is_empty: 0) (id: 116, initial_bandwith: 1, is_empty: 0) (id: 151, initial_bandwith: 25, is_empty: 0) (id: 71, initial_bandwith: 6, is_empty: 0) (id: 124, initial_bandwith: 24, is_empty: 0) (id: 207, initial_bandwith: 17, is_empty: 0) 
backwards
(id: 207, initial_bandwith: 17, is_empty: 0)(id: 124, initial_bandwith: 24, is_empty: 0)(id: 71, initial_bandwith: 6, is_empty: 0)(id: 151, initial_bandwith: 25, is_empty: 0)(id: 116, initial_bandwith: 1, is_empty: 0)(id: 303, initial_bandwith: 14, is_empty: 0)(id: 149, initial_bandwith: 21, is_empty: 0)(id: 16, initial_bandwith: 12, is_empty: 0)(id: 64, initial_bandwith: 18, is_empty: 0)(id: 412, initial_bandwith: 4, is_empty: 0)(id: 153, initial_bandwith: 4, is_empty: 0)(id: 145, initial_bandwith: 16, is_empty: 0)(id: 190, initial_bandwith: 20, is_empty: 0)(id: 275, initial_bandwith: 15, is_empty: 0)(id: 485, initial_bandwith: 9, is_empty: 0)

Apartment Name: X, Max Bandwidth: 140
(id: 9, initial_bandwith: 8, is_empty: 0) (id: 334, initial_bandwith: 0, is_empty: 0) (id: 313, initial_bandwith: 10, is_empty: 0) (id: 385, initial_bandwith: 8, is_empty: 0) (id: 455, initial_bandwith: 9, is_empty: 0) (id: 492, initial_bandwith: 2, is_empty: 0) (id: 135, initial_bandwith: 9, is_empty: 0) (id: 103, initial_bandwith: 3, is_empty: 0) (id: 380, initial_bandwith: 7, is_empty: 0) (id: 330, initial_bandwith: 1, is_empty: 0) (id: 150, initial_bandwith: 7, is_empty: 0) (id: 423, initial_bandwith: 7, is_empty: 0) (id: 115, initial_bandwith: 2, is_empty: 0) (id: 101, initial_bandwith: 6, is_empty: 0) 
backwards
(id: 101, initial_bandwith: 6, is_empty: 0)(id: 115, initial_bandwith: 2, is_empty: 0)(id: 423, initial_bandwith: 7, is_empty: 0)(id: 150, initial_bandwith: 7, is_empty: 0)(id: 330, initial_bandwith: 1, is_empty: 0)(id: 380, initial_bandwith: 7, is_empty: 0)(id: 103, initial_bandwith: 3, is_empty: 0)(id: 135, initial_bandwith: 9, is_empty: 0)(id: 492, initial_bandwith: 2, is_empty: 0)(id: 455, initial_bandwith: 9, is_empty: 0)(id: 385, initial_bandwith: 8, is_empty: 0)(id: 313, initial_bandwith: 10, is_empty: 0)(id: 334, initial_bandwith: 0, is_empty: 0)(id: 9, initial_bandwith: 8, is_empty: 0)

Apartment Name: P, Max Bandwidth: 160
(id: 173, initial_bandwith: 10, is_empty: 0) (id: 17, initial_bandwith: 13, is_empty: 0) (id: 488, initial_bandwith: 12, is_empty: 0) (id: 231, initial_bandwith: 7, is_empty: 0) (id: 70, initial_bandwith: 4, is_empty: 0) (id: 427, initial_bandwith: 9, is_empty: 0) (id: 368, initial_bandwith: 3, is_empty: 0) (id: 389, initial_bandwith: 1, is_empty: 0) (id: 209, initial_bandwith: 0, is_empty: 0) (id: 292, initial_bandwith: 13, is_empty: 0) (id: 297, initial_bandwith: 12, is_empty: 0) (id: 353, initial_bandwith: 8, is_empty: 0) 
backwards
(id: 353, initial_bandwith: 8, is_empty: 0)(id: 297, initial_bandwith: 12, is_empty: 0)(id: 292, initial_bandwith: 13, is_empty: 0)(id: 209, initial_bandwith: 0, is_empty: 0)(id: 389, initial_bandwith: 1, is_empty: 0)(id: 368, initial_bandwith: 3, is_empty: 0)(id: 427, initial_bandwith: 9, is_empty: 0)(id: 70, initial_bandwith: 4, is_empty: 0)(id: 231, initial_bandwith: 7, is_empty: 0)(id: 488, initial_bandwith: 12, is_empty: 0)(id: 17, initial_bandwith: 13, is_empty: 0)(id: 173, initial_bandwith: 10, is_empty: 0)

Apartment Name: E, Max Bandwidth: 180
(id: 99, initial_bandwith: 12, is_empty: 0) (id: 89, initial_bandwith: 8, is_empty: 0) (id: 316, initial_bandwith: 6, is_empty: 0) (id: 281, initial_bandwith: 21, is_empty: 0) (id: 329, initial_bandwith: 9, is_empty: 0) (id: 39, initial_bandwith: 0, is_empty: 0) (id: 54, initial_bandwith: 1, is_empty: 0) (id: 384, initial_bandwith: 12, is_empty: 0) 
backwards
(id: 384, initial_bandwith: 12, is_empty: 0)(id: 54, initial_bandwith: 1, is_empty: 0)(id: 39, initial_bandwith: 0, is_empty: 0)(id: 329, initial_bandwith: 9, is_empty: 0)(id: 281, initial_bandwith: 21, is_empty: 0)(id: 316, initial_bandwith: 6, is_empty: 0)(id: 89, initial_bandwith: 8, is_empty: 0)(id: 99, initial_bandwith: 12, is_empty: 0)

Apartment Name: R, Max Bandwidth: 340
(id: 476, initial_bandwith: 22, is_empty: 0) (id: 394, initial_bandwith: 4, is_empty: 0) (id: 138, initial_bandwith: 1, is_empty: 0) (id: 339, initial_bandwith: 3, is_empty: 0) (id: 332, initial_bandwith: 24, is_empty: 0) (id: 134, initial_bandwith: 1, is_empty: 0) (id: 58, initial_bandwith: 10, is_empty: 0) (id: 245, initial_bandwith: 0, is_empty: 0) (id: 3, initial_bandwith: 0, is_empty: 0) (id: 106, initial_bandwith: 23, is_empty: 0) (id: 493, initial_bandwith: 23, is_empty: 0) (id: 342, initial_bandwith: 10, is_empty: 0) 
backwards
(id: 342, initial_bandwith: 10, is_empty: 0)(id: 493, initial_bandwith: 23, is_empty: 0)(id: 106, initial_bandwith: 23, is_empty: 0)(id: 3, initial_bandwith: 0, is_empty: 0)(id: 245, initial_bandwith: 0, is_empty: 0)(id: 58, initial_bandwith: 10, is_empty: 0)(id: 134, initial_bandwith: 1, is_empty: 0)(id: 332, initial_bandwith: 24, is_empty: 0)(id: 339, initial_bandwith: 3, is_empty: 0)(id: 138, initial_bandwith: 1, is_empty: 0)(id: 394, initial_bandwith: 4, is_empty: 0)(id: 476, initial_bandwith: 22, is_empty: 0)

Apartment Name: M, Max Bandwidth: 360
(id: 242, initial_bandwith: 114, is_empty: 0) 
backwards
(id: 242, initial_bandwith: 114, is_empty: 0)
