
Apartment Name: V, Max Bandwidth: 200
(id: 469, initial_bandwith: 10, is_empty: 0) (id: 280, initial_bandwith: 2, is_empty: 0) (id: 34, initial_bandwith: 5, is_empty: 0) (id: 39, initial_bandwith: 7, is_empty: 0) (id: 149, initial_bandwith: 9, is_empty: 0) (id: 100, initial_bandwith: 7, is_empty: 0) (id: 44, initial_bandwith: 8, is_empty: 0) (id: 410, initial_bandwith: 9, is_empty: 0) (id: 257, initial_bandwith: 10, is_empty: 0) (id: 495, initial_bandwith: 9, is_empty: 0) (id: 416, initial_bandwith: 0, is_empty: 0) (id: 307, initial_bandwith: 8, is_empty: 0) (id: 215, initial_bandwith: 4, is_empty: 0) (id: 189, initial_bandwith: 2, is_empty: 0) (id: 454, initial_bandwith: 9, is_empty: 0) (id: 104, initial_bandwith: 3, is_empty: 0) (id: 171, initial_bandwith: 0, is_empty: 0) 
backwards
(id: 171, initial_bandwith: 0, is_empty: 0)(id: 104, initial_bandwith: 3, is_empty: 0)(id: 454, initial_bandwith: 9, is_empty: 0)(id: 189, initial_bandwith: 2, is_empty: 0)(id: 215, initial_bandwith: 4, is_empty: 0)(id: 307, initial_bandwith: 8, is_empty: 0)(id: 416, initial_bandwith: 0, is_empty: 0)(id: 495, initial_bandwith: 9, is_empty: 0)(id: 257, initial_bandwith: 10, is_empty: 0)(id: 410, initial_bandwith: 9, is_empty: 0)(id: 44, initial_bandwith: 8, is_empty: 0)(id: 100, initial_bandwith: 7, is_empty: 0)(id: 149, initial_bandwith: 9, is_empty: 0)(id: 39, initial_bandwith: 7, is_empty: 0)(id: 34, initial_bandwith: 5, is_empty: 0)(id: 280, initial_bandwith: 2, is_empty: 0)(id: 469, initial_bandwith: 10, is_empty: 0)

Apartment Name: T, Max Bandwidth: 120
(id: 138, initial_bandwith: 9, is_empty: 0) (id: 117, initial_bandwith: 11, is_empty: 0) (id: 399, initial_bandwith: 10, is_empty: 0) (id: 419, initial_bandwith: 14, is_empty: 0) (id: 349, initial_bandwith: 5, is_empty: 0) 
backwards
(id: 349, initial_bandwith: 5, is_empty: 0)(id: 419, initial_bandwith: 14, is_empty: 0)(id: 399, initial_bandwith: 10, is_empty: 0)(id: 117, initial_bandwith: 11, is_empty: 0)(id: 138, initial_bandwith: 9, is_empty: 0)

Apartment Name: L, Max Bandwidth: 320
(id: 38, initial_bandwith: 18, is_empty: 0) (id: 187, initial_bandwith: 24, is_empty: 0) (id: 157, initial_bandwith: 8, is_empty: 0) (id: 498, initial_bandwith: 43, is_empty: 0) (id: 481, initial_bandwith: 2, is_empty: 0) (id: 98, initial_bandwith: 35, is_empty: 0) (id: 448, initial_bandwith: 36, is_empty: 0) 
backwards
(id: 448, initial_bandwith: 36, is_empty: 0)(id: 98, initial_bandwith: 35, is_empty: 0)(id: 481, initial_bandwith: 2, is_empty: 0)(id: 498, initial_bandwith: 43, is_empty: 0)(id: 157, initial_bandwith: 8, is_empty: 0)(id: 187, initial_bandwith: 24, is_empty: 0)(id: 38, initial_bandwith: 18, is_empty: 0)

Apartment Name: C, Max Bandwidth: 220
(id: 359, initial_bandwith: 30, is_empty: 0) (id: 237, initial_bandwith: 20, is_empty: 0) (id: 371, initial_bandwith: 25, is_empty: 0) 
backwards
(id: 371, initial_bandwith: 25, is_empty: 0)(id: 237, initial_bandwith: 20, is_empty: 0)(id: 359, initial_bandwith: 30, is_empty: 0)

Apartment Name: P, Max Bandwidth: 340
(id: 470, initial_bandwith: 12, is_empty: 0) (id: 313, initial_bandwith: 14, is_empty: 0) 
backwards
(id: 313, initial_bandwith: 14, is_empty: 0)(id: 470, initial_bandwith: 12, is_empty: 0)

Apartment Name: M, Max Bandwidth: 160
(id: 151, initial_bandwith: 5, is_empty: 0) (id: 384, initial_bandwith: 24, is_empty: 0) (id: 275, initial_bandwith: 49, is_empty: 0) 
backwards
(id: 275, initial_bandwith: 49, is_empty: 0)(id: 384, initial_bandwith: 24, is_empty: 0)(id: 151, initial_bandwith: 5, is_empty: 0)

Apartment Name: R, Max Bandwidth: 340
(id: 196, initial_bandwith: 11, is_empty: 0) (id: 131, initial_bandwith: 14, is_empty: 0) (id: 402, initial_bandwith: 7, is_empty: 0) (id: 252, initial_bandwith: 17, is_empty: 0) (id: 274, initial_bandwith: 7, is_empty: 0) (id: 15, initial_bandwith: 5, is_empty: 0) (id: 204, initial_bandwith: 12, is_empty: 0) (id: 10, initial_bandwith: 10, is_empty: 0) (id: 78, initial_bandwith: 10, is_empty: 0) (id: 428, initial_bandwith: 0, is_empty: 0) (id: 244, initial_bandwith: 9, is_empty: 0) (id: 126, initial_bandwith: 4, is_empty: 0) (id: 242, initial_bandwith: 18, is_empty: 0) (id: 327, initial_bandwith: 18, is_empty: 0) (id: 377, initial_bandwith: 3, is_empty: 0) (id: 427, initial_bandwith: 11, is_empty: 0) (id: 406, initial_bandwith: 5, is_empty: 0) (id: 174, initial_bandwith: 0, is_empty: 0) 
backwards
(id: 174, initial_bandwith: 0, is_empty: 0)(id: 406, initial_bandwith: 5, is_empty: 0)(id: 427, initial_bandwith: 11, is_empty: 0)(id: 377, initial_bandwith: 3, is_empty: 0)(id: 327, initial_bandwith: 18, is_empty: 0)(id: 242, initial_bandwith: 18, is_empty: 0)(id: 126, initial_bandwith: 4, is_empty: 0)(id: 244, initial_bandwith: 9, is_empty: 0)(id: 428, initial_bandwith: 0, is_empty: 0)(id: 78, initial_bandwith: 10, is_empty: 0)(id: 10, initial_bandwith: 10, is_empty: 0)(id: 204, initial_bandwith: 12, is_empty: 0)(id: 15, initial_bandwith: 5, is_empty: 0)(id: 274, initial_bandwith: 7, is_empty: 0)(id: 252, initial_bandwith: 17, is_empty: 0)(id: 402, initial_bandwith: 7, is_empty: 0)(id: 131, initial_bandwith: 14, is_empty: 0)(id: 196, initial_bandwith: 11, is_empty: 0)

Apartment Name: G, Max Bandwidth: 220
(id: 17, initial_bandwith: 22, is_empty: 0) (id: 266, initial_bandwith: 7, is_empty: 0) (id: 129, initial_bandwith: 13, is_empty: 0) (id: 0, initial_bandwith: 23, is_empty: 0) (id: 193, initial_bandwith: 12, is_empty: 0) (id: 386, initial_bandwith: 10, is_empty: 0) (id: 456, initial_bandwith: 21, is_empty: 0) (id: 203, initial_bandwith: 11, is_empty: 0) (id: 395, initial_bandwith: 3, is_empty: 0) 
backwards
(id: 395, initial_bandwith: 3, is_empty: 0)(id: 203, initial_bandwith: 11, is_empty: 0)(id: 456, initial_bandwith: 21, is_empty: 0)(id: 386, initial_bandwith: 10, is_empty: 0)(id: 193, initial_bandwith: 12, is_empty: 0)(id: 0, initial_bandwith: 23, is_empty: 0)(id: 129, initial_bandwith: 13, is_empty: 0)(id: 266, initial_bandwith: 7, is_empty: 0)(id: 17, initial_bandwith: 22, is_empty: 0)

Apartment Name: F, Max Bandwidth: 100
(id: 352, initial_bandwith: 33, is_empty: 0) (id: 188, initial_bandwith: 1, is_empty: 0) 
backwards
(id: 188, initial_bandwith: 1, is_empty: 0)(id: 352, initial_bandwith: 33, is_empty: 0)

Apartment Name: W, Max Bandwidth: 120
(id: 457, initial_bandwith: 0, is_empty: 0) (id: 372, initial_bandwith: 0, is_empty: 0) (id: 118, initial_bandwith: 8, is_empty: 0) (id: 289, initial_bandwith: 4, is_empty: 0) (id: 414, initial_bandwith: 3, is_empty: 0) (id: 165, initial_bandwith: 2, is_empty: 0) (id: 325, initial_bandwith: 9, is_empty: 0) (id: 458, initial_bandwith: 10, is_empty: 0) (id: 70, initial_bandwith: 1, is_empty: 0) (id: 285, initial_bandwith: 0, is_empty: 0) (id: 440, initial_bandwith: 0, is_empty: 1) (id: 123, initial_bandwith: 3, is_empty: 0) 
backwards
(id: 123, initial_bandwith: 3, is_empty: 0)(id: 440, initial_bandwith: 0, is_empty: 1)(id: 285, initial_bandwith: 0, is_empty: 0)(id: 70, initial_bandwith: 1, is_empty: 0)(id: 458, initial_bandwith: 10, is_empty: 0)(id: 325, initial_bandwith: 9, is_empty: 0)(id: 165, initial_bandwith: 2, is_empty: 0)(id: 414, initial_bandwith: 3, is_empty: 0)(id: 289, initial_bandwith: 4, is_empty: 0)(id: 118, initial_bandwith: 8, is_empty: 0)(id: 372, initial_bandwith: 0, is_empty: 0)(id: 457, initial_bandwith: 0, is_empty: 0)

Apartment Name: N, Max Bandwidth: 160
(id: 412, initial_bandwith: 12, is_empty: 0) (id: 483, initial_bandwith: 25, is_empty: 0) (id: 64, initial_bandwith: 22, is_empty: 0) (id: 161, initial_bandwith: 28, is_empty: 0) (id: 228, initial_bandwith: 25, is_empty: 0) 
backwards
(id: 228, initial_bandwith: 25, is_empty: 0)(id: 161, initial_bandwith: 28, is_empty: 0)(id: 64, initial_bandwith: 22, is_empty: 0)(id: 483, initial_bandwith: 25, is_empty: 0)(id: 412, initial_bandwith: 12, is_empty: 0)

Apartment Name: D, Max Bandwidth: 340
(id: 400, initial_bandwith: 19, is_empty: 0) (id: 391, initial_bandwith: 4, is_empty: 0) (id: 496, initial_bandwith: 10, is_empty: 0) (id: 111, initial_bandwith: 10, is_empty: 0) (id: 453, initial_bandwith: 24, is_empty: 0) (id: 33, initial_bandwith: 5, is_empty: 0) (id: 14, initial_bandwith: 6, is_empty: 0) (id: 96, initial_bandwith: 15, is_empty: 0) (id: 190, initial_bandwith: 7, is_empty: 0) (id: 86, initial_bandwith: 21, is_empty: 0) (id: 112, initial_bandwith: 7, is_empty: 0) (id: 72, initial_bandwith: 13, is_empty: 0) (id: 73, initial_bandwith: 7, is_empty: 0) 
backwards
(id: 73, initial_bandwith: 7, is_empty: 0)(id: 72, initial_bandwith: 13, is_empty: 0)(id: 112, initial_bandwith: 7, is_empty: 0)(id: 86, initial_bandwith: 21, is_empty: 0)(id: 190, initial_bandwith: 7, is_empty: 0)(id: 96, initial_bandwith: 15, is_empty: 0)(id: 14, initial_bandwith: 6, is_empty: 0)(id: 33, initial_bandwith: 5, is_empty: 0)(id: 453, initial_bandwith: 24, is_empty: 0)(id: 111, initial_bandwith: 10, is_empty: 0)(id: 496, initial_bandwith: 10, is_empty: 0)(id: 391, initial_bandwith: 4, is_empty: 0)(id: 400, initial_bandwith: 19, is_empty: 0)

Apartment Name: A, Max Bandwidth: 280
(id: 329, initial_bandwith: 15, is_empty: 0) (id: 180, initial_bandwith: 24, is_empty: 0) (id: 444, initial_bandwith: 25, is_empty: 0) (id: 378, initial_bandwith: 25, is_empty: 0) (id: 494, initial_bandwith: 6, is_empty: 0) (id: 81, initial_bandwith: 6, is_empty: 0) (id: 362, initial_bandwith: 6, is_empty: 0) 
backwards
(id: 362, initial_bandwith: 6, is_empty: 0)(id: 81, initial_bandwith: 6, is_empty: 0)(id: 494, initial_bandwith: 6, is_empty: 0)(id: 378, initial_bandwith: 25, is_empty: 0)(id: 444, initial_bandwith: 25, is_empty: 0)(id: 180, initial_bandwith: 24, is_empty: 0)(id: 329, initial_bandwith: 15, is_empty: 0)
