
Apartment Name: K, Max Bandwidth: 360
(id: 320, initial_bandwith: 13, is_empty: 0) (id: 352, initial_bandwith: 14, is_empty: 0) (id: 443, initial_bandwith: 4, is_empty: 0) (id: 237, initial_bandwith: 4, is_empty: 0) (id: 272, initial_bandwith: 16, is_empty: 0) (id: 159, initial_bandwith: 4, is_empty: 0) (id: 375, initial_bandwith: 5, is_empty: 0) (id: 123, initial_bandwith: 10, is_empty: 0) (id: 359, initial_bandwith: 24, is_empty: 0) (id: 261, initial_bandwith: 11, is_empty: 0) (id: 45, initial_bandwith: 7, is_empty: 0) (id: 453, initial_bandwith: 11, is_empty: 0) (id: 130, initial_bandwith: 16, is_empty: 0) (id: 46, initial_bandwith: 21, is_empty: 0) 
backwards
(id: 46, initial_bandwith: 21, is_empty: 0)(id: 130, initial_bandwith: 16, is_empty: 0)(id: 453, initial_bandwith: 11, is_empty: 0)(id: 45, initial_bandwith: 7, is_empty: 0)(id: 261, initial_bandwith: 11, is_empty: 0)(id: 359, initial_bandwith: 24, is_empty: 0)(id: 123, initial_bandwith: 10, is_empty: 0)(id: 375, initial_bandwith: 5, is_empty: 0)(id: 159, initial_bandwith: 4, is_empty: 0)(id: 272, initial_bandwith: 16, is_empty: 0)(id: 237, initial_bandwith: 4, is_empty: 0)(id: 443, initial_bandwith: 4, is_empty: 0)(id: 352, initial_bandwith: 14, is_empty: 0)(id: 320, initial_bandwith: 13, is_empty: 0)

Apartment Name: B, Max Bandwidth: 320
(id: 497, initial_bandwith: 37, is_empty: 0) (id: 134, initial_bandwith: 140, is_empty: 0) 
backwards
(id: 134, initial_bandwith: 140, is_empty: 0)(id: 497, initial_bandwith: 37, is_empty: 0)

Apartment Name: N, Max Bandwidth: 380
(id: 416, initial_bandwith: 5, is_empty: 0) (id: 339, initial_bandwith: 1, is_empty: 0) (id: 136, initial_bandwith: 17, is_empty: 0) (id: 309, initial_bandwith: 19, is_empty: 0) (id: 251, initial_bandwith: 29, is_empty: 0) (id: 422, initial_bandwith: 0, is_empty: 1) (id: 75, initial_bandwith: 11, is_empty: 0) (id: 314, initial_bandwith: 0, is_empty: 0) (id: 137, initial_bandwith: 13, is_empty: 0) (id: 492, initial_bandwith: 35, is_empty: 0) 
backwards
(id: 492, initial_bandwith: 35, is_empty: 0)(id: 137, initial_bandwith: 13, is_empty: 0)(id: 314, initial_bandwith: 0, is_empty: 0)(id: 75, initial_bandwith: 11, is_empty: 0)(id: 422, initial_bandwith: 0, is_empty: 1)(id: 251, initial_bandwith: 29, is_empty: 0)(id: 309, initial_bandwith: 19, is_empty: 0)(id: 136, initial_bandwith: 17, is_empty: 0)(id: 339, initial_bandwith: 1, is_empty: 0)(id: 416, initial_bandwith: 5, is_empty: 0)

Apartment Name: X, Max Bandwidth: 120
(id: 417, initial_bandwith: 6, is_empty: 0) (id: 264, initial_bandwith: 4, is_empty: 0) (id: 255, initial_bandwith: 0, is_empty: 0) (id: 32, initial_bandwith: 5, is_empty: 0) (id: 392, initial_bandwith: 7, is_empty: 0) (id: 220, initial_bandwith: 4, is_empty: 0) (id: 447, initial_bandwith: 8, is_empty: 0) (id: 455, initial_bandwith: 1, is_empty: 0) (id: 212, initial_bandwith: 4, is_empty: 0) (id: 463, initial_bandwith: 8, is_empty: 0) (id: 236, initial_bandwith: 3, is_empty: 0) (id: 298, initial_bandwith: 4, is_empty: 0) (id: 340, initial_bandwith: 4, is_empty: 0) (id: 382, initial_bandwith: 0, is_empty: 0) 
backwards
(id: 382, initial_bandwith: 0, is_empty: 0)(id: 340, initial_bandwith: 4, is_empty: 0)(id: 298, initial_bandwith: 4, is_empty: 0)(id: 236, initial_bandwith: 3, is_empty: 0)(id: 463, initial_bandwith: 8, is_empty: 0)(id: 212, initial_bandwith: 4, is_empty: 0)(id: 455, initial_bandwith: 1, is_empty: 0)(id: 447, initial_bandwith: 8, is_empty: 0)(id: 220, initial_bandwith: 4, is_empty: 0)(id: 392, initial_bandwith: 7, is_empty: 0)(id: 32, initial_bandwith: 5, is_empty: 0)(id: 255, initial_bandwith: 0, is_empty: 0)(id: 264, initial_bandwith: 4, is_empty: 0)(id: 417, initial_bandwith: 6, is_empty: 0)

Apartment Name: L, Max Bandwidth: 300
(id: 419, initial_bandwith: 111, is_empty: 0) (id: 215, initial_bandwith: 25, is_empty: 0) 
backwards
(id: 215, initial_bandwith: 25, is_empty: 0)(id: 419, initial_bandwith: 111, is_empty: 0)
