
Apartment Name: U, Max Bandwidth: 360
(id: 483, initial_bandwith: 139, is_empty: 0) (id: 427, initial_bandwith: 144, is_empty: 0) 
backwards
(id: 427, initial_bandwith: 144, is_empty: 0)(id: 483, initial_bandwith: 139, is_empty: 0)

Apartment Name: R, Max Bandwidth: 140
(id: 230, initial_bandwith: 12, is_empty: 0) (id: 374, initial_bandwith: 28, is_empty: 0) (id: 122, initial_bandwith: 27, is_empty: 0) (id: 473, initial_bandwith: 26, is_empty: 0) (id: 187, initial_bandwith: 13, is_empty: 0) 
backwards
(id: 187, initial_bandwith: 13, is_empty: 0)(id: 473, initial_bandwith: 26, is_empty: 0)(id: 122, initial_bandwith: 27, is_empty: 0)(id: 374, initial_bandwith: 28, is_empty: 0)(id: 230, initial_bandwith: 12, is_empty: 0)

Apartment Name: Q, Max Bandwidth: 260
(id: 245, initial_bandwith: 7, is_empty: 0) (id: 148, initial_bandwith: 11, is_empty: 0) (id: 349, initial_bandwith: 1, is_empty: 0) (id: 265, initial_bandwith: 10, is_empty: 0) (id: 225, initial_bandwith: 6, is_empty: 0) (id: 129, initial_bandwith: 2, is_empty: 0) (id: 7, initial_bandwith: 7, is_empty: 0) (id: 236, initial_bandwith: 8, is_empty: 0) (id: 178, initial_bandwith: 4, is_empty: 0) (id: 409, initial_bandwith: 0, is_empty: 0) (id: 22, initial_bandwith: 6, is_empty: 0) (id: 343, initial_bandwith: 7, is_empty: 0) (id: 46, initial_bandwith: 8, is_empty: 0) (id: 240, initial_bandwith: 12, is_empty: 0) (id: 113, initial_bandwith: 7, is_empty: 0) (id: 32, initial_bandwith: 8, is_empty: 0) (id: 186, initial_bandwith: 9, is_empty: 0) (id: 78, initial_bandwith: 0, is_empty: 0) (id: 51, initial_bandwith: 7, is_empty: 0) 
backwards
(id: 51, initial_bandwith: 7, is_empty: 0)(id: 78, initial_bandwith: 0, is_empty: 0)(id: 186, initial_bandwith: 9, is_empty: 0)(id: 32, initial_bandwith: 8, is_empty: 0)(id: 113, initial_bandwith: 7, is_empty: 0)(id: 240, initial_bandwith: 12, is_empty: 0)(id: 46, initial_bandwith: 8, is_empty: 0)(id: 343, initial_bandwith: 7, is_empty: 0)(id: 22, initial_bandwith: 6, is_empty: 0)(id: 409, initial_bandwith: 0, is_empty: 0)(id: 178, initial_bandwith: 4, is_empty: 0)(id: 236, initial_bandwith: 8, is_empty: 0)(id: 7, initial_bandwith: 7, is_empty: 0)(id: 129, initial_bandwith: 2, is_empty: 0)(id: 225, initial_bandwith: 6, is_empty: 0)(id: 265, initial_bandwith: 10, is_empty: 0)(id: 349, initial_bandwith: 1, is_empty: 0)(id: 148, initial_bandwith: 11, is_empty: 0)(id: 245, initial_bandwith: 7, is_empty: 0)

Apartment Name: V, Max Bandwidth: 380
(id: 432, initial_bandwith: 126, is_empty: 0) (id: 25, initial_bandwith: 7, is_empty: 0) (id: 0, initial_bandwith: 15, is_empty: 0) 
backwards
(id: 0, initial_bandwith: 15, is_empty: 0)(id: 25, initial_bandwith: 7, is_empty: 0)(id: 432, initial_bandwith: 126, is_empty: 0)

Apartment Name: G, Max Bandwidth: 220
(id: 73, initial_bandwith: 203, is_empty: 0) 
backwards
(id: 73, initial_bandwith: 203, is_empty: 0)

Apartment Name: L, Max Bandwidth: 340
(id: 306, initial_bandwith: 215, is_empty: 0) 
backwards
(id: 306, initial_bandwith: 215, is_empty: 0)

Apartment Name: T, Max Bandwidth: 300
(id: 434, initial_bandwith: 17, is_empty: 0) (id: 316, initial_bandwith: 91, is_empty: 0) (id: 252, initial_bandwith: 98, is_empty: 0) 
backwards
(id: 252, initial_bandwith: 98, is_empty: 0)(id: 316, initial_bandwith: 91, is_empty: 0)(id: 434, initial_bandwith: 17, is_empty: 0)

Apartment Name: O, Max Bandwidth: 260
(id: 479, initial_bandwith: 4, is_empty: 0) (id: 449, initial_bandwith: 25, is_empty: 0) (id: 239, initial_bandwith: 25, is_empty: 0) (id: 8, initial_bandwith: 9, is_empty: 0) (id: 53, initial_bandwith: 11, is_empty: 0) (id: 283, initial_bandwith: 9, is_empty: 0) (id: 160, initial_bandwith: 28, is_empty: 0) (id: 203, initial_bandwith: 20, is_empty: 0) (id: 354, initial_bandwith: 4, is_empty: 0) 
backwards
(id: 354, initial_bandwith: 4, is_empty: 0)(id: 203, initial_bandwith: 20, is_empty: 0)(id: 160, initial_bandwith: 28, is_empty: 0)(id: 283, initial_bandwith: 9, is_empty: 0)(id: 53, initial_bandwith: 11, is_empty: 0)(id: 8, initial_bandwith: 9, is_empty: 0)(id: 239, initial_bandwith: 25, is_empty: 0)(id: 449, initial_bandwith: 25, is_empty: 0)(id: 479, initial_bandwith: 4, is_empty: 0)

Apartment Name: F, Max Bandwidth: 240
(id: 498, initial_bandwith: 10, is_empty: 0) (id: 185, initial_bandwith: 9, is_empty: 0) (id: 58, initial_bandwith: 11, is_empty: 0) (id: 496, initial_bandwith: 0, is_empty: 0) (id: 456, initial_bandwith: 8, is_empty: 0) (id: 303, initial_bandwith: 10, is_empty: 0) (id: 257, initial_bandwith: 0, is_empty: 0) (id: 308, initial_bandwith: 16, is_empty: 0) (id: 323, initial_bandwith: 6, is_empty: 0) (id: 299, initial_bandwith: 6, is_empty: 0) (id: 396, initial_bandwith: 10, is_empty: 0) (id: 179, initial_bandwith: 13, is_empty: 0) (id: 69, initial_bandwith: 1, is_empty: 0) (id: 164, initial_bandwith: 15, is_empty: 0) (id: 211, initial_bandwith: 6, is_empty: 0) 
backwards
(id: 211, initial_bandwith: 6, is_empty: 0)(id: 164, initial_bandwith: 15, is_empty: 0)(id: 69, initial_bandwith: 1, is_empty: 0)(id: 179, initial_bandwith: 13, is_empty: 0)(id: 396, initial_bandwith: 10, is_empty: 0)(id: 299, initial_bandwith: 6, is_empty: 0)(id: 323, initial_bandwith: 6, is_empty: 0)(id: 308, initial_bandwith: 16, is_empty: 0)(id: 257, initial_bandwith: 0, is_empty: 0)(id: 303, initial_bandwith: 10, is_empty: 0)(id: 456, initial_bandwith: 8, is_empty: 0)(id: 496, initial_bandwith: 0, is_empty: 0)(id: 58, initial_bandwith: 11, is_empty: 0)(id: 185, initial_bandwith: 9, is_empty: 0)(id: 498, initial_bandwith: 10, is_empty: 0)

Apartment Name: Y, Max Bandwidth: 280
(id: 221, initial_bandwith: 14, is_empty: 0) (id: 319, initial_bandwith: 9, is_empty: 0) (id: 444, initial_bandwith: 6, is_empty: 0) (id: 50, initial_bandwith: 17, is_empty: 0) (id: 322, initial_bandwith: 6, is_empty: 0) (id: 166, initial_bandwith: 4, is_empty: 0) (id: 37, initial_bandwith: 12, is_empty: 0) (id: 42, initial_bandwith: 16, is_empty: 0) (id: 293, initial_bandwith: 11, is_empty: 0) (id: 428, initial_bandwith: 9, is_empty: 0) (id: 27, initial_bandwith: 17, is_empty: 0) (id: 391, initial_bandwith: 11, is_empty: 0) (id: 341, initial_bandwith: 9, is_empty: 0) (id: 335, initial_bandwith: 12, is_empty: 0) (id: 344, initial_bandwith: 8, is_empty: 0) 
backwards
(id: 344, initial_bandwith: 8, is_empty: 0)(id: 335, initial_bandwith: 12, is_empty: 0)(id: 341, initial_bandwith: 9, is_empty: 0)(id: 391, initial_bandwith: 11, is_empty: 0)(id: 27, initial_bandwith: 17, is_empty: 0)(id: 428, initial_bandwith: 9, is_empty: 0)(id: 293, initial_bandwith: 11, is_empty: 0)(id: 42, initial_bandwith: 16, is_empty: 0)(id: 37, initial_bandwith: 12, is_empty: 0)(id: 166, initial_bandwith: 4, is_empty: 0)(id: 322, initial_bandwith: 6, is_empty: 0)(id: 50, initial_bandwith: 17, is_empty: 0)(id: 444, initial_bandwith: 6, is_empty: 0)(id: 319, initial_bandwith: 9, is_empty: 0)(id: 221, initial_bandwith: 14, is_empty: 0)

Apartment Name: N, Max Bandwidth: 280
(id: 414, initial_bandwith: 8, is_empty: 0) (id: 497, initial_bandwith: 27, is_empty: 0) (id: 217, initial_bandwith: 30, is_empty: 0) (id: 488, initial_bandwith: 15, is_empty: 0) (id: 55, initial_bandwith: 24, is_empty: 0) (id: 382, initial_bandwith: 31, is_empty: 0) (id: 405, initial_bandwith: 36, is_empty: 0) 
backwards
(id: 405, initial_bandwith: 36, is_empty: 0)(id: 382, initial_bandwith: 31, is_empty: 0)(id: 55, initial_bandwith: 24, is_empty: 0)(id: 488, initial_bandwith: 15, is_empty: 0)(id: 217, initial_bandwith: 30, is_empty: 0)(id: 497, initial_bandwith: 27, is_empty: 0)(id: 414, initial_bandwith: 8, is_empty: 0)

Apartment Name: Z, Max Bandwidth: 120
(id: 389, initial_bandwith: 6, is_empty: 0) (id: 183, initial_bandwith: 7, is_empty: 0) (id: 173, initial_bandwith: 4, is_empty: 0) (id: 41, initial_bandwith: 4, is_empty: 0) (id: 392, initial_bandwith: 4, is_empty: 0) (id: 310, initial_bandwith: 4, is_empty: 0) (id: 459, initial_bandwith: 0, is_empty: 0) (id: 313, initial_bandwith: 3, is_empty: 0) (id: 189, initial_bandwith: 9, is_empty: 0) (id: 198, initial_bandwith: 2, is_empty: 0) (id: 184, initial_bandwith: 2, is_empty: 0) (id: 177, initial_bandwith: 1, is_empty: 0) (id: 206, initial_bandwith: 8, is_empty: 0) 
backwards
(id: 206, initial_bandwith: 8, is_empty: 0)(id: 177, initial_bandwith: 1, is_empty: 0)(id: 184, initial_bandwith: 2, is_empty: 0)(id: 198, initial_bandwith: 2, is_empty: 0)(id: 189, initial_bandwith: 9, is_empty: 0)(id: 313, initial_bandwith: 3, is_empty: 0)(id: 459, initial_bandwith: 0, is_empty: 0)(id: 310, initial_bandwith: 4, is_empty: 0)(id: 392, initial_bandwith: 4, is_empty: 0)(id: 41, initial_bandwith: 4, is_empty: 0)(id: 173, initial_bandwith: 4, is_empty: 0)(id: 183, initial_bandwith: 7, is_empty: 0)(id: 389, initial_bandwith: 6, is_empty: 0)

Apartment Name: I, Max Bandwidth: 180
(id: 133, initial_bandwith: 9, is_empty: 0) (id: 137, initial_bandwith: 1, is_empty: 0) (id: 71, initial_bandwith: 8, is_empty: 0) (id: 394, initial_bandwith: 19, is_empty: 0) (id: 327, initial_bandwith: 6, is_empty: 0) (id: 408, initial_bandwith: 14, is_empty: 0) (id: 5, initial_bandwith: 13, is_empty: 0) (id: 471, initial_bandwith: 1, is_empty: 0) (id: 140, initial_bandwith: 19, is_empty: 0) 
backwards
(id: 140, initial_bandwith: 19, is_empty: 0)(id: 471, initial_bandwith: 1, is_empty: 0)(id: 5, initial_bandwith: 13, is_empty: 0)(id: 408, initial_bandwith: 14, is_empty: 0)(id: 327, initial_bandwith: 6, is_empty: 0)(id: 394, initial_bandwith: 19, is_empty: 0)(id: 71, initial_bandwith: 8, is_empty: 0)(id: 137, initial_bandwith: 1, is_empty: 0)(id: 133, initial_bandwith: 9, is_empty: 0)

Apartment Name: D, Max Bandwidth: 240
(id: 61, initial_bandwith: 54, is_empty: 0) (id: 480, initial_bandwith: 7, is_empty: 0) (id: 481, initial_bandwith: 29, is_empty: 0) 
backwards
(id: 481, initial_bandwith: 29, is_empty: 0)(id: 480, initial_bandwith: 7, is_empty: 0)(id: 61, initial_bandwith: 54, is_empty: 0)

Apartment Name: C, Max Bandwidth: 220
(id: 453, initial_bandwith: 8, is_empty: 0) (id: 99, initial_bandwith: 1, is_empty: 0) (id: 411, initial_bandwith: 10, is_empty: 0) (id: 224, initial_bandwith: 5, is_empty: 0) (id: 279, initial_bandwith: 4, is_empty: 0) (id: 200, initial_bandwith: 0, is_empty: 0) (id: 121, initial_bandwith: 6, is_empty: 0) (id: 468, initial_bandwith: 4, is_empty: 0) (id: 146, initial_bandwith: 2, is_empty: 0) (id: 367, initial_bandwith: 5, is_empty: 0) (id: 191, initial_bandwith: 6, is_empty: 0) (id: 465, initial_bandwith: 2, is_empty: 0) (id: 328, initial_bandwith: 5, is_empty: 0) (id: 255, initial_bandwith: 2, is_empty: 0) (id: 321, initial_bandwith: 6, is_empty: 0) (id: 181, initial_bandwith: 3, is_empty: 0) (id: 72, initial_bandwith: 5, is_empty: 0) (id: 195, initial_bandwith: 6, is_empty: 0) (id: 340, initial_bandwith: 11, is_empty: 0) 
backwards
(id: 340, initial_bandwith: 11, is_empty: 0)(id: 195, initial_bandwith: 6, is_empty: 0)(id: 72, initial_bandwith: 5, is_empty: 0)(id: 181, initial_bandwith: 3, is_empty: 0)(id: 321, initial_bandwith: 6, is_empty: 0)(id: 255, initial_bandwith: 2, is_empty: 0)(id: 328, initial_bandwith: 5, is_empty: 0)(id: 465, initial_bandwith: 2, is_empty: 0)(id: 191, initial_bandwith: 6, is_empty: 0)(id: 367, initial_bandwith: 5, is_empty: 0)(id: 146, initial_bandwith: 2, is_empty: 0)(id: 468, initial_bandwith: 4, is_empty: 0)(id: 121, initial_bandwith: 6, is_empty: 0)(id: 200, initial_bandwith: 0, is_empty: 0)(id: 279, initial_bandwith: 4, is_empty: 0)(id: 224, initial_bandwith: 5, is_empty: 0)(id: 411, initial_bandwith: 10, is_empty: 0)(id: 99, initial_bandwith: 1, is_empty: 0)(id: 453, initial_bandwith: 8, is_empty: 0)

Apartment Name: B, Max Bandwidth: 340
(id: 158, initial_bandwith: 19, is_empty: 0) (id: 241, initial_bandwith: 12, is_empty: 0) (id: 304, initial_bandwith: 8, is_empty: 0) (id: 487, initial_bandwith: 18, is_empty: 0) (id: 478, initial_bandwith: 26, is_empty: 0) (id: 39, initial_bandwith: 13, is_empty: 0) (id: 466, initial_bandwith: 45, is_empty: 0) 
backwards
(id: 466, initial_bandwith: 45, is_empty: 0)(id: 39, initial_bandwith: 13, is_empty: 0)(id: 478, initial_bandwith: 26, is_empty: 0)(id: 487, initial_bandwith: 18, is_empty: 0)(id: 304, initial_bandwith: 8, is_empty: 0)(id: 241, initial_bandwith: 12, is_empty: 0)(id: 158, initial_bandwith: 19, is_empty: 0)

Apartment Name: W, Max Bandwidth: 140
(id: 464, initial_bandwith: 9, is_empty: 0) (id: 143, initial_bandwith: 11, is_empty: 0) (id: 40, initial_bandwith: 2, is_empty: 0) (id: 196, initial_bandwith: 6, is_empty: 0) (id: 128, initial_bandwith: 0, is_empty: 1) (id: 363, initial_bandwith: 5, is_empty: 0) (id: 336, initial_bandwith: 0, is_empty: 0) (id: 138, initial_bandwith: 5, is_empty: 0) 
backwards
(id: 138, initial_bandwith: 5, is_empty: 0)(id: 336, initial_bandwith: 0, is_empty: 0)(id: 363, initial_bandwith: 5, is_empty: 0)(id: 128, initial_bandwith: 0, is_empty: 1)(id: 196, initial_bandwith: 6, is_empty: 0)(id: 40, initial_bandwith: 2, is_empty: 0)(id: 143, initial_bandwith: 11, is_empty: 0)(id: 464, initial_bandwith: 9, is_empty: 0)

Apartment Name: M, Max Bandwidth: 260
(id: 332, initial_bandwith: 11, is_empty: 0) (id: 11, initial_bandwith: 14, is_empty: 0) (id: 295, initial_bandwith: 20, is_empty: 0) (id: 277, initial_bandwith: 15, is_empty: 0) (id: 442, initial_bandwith: 5, is_empty: 0) (id: 24, initial_bandwith: 16, is_empty: 0) (id: 429, initial_bandwith: 12, is_empty: 0) (id: 492, initial_bandwith: 7, is_empty: 0) (id: 66, initial_bandwith: 24, is_empty: 0) 
backwards
(id: 66, initial_bandwith: 24, is_empty: 0)(id: 492, initial_bandwith: 7, is_empty: 0)(id: 429, initial_bandwith: 12, is_empty: 0)(id: 24, initial_bandwith: 16, is_empty: 0)(id: 442, initial_bandwith: 5, is_empty: 0)(id: 277, initial_bandwith: 15, is_empty: 0)(id: 295, initial_bandwith: 20, is_empty: 0)(id: 11, initial_bandwith: 14, is_empty: 0)(id: 332, initial_bandwith: 11, is_empty: 0)

Apartment Name: K, Max Bandwidth: 140
(id: 320, initial_bandwith: 14, is_empty: 0) (id: 218, initial_bandwith: 35, is_empty: 0) (id: 174, initial_bandwith: 32, is_empty: 0) (id: 333, initial_bandwith: 15, is_empty: 0) 
backwards
(id: 333, initial_bandwith: 15, is_empty: 0)(id: 174, initial_bandwith: 32, is_empty: 0)(id: 218, initial_bandwith: 35, is_empty: 0)(id: 320, initial_bandwith: 14, is_empty: 0)
