
Apartment Name: M, Max Bandwidth: 200
(id: 134, initial_bandwith: 22, is_empty: 0) (id: 433, initial_bandwith: 22, is_empty: 0) (id: 438, initial_bandwith: 21, is_empty: 0) (id: 282, initial_bandwith: 20, is_empty: 0) (id: 174, initial_bandwith: 5, is_empty: 0) (id: 58, initial_bandwith: 6, is_empty: 0) (id: 44, initial_bandwith: 23, is_empty: 0) (id: 390, initial_bandwith: 6, is_empty: 0) 
backwards
(id: 390, initial_bandwith: 6, is_empty: 0)(id: 44, initial_bandwith: 23, is_empty: 0)(id: 58, initial_bandwith: 6, is_empty: 0)(id: 174, initial_bandwith: 5, is_empty: 0)(id: 282, initial_bandwith: 20, is_empty: 0)(id: 438, initial_bandwith: 21, is_empty: 0)(id: 433, initial_bandwith: 22, is_empty: 0)(id: 134, initial_bandwith: 22, is_empty: 0)

Apartment Name: C, Max Bandwidth: 340
(id: 202, initial_bandwith: 0, is_empty: 1) (id: 9, initial_bandwith: 11, is_empty: 0) 
backwards
(id: 9, initial_bandwith: 11, is_empty: 0)(id: 202, initial_bandwith: 0, is_empty: 1)

Apartment Name: X, Max Bandwidth: 320
(id: 453, initial_bandwith: 15, is_empty: 0) (id: 129, initial_bandwith: 6, is_empty: 0) (id: 65, initial_bandwith: 14, is_empty: 0) (id: 61, initial_bandwith: 4, is_empty: 0) (id: 377, initial_bandwith: 17, is_empty: 0) (id: 42, initial_bandwith: 4, is_empty: 0) (id: 455, initial_bandwith: 10, is_empty: 0) (id: 218, initial_bandwith: 10, is_empty: 0) (id: 492, initial_bandwith: 12, is_empty: 0) (id: 121, initial_bandwith: 6, is_empty: 0) (id: 410, initial_bandwith: 4, is_empty: 0) (id: 200, initial_bandwith: 14, is_empty: 0) (id: 226, initial_bandwith: 3, is_empty: 0) (id: 291, initial_bandwith: 2, is_empty: 0) (id: 12, initial_bandwith: 5, is_empty: 0) (id: 76, initial_bandwith: 2, is_empty: 0) (id: 375, initial_bandwith: 10, is_empty: 0) (id: 136, initial_bandwith: 10, is_empty: 0) 
backwards
(id: 136, initial_bandwith: 10, is_empty: 0)(id: 375, initial_bandwith: 10, is_empty: 0)(id: 76, initial_bandwith: 2, is_empty: 0)(id: 12, initial_bandwith: 5, is_empty: 0)(id: 291, initial_bandwith: 2, is_empty: 0)(id: 226, initial_bandwith: 3, is_empty: 0)(id: 200, initial_bandwith: 14, is_empty: 0)(id: 410, initial_bandwith: 4, is_empty: 0)(id: 121, initial_bandwith: 6, is_empty: 0)(id: 492, initial_bandwith: 12, is_empty: 0)(id: 218, initial_bandwith: 10, is_empty: 0)(id: 455, initial_bandwith: 10, is_empty: 0)(id: 42, initial_bandwith: 4, is_empty: 0)(id: 377, initial_bandwith: 17, is_empty: 0)(id: 61, initial_bandwith: 4, is_empty: 0)(id: 65, initial_bandwith: 14, is_empty: 0)(id: 129, initial_bandwith: 6, is_empty: 0)(id: 453, initial_bandwith: 15, is_empty: 0)

Apartment Name: Z, Max Bandwidth: 160
(id: 168, initial_bandwith: 13, is_empty: 0) (id: 156, initial_bandwith: 12, is_empty: 0) (id: 99, initial_bandwith: 14, is_empty: 0) (id: 193, initial_bandwith: 7, is_empty: 0) (id: 268, initial_bandwith: 17, is_empty: 0) (id: 60, initial_bandwith: 6, is_empty: 0) (id: 31, initial_bandwith: 17, is_empty: 0) (id: 112, initial_bandwith: 14, is_empty: 0) (id: 74, initial_bandwith: 10, is_empty: 0) 
backwards
(id: 74, initial_bandwith: 10, is_empty: 0)(id: 112, initial_bandwith: 14, is_empty: 0)(id: 31, initial_bandwith: 17, is_empty: 0)(id: 60, initial_bandwith: 6, is_empty: 0)(id: 268, initial_bandwith: 17, is_empty: 0)(id: 193, initial_bandwith: 7, is_empty: 0)(id: 99, initial_bandwith: 14, is_empty: 0)(id: 156, initial_bandwith: 12, is_empty: 0)(id: 168, initial_bandwith: 13, is_empty: 0)

Apartment Name: V, Max Bandwidth: 360
(id: 234, initial_bandwith: 29, is_empty: 0) (id: 7, initial_bandwith: 18, is_empty: 0) (id: 167, initial_bandwith: 34, is_empty: 0) (id: 419, initial_bandwith: 24, is_empty: 0) (id: 33, initial_bandwith: 31, is_empty: 0) (id: 359, initial_bandwith: 22, is_empty: 0) (id: 27, initial_bandwith: 12, is_empty: 0) (id: 445, initial_bandwith: 24, is_empty: 0) (id: 143, initial_bandwith: 28, is_empty: 0) (id: 432, initial_bandwith: 9, is_empty: 0) 
backwards
(id: 432, initial_bandwith: 9, is_empty: 0)(id: 143, initial_bandwith: 28, is_empty: 0)(id: 445, initial_bandwith: 24, is_empty: 0)(id: 27, initial_bandwith: 12, is_empty: 0)(id: 359, initial_bandwith: 22, is_empty: 0)(id: 33, initial_bandwith: 31, is_empty: 0)(id: 419, initial_bandwith: 24, is_empty: 0)(id: 167, initial_bandwith: 34, is_empty: 0)(id: 7, initial_bandwith: 18, is_empty: 0)(id: 234, initial_bandwith: 29, is_empty: 0)

Apartment Name: J, Max Bandwidth: 140
(id: 391, initial_bandwith: 10, is_empty: 0) (id: 219, initial_bandwith: 14, is_empty: 0) (id: 341, initial_bandwith: 16, is_empty: 0) (id: 142, initial_bandwith: 2, is_empty: 0) (id: 473, initial_bandwith: 13, is_empty: 0) (id: 274, initial_bandwith: 19, is_empty: 0) (id: 100, initial_bandwith: 12, is_empty: 0) 
backwards
(id: 100, initial_bandwith: 12, is_empty: 0)(id: 274, initial_bandwith: 19, is_empty: 0)(id: 473, initial_bandwith: 13, is_empty: 0)(id: 142, initial_bandwith: 2, is_empty: 0)(id: 341, initial_bandwith: 16, is_empty: 0)(id: 219, initial_bandwith: 14, is_empty: 0)(id: 391, initial_bandwith: 10, is_empty: 0)

Apartment Name: D, Max Bandwidth: 200
(id: 211, initial_bandwith: 14, is_empty: 0) (id: 210, initial_bandwith: 9, is_empty: 0) (id: 298, initial_bandwith: 13, is_empty: 0) (id: 279, initial_bandwith: 7, is_empty: 0) (id: 383, initial_bandwith: 7, is_empty: 0) (id: 131, initial_bandwith: 2, is_empty: 0) (id: 280, initial_bandwith: 3, is_empty: 0) (id: 197, initial_bandwith: 14, is_empty: 0) (id: 437, initial_bandwith: 15, is_empty: 0) (id: 399, initial_bandwith: 13, is_empty: 0) (id: 440, initial_bandwith: 0, is_empty: 0) (id: 39, initial_bandwith: 15, is_empty: 0) 
backwards
(id: 39, initial_bandwith: 15, is_empty: 0)(id: 440, initial_bandwith: 0, is_empty: 0)(id: 399, initial_bandwith: 13, is_empty: 0)(id: 437, initial_bandwith: 15, is_empty: 0)(id: 197, initial_bandwith: 14, is_empty: 0)(id: 280, initial_bandwith: 3, is_empty: 0)(id: 131, initial_bandwith: 2, is_empty: 0)(id: 383, initial_bandwith: 7, is_empty: 0)(id: 279, initial_bandwith: 7, is_empty: 0)(id: 298, initial_bandwith: 13, is_empty: 0)(id: 210, initial_bandwith: 9, is_empty: 0)(id: 211, initial_bandwith: 14, is_empty: 0)

Apartment Name: R, Max Bandwidth: 180
(id: 47, initial_bandwith: 8, is_empty: 0) (id: 109, initial_bandwith: 1, is_empty: 0) (id: 312, initial_bandwith: 7, is_empty: 0) (id: 278, initial_bandwith: 11, is_empty: 0) (id: 249, initial_bandwith: 10, is_empty: 0) (id: 111, initial_bandwith: 6, is_empty: 0) (id: 209, initial_bandwith: 1, is_empty: 0) (id: 227, initial_bandwith: 9, is_empty: 0) (id: 494, initial_bandwith: 9, is_empty: 0) (id: 482, initial_bandwith: 8, is_empty: 0) (id: 133, initial_bandwith: 11, is_empty: 0) (id: 177, initial_bandwith: 2, is_empty: 0) (id: 240, initial_bandwith: 11, is_empty: 0) (id: 407, initial_bandwith: 11, is_empty: 0) (id: 255, initial_bandwith: 4, is_empty: 0) (id: 152, initial_bandwith: 1, is_empty: 0) 
backwards
(id: 152, initial_bandwith: 1, is_empty: 0)(id: 255, initial_bandwith: 4, is_empty: 0)(id: 407, initial_bandwith: 11, is_empty: 0)(id: 240, initial_bandwith: 11, is_empty: 0)(id: 177, initial_bandwith: 2, is_empty: 0)(id: 133, initial_bandwith: 11, is_empty: 0)(id: 482, initial_bandwith: 8, is_empty: 0)(id: 494, initial_bandwith: 9, is_empty: 0)(id: 227, initial_bandwith: 9, is_empty: 0)(id: 209, initial_bandwith: 1, is_empty: 0)(id: 111, initial_bandwith: 6, is_empty: 0)(id: 249, initial_bandwith: 10, is_empty: 0)(id: 278, initial_bandwith: 11, is_empty: 0)(id: 312, initial_bandwith: 7, is_empty: 0)(id: 109, initial_bandwith: 1, is_empty: 0)(id: 47, initial_bandwith: 8, is_empty: 0)

Apartment Name: K, Max Bandwidth: 300
(id: 102, initial_bandwith: 8, is_empty: 0) (id: 122, initial_bandwith: 76, is_empty: 0) (id: 456, initial_bandwith: 80, is_empty: 0) 
backwards
(id: 456, initial_bandwith: 80, is_empty: 0)(id: 122, initial_bandwith: 76, is_empty: 0)(id: 102, initial_bandwith: 8, is_empty: 0)

Apartment Name: N, Max Bandwidth: 100
(id: 225, initial_bandwith: 5, is_empty: 0) (id: 425, initial_bandwith: 3, is_empty: 0) (id: 22, initial_bandwith: 4, is_empty: 0) (id: 450, initial_bandwith: 4, is_empty: 0) (id: 451, initial_bandwith: 3, is_empty: 0) (id: 128, initial_bandwith: 7, is_empty: 0) (id: 398, initial_bandwith: 3, is_empty: 0) (id: 422, initial_bandwith: 2, is_empty: 0) (id: 489, initial_bandwith: 7, is_empty: 0) (id: 435, initial_bandwith: 0, is_empty: 0) (id: 104, initial_bandwith: 7, is_empty: 0) (id: 212, initial_bandwith: 4, is_empty: 0) (id: 316, initial_bandwith: 6, is_empty: 0) 
backwards
(id: 316, initial_bandwith: 6, is_empty: 0)(id: 212, initial_bandwith: 4, is_empty: 0)(id: 104, initial_bandwith: 7, is_empty: 0)(id: 435, initial_bandwith: 0, is_empty: 0)(id: 489, initial_bandwith: 7, is_empty: 0)(id: 422, initial_bandwith: 2, is_empty: 0)(id: 398, initial_bandwith: 3, is_empty: 0)(id: 128, initial_bandwith: 7, is_empty: 0)(id: 451, initial_bandwith: 3, is_empty: 0)(id: 450, initial_bandwith: 4, is_empty: 0)(id: 22, initial_bandwith: 4, is_empty: 0)(id: 425, initial_bandwith: 3, is_empty: 0)(id: 225, initial_bandwith: 5, is_empty: 0)

Apartment Name: T, Max Bandwidth: 140
(id: 148, initial_bandwith: 14, is_empty: 0) (id: 115, initial_bandwith: 28, is_empty: 0) (id: 103, initial_bandwith: 25, is_empty: 0) (id: 355, initial_bandwith: 17, is_empty: 0) (id: 454, initial_bandwith: 6, is_empty: 0) 
backwards
(id: 454, initial_bandwith: 6, is_empty: 0)(id: 355, initial_bandwith: 17, is_empty: 0)(id: 103, initial_bandwith: 25, is_empty: 0)(id: 115, initial_bandwith: 28, is_empty: 0)(id: 148, initial_bandwith: 14, is_empty: 0)

Apartment Name: P, Max Bandwidth: 360
(id: 348, initial_bandwith: 52, is_empty: 0) 
backwards
(id: 348, initial_bandwith: 52, is_empty: 0)
