
Apartment Name: R, Max Bandwidth: 260
(id: 74, initial_bandwith: 11, is_empty: 0) (id: 71, initial_bandwith: 3, is_empty: 0) (id: 274, initial_bandwith: 0, is_empty: 0) (id: 116, initial_bandwith: 12, is_empty: 0) (id: 206, initial_bandwith: 9, is_empty: 0) (id: 411, initial_bandwith: 11, is_empty: 0) (id: 375, initial_bandwith: 5, is_empty: 0) (id: 464, initial_bandwith: 7, is_empty: 0) (id: 436, initial_bandwith: 4, is_empty: 0) (id: 343, initial_bandwith: 10, is_empty: 0) (id: 222, initial_bandwith: 11, is_empty: 0) (id: 37, initial_bandwith: 8, is_empty: 0) (id: 141, initial_bandwith: 13, is_empty: 0) (id: 177, initial_bandwith: 1, is_empty: 0) (id: 337, initial_bandwith: 8, is_empty: 0) (id: 316, initial_bandwith: 8, is_empty: 0) (id: 194, initial_bandwith: 9, is_empty: 0) (id: 287, initial_bandwith: 5, is_empty: 0) (id: 448, initial_bandwith: 5, is_empty: 0) 
backwards
(id: 448, initial_bandwith: 5, is_empty: 0)(id: 287, initial_bandwith: 5, is_empty: 0)(id: 194, initial_bandwith: 9, is_empty: 0)(id: 316, initial_bandwith: 8, is_empty: 0)(id: 337, initial_bandwith: 8, is_empty: 0)(id: 177, initial_bandwith: 1, is_empty: 0)(id: 141, initial_bandwith: 13, is_empty: 0)(id: 37, initial_bandwith: 8, is_empty: 0)(id: 222, initial_bandwith: 11, is_empty: 0)(id: 343, initial_bandwith: 10, is_empty: 0)(id: 436, initial_bandwith: 4, is_empty: 0)(id: 464, initial_bandwith: 7, is_empty: 0)(id: 375, initial_bandwith: 5, is_empty: 0)(id: 411, initial_bandwith: 11, is_empty: 0)(id: 206, initial_bandwith: 9, is_empty: 0)(id: 116, initial_bandwith: 12, is_empty: 0)(id: 274, initial_bandwith: 0, is_empty: 0)(id: 71, initial_bandwith: 3, is_empty: 0)(id: 74, initial_bandwith: 11, is_empty: 0)

Apartment Name: Y, Max Bandwidth: 260
(id: 203, initial_bandwith: 4, is_empty: 0) (id: 283, initial_bandwith: 20, is_empty: 0) (id: 240, initial_bandwith: 18, is_empty: 0) (id: 454, initial_bandwith: 1, is_empty: 0) (id: 438, initial_bandwith: 8, is_empty: 0) (id: 478, initial_bandwith: 20, is_empty: 0) (id: 461, initial_bandwith: 19, is_empty: 0) (id: 344, initial_bandwith: 6, is_empty: 0) (id: 352, initial_bandwith: 12, is_empty: 0) (id: 93, initial_bandwith: 10, is_empty: 0) (id: 290, initial_bandwith: 7, is_empty: 0) (id: 202, initial_bandwith: 14, is_empty: 0) (id: 189, initial_bandwith: 3, is_empty: 0) 
backwards
(id: 189, initial_bandwith: 3, is_empty: 0)(id: 202, initial_bandwith: 14, is_empty: 0)(id: 290, initial_bandwith: 7, is_empty: 0)(id: 93, initial_bandwith: 10, is_empty: 0)(id: 352, initial_bandwith: 12, is_empty: 0)(id: 344, initial_bandwith: 6, is_empty: 0)(id: 461, initial_bandwith: 19, is_empty: 0)(id: 478, initial_bandwith: 20, is_empty: 0)(id: 438, initial_bandwith: 8, is_empty: 0)(id: 454, initial_bandwith: 1, is_empty: 0)(id: 240, initial_bandwith: 18, is_empty: 0)(id: 283, initial_bandwith: 20, is_empty: 0)(id: 203, initial_bandwith: 4, is_empty: 0)

Apartment Name: V, Max Bandwidth: 180
(id: 246, initial_bandwith: 8, is_empty: 0) (id: 451, initial_bandwith: 51, is_empty: 0) (id: 282, initial_bandwith: 7, is_empty: 0) 
backwards
(id: 282, initial_bandwith: 7, is_empty: 0)(id: 451, initial_bandwith: 51, is_empty: 0)(id: 246, initial_bandwith: 8, is_empty: 0)

Apartment Name: K, Max Bandwidth: 320
(id: 309, initial_bandwith: 14, is_empty: 0) (id: 98, initial_bandwith: 9, is_empty: 0) (id: 371, initial_bandwith: 15, is_empty: 0) (id: 140, initial_bandwith: 2, is_empty: 0) (id: 391, initial_bandwith: 19, is_empty: 0) (id: 480, initial_bandwith: 19, is_empty: 0) (id: 220, initial_bandwith: 18, is_empty: 0) (id: 95, initial_bandwith: 24, is_empty: 0) (id: 78, initial_bandwith: 18, is_empty: 0) (id: 157, initial_bandwith: 4, is_empty: 0) (id: 483, initial_bandwith: 10, is_empty: 0) (id: 495, initial_bandwith: 24, is_empty: 0) (id: 53, initial_bandwith: 4, is_empty: 0) 
backwards
(id: 53, initial_bandwith: 4, is_empty: 0)(id: 495, initial_bandwith: 24, is_empty: 0)(id: 483, initial_bandwith: 10, is_empty: 0)(id: 157, initial_bandwith: 4, is_empty: 0)(id: 78, initial_bandwith: 18, is_empty: 0)(id: 95, initial_bandwith: 24, is_empty: 0)(id: 220, initial_bandwith: 18, is_empty: 0)(id: 480, initial_bandwith: 19, is_empty: 0)(id: 391, initial_bandwith: 19, is_empty: 0)(id: 140, initial_bandwith: 2, is_empty: 0)(id: 371, initial_bandwith: 15, is_empty: 0)(id: 98, initial_bandwith: 9, is_empty: 0)(id: 309, initial_bandwith: 14, is_empty: 0)

Apartment Name: A, Max Bandwidth: 320
(id: 334, initial_bandwith: 16, is_empty: 0) (id: 396, initial_bandwith: 8, is_empty: 0) (id: 303, initial_bandwith: 3, is_empty: 0) (id: 215, initial_bandwith: 20, is_empty: 0) (id: 250, initial_bandwith: 0, is_empty: 0) (id: 443, initial_bandwith: 9, is_empty: 0) (id: 166, initial_bandwith: 2, is_empty: 0) (id: 27, initial_bandwith: 5, is_empty: 0) (id: 420, initial_bandwith: 3, is_empty: 0) (id: 462, initial_bandwith: 13, is_empty: 0) (id: 319, initial_bandwith: 18, is_empty: 0) (id: 477, initial_bandwith: 7, is_empty: 0) (id: 208, initial_bandwith: 16, is_empty: 0) (id: 118, initial_bandwith: 8, is_empty: 0) (id: 367, initial_bandwith: 13, is_empty: 0) 
backwards
(id: 367, initial_bandwith: 13, is_empty: 0)(id: 118, initial_bandwith: 8, is_empty: 0)(id: 208, initial_bandwith: 16, is_empty: 0)(id: 477, initial_bandwith: 7, is_empty: 0)(id: 319, initial_bandwith: 18, is_empty: 0)(id: 462, initial_bandwith: 13, is_empty: 0)(id: 420, initial_bandwith: 3, is_empty: 0)(id: 27, initial_bandwith: 5, is_empty: 0)(id: 166, initial_bandwith: 2, is_empty: 0)(id: 443, initial_bandwith: 9, is_empty: 0)(id: 250, initial_bandwith: 0, is_empty: 0)(id: 215, initial_bandwith: 20, is_empty: 0)(id: 303, initial_bandwith: 3, is_empty: 0)(id: 396, initial_bandwith: 8, is_empty: 0)(id: 334, initial_bandwith: 16, is_empty: 0)

Apartment Name: H, Max Bandwidth: 220
(id: 46, initial_bandwith: 3, is_empty: 0) (id: 494, initial_bandwith: 0, is_empty: 0) (id: 486, initial_bandwith: 1, is_empty: 0) (id: 450, initial_bandwith: 3, is_empty: 0) (id: 12, initial_bandwith: 1, is_empty: 0) (id: 366, initial_bandwith: 7, is_empty: 0) (id: 17, initial_bandwith: 8, is_empty: 0) (id: 294, initial_bandwith: 8, is_empty: 0) (id: 339, initial_bandwith: 3, is_empty: 0) (id: 58, initial_bandwith: 5, is_empty: 0) (id: 34, initial_bandwith: 8, is_empty: 0) (id: 195, initial_bandwith: 5, is_empty: 0) (id: 313, initial_bandwith: 10, is_empty: 0) (id: 325, initial_bandwith: 3, is_empty: 0) (id: 386, initial_bandwith: 3, is_empty: 0) (id: 378, initial_bandwith: 3, is_empty: 0) 
backwards
(id: 378, initial_bandwith: 3, is_empty: 0)(id: 386, initial_bandwith: 3, is_empty: 0)(id: 325, initial_bandwith: 3, is_empty: 0)(id: 313, initial_bandwith: 10, is_empty: 0)(id: 195, initial_bandwith: 5, is_empty: 0)(id: 34, initial_bandwith: 8, is_empty: 0)(id: 58, initial_bandwith: 5, is_empty: 0)(id: 339, initial_bandwith: 3, is_empty: 0)(id: 294, initial_bandwith: 8, is_empty: 0)(id: 17, initial_bandwith: 8, is_empty: 0)(id: 366, initial_bandwith: 7, is_empty: 0)(id: 12, initial_bandwith: 1, is_empty: 0)(id: 450, initial_bandwith: 3, is_empty: 0)(id: 486, initial_bandwith: 1, is_empty: 0)(id: 494, initial_bandwith: 0, is_empty: 0)(id: 46, initial_bandwith: 3, is_empty: 0)

Apartment Name: E, Max Bandwidth: 220
(id: 288, initial_bandwith: 13, is_empty: 0) (id: 449, initial_bandwith: 14, is_empty: 0) (id: 221, initial_bandwith: 8, is_empty: 0) (id: 430, initial_bandwith: 6, is_empty: 0) (id: 81, initial_bandwith: 8, is_empty: 0) (id: 363, initial_bandwith: 13, is_empty: 0) (id: 198, initial_bandwith: 1, is_empty: 0) (id: 180, initial_bandwith: 2, is_empty: 0) (id: 214, initial_bandwith: 7, is_empty: 0) (id: 211, initial_bandwith: 6, is_empty: 0) (id: 204, initial_bandwith: 6, is_empty: 0) (id: 169, initial_bandwith: 13, is_empty: 0) (id: 179, initial_bandwith: 1, is_empty: 0) (id: 272, initial_bandwith: 2, is_empty: 0) 
backwards
(id: 272, initial_bandwith: 2, is_empty: 0)(id: 179, initial_bandwith: 1, is_empty: 0)(id: 169, initial_bandwith: 13, is_empty: 0)(id: 204, initial_bandwith: 6, is_empty: 0)(id: 211, initial_bandwith: 6, is_empty: 0)(id: 214, initial_bandwith: 7, is_empty: 0)(id: 180, initial_bandwith: 2, is_empty: 0)(id: 198, initial_bandwith: 1, is_empty: 0)(id: 363, initial_bandwith: 13, is_empty: 0)(id: 81, initial_bandwith: 8, is_empty: 0)(id: 430, initial_bandwith: 6, is_empty: 0)(id: 221, initial_bandwith: 8, is_empty: 0)(id: 449, initial_bandwith: 14, is_empty: 0)(id: 288, initial_bandwith: 13, is_empty: 0)

Apartment Name: L, Max Bandwidth: 120
(id: 497, initial_bandwith: 15, is_empty: 0) (id: 130, initial_bandwith: 16, is_empty: 0) (id: 108, initial_bandwith: 12, is_empty: 0) (id: 161, initial_bandwith: 6, is_empty: 0) (id: 405, initial_bandwith: 2, is_empty: 0) (id: 357, initial_bandwith: 18, is_empty: 0) 
backwards
(id: 357, initial_bandwith: 18, is_empty: 0)(id: 405, initial_bandwith: 2, is_empty: 0)(id: 161, initial_bandwith: 6, is_empty: 0)(id: 108, initial_bandwith: 12, is_empty: 0)(id: 130, initial_bandwith: 16, is_empty: 0)(id: 497, initial_bandwith: 15, is_empty: 0)

Apartment Name: T, Max Bandwidth: 180
(id: 381, initial_bandwith: 37, is_empty: 0) (id: 96, initial_bandwith: 37, is_empty: 0) (id: 392, initial_bandwith: 44, is_empty: 0) (id: 479, initial_bandwith: 28, is_empty: 0) 
backwards
(id: 479, initial_bandwith: 28, is_empty: 0)(id: 392, initial_bandwith: 44, is_empty: 0)(id: 96, initial_bandwith: 37, is_empty: 0)(id: 381, initial_bandwith: 37, is_empty: 0)

Apartment Name: S, Max Bandwidth: 120
(id: 365, initial_bandwith: 29, is_empty: 0) (id: 458, initial_bandwith: 36, is_empty: 0) (id: 427, initial_bandwith: 28, is_empty: 0) 
backwards
(id: 427, initial_bandwith: 28, is_empty: 0)(id: 458, initial_bandwith: 36, is_empty: 0)(id: 365, initial_bandwith: 29, is_empty: 0)

Apartment Name: F, Max Bandwidth: 120
(id: 247, initial_bandwith: 0, is_empty: 1) 
backwards
(id: 247, initial_bandwith: 0, is_empty: 1)

Apartment Name: G, Max Bandwidth: 340
(id: 224, initial_bandwith: 26, is_empty: 0) (id: 56, initial_bandwith: 8, is_empty: 0) (id: 25, initial_bandwith: 16, is_empty: 0) (id: 413, initial_bandwith: 32, is_empty: 0) (id: 489, initial_bandwith: 5, is_empty: 0) (id: 332, initial_bandwith: 3, is_empty: 0) (id: 383, initial_bandwith: 34, is_empty: 0) (id: 43, initial_bandwith: 17, is_empty: 0) (id: 251, initial_bandwith: 37, is_empty: 0) 
backwards
(id: 251, initial_bandwith: 37, is_empty: 0)(id: 43, initial_bandwith: 17, is_empty: 0)(id: 383, initial_bandwith: 34, is_empty: 0)(id: 332, initial_bandwith: 3, is_empty: 0)(id: 489, initial_bandwith: 5, is_empty: 0)(id: 413, initial_bandwith: 32, is_empty: 0)(id: 25, initial_bandwith: 16, is_empty: 0)(id: 56, initial_bandwith: 8, is_empty: 0)(id: 224, initial_bandwith: 26, is_empty: 0)

Apartment Name: Z, Max Bandwidth: 200
(id: 241, initial_bandwith: 16, is_empty: 0) (id: 310, initial_bandwith: 9, is_empty: 0) (id: 174, initial_bandwith: 20, is_empty: 0) (id: 0, initial_bandwith: 21, is_empty: 0) (id: 358, initial_bandwith: 10, is_empty: 0) (id: 99, initial_bandwith: 18, is_empty: 0) (id: 368, initial_bandwith: 28, is_empty: 0) 
backwards
(id: 368, initial_bandwith: 28, is_empty: 0)(id: 99, initial_bandwith: 18, is_empty: 0)(id: 358, initial_bandwith: 10, is_empty: 0)(id: 0, initial_bandwith: 21, is_empty: 0)(id: 174, initial_bandwith: 20, is_empty: 0)(id: 310, initial_bandwith: 9, is_empty: 0)(id: 241, initial_bandwith: 16, is_empty: 0)

Apartment Name: D, Max Bandwidth: 320
(id: 292, initial_bandwith: 22, is_empty: 0) (id: 293, initial_bandwith: 2, is_empty: 0) (id: 184, initial_bandwith: 21, is_empty: 0) (id: 6, initial_bandwith: 23, is_empty: 0) (id: 151, initial_bandwith: 24, is_empty: 0) (id: 218, initial_bandwith: 2, is_empty: 0) (id: 226, initial_bandwith: 18, is_empty: 0) (id: 379, initial_bandwith: 5, is_empty: 0) (id: 359, initial_bandwith: 8, is_empty: 0) (id: 498, initial_bandwith: 16, is_empty: 0) (id: 170, initial_bandwith: 21, is_empty: 0) (id: 317, initial_bandwith: 6, is_empty: 0) 
backwards
(id: 317, initial_bandwith: 6, is_empty: 0)(id: 170, initial_bandwith: 21, is_empty: 0)(id: 498, initial_bandwith: 16, is_empty: 0)(id: 359, initial_bandwith: 8, is_empty: 0)(id: 379, initial_bandwith: 5, is_empty: 0)(id: 226, initial_bandwith: 18, is_empty: 0)(id: 218, initial_bandwith: 2, is_empty: 0)(id: 151, initial_bandwith: 24, is_empty: 0)(id: 6, initial_bandwith: 23, is_empty: 0)(id: 184, initial_bandwith: 21, is_empty: 0)(id: 293, initial_bandwith: 2, is_empty: 0)(id: 292, initial_bandwith: 22, is_empty: 0)
