
Apartment Name: W, Max Bandwidth: 160
(id: 424, initial_bandwith: 7, is_empty: 0) (id: 364, initial_bandwith: 3, is_empty: 0) (id: 220, initial_bandwith: 4, is_empty: 0) (id: 143, initial_bandwith: 8, is_empty: 0) (id: 246, initial_bandwith: 4, is_empty: 0) (id: 217, initial_bandwith: 6, is_empty: 0) (id: 406, initial_bandwith: 8, is_empty: 0) (id: 282, initial_bandwith: 3, is_empty: 0) (id: 167, initial_bandwith: 5, is_empty: 0) (id: 219, initial_bandwith: 2, is_empty: 0) (id: 291, initial_bandwith: 8, is_empty: 0) (id: 261, initial_bandwith: 4, is_empty: 0) (id: 236, initial_bandwith: 5, is_empty: 0) (id: 139, initial_bandwith: 7, is_empty: 0) (id: 265, initial_bandwith: 5, is_empty: 0) (id: 325, initial_bandwith: 4, is_empty: 0) (id: 415, initial_bandwith: 6, is_empty: 0) (id: 344, initial_bandwith: 2, is_empty: 0) (id: 331, initial_bandwith: 3, is_empty: 0) 
backwards
(id: 331, initial_bandwith: 3, is_empty: 0)(id: 344, initial_bandwith: 2, is_empty: 0)(id: 415, initial_bandwith: 6, is_empty: 0)(id: 325, initial_bandwith: 4, is_empty: 0)(id: 265, initial_bandwith: 5, is_empty: 0)(id: 139, initial_bandwith: 7, is_empty: 0)(id: 236, initial_bandwith: 5, is_empty: 0)(id: 261, initial_bandwith: 4, is_empty: 0)(id: 291, initial_bandwith: 8, is_empty: 0)(id: 219, initial_bandwith: 2, is_empty: 0)(id: 167, initial_bandwith: 5, is_empty: 0)(id: 282, initial_bandwith: 3, is_empty: 0)(id: 406, initial_bandwith: 8, is_empty: 0)(id: 217, initial_bandwith: 6, is_empty: 0)(id: 246, initial_bandwith: 4, is_empty: 0)(id: 143, initial_bandwith: 8, is_empty: 0)(id: 220, initial_bandwith: 4, is_empty: 0)(id: 364, initial_bandwith: 3, is_empty: 0)(id: 424, initial_bandwith: 7, is_empty: 0)

Apartment Name: A, Max Bandwidth: 360
(id: 427, initial_bandwith: 2, is_empty: 0) (id: 434, initial_bandwith: 56, is_empty: 0) (id: 106, initial_bandwith: 17, is_empty: 0) (id: 224, initial_bandwith: 37, is_empty: 0) (id: 218, initial_bandwith: 35, is_empty: 0) (id: 19, initial_bandwith: 14, is_empty: 0) 
backwards
(id: 19, initial_bandwith: 14, is_empty: 0)(id: 218, initial_bandwith: 35, is_empty: 0)(id: 224, initial_bandwith: 37, is_empty: 0)(id: 106, initial_bandwith: 17, is_empty: 0)(id: 434, initial_bandwith: 56, is_empty: 0)(id: 427, initial_bandwith: 2, is_empty: 0)

Apartment Name: M, Max Bandwidth: 140
(id: 67, initial_bandwith: 10, is_empty: 0) (id: 421, initial_bandwith: 19, is_empty: 0) (id: 137, initial_bandwith: 11, is_empty: 0) (id: 405, initial_bandwith: 20, is_empty: 0) (id: 232, initial_bandwith: 6, is_empty: 0) 
backwards
(id: 232, initial_bandwith: 6, is_empty: 0)(id: 405, initial_bandwith: 20, is_empty: 0)(id: 137, initial_bandwith: 11, is_empty: 0)(id: 421, initial_bandwith: 19, is_empty: 0)(id: 67, initial_bandwith: 10, is_empty: 0)

Apartment Name: N, Max Bandwidth: 180
(id: 76, initial_bandwith: 7, is_empty: 0) (id: 468, initial_bandwith: 6, is_empty: 0) (id: 340, initial_bandwith: 4, is_empty: 0) (id: 148, initial_bandwith: 8, is_empty: 0) (id: 347, initial_bandwith: 10, is_empty: 0) (id: 10, initial_bandwith: 1, is_empty: 0) (id: 124, initial_bandwith: 5, is_empty: 0) (id: 154, initial_bandwith: 5, is_empty: 0) (id: 361, initial_bandwith: 4, is_empty: 0) (id: 292, initial_bandwith: 10, is_empty: 0) (id: 316, initial_bandwith: 7, is_empty: 0) (id: 66, initial_bandwith: 4, is_empty: 0) (id: 202, initial_bandwith: 0, is_empty: 0) (id: 61, initial_bandwith: 4, is_empty: 0) (id: 214, initial_bandwith: 9, is_empty: 0) (id: 145, initial_bandwith: 3, is_empty: 0) (id: 12, initial_bandwith: 3, is_empty: 0) (id: 42, initial_bandwith: 9, is_empty: 0) 
backwards
(id: 42, initial_bandwith: 9, is_empty: 0)(id: 12, initial_bandwith: 3, is_empty: 0)(id: 145, initial_bandwith: 3, is_empty: 0)(id: 214, initial_bandwith: 9, is_empty: 0)(id: 61, initial_bandwith: 4, is_empty: 0)(id: 202, initial_bandwith: 0, is_empty: 0)(id: 66, initial_bandwith: 4, is_empty: 0)(id: 316, initial_bandwith: 7, is_empty: 0)(id: 292, initial_bandwith: 10, is_empty: 0)(id: 361, initial_bandwith: 4, is_empty: 0)(id: 154, initial_bandwith: 5, is_empty: 0)(id: 124, initial_bandwith: 5, is_empty: 0)(id: 10, initial_bandwith: 1, is_empty: 0)(id: 347, initial_bandwith: 10, is_empty: 0)(id: 148, initial_bandwith: 8, is_empty: 0)(id: 340, initial_bandwith: 4, is_empty: 0)(id: 468, initial_bandwith: 6, is_empty: 0)(id: 76, initial_bandwith: 7, is_empty: 0)

Apartment Name: J, Max Bandwidth: 200
(id: 21, initial_bandwith: 43, is_empty: 0) (id: 334, initial_bandwith: 38, is_empty: 0) (id: 131, initial_bandwith: 21, is_empty: 0) (id: 222, initial_bandwith: 45, is_empty: 0) 
backwards
(id: 222, initial_bandwith: 45, is_empty: 0)(id: 131, initial_bandwith: 21, is_empty: 0)(id: 334, initial_bandwith: 38, is_empty: 0)(id: 21, initial_bandwith: 43, is_empty: 0)

Apartment Name: T, Max Bandwidth: 120
(id: 36, initial_bandwith: 9, is_empty: 0) (id: 187, initial_bandwith: 6, is_empty: 0) (id: 290, initial_bandwith: 2, is_empty: 0) (id: 183, initial_bandwith: 9, is_empty: 0) (id: 192, initial_bandwith: 5, is_empty: 0) (id: 399, initial_bandwith: 4, is_empty: 0) (id: 190, initial_bandwith: 7, is_empty: 0) (id: 51, initial_bandwith: 5, is_empty: 0) (id: 365, initial_bandwith: 4, is_empty: 0) (id: 208, initial_bandwith: 3, is_empty: 0) (id: 88, initial_bandwith: 7, is_empty: 0) 
backwards
(id: 88, initial_bandwith: 7, is_empty: 0)(id: 208, initial_bandwith: 3, is_empty: 0)(id: 365, initial_bandwith: 4, is_empty: 0)(id: 51, initial_bandwith: 5, is_empty: 0)(id: 190, initial_bandwith: 7, is_empty: 0)(id: 399, initial_bandwith: 4, is_empty: 0)(id: 192, initial_bandwith: 5, is_empty: 0)(id: 183, initial_bandwith: 9, is_empty: 0)(id: 290, initial_bandwith: 2, is_empty: 0)(id: 187, initial_bandwith: 6, is_empty: 0)(id: 36, initial_bandwith: 9, is_empty: 0)

Apartment Name: I, Max Bandwidth: 280
(id: 75, initial_bandwith: 15, is_empty: 0) (id: 197, initial_bandwith: 20, is_empty: 0) (id: 271, initial_bandwith: 3, is_empty: 0) (id: 25, initial_bandwith: 38, is_empty: 0) (id: 404, initial_bandwith: 45, is_empty: 0) 
backwards
(id: 404, initial_bandwith: 45, is_empty: 0)(id: 25, initial_bandwith: 38, is_empty: 0)(id: 271, initial_bandwith: 3, is_empty: 0)(id: 197, initial_bandwith: 20, is_empty: 0)(id: 75, initial_bandwith: 15, is_empty: 0)

Apartment Name: U, Max Bandwidth: 220
(id: 157, initial_bandwith: 7, is_empty: 0) (id: 362, initial_bandwith: 3, is_empty: 0) (id: 293, initial_bandwith: 0, is_empty: 0) (id: 140, initial_bandwith: 7, is_empty: 0) (id: 267, initial_bandwith: 9, is_empty: 0) (id: 69, initial_bandwith: 10, is_empty: 0) (id: 87, initial_bandwith: 3, is_empty: 0) (id: 367, initial_bandwith: 7, is_empty: 0) (id: 321, initial_bandwith: 11, is_empty: 0) (id: 68, initial_bandwith: 3, is_empty: 0) (id: 328, initial_bandwith: 6, is_empty: 0) (id: 129, initial_bandwith: 0, is_empty: 0) (id: 99, initial_bandwith: 1, is_empty: 0) (id: 11, initial_bandwith: 3, is_empty: 0) (id: 72, initial_bandwith: 10, is_empty: 0) (id: 270, initial_bandwith: 4, is_empty: 0) (id: 237, initial_bandwith: 5, is_empty: 0) 
backwards
(id: 237, initial_bandwith: 5, is_empty: 0)(id: 270, initial_bandwith: 4, is_empty: 0)(id: 72, initial_bandwith: 10, is_empty: 0)(id: 11, initial_bandwith: 3, is_empty: 0)(id: 99, initial_bandwith: 1, is_empty: 0)(id: 129, initial_bandwith: 0, is_empty: 0)(id: 328, initial_bandwith: 6, is_empty: 0)(id: 68, initial_bandwith: 3, is_empty: 0)(id: 321, initial_bandwith: 11, is_empty: 0)(id: 367, initial_bandwith: 7, is_empty: 0)(id: 87, initial_bandwith: 3, is_empty: 0)(id: 69, initial_bandwith: 10, is_empty: 0)(id: 267, initial_bandwith: 9, is_empty: 0)(id: 140, initial_bandwith: 7, is_empty: 0)(id: 293, initial_bandwith: 0, is_empty: 0)(id: 362, initial_bandwith: 3, is_empty: 0)(id: 157, initial_bandwith: 7, is_empty: 0)

Apartment Name: L, Max Bandwidth: 320
(id: 286, initial_bandwith: 14, is_empty: 0) (id: 47, initial_bandwith: 9, is_empty: 0) (id: 196, initial_bandwith: 9, is_empty: 0) (id: 375, initial_bandwith: 3, is_empty: 0) (id: 437, initial_bandwith: 4, is_empty: 0) (id: 209, initial_bandwith: 5, is_empty: 0) (id: 159, initial_bandwith: 8, is_empty: 0) (id: 410, initial_bandwith: 16, is_empty: 0) (id: 423, initial_bandwith: 3, is_empty: 0) (id: 115, initial_bandwith: 6, is_empty: 0) (id: 101, initial_bandwith: 3, is_empty: 0) (id: 29, initial_bandwith: 0, is_empty: 0) (id: 485, initial_bandwith: 11, is_empty: 0) (id: 198, initial_bandwith: 9, is_empty: 0) (id: 251, initial_bandwith: 12, is_empty: 0) (id: 254, initial_bandwith: 9, is_empty: 0) (id: 97, initial_bandwith: 1, is_empty: 0) (id: 482, initial_bandwith: 1, is_empty: 0) 
backwards
(id: 482, initial_bandwith: 1, is_empty: 0)(id: 97, initial_bandwith: 1, is_empty: 0)(id: 254, initial_bandwith: 9, is_empty: 0)(id: 251, initial_bandwith: 12, is_empty: 0)(id: 198, initial_bandwith: 9, is_empty: 0)(id: 485, initial_bandwith: 11, is_empty: 0)(id: 29, initial_bandwith: 0, is_empty: 0)(id: 101, initial_bandwith: 3, is_empty: 0)(id: 115, initial_bandwith: 6, is_empty: 0)(id: 423, initial_bandwith: 3, is_empty: 0)(id: 410, initial_bandwith: 16, is_empty: 0)(id: 159, initial_bandwith: 8, is_empty: 0)(id: 209, initial_bandwith: 5, is_empty: 0)(id: 437, initial_bandwith: 4, is_empty: 0)(id: 375, initial_bandwith: 3, is_empty: 0)(id: 196, initial_bandwith: 9, is_empty: 0)(id: 47, initial_bandwith: 9, is_empty: 0)(id: 286, initial_bandwith: 14, is_empty: 0)

Apartment Name: Y, Max Bandwidth: 360
(id: 127, initial_bandwith: 137, is_empty: 0) (id: 85, initial_bandwith: 133, is_empty: 0) 
backwards
(id: 85, initial_bandwith: 133, is_empty: 0)(id: 127, initial_bandwith: 137, is_empty: 0)

Apartment Name: K, Max Bandwidth: 280
(id: 456, initial_bandwith: 44, is_empty: 0) (id: 305, initial_bandwith: 37, is_empty: 0) (id: 122, initial_bandwith: 21, is_empty: 0) (id: 391, initial_bandwith: 36, is_empty: 0) (id: 315, initial_bandwith: 16, is_empty: 0) 
backwards
(id: 315, initial_bandwith: 16, is_empty: 0)(id: 391, initial_bandwith: 36, is_empty: 0)(id: 122, initial_bandwith: 21, is_empty: 0)(id: 305, initial_bandwith: 37, is_empty: 0)(id: 456, initial_bandwith: 44, is_empty: 0)

Apartment Name: Q, Max Bandwidth: 240
(id: 451, initial_bandwith: 9, is_empty: 0) (id: 297, initial_bandwith: 19, is_empty: 0) (id: 454, initial_bandwith: 15, is_empty: 0) (id: 493, initial_bandwith: 9, is_empty: 0) (id: 107, initial_bandwith: 18, is_empty: 0) (id: 165, initial_bandwith: 17, is_empty: 0) (id: 259, initial_bandwith: 18, is_empty: 0) (id: 278, initial_bandwith: 16, is_empty: 0) (id: 96, initial_bandwith: 10, is_empty: 0) (id: 358, initial_bandwith: 11, is_empty: 0) (id: 98, initial_bandwith: 8, is_empty: 0) 
backwards
(id: 98, initial_bandwith: 8, is_empty: 0)(id: 358, initial_bandwith: 11, is_empty: 0)(id: 96, initial_bandwith: 10, is_empty: 0)(id: 278, initial_bandwith: 16, is_empty: 0)(id: 259, initial_bandwith: 18, is_empty: 0)(id: 165, initial_bandwith: 17, is_empty: 0)(id: 107, initial_bandwith: 18, is_empty: 0)(id: 493, initial_bandwith: 9, is_empty: 0)(id: 454, initial_bandwith: 15, is_empty: 0)(id: 297, initial_bandwith: 19, is_empty: 0)(id: 451, initial_bandwith: 9, is_empty: 0)

Apartment Name: D, Max Bandwidth: 200
(id: 179, initial_bandwith: 2, is_empty: 0) (id: 336, initial_bandwith: 5, is_empty: 0) (id: 385, initial_bandwith: 7, is_empty: 0) (id: 45, initial_bandwith: 10, is_empty: 0) (id: 168, initial_bandwith: 4, is_empty: 0) (id: 48, initial_bandwith: 4, is_empty: 0) (id: 231, initial_bandwith: 6, is_empty: 0) (id: 213, initial_bandwith: 7, is_empty: 0) (id: 94, initial_bandwith: 11, is_empty: 0) (id: 477, initial_bandwith: 3, is_empty: 0) (id: 249, initial_bandwith: 8, is_empty: 0) (id: 160, initial_bandwith: 10, is_empty: 0) (id: 373, initial_bandwith: 4, is_empty: 0) (id: 281, initial_bandwith: 5, is_empty: 0) (id: 79, initial_bandwith: 11, is_empty: 0) (id: 287, initial_bandwith: 7, is_empty: 0) (id: 149, initial_bandwith: 2, is_empty: 0) 
backwards
(id: 149, initial_bandwith: 2, is_empty: 0)(id: 287, initial_bandwith: 7, is_empty: 0)(id: 79, initial_bandwith: 11, is_empty: 0)(id: 281, initial_bandwith: 5, is_empty: 0)(id: 373, initial_bandwith: 4, is_empty: 0)(id: 160, initial_bandwith: 10, is_empty: 0)(id: 249, initial_bandwith: 8, is_empty: 0)(id: 477, initial_bandwith: 3, is_empty: 0)(id: 94, initial_bandwith: 11, is_empty: 0)(id: 213, initial_bandwith: 7, is_empty: 0)(id: 231, initial_bandwith: 6, is_empty: 0)(id: 48, initial_bandwith: 4, is_empty: 0)(id: 168, initial_bandwith: 4, is_empty: 0)(id: 45, initial_bandwith: 10, is_empty: 0)(id: 385, initial_bandwith: 7, is_empty: 0)(id: 336, initial_bandwith: 5, is_empty: 0)(id: 179, initial_bandwith: 2, is_empty: 0)

Apartment Name: V, Max Bandwidth: 360
(id: 31, initial_bandwith: 3, is_empty: 0) (id: 112, initial_bandwith: 17, is_empty: 0) (id: 134, initial_bandwith: 23, is_empty: 0) (id: 435, initial_bandwith: 18, is_empty: 0) (id: 227, initial_bandwith: 0, is_empty: 0) (id: 301, initial_bandwith: 11, is_empty: 0) (id: 471, initial_bandwith: 21, is_empty: 0) (id: 356, initial_bandwith: 13, is_empty: 0) (id: 17, initial_bandwith: 10, is_empty: 0) (id: 166, initial_bandwith: 0, is_empty: 0) (id: 353, initial_bandwith: 13, is_empty: 0) (id: 200, initial_bandwith: 4, is_empty: 0) 
backwards
(id: 200, initial_bandwith: 4, is_empty: 0)(id: 353, initial_bandwith: 13, is_empty: 0)(id: 166, initial_bandwith: 0, is_empty: 0)(id: 17, initial_bandwith: 10, is_empty: 0)(id: 356, initial_bandwith: 13, is_empty: 0)(id: 471, initial_bandwith: 21, is_empty: 0)(id: 301, initial_bandwith: 11, is_empty: 0)(id: 227, initial_bandwith: 0, is_empty: 0)(id: 435, initial_bandwith: 18, is_empty: 0)(id: 134, initial_bandwith: 23, is_empty: 0)(id: 112, initial_bandwith: 17, is_empty: 0)(id: 31, initial_bandwith: 3, is_empty: 0)

Apartment Name: R, Max Bandwidth: 160
(id: 318, initial_bandwith: 0, is_empty: 0) (id: 173, initial_bandwith: 2, is_empty: 0) (id: 175, initial_bandwith: 3, is_empty: 0) (id: 363, initial_bandwith: 0, is_empty: 0) (id: 211, initial_bandwith: 7, is_empty: 0) (id: 239, initial_bandwith: 4, is_empty: 0) (id: 414, initial_bandwith: 0, is_empty: 0) (id: 58, initial_bandwith: 7, is_empty: 0) (id: 133, initial_bandwith: 2, is_empty: 0) (id: 442, initial_bandwith: 7, is_empty: 0) (id: 193, initial_bandwith: 6, is_empty: 0) (id: 459, initial_bandwith: 3, is_empty: 0) (id: 37, initial_bandwith: 4, is_empty: 0) (id: 289, initial_bandwith: 0, is_empty: 0) (id: 194, initial_bandwith: 7, is_empty: 0) (id: 453, initial_bandwith: 7, is_empty: 0) (id: 100, initial_bandwith: 3, is_empty: 0) (id: 77, initial_bandwith: 8, is_empty: 0) (id: 44, initial_bandwith: 2, is_empty: 0) 
backwards
(id: 44, initial_bandwith: 2, is_empty: 0)(id: 77, initial_bandwith: 8, is_empty: 0)(id: 100, initial_bandwith: 3, is_empty: 0)(id: 453, initial_bandwith: 7, is_empty: 0)(id: 194, initial_bandwith: 7, is_empty: 0)(id: 289, initial_bandwith: 0, is_empty: 0)(id: 37, initial_bandwith: 4, is_empty: 0)(id: 459, initial_bandwith: 3, is_empty: 0)(id: 193, initial_bandwith: 6, is_empty: 0)(id: 442, initial_bandwith: 7, is_empty: 0)(id: 133, initial_bandwith: 2, is_empty: 0)(id: 58, initial_bandwith: 7, is_empty: 0)(id: 414, initial_bandwith: 0, is_empty: 0)(id: 239, initial_bandwith: 4, is_empty: 0)(id: 211, initial_bandwith: 7, is_empty: 0)(id: 363, initial_bandwith: 0, is_empty: 0)(id: 175, initial_bandwith: 3, is_empty: 0)(id: 173, initial_bandwith: 2, is_empty: 0)(id: 318, initial_bandwith: 0, is_empty: 0)

Apartment Name: G, Max Bandwidth: 380
(id: 16, initial_bandwith: 280, is_empty: 0) 
backwards
(id: 16, initial_bandwith: 280, is_empty: 0)

Apartment Name: X, Max Bandwidth: 340
(id: 162, initial_bandwith: 38, is_empty: 0) (id: 359, initial_bandwith: 16, is_empty: 0) (id: 418, initial_bandwith: 20, is_empty: 0) (id: 147, initial_bandwith: 5, is_empty: 0) (id: 30, initial_bandwith: 23, is_empty: 0) (id: 478, initial_bandwith: 17, is_empty: 0) (id: 255, initial_bandwith: 30, is_empty: 0) (id: 386, initial_bandwith: 27, is_empty: 0) 
backwards
(id: 386, initial_bandwith: 27, is_empty: 0)(id: 255, initial_bandwith: 30, is_empty: 0)(id: 478, initial_bandwith: 17, is_empty: 0)(id: 30, initial_bandwith: 23, is_empty: 0)(id: 147, initial_bandwith: 5, is_empty: 0)(id: 418, initial_bandwith: 20, is_empty: 0)(id: 359, initial_bandwith: 16, is_empty: 0)(id: 162, initial_bandwith: 38, is_empty: 0)

Apartment Name: Z, Max Bandwidth: 380
(id: 413, initial_bandwith: 1, is_empty: 0) (id: 28, initial_bandwith: 13, is_empty: 0) (id: 441, initial_bandwith: 2, is_empty: 0) (id: 474, initial_bandwith: 14, is_empty: 0) (id: 240, initial_bandwith: 2, is_empty: 0) (id: 110, initial_bandwith: 13, is_empty: 0) (id: 191, initial_bandwith: 18, is_empty: 0) (id: 273, initial_bandwith: 9, is_empty: 0) (id: 262, initial_bandwith: 1, is_empty: 0) (id: 409, initial_bandwith: 1, is_empty: 0) (id: 412, initial_bandwith: 18, is_empty: 0) (id: 185, initial_bandwith: 15, is_empty: 0) (id: 379, initial_bandwith: 14, is_empty: 0) (id: 13, initial_bandwith: 2, is_empty: 0) (id: 436, initial_bandwith: 6, is_empty: 0) (id: 484, initial_bandwith: 7, is_empty: 0) (id: 144, initial_bandwith: 4, is_empty: 0) (id: 161, initial_bandwith: 17, is_empty: 0) 
backwards
(id: 161, initial_bandwith: 17, is_empty: 0)(id: 144, initial_bandwith: 4, is_empty: 0)(id: 484, initial_bandwith: 7, is_empty: 0)(id: 436, initial_bandwith: 6, is_empty: 0)(id: 13, initial_bandwith: 2, is_empty: 0)(id: 379, initial_bandwith: 14, is_empty: 0)(id: 185, initial_bandwith: 15, is_empty: 0)(id: 412, initial_bandwith: 18, is_empty: 0)(id: 409, initial_bandwith: 1, is_empty: 0)(id: 262, initial_bandwith: 1, is_empty: 0)(id: 273, initial_bandwith: 9, is_empty: 0)(id: 191, initial_bandwith: 18, is_empty: 0)(id: 110, initial_bandwith: 13, is_empty: 0)(id: 240, initial_bandwith: 2, is_empty: 0)(id: 474, initial_bandwith: 14, is_empty: 0)(id: 441, initial_bandwith: 2, is_empty: 0)(id: 28, initial_bandwith: 13, is_empty: 0)(id: 413, initial_bandwith: 1, is_empty: 0)

Apartment Name: P, Max Bandwidth: 120
(id: 82, initial_bandwith: 1, is_empty: 0) (id: 497, initial_bandwith: 4, is_empty: 0) (id: 226, initial_bandwith: 1, is_empty: 0) (id: 400, initial_bandwith: 5, is_empty: 0) (id: 429, initial_bandwith: 6, is_empty: 0) (id: 266, initial_bandwith: 6, is_empty: 0) (id: 348, initial_bandwith: 4, is_empty: 0) (id: 199, initial_bandwith: 5, is_empty: 0) (id: 4, initial_bandwith: 6, is_empty: 0) (id: 416, initial_bandwith: 6, is_empty: 0) (id: 153, initial_bandwith: 5, is_empty: 0) (id: 419, initial_bandwith: 5, is_empty: 0) (id: 182, initial_bandwith: 0, is_empty: 0) (id: 247, initial_bandwith: 1, is_empty: 0) (id: 389, initial_bandwith: 4, is_empty: 0) (id: 489, initial_bandwith: 2, is_empty: 0) (id: 230, initial_bandwith: 6, is_empty: 0) (id: 135, initial_bandwith: 5, is_empty: 0) (id: 488, initial_bandwith: 2, is_empty: 0) 
backwards
(id: 488, initial_bandwith: 2, is_empty: 0)(id: 135, initial_bandwith: 5, is_empty: 0)(id: 230, initial_bandwith: 6, is_empty: 0)(id: 489, initial_bandwith: 2, is_empty: 0)(id: 389, initial_bandwith: 4, is_empty: 0)(id: 247, initial_bandwith: 1, is_empty: 0)(id: 182, initial_bandwith: 0, is_empty: 0)(id: 419, initial_bandwith: 5, is_empty: 0)(id: 153, initial_bandwith: 5, is_empty: 0)(id: 416, initial_bandwith: 6, is_empty: 0)(id: 4, initial_bandwith: 6, is_empty: 0)(id: 199, initial_bandwith: 5, is_empty: 0)(id: 348, initial_bandwith: 4, is_empty: 0)(id: 266, initial_bandwith: 6, is_empty: 0)(id: 429, initial_bandwith: 6, is_empty: 0)(id: 400, initial_bandwith: 5, is_empty: 0)(id: 226, initial_bandwith: 1, is_empty: 0)(id: 497, initial_bandwith: 4, is_empty: 0)(id: 82, initial_bandwith: 1, is_empty: 0)

Apartment Name: S, Max Bandwidth: 220
(id: 384, initial_bandwith: 26, is_empty: 0) (id: 138, initial_bandwith: 16, is_empty: 0) (id: 34, initial_bandwith: 55, is_empty: 0) 
backwards
(id: 34, initial_bandwith: 55, is_empty: 0)(id: 138, initial_bandwith: 16, is_empty: 0)(id: 384, initial_bandwith: 26, is_empty: 0)

Apartment Name: C, Max Bandwidth: 340
(id: 195, initial_bandwith: 40, is_empty: 0) (id: 330, initial_bandwith: 31, is_empty: 0) (id: 120, initial_bandwith: 10, is_empty: 0) (id: 397, initial_bandwith: 9, is_empty: 0) (id: 354, initial_bandwith: 0, is_empty: 1) (id: 248, initial_bandwith: 11, is_empty: 0) 
backwards
(id: 248, initial_bandwith: 11, is_empty: 0)(id: 354, initial_bandwith: 0, is_empty: 1)(id: 397, initial_bandwith: 9, is_empty: 0)(id: 120, initial_bandwith: 10, is_empty: 0)(id: 330, initial_bandwith: 31, is_empty: 0)(id: 195, initial_bandwith: 40, is_empty: 0)

Apartment Name: H, Max Bandwidth: 260
(id: 351, initial_bandwith: 14, is_empty: 0) (id: 277, initial_bandwith: 16, is_empty: 0) (id: 78, initial_bandwith: 5, is_empty: 0) (id: 229, initial_bandwith: 21, is_empty: 0) (id: 234, initial_bandwith: 10, is_empty: 0) (id: 420, initial_bandwith: 17, is_empty: 0) (id: 464, initial_bandwith: 24, is_empty: 0) (id: 299, initial_bandwith: 18, is_empty: 0) (id: 243, initial_bandwith: 12, is_empty: 0) (id: 309, initial_bandwith: 26, is_empty: 0) 
backwards
(id: 309, initial_bandwith: 26, is_empty: 0)(id: 243, initial_bandwith: 12, is_empty: 0)(id: 299, initial_bandwith: 18, is_empty: 0)(id: 464, initial_bandwith: 24, is_empty: 0)(id: 420, initial_bandwith: 17, is_empty: 0)(id: 234, initial_bandwith: 10, is_empty: 0)(id: 229, initial_bandwith: 21, is_empty: 0)(id: 78, initial_bandwith: 5, is_empty: 0)(id: 277, initial_bandwith: 16, is_empty: 0)(id: 351, initial_bandwith: 14, is_empty: 0)
