
Apartment Name: S, Max Bandwidth: 260
(id: 237, initial_bandwith: 0, is_empty: 1) 
backwards
(id: 237, initial_bandwith: 0, is_empty: 1)

Apartment Name: E, Max Bandwidth: 160
(id: 418, initial_bandwith: 9, is_empty: 0) (id: 146, initial_bandwith: 7, is_empty: 0) (id: 24, initial_bandwith: 8, is_empty: 0) (id: 484, initial_bandwith: 2, is_empty: 0) (id: 278, initial_bandwith: 6, is_empty: 0) (id: 321, initial_bandwith: 3, is_empty: 0) (id: 102, initial_bandwith: 8, is_empty: 0) (id: 357, initial_bandwith: 8, is_empty: 0) (id: 108, initial_bandwith: 4, is_empty: 0) (id: 129, initial_bandwith: 9, is_empty: 0) (id: 207, initial_bandwith: 2, is_empty: 0) (id: 300, initial_bandwith: 3, is_empty: 0) (id: 399, initial_bandwith: 7, is_empty: 0) (id: 471, initial_bandwith: 2, is_empty: 0) 
backwards
(id: 471, initial_bandwith: 2, is_empty: 0)(id: 399, initial_bandwith: 7, is_empty: 0)(id: 300, initial_bandwith: 3, is_empty: 0)(id: 207, initial_bandwith: 2, is_empty: 0)(id: 129, initial_bandwith: 9, is_empty: 0)(id: 108, initial_bandwith: 4, is_empty: 0)(id: 357, initial_bandwith: 8, is_empty: 0)(id: 102, initial_bandwith: 8, is_empty: 0)(id: 321, initial_bandwith: 3, is_empty: 0)(id: 278, initial_bandwith: 6, is_empty: 0)(id: 484, initial_bandwith: 2, is_empty: 0)(id: 24, initial_bandwith: 8, is_empty: 0)(id: 146, initial_bandwith: 7, is_empty: 0)(id: 418, initial_bandwith: 9, is_empty: 0)
