
Apartment Name: Q, Max Bandwidth: 120
(id: 338, initial_bandwith: 1, is_empty: 0) (id: 17, initial_bandwith: 6, is_empty: 0) (id: 228, initial_bandwith: 3, is_empty: 0) (id: 208, initial_bandwith: 1, is_empty: 0) (id: 11, initial_bandwith: 6, is_empty: 0) (id: 456, initial_bandwith: 0, is_empty: 1) (id: 358, initial_bandwith: 6, is_empty: 0) (id: 189, initial_bandwith: 2, is_empty: 0) (id: 59, initial_bandwith: 6, is_empty: 0) (id: 285, initial_bandwith: 2, is_empty: 0) (id: 387, initial_bandwith: 6, is_empty: 0) (id: 372, initial_bandwith: 8, is_empty: 0) (id: 138, initial_bandwith: 8, is_empty: 0) (id: 260, initial_bandwith: 8, is_empty: 0) (id: 461, initial_bandwith: 5, is_empty: 0) 
backwards
(id: 461, initial_bandwith: 5, is_empty: 0)(id: 260, initial_bandwith: 8, is_empty: 0)(id: 138, initial_bandwith: 8, is_empty: 0)(id: 372, initial_bandwith: 8, is_empty: 0)(id: 387, initial_bandwith: 6, is_empty: 0)(id: 285, initial_bandwith: 2, is_empty: 0)(id: 59, initial_bandwith: 6, is_empty: 0)(id: 189, initial_bandwith: 2, is_empty: 0)(id: 358, initial_bandwith: 6, is_empty: 0)(id: 456, initial_bandwith: 0, is_empty: 1)(id: 11, initial_bandwith: 6, is_empty: 0)(id: 208, initial_bandwith: 1, is_empty: 0)(id: 228, initial_bandwith: 3, is_empty: 0)(id: 17, initial_bandwith: 6, is_empty: 0)(id: 338, initial_bandwith: 1, is_empty: 0)

Apartment Name: K, Max Bandwidth: 340
(id: 123, initial_bandwith: 27, is_empty: 0) (id: 151, initial_bandwith: 22, is_empty: 0) (id: 1, initial_bandwith: 9, is_empty: 0) (id: 446, initial_bandwith: 39, is_empty: 0) (id: 392, initial_bandwith: 20, is_empty: 0) (id: 494, initial_bandwith: 36, is_empty: 0) (id: 414, initial_bandwith: 12, is_empty: 0) (id: 403, initial_bandwith: 35, is_empty: 0) 
backwards
(id: 403, initial_bandwith: 35, is_empty: 0)(id: 414, initial_bandwith: 12, is_empty: 0)(id: 494, initial_bandwith: 36, is_empty: 0)(id: 392, initial_bandwith: 20, is_empty: 0)(id: 446, initial_bandwith: 39, is_empty: 0)(id: 1, initial_bandwith: 9, is_empty: 0)(id: 151, initial_bandwith: 22, is_empty: 0)(id: 123, initial_bandwith: 27, is_empty: 0)

Apartment Name: I, Max Bandwidth: 240
(id: 213, initial_bandwith: 178, is_empty: 0) 
backwards
(id: 213, initial_bandwith: 178, is_empty: 0)

Apartment Name: H, Max Bandwidth: 280
(id: 459, initial_bandwith: 0, is_empty: 0) (id: 243, initial_bandwith: 9, is_empty: 0) (id: 449, initial_bandwith: 9, is_empty: 0) (id: 423, initial_bandwith: 6, is_empty: 0) (id: 210, initial_bandwith: 0, is_empty: 0) (id: 469, initial_bandwith: 6, is_empty: 0) (id: 10, initial_bandwith: 4, is_empty: 0) (id: 486, initial_bandwith: 6, is_empty: 0) (id: 74, initial_bandwith: 1, is_empty: 0) (id: 320, initial_bandwith: 13, is_empty: 0) (id: 406, initial_bandwith: 13, is_empty: 0) (id: 160, initial_bandwith: 9, is_empty: 0) (id: 479, initial_bandwith: 0, is_empty: 0) (id: 55, initial_bandwith: 10, is_empty: 0) (id: 83, initial_bandwith: 9, is_empty: 0) (id: 420, initial_bandwith: 10, is_empty: 0) (id: 240, initial_bandwith: 13, is_empty: 0) (id: 98, initial_bandwith: 7, is_empty: 0) (id: 145, initial_bandwith: 5, is_empty: 0) 
backwards
(id: 145, initial_bandwith: 5, is_empty: 0)(id: 98, initial_bandwith: 7, is_empty: 0)(id: 240, initial_bandwith: 13, is_empty: 0)(id: 420, initial_bandwith: 10, is_empty: 0)(id: 83, initial_bandwith: 9, is_empty: 0)(id: 55, initial_bandwith: 10, is_empty: 0)(id: 479, initial_bandwith: 0, is_empty: 0)(id: 160, initial_bandwith: 9, is_empty: 0)(id: 406, initial_bandwith: 13, is_empty: 0)(id: 320, initial_bandwith: 13, is_empty: 0)(id: 74, initial_bandwith: 1, is_empty: 0)(id: 486, initial_bandwith: 6, is_empty: 0)(id: 10, initial_bandwith: 4, is_empty: 0)(id: 469, initial_bandwith: 6, is_empty: 0)(id: 210, initial_bandwith: 0, is_empty: 0)(id: 423, initial_bandwith: 6, is_empty: 0)(id: 449, initial_bandwith: 9, is_empty: 0)(id: 243, initial_bandwith: 9, is_empty: 0)(id: 459, initial_bandwith: 0, is_empty: 0)

Apartment Name: U, Max Bandwidth: 380
(id: 281, initial_bandwith: 3, is_empty: 0) (id: 287, initial_bandwith: 17, is_empty: 0) (id: 242, initial_bandwith: 9, is_empty: 0) (id: 376, initial_bandwith: 9, is_empty: 0) (id: 100, initial_bandwith: 8, is_empty: 0) (id: 432, initial_bandwith: 4, is_empty: 0) (id: 484, initial_bandwith: 1, is_empty: 0) (id: 113, initial_bandwith: 0, is_empty: 0) (id: 360, initial_bandwith: 1, is_empty: 0) (id: 121, initial_bandwith: 17, is_empty: 0) (id: 175, initial_bandwith: 20, is_empty: 0) (id: 249, initial_bandwith: 1, is_empty: 0) (id: 88, initial_bandwith: 7, is_empty: 0) (id: 317, initial_bandwith: 17, is_empty: 0) (id: 146, initial_bandwith: 12, is_empty: 0) (id: 471, initial_bandwith: 10, is_empty: 0) (id: 389, initial_bandwith: 14, is_empty: 0) 
backwards
(id: 389, initial_bandwith: 14, is_empty: 0)(id: 471, initial_bandwith: 10, is_empty: 0)(id: 146, initial_bandwith: 12, is_empty: 0)(id: 317, initial_bandwith: 17, is_empty: 0)(id: 88, initial_bandwith: 7, is_empty: 0)(id: 249, initial_bandwith: 1, is_empty: 0)(id: 175, initial_bandwith: 20, is_empty: 0)(id: 121, initial_bandwith: 17, is_empty: 0)(id: 360, initial_bandwith: 1, is_empty: 0)(id: 113, initial_bandwith: 0, is_empty: 0)(id: 484, initial_bandwith: 1, is_empty: 0)(id: 432, initial_bandwith: 4, is_empty: 0)(id: 100, initial_bandwith: 8, is_empty: 0)(id: 376, initial_bandwith: 9, is_empty: 0)(id: 242, initial_bandwith: 9, is_empty: 0)(id: 287, initial_bandwith: 17, is_empty: 0)(id: 281, initial_bandwith: 3, is_empty: 0)

Apartment Name: W, Max Bandwidth: 140
(id: 7, initial_bandwith: 2, is_empty: 0) (id: 267, initial_bandwith: 6, is_empty: 0) (id: 333, initial_bandwith: 9, is_empty: 0) (id: 303, initial_bandwith: 9, is_empty: 0) (id: 232, initial_bandwith: 4, is_empty: 0) (id: 13, initial_bandwith: 6, is_empty: 0) (id: 294, initial_bandwith: 3, is_empty: 0) (id: 253, initial_bandwith: 5, is_empty: 0) (id: 417, initial_bandwith: 1, is_empty: 0) (id: 80, initial_bandwith: 4, is_empty: 0) (id: 199, initial_bandwith: 5, is_empty: 0) (id: 415, initial_bandwith: 6, is_empty: 0) (id: 0, initial_bandwith: 1, is_empty: 0) (id: 136, initial_bandwith: 1, is_empty: 0) (id: 416, initial_bandwith: 8, is_empty: 0) 
backwards
(id: 416, initial_bandwith: 8, is_empty: 0)(id: 136, initial_bandwith: 1, is_empty: 0)(id: 0, initial_bandwith: 1, is_empty: 0)(id: 415, initial_bandwith: 6, is_empty: 0)(id: 199, initial_bandwith: 5, is_empty: 0)(id: 80, initial_bandwith: 4, is_empty: 0)(id: 417, initial_bandwith: 1, is_empty: 0)(id: 253, initial_bandwith: 5, is_empty: 0)(id: 294, initial_bandwith: 3, is_empty: 0)(id: 13, initial_bandwith: 6, is_empty: 0)(id: 232, initial_bandwith: 4, is_empty: 0)(id: 303, initial_bandwith: 9, is_empty: 0)(id: 333, initial_bandwith: 9, is_empty: 0)(id: 267, initial_bandwith: 6, is_empty: 0)(id: 7, initial_bandwith: 2, is_empty: 0)
