
Apartment Name: L, Max Bandwidth: 260
(id: 362, initial_bandwith: 2, is_empty: 0) (id: 150, initial_bandwith: 8, is_empty: 0) (id: 451, initial_bandwith: 4, is_empty: 0) (id: 185, initial_bandwith: 2, is_empty: 0) (id: 241, initial_bandwith: 2, is_empty: 0) (id: 15, initial_bandwith: 15, is_empty: 0) (id: 320, initial_bandwith: 9, is_empty: 0) (id: 29, initial_bandwith: 11, is_empty: 0) (id: 121, initial_bandwith: 7, is_empty: 0) (id: 342, initial_bandwith: 0, is_empty: 0) (id: 437, initial_bandwith: 7, is_empty: 0) (id: 381, initial_bandwith: 1, is_empty: 0) (id: 250, initial_bandwith: 9, is_empty: 0) (id: 112, initial_bandwith: 3, is_empty: 0) (id: 240, initial_bandwith: 8, is_empty: 0) (id: 329, initial_bandwith: 15, is_empty: 0) 
backwards
(id: 329, initial_bandwith: 15, is_empty: 0)(id: 240, initial_bandwith: 8, is_empty: 0)(id: 112, initial_bandwith: 3, is_empty: 0)(id: 250, initial_bandwith: 9, is_empty: 0)(id: 381, initial_bandwith: 1, is_empty: 0)(id: 437, initial_bandwith: 7, is_empty: 0)(id: 342, initial_bandwith: 0, is_empty: 0)(id: 121, initial_bandwith: 7, is_empty: 0)(id: 29, initial_bandwith: 11, is_empty: 0)(id: 320, initial_bandwith: 9, is_empty: 0)(id: 15, initial_bandwith: 15, is_empty: 0)(id: 241, initial_bandwith: 2, is_empty: 0)(id: 185, initial_bandwith: 2, is_empty: 0)(id: 451, initial_bandwith: 4, is_empty: 0)(id: 150, initial_bandwith: 8, is_empty: 0)(id: 362, initial_bandwith: 2, is_empty: 0)

Apartment Name: Y, Max Bandwidth: 320
(id: 194, initial_bandwith: 5, is_empty: 0) (id: 385, initial_bandwith: 3, is_empty: 0) (id: 89, initial_bandwith: 8, is_empty: 0) (id: 28, initial_bandwith: 0, is_empty: 0) (id: 174, initial_bandwith: 0, is_empty: 0) (id: 371, initial_bandwith: 6, is_empty: 0) (id: 118, initial_bandwith: 15, is_empty: 0) (id: 410, initial_bandwith: 10, is_empty: 0) (id: 142, initial_bandwith: 3, is_empty: 0) (id: 315, initial_bandwith: 6, is_empty: 0) (id: 399, initial_bandwith: 1, is_empty: 0) (id: 429, initial_bandwith: 8, is_empty: 0) (id: 91, initial_bandwith: 9, is_empty: 0) (id: 135, initial_bandwith: 3, is_empty: 0) (id: 201, initial_bandwith: 9, is_empty: 0) (id: 277, initial_bandwith: 9, is_empty: 0) (id: 266, initial_bandwith: 8, is_empty: 0) (id: 11, initial_bandwith: 14, is_empty: 0) (id: 67, initial_bandwith: 15, is_empty: 0) 
backwards
(id: 67, initial_bandwith: 15, is_empty: 0)(id: 11, initial_bandwith: 14, is_empty: 0)(id: 266, initial_bandwith: 8, is_empty: 0)(id: 277, initial_bandwith: 9, is_empty: 0)(id: 201, initial_bandwith: 9, is_empty: 0)(id: 135, initial_bandwith: 3, is_empty: 0)(id: 91, initial_bandwith: 9, is_empty: 0)(id: 429, initial_bandwith: 8, is_empty: 0)(id: 399, initial_bandwith: 1, is_empty: 0)(id: 315, initial_bandwith: 6, is_empty: 0)(id: 142, initial_bandwith: 3, is_empty: 0)(id: 410, initial_bandwith: 10, is_empty: 0)(id: 118, initial_bandwith: 15, is_empty: 0)(id: 371, initial_bandwith: 6, is_empty: 0)(id: 174, initial_bandwith: 0, is_empty: 0)(id: 28, initial_bandwith: 0, is_empty: 0)(id: 89, initial_bandwith: 8, is_empty: 0)(id: 385, initial_bandwith: 3, is_empty: 0)(id: 194, initial_bandwith: 5, is_empty: 0)

Apartment Name: U, Max Bandwidth: 260
(id: 179, initial_bandwith: 9, is_empty: 0) (id: 207, initial_bandwith: 2, is_empty: 0) (id: 255, initial_bandwith: 13, is_empty: 0) (id: 355, initial_bandwith: 13, is_empty: 0) (id: 269, initial_bandwith: 15, is_empty: 0) (id: 339, initial_bandwith: 25, is_empty: 0) (id: 409, initial_bandwith: 2, is_empty: 0) (id: 370, initial_bandwith: 10, is_empty: 0) (id: 278, initial_bandwith: 5, is_empty: 0) 
backwards
(id: 278, initial_bandwith: 5, is_empty: 0)(id: 370, initial_bandwith: 10, is_empty: 0)(id: 409, initial_bandwith: 2, is_empty: 0)(id: 339, initial_bandwith: 25, is_empty: 0)(id: 269, initial_bandwith: 15, is_empty: 0)(id: 355, initial_bandwith: 13, is_empty: 0)(id: 255, initial_bandwith: 13, is_empty: 0)(id: 207, initial_bandwith: 2, is_empty: 0)(id: 179, initial_bandwith: 9, is_empty: 0)

Apartment Name: T, Max Bandwidth: 120
(id: 220, initial_bandwith: 7, is_empty: 0) (id: 292, initial_bandwith: 5, is_empty: 0) (id: 63, initial_bandwith: 0, is_empty: 0) (id: 390, initial_bandwith: 2, is_empty: 0) (id: 472, initial_bandwith: 8, is_empty: 0) (id: 341, initial_bandwith: 8, is_empty: 0) (id: 286, initial_bandwith: 3, is_empty: 0) (id: 367, initial_bandwith: 7, is_empty: 0) (id: 491, initial_bandwith: 4, is_empty: 0) (id: 52, initial_bandwith: 0, is_empty: 0) (id: 169, initial_bandwith: 2, is_empty: 0) (id: 78, initial_bandwith: 1, is_empty: 0) (id: 235, initial_bandwith: 5, is_empty: 0) (id: 359, initial_bandwith: 7, is_empty: 0) 
backwards
(id: 359, initial_bandwith: 7, is_empty: 0)(id: 235, initial_bandwith: 5, is_empty: 0)(id: 78, initial_bandwith: 1, is_empty: 0)(id: 169, initial_bandwith: 2, is_empty: 0)(id: 52, initial_bandwith: 0, is_empty: 0)(id: 491, initial_bandwith: 4, is_empty: 0)(id: 367, initial_bandwith: 7, is_empty: 0)(id: 286, initial_bandwith: 3, is_empty: 0)(id: 341, initial_bandwith: 8, is_empty: 0)(id: 472, initial_bandwith: 8, is_empty: 0)(id: 390, initial_bandwith: 2, is_empty: 0)(id: 63, initial_bandwith: 0, is_empty: 0)(id: 292, initial_bandwith: 5, is_empty: 0)(id: 220, initial_bandwith: 7, is_empty: 0)

Apartment Name: D, Max Bandwidth: 140
(id: 236, initial_bandwith: 2, is_empty: 0) (id: 280, initial_bandwith: 13, is_empty: 0) (id: 442, initial_bandwith: 8, is_empty: 0) (id: 238, initial_bandwith: 6, is_empty: 0) (id: 1, initial_bandwith: 6, is_empty: 0) (id: 325, initial_bandwith: 5, is_empty: 0) (id: 42, initial_bandwith: 1, is_empty: 0) (id: 38, initial_bandwith: 0, is_empty: 0) (id: 124, initial_bandwith: 11, is_empty: 0) (id: 259, initial_bandwith: 2, is_empty: 0) 
backwards
(id: 259, initial_bandwith: 2, is_empty: 0)(id: 124, initial_bandwith: 11, is_empty: 0)(id: 38, initial_bandwith: 0, is_empty: 0)(id: 42, initial_bandwith: 1, is_empty: 0)(id: 325, initial_bandwith: 5, is_empty: 0)(id: 1, initial_bandwith: 6, is_empty: 0)(id: 238, initial_bandwith: 6, is_empty: 0)(id: 442, initial_bandwith: 8, is_empty: 0)(id: 280, initial_bandwith: 13, is_empty: 0)(id: 236, initial_bandwith: 2, is_empty: 0)

Apartment Name: E, Max Bandwidth: 200
(id: 450, initial_bandwith: 4, is_empty: 0) (id: 499, initial_bandwith: 3, is_empty: 0) (id: 192, initial_bandwith: 4, is_empty: 0) (id: 252, initial_bandwith: 5, is_empty: 0) (id: 3, initial_bandwith: 8, is_empty: 0) (id: 113, initial_bandwith: 8, is_empty: 0) (id: 253, initial_bandwith: 8, is_empty: 0) (id: 337, initial_bandwith: 4, is_empty: 0) (id: 181, initial_bandwith: 10, is_empty: 0) (id: 321, initial_bandwith: 1, is_empty: 0) (id: 21, initial_bandwith: 6, is_empty: 0) (id: 109, initial_bandwith: 1, is_empty: 0) (id: 463, initial_bandwith: 2, is_empty: 0) (id: 285, initial_bandwith: 8, is_empty: 0) (id: 263, initial_bandwith: 2, is_empty: 0) (id: 189, initial_bandwith: 8, is_empty: 0) (id: 84, initial_bandwith: 8, is_empty: 0) (id: 164, initial_bandwith: 0, is_empty: 0) (id: 209, initial_bandwith: 7, is_empty: 0) 
backwards
(id: 209, initial_bandwith: 7, is_empty: 0)(id: 164, initial_bandwith: 0, is_empty: 0)(id: 84, initial_bandwith: 8, is_empty: 0)(id: 189, initial_bandwith: 8, is_empty: 0)(id: 263, initial_bandwith: 2, is_empty: 0)(id: 285, initial_bandwith: 8, is_empty: 0)(id: 463, initial_bandwith: 2, is_empty: 0)(id: 109, initial_bandwith: 1, is_empty: 0)(id: 21, initial_bandwith: 6, is_empty: 0)(id: 321, initial_bandwith: 1, is_empty: 0)(id: 181, initial_bandwith: 10, is_empty: 0)(id: 337, initial_bandwith: 4, is_empty: 0)(id: 253, initial_bandwith: 8, is_empty: 0)(id: 113, initial_bandwith: 8, is_empty: 0)(id: 3, initial_bandwith: 8, is_empty: 0)(id: 252, initial_bandwith: 5, is_empty: 0)(id: 192, initial_bandwith: 4, is_empty: 0)(id: 499, initial_bandwith: 3, is_empty: 0)(id: 450, initial_bandwith: 4, is_empty: 0)

Apartment Name: N, Max Bandwidth: 380
(id: 71, initial_bandwith: 5, is_empty: 0) (id: 497, initial_bandwith: 22, is_empty: 0) (id: 322, initial_bandwith: 9, is_empty: 0) (id: 343, initial_bandwith: 16, is_empty: 0) (id: 145, initial_bandwith: 22, is_empty: 0) (id: 5, initial_bandwith: 5, is_empty: 0) (id: 397, initial_bandwith: 17, is_empty: 0) (id: 274, initial_bandwith: 0, is_empty: 0) (id: 23, initial_bandwith: 0, is_empty: 0) (id: 160, initial_bandwith: 16, is_empty: 0) (id: 219, initial_bandwith: 9, is_empty: 0) (id: 147, initial_bandwith: 13, is_empty: 0) (id: 478, initial_bandwith: 7, is_empty: 0) (id: 90, initial_bandwith: 17, is_empty: 0) (id: 22, initial_bandwith: 12, is_empty: 0) (id: 69, initial_bandwith: 15, is_empty: 0) (id: 300, initial_bandwith: 0, is_empty: 0) 
backwards
(id: 300, initial_bandwith: 0, is_empty: 0)(id: 69, initial_bandwith: 15, is_empty: 0)(id: 22, initial_bandwith: 12, is_empty: 0)(id: 90, initial_bandwith: 17, is_empty: 0)(id: 478, initial_bandwith: 7, is_empty: 0)(id: 147, initial_bandwith: 13, is_empty: 0)(id: 219, initial_bandwith: 9, is_empty: 0)(id: 160, initial_bandwith: 16, is_empty: 0)(id: 23, initial_bandwith: 0, is_empty: 0)(id: 274, initial_bandwith: 0, is_empty: 0)(id: 397, initial_bandwith: 17, is_empty: 0)(id: 5, initial_bandwith: 5, is_empty: 0)(id: 145, initial_bandwith: 22, is_empty: 0)(id: 343, initial_bandwith: 16, is_empty: 0)(id: 322, initial_bandwith: 9, is_empty: 0)(id: 497, initial_bandwith: 22, is_empty: 0)(id: 71, initial_bandwith: 5, is_empty: 0)

Apartment Name: A, Max Bandwidth: 100
(id: 86, initial_bandwith: 2, is_empty: 0) (id: 281, initial_bandwith: 7, is_empty: 0) (id: 380, initial_bandwith: 2, is_empty: 0) (id: 407, initial_bandwith: 6, is_empty: 0) (id: 119, initial_bandwith: 2, is_empty: 0) (id: 72, initial_bandwith: 7, is_empty: 0) (id: 403, initial_bandwith: 5, is_empty: 0) (id: 18, initial_bandwith: 3, is_empty: 0) (id: 123, initial_bandwith: 1, is_empty: 0) (id: 215, initial_bandwith: 0, is_empty: 0) (id: 148, initial_bandwith: 0, is_empty: 0) (id: 64, initial_bandwith: 3, is_empty: 0) (id: 161, initial_bandwith: 5, is_empty: 0) (id: 41, initial_bandwith: 4, is_empty: 0) 
backwards
(id: 41, initial_bandwith: 4, is_empty: 0)(id: 161, initial_bandwith: 5, is_empty: 0)(id: 64, initial_bandwith: 3, is_empty: 0)(id: 148, initial_bandwith: 0, is_empty: 0)(id: 215, initial_bandwith: 0, is_empty: 0)(id: 123, initial_bandwith: 1, is_empty: 0)(id: 18, initial_bandwith: 3, is_empty: 0)(id: 403, initial_bandwith: 5, is_empty: 0)(id: 72, initial_bandwith: 7, is_empty: 0)(id: 119, initial_bandwith: 2, is_empty: 0)(id: 407, initial_bandwith: 6, is_empty: 0)(id: 380, initial_bandwith: 2, is_empty: 0)(id: 281, initial_bandwith: 7, is_empty: 0)(id: 86, initial_bandwith: 2, is_empty: 0)

Apartment Name: K, Max Bandwidth: 380
(id: 228, initial_bandwith: 4, is_empty: 0) (id: 116, initial_bandwith: 12, is_empty: 0) (id: 104, initial_bandwith: 117, is_empty: 0) 
backwards
(id: 104, initial_bandwith: 117, is_empty: 0)(id: 116, initial_bandwith: 12, is_empty: 0)(id: 228, initial_bandwith: 4, is_empty: 0)

Apartment Name: Q, Max Bandwidth: 140
(id: 80, initial_bandwith: 8, is_empty: 0) (id: 7, initial_bandwith: 14, is_empty: 0) (id: 260, initial_bandwith: 1, is_empty: 0) (id: 373, initial_bandwith: 14, is_empty: 0) (id: 481, initial_bandwith: 4, is_empty: 0) (id: 289, initial_bandwith: 8, is_empty: 0) (id: 288, initial_bandwith: 5, is_empty: 0) (id: 293, initial_bandwith: 9, is_empty: 0) (id: 395, initial_bandwith: 7, is_empty: 0) (id: 144, initial_bandwith: 10, is_empty: 0) 
backwards
(id: 144, initial_bandwith: 10, is_empty: 0)(id: 395, initial_bandwith: 7, is_empty: 0)(id: 293, initial_bandwith: 9, is_empty: 0)(id: 288, initial_bandwith: 5, is_empty: 0)(id: 289, initial_bandwith: 8, is_empty: 0)(id: 481, initial_bandwith: 4, is_empty: 0)(id: 373, initial_bandwith: 14, is_empty: 0)(id: 260, initial_bandwith: 1, is_empty: 0)(id: 7, initial_bandwith: 14, is_empty: 0)(id: 80, initial_bandwith: 8, is_empty: 0)

Apartment Name: X, Max Bandwidth: 140
(id: 138, initial_bandwith: 25, is_empty: 0) (id: 247, initial_bandwith: 6, is_empty: 0) (id: 55, initial_bandwith: 3, is_empty: 0) (id: 268, initial_bandwith: 1, is_empty: 0) (id: 232, initial_bandwith: 9, is_empty: 0) 
backwards
(id: 232, initial_bandwith: 9, is_empty: 0)(id: 268, initial_bandwith: 1, is_empty: 0)(id: 55, initial_bandwith: 3, is_empty: 0)(id: 247, initial_bandwith: 6, is_empty: 0)(id: 138, initial_bandwith: 25, is_empty: 0)

Apartment Name: J, Max Bandwidth: 300
(id: 191, initial_bandwith: 5, is_empty: 0) (id: 334, initial_bandwith: 13, is_empty: 0) (id: 485, initial_bandwith: 16, is_empty: 0) (id: 0, initial_bandwith: 2, is_empty: 0) (id: 211, initial_bandwith: 13, is_empty: 0) (id: 422, initial_bandwith: 3, is_empty: 0) (id: 186, initial_bandwith: 9, is_empty: 0) (id: 68, initial_bandwith: 4, is_empty: 0) (id: 101, initial_bandwith: 3, is_empty: 0) (id: 27, initial_bandwith: 3, is_empty: 0) (id: 37, initial_bandwith: 0, is_empty: 0) (id: 494, initial_bandwith: 16, is_empty: 0) (id: 354, initial_bandwith: 9, is_empty: 0) (id: 363, initial_bandwith: 5, is_empty: 0) (id: 319, initial_bandwith: 10, is_empty: 0) (id: 100, initial_bandwith: 6, is_empty: 0) (id: 108, initial_bandwith: 12, is_empty: 0) 
backwards
(id: 108, initial_bandwith: 12, is_empty: 0)(id: 100, initial_bandwith: 6, is_empty: 0)(id: 319, initial_bandwith: 10, is_empty: 0)(id: 363, initial_bandwith: 5, is_empty: 0)(id: 354, initial_bandwith: 9, is_empty: 0)(id: 494, initial_bandwith: 16, is_empty: 0)(id: 37, initial_bandwith: 0, is_empty: 0)(id: 27, initial_bandwith: 3, is_empty: 0)(id: 101, initial_bandwith: 3, is_empty: 0)(id: 68, initial_bandwith: 4, is_empty: 0)(id: 186, initial_bandwith: 9, is_empty: 0)(id: 422, initial_bandwith: 3, is_empty: 0)(id: 211, initial_bandwith: 13, is_empty: 0)(id: 0, initial_bandwith: 2, is_empty: 0)(id: 485, initial_bandwith: 16, is_empty: 0)(id: 334, initial_bandwith: 13, is_empty: 0)(id: 191, initial_bandwith: 5, is_empty: 0)

Apartment Name: B, Max Bandwidth: 380
(id: 418, initial_bandwith: 304, is_empty: 0) 
backwards
(id: 418, initial_bandwith: 304, is_empty: 0)

Apartment Name: C, Max Bandwidth: 120
(id: 375, initial_bandwith: 5, is_empty: 0) (id: 482, initial_bandwith: 1, is_empty: 0) (id: 330, initial_bandwith: 4, is_empty: 0) (id: 473, initial_bandwith: 5, is_empty: 0) (id: 297, initial_bandwith: 4, is_empty: 0) (id: 486, initial_bandwith: 0, is_empty: 0) (id: 140, initial_bandwith: 6, is_empty: 0) (id: 59, initial_bandwith: 5, is_empty: 0) (id: 58, initial_bandwith: 5, is_empty: 0) (id: 358, initial_bandwith: 5, is_empty: 0) (id: 291, initial_bandwith: 3, is_empty: 0) (id: 88, initial_bandwith: 1, is_empty: 0) (id: 483, initial_bandwith: 5, is_empty: 0) (id: 345, initial_bandwith: 3, is_empty: 0) (id: 2, initial_bandwith: 2, is_empty: 0) (id: 44, initial_bandwith: 6, is_empty: 0) (id: 480, initial_bandwith: 0, is_empty: 0) (id: 43, initial_bandwith: 0, is_empty: 0) (id: 183, initial_bandwith: 1, is_empty: 0) 
backwards
(id: 183, initial_bandwith: 1, is_empty: 0)(id: 43, initial_bandwith: 0, is_empty: 0)(id: 480, initial_bandwith: 0, is_empty: 0)(id: 44, initial_bandwith: 6, is_empty: 0)(id: 2, initial_bandwith: 2, is_empty: 0)(id: 345, initial_bandwith: 3, is_empty: 0)(id: 483, initial_bandwith: 5, is_empty: 0)(id: 88, initial_bandwith: 1, is_empty: 0)(id: 291, initial_bandwith: 3, is_empty: 0)(id: 358, initial_bandwith: 5, is_empty: 0)(id: 58, initial_bandwith: 5, is_empty: 0)(id: 59, initial_bandwith: 5, is_empty: 0)(id: 140, initial_bandwith: 6, is_empty: 0)(id: 486, initial_bandwith: 0, is_empty: 0)(id: 297, initial_bandwith: 4, is_empty: 0)(id: 473, initial_bandwith: 5, is_empty: 0)(id: 330, initial_bandwith: 4, is_empty: 0)(id: 482, initial_bandwith: 1, is_empty: 0)(id: 375, initial_bandwith: 5, is_empty: 0)

Apartment Name: O, Max Bandwidth: 180
(id: 56, initial_bandwith: 10, is_empty: 0) (id: 401, initial_bandwith: 3, is_empty: 0) (id: 154, initial_bandwith: 7, is_empty: 0) (id: 106, initial_bandwith: 5, is_empty: 0) (id: 460, initial_bandwith: 6, is_empty: 0) (id: 257, initial_bandwith: 5, is_empty: 0) (id: 283, initial_bandwith: 9, is_empty: 0) (id: 350, initial_bandwith: 8, is_empty: 0) (id: 16, initial_bandwith: 11, is_empty: 0) (id: 470, initial_bandwith: 5, is_empty: 0) (id: 467, initial_bandwith: 10, is_empty: 0) (id: 323, initial_bandwith: 2, is_empty: 0) (id: 347, initial_bandwith: 10, is_empty: 0) (id: 438, initial_bandwith: 0, is_empty: 0) (id: 453, initial_bandwith: 7, is_empty: 0) 
backwards
(id: 453, initial_bandwith: 7, is_empty: 0)(id: 438, initial_bandwith: 0, is_empty: 0)(id: 347, initial_bandwith: 10, is_empty: 0)(id: 323, initial_bandwith: 2, is_empty: 0)(id: 467, initial_bandwith: 10, is_empty: 0)(id: 470, initial_bandwith: 5, is_empty: 0)(id: 16, initial_bandwith: 11, is_empty: 0)(id: 350, initial_bandwith: 8, is_empty: 0)(id: 283, initial_bandwith: 9, is_empty: 0)(id: 257, initial_bandwith: 5, is_empty: 0)(id: 460, initial_bandwith: 6, is_empty: 0)(id: 106, initial_bandwith: 5, is_empty: 0)(id: 154, initial_bandwith: 7, is_empty: 0)(id: 401, initial_bandwith: 3, is_empty: 0)(id: 56, initial_bandwith: 10, is_empty: 0)

Apartment Name: R, Max Bandwidth: 120
(id: 180, initial_bandwith: 2, is_empty: 0) (id: 46, initial_bandwith: 1, is_empty: 0) (id: 239, initial_bandwith: 12, is_empty: 0) (id: 6, initial_bandwith: 11, is_empty: 0) (id: 226, initial_bandwith: 9, is_empty: 0) (id: 143, initial_bandwith: 0, is_empty: 0) (id: 332, initial_bandwith: 4, is_empty: 0) (id: 348, initial_bandwith: 8, is_empty: 0) (id: 430, initial_bandwith: 6, is_empty: 0) 
backwards
(id: 430, initial_bandwith: 6, is_empty: 0)(id: 348, initial_bandwith: 8, is_empty: 0)(id: 332, initial_bandwith: 4, is_empty: 0)(id: 143, initial_bandwith: 0, is_empty: 0)(id: 226, initial_bandwith: 9, is_empty: 0)(id: 6, initial_bandwith: 11, is_empty: 0)(id: 239, initial_bandwith: 12, is_empty: 0)(id: 46, initial_bandwith: 1, is_empty: 0)(id: 180, initial_bandwith: 2, is_empty: 0)
