
Apartment Name: R, Max Bandwidth: 320
(id: 446, initial_bandwith: 73, is_empty: 0) (id: 229, initial_bandwith: 52, is_empty: 0) (id: 341, initial_bandwith: 46, is_empty: 0) 
backwards
(id: 341, initial_bandwith: 46, is_empty: 0)(id: 229, initial_bandwith: 52, is_empty: 0)(id: 446, initial_bandwith: 73, is_empty: 0)

Apartment Name: D, Max Bandwidth: 240
(id: 3, initial_bandwith: 199, is_empty: 0) 
backwards
(id: 3, initial_bandwith: 199, is_empty: 0)

Apartment Name: A, Max Bandwidth: 180
(id: 20, initial_bandwith: 6, is_empty: 0) (id: 192, initial_bandwith: 11, is_empty: 0) (id: 31, initial_bandwith: 15, is_empty: 0) (id: 218, initial_bandwith: 0, is_empty: 0) (id: 1, initial_bandwith: 2, is_empty: 0) (id: 80, initial_bandwith: 14, is_empty: 0) (id: 447, initial_bandwith: 15, is_empty: 0) (id: 155, initial_bandwith: 5, is_empty: 0) (id: 337, initial_bandwith: 15, is_empty: 0) (id: 296, initial_bandwith: 2, is_empty: 0) (id: 399, initial_bandwith: 0, is_empty: 0) 
backwards
(id: 399, initial_bandwith: 0, is_empty: 0)(id: 296, initial_bandwith: 2, is_empty: 0)(id: 337, initial_bandwith: 15, is_empty: 0)(id: 155, initial_bandwith: 5, is_empty: 0)(id: 447, initial_bandwith: 15, is_empty: 0)(id: 80, initial_bandwith: 14, is_empty: 0)(id: 1, initial_bandwith: 2, is_empty: 0)(id: 218, initial_bandwith: 0, is_empty: 0)(id: 31, initial_bandwith: 15, is_empty: 0)(id: 192, initial_bandwith: 11, is_empty: 0)(id: 20, initial_bandwith: 6, is_empty: 0)

Apartment Name: L, Max Bandwidth: 360
(id: 234, initial_bandwith: 34, is_empty: 0) (id: 42, initial_bandwith: 35, is_empty: 0) (id: 456, initial_bandwith: 31, is_empty: 0) (id: 408, initial_bandwith: 32, is_empty: 0) (id: 190, initial_bandwith: 2, is_empty: 0) (id: 105, initial_bandwith: 8, is_empty: 0) (id: 495, initial_bandwith: 40, is_empty: 0) (id: 177, initial_bandwith: 26, is_empty: 0) (id: 223, initial_bandwith: 34, is_empty: 0) 
backwards
(id: 223, initial_bandwith: 34, is_empty: 0)(id: 177, initial_bandwith: 26, is_empty: 0)(id: 495, initial_bandwith: 40, is_empty: 0)(id: 105, initial_bandwith: 8, is_empty: 0)(id: 190, initial_bandwith: 2, is_empty: 0)(id: 408, initial_bandwith: 32, is_empty: 0)(id: 456, initial_bandwith: 31, is_empty: 0)(id: 42, initial_bandwith: 35, is_empty: 0)(id: 234, initial_bandwith: 34, is_empty: 0)

Apartment Name: K, Max Bandwidth: 200
(id: 496, initial_bandwith: 6, is_empty: 0) (id: 38, initial_bandwith: 4, is_empty: 0) (id: 254, initial_bandwith: 0, is_empty: 0) (id: 306, initial_bandwith: 12, is_empty: 0) (id: 409, initial_bandwith: 11, is_empty: 0) (id: 463, initial_bandwith: 11, is_empty: 0) (id: 438, initial_bandwith: 8, is_empty: 0) (id: 121, initial_bandwith: 7, is_empty: 0) (id: 164, initial_bandwith: 7, is_empty: 0) (id: 128, initial_bandwith: 6, is_empty: 0) (id: 451, initial_bandwith: 8, is_empty: 0) (id: 355, initial_bandwith: 2, is_empty: 0) (id: 191, initial_bandwith: 9, is_empty: 0) (id: 87, initial_bandwith: 1, is_empty: 0) (id: 342, initial_bandwith: 6, is_empty: 0) 
backwards
(id: 342, initial_bandwith: 6, is_empty: 0)(id: 87, initial_bandwith: 1, is_empty: 0)(id: 191, initial_bandwith: 9, is_empty: 0)(id: 355, initial_bandwith: 2, is_empty: 0)(id: 451, initial_bandwith: 8, is_empty: 0)(id: 128, initial_bandwith: 6, is_empty: 0)(id: 164, initial_bandwith: 7, is_empty: 0)(id: 121, initial_bandwith: 7, is_empty: 0)(id: 438, initial_bandwith: 8, is_empty: 0)(id: 463, initial_bandwith: 11, is_empty: 0)(id: 409, initial_bandwith: 11, is_empty: 0)(id: 306, initial_bandwith: 12, is_empty: 0)(id: 254, initial_bandwith: 0, is_empty: 0)(id: 38, initial_bandwith: 4, is_empty: 0)(id: 496, initial_bandwith: 6, is_empty: 0)

Apartment Name: W, Max Bandwidth: 140
(id: 35, initial_bandwith: 7, is_empty: 0) (id: 52, initial_bandwith: 4, is_empty: 0) (id: 183, initial_bandwith: 5, is_empty: 0) (id: 116, initial_bandwith: 10, is_empty: 0) (id: 345, initial_bandwith: 0, is_empty: 0) (id: 377, initial_bandwith: 10, is_empty: 0) (id: 98, initial_bandwith: 3, is_empty: 0) (id: 100, initial_bandwith: 2, is_empty: 0) (id: 316, initial_bandwith: 5, is_empty: 0) (id: 411, initial_bandwith: 6, is_empty: 0) (id: 433, initial_bandwith: 0, is_empty: 0) (id: 64, initial_bandwith: 6, is_empty: 0) (id: 24, initial_bandwith: 2, is_empty: 0) (id: 187, initial_bandwith: 1, is_empty: 0) 
backwards
(id: 187, initial_bandwith: 1, is_empty: 0)(id: 24, initial_bandwith: 2, is_empty: 0)(id: 64, initial_bandwith: 6, is_empty: 0)(id: 433, initial_bandwith: 0, is_empty: 0)(id: 411, initial_bandwith: 6, is_empty: 0)(id: 316, initial_bandwith: 5, is_empty: 0)(id: 100, initial_bandwith: 2, is_empty: 0)(id: 98, initial_bandwith: 3, is_empty: 0)(id: 377, initial_bandwith: 10, is_empty: 0)(id: 345, initial_bandwith: 0, is_empty: 0)(id: 116, initial_bandwith: 10, is_empty: 0)(id: 183, initial_bandwith: 5, is_empty: 0)(id: 52, initial_bandwith: 4, is_empty: 0)(id: 35, initial_bandwith: 7, is_empty: 0)

Apartment Name: U, Max Bandwidth: 260

Apartment Name: X, Max Bandwidth: 300
(id: 415, initial_bandwith: 1, is_empty: 0) (id: 32, initial_bandwith: 4, is_empty: 0) (id: 249, initial_bandwith: 14, is_empty: 0) (id: 171, initial_bandwith: 22, is_empty: 0) (id: 166, initial_bandwith: 18, is_empty: 0) (id: 413, initial_bandwith: 22, is_empty: 0) (id: 416, initial_bandwith: 5, is_empty: 0) (id: 464, initial_bandwith: 1, is_empty: 0) (id: 69, initial_bandwith: 3, is_empty: 0) (id: 260, initial_bandwith: 5, is_empty: 0) (id: 92, initial_bandwith: 9, is_empty: 0) (id: 287, initial_bandwith: 23, is_empty: 0) (id: 489, initial_bandwith: 18, is_empty: 0) 
backwards
(id: 489, initial_bandwith: 18, is_empty: 0)(id: 287, initial_bandwith: 23, is_empty: 0)(id: 92, initial_bandwith: 9, is_empty: 0)(id: 260, initial_bandwith: 5, is_empty: 0)(id: 69, initial_bandwith: 3, is_empty: 0)(id: 464, initial_bandwith: 1, is_empty: 0)(id: 416, initial_bandwith: 5, is_empty: 0)(id: 413, initial_bandwith: 22, is_empty: 0)(id: 166, initial_bandwith: 18, is_empty: 0)(id: 171, initial_bandwith: 22, is_empty: 0)(id: 249, initial_bandwith: 14, is_empty: 0)(id: 32, initial_bandwith: 4, is_empty: 0)(id: 415, initial_bandwith: 1, is_empty: 0)

Apartment Name: J, Max Bandwidth: 140
(id: 106, initial_bandwith: 6, is_empty: 0) (id: 265, initial_bandwith: 2, is_empty: 0) (id: 47, initial_bandwith: 8, is_empty: 0) (id: 122, initial_bandwith: 11, is_empty: 0) (id: 25, initial_bandwith: 4, is_empty: 0) (id: 161, initial_bandwith: 0, is_empty: 0) (id: 329, initial_bandwith: 4, is_empty: 0) (id: 421, initial_bandwith: 6, is_empty: 0) (id: 0, initial_bandwith: 0, is_empty: 0) (id: 63, initial_bandwith: 6, is_empty: 0) (id: 9, initial_bandwith: 4, is_empty: 0) (id: 70, initial_bandwith: 10, is_empty: 0) 
backwards
(id: 70, initial_bandwith: 10, is_empty: 0)(id: 9, initial_bandwith: 4, is_empty: 0)(id: 63, initial_bandwith: 6, is_empty: 0)(id: 0, initial_bandwith: 0, is_empty: 0)(id: 421, initial_bandwith: 6, is_empty: 0)(id: 329, initial_bandwith: 4, is_empty: 0)(id: 161, initial_bandwith: 0, is_empty: 0)(id: 25, initial_bandwith: 4, is_empty: 0)(id: 122, initial_bandwith: 11, is_empty: 0)(id: 47, initial_bandwith: 8, is_empty: 0)(id: 265, initial_bandwith: 2, is_empty: 0)(id: 106, initial_bandwith: 6, is_empty: 0)

Apartment Name: Q, Max Bandwidth: 100
(id: 239, initial_bandwith: 2, is_empty: 0) (id: 380, initial_bandwith: 6, is_empty: 0) (id: 300, initial_bandwith: 6, is_empty: 0) (id: 494, initial_bandwith: 4, is_empty: 0) (id: 476, initial_bandwith: 5, is_empty: 0) (id: 71, initial_bandwith: 8, is_empty: 0) (id: 334, initial_bandwith: 2, is_empty: 0) (id: 176, initial_bandwith: 1, is_empty: 0) (id: 468, initial_bandwith: 8, is_empty: 0) (id: 373, initial_bandwith: 7, is_empty: 0) (id: 60, initial_bandwith: 0, is_empty: 0) (id: 82, initial_bandwith: 6, is_empty: 0) 
backwards
(id: 82, initial_bandwith: 6, is_empty: 0)(id: 60, initial_bandwith: 0, is_empty: 0)(id: 373, initial_bandwith: 7, is_empty: 0)(id: 468, initial_bandwith: 8, is_empty: 0)(id: 176, initial_bandwith: 1, is_empty: 0)(id: 334, initial_bandwith: 2, is_empty: 0)(id: 71, initial_bandwith: 8, is_empty: 0)(id: 476, initial_bandwith: 5, is_empty: 0)(id: 494, initial_bandwith: 4, is_empty: 0)(id: 300, initial_bandwith: 6, is_empty: 0)(id: 380, initial_bandwith: 6, is_empty: 0)(id: 239, initial_bandwith: 2, is_empty: 0)

Apartment Name: V, Max Bandwidth: 120
(id: 343, initial_bandwith: 10, is_empty: 0) (id: 323, initial_bandwith: 11, is_empty: 0) (id: 148, initial_bandwith: 19, is_empty: 0) (id: 279, initial_bandwith: 1, is_empty: 0) (id: 149, initial_bandwith: 6, is_empty: 0) (id: 321, initial_bandwith: 10, is_empty: 0) 
backwards
(id: 321, initial_bandwith: 10, is_empty: 0)(id: 149, initial_bandwith: 6, is_empty: 0)(id: 279, initial_bandwith: 1, is_empty: 0)(id: 148, initial_bandwith: 19, is_empty: 0)(id: 323, initial_bandwith: 11, is_empty: 0)(id: 343, initial_bandwith: 10, is_empty: 0)

Apartment Name: Y, Max Bandwidth: 220
(id: 340, initial_bandwith: 6, is_empty: 0) (id: 94, initial_bandwith: 6, is_empty: 0) (id: 91, initial_bandwith: 16, is_empty: 0) (id: 402, initial_bandwith: 13, is_empty: 0) (id: 189, initial_bandwith: 7, is_empty: 0) (id: 475, initial_bandwith: 8, is_empty: 0) (id: 237, initial_bandwith: 2, is_empty: 0) (id: 39, initial_bandwith: 4, is_empty: 0) (id: 398, initial_bandwith: 4, is_empty: 0) (id: 382, initial_bandwith: 1, is_empty: 0) (id: 357, initial_bandwith: 1, is_empty: 0) (id: 89, initial_bandwith: 0, is_empty: 0) (id: 213, initial_bandwith: 9, is_empty: 0) 
backwards
(id: 213, initial_bandwith: 9, is_empty: 0)(id: 89, initial_bandwith: 0, is_empty: 0)(id: 357, initial_bandwith: 1, is_empty: 0)(id: 382, initial_bandwith: 1, is_empty: 0)(id: 398, initial_bandwith: 4, is_empty: 0)(id: 39, initial_bandwith: 4, is_empty: 0)(id: 237, initial_bandwith: 2, is_empty: 0)(id: 475, initial_bandwith: 8, is_empty: 0)(id: 189, initial_bandwith: 7, is_empty: 0)(id: 402, initial_bandwith: 13, is_empty: 0)(id: 91, initial_bandwith: 16, is_empty: 0)(id: 94, initial_bandwith: 6, is_empty: 0)(id: 340, initial_bandwith: 6, is_empty: 0)

Apartment Name: Z, Max Bandwidth: 380
(id: 325, initial_bandwith: 18, is_empty: 0) (id: 481, initial_bandwith: 18, is_empty: 0) (id: 305, initial_bandwith: 17, is_empty: 0) (id: 276, initial_bandwith: 8, is_empty: 0) (id: 113, initial_bandwith: 0, is_empty: 0) (id: 252, initial_bandwith: 1, is_empty: 0) (id: 492, initial_bandwith: 8, is_empty: 0) (id: 43, initial_bandwith: 7, is_empty: 0) (id: 84, initial_bandwith: 21, is_empty: 0) (id: 142, initial_bandwith: 11, is_empty: 0) (id: 427, initial_bandwith: 5, is_empty: 0) (id: 339, initial_bandwith: 11, is_empty: 0) (id: 27, initial_bandwith: 20, is_empty: 0) (id: 422, initial_bandwith: 0, is_empty: 0) (id: 440, initial_bandwith: 6, is_empty: 0) (id: 482, initial_bandwith: 20, is_empty: 0) (id: 349, initial_bandwith: 21, is_empty: 0) 
backwards
(id: 349, initial_bandwith: 21, is_empty: 0)(id: 482, initial_bandwith: 20, is_empty: 0)(id: 440, initial_bandwith: 6, is_empty: 0)(id: 422, initial_bandwith: 0, is_empty: 0)(id: 27, initial_bandwith: 20, is_empty: 0)(id: 339, initial_bandwith: 11, is_empty: 0)(id: 427, initial_bandwith: 5, is_empty: 0)(id: 142, initial_bandwith: 11, is_empty: 0)(id: 84, initial_bandwith: 21, is_empty: 0)(id: 43, initial_bandwith: 7, is_empty: 0)(id: 492, initial_bandwith: 8, is_empty: 0)(id: 252, initial_bandwith: 1, is_empty: 0)(id: 113, initial_bandwith: 0, is_empty: 0)(id: 276, initial_bandwith: 8, is_empty: 0)(id: 305, initial_bandwith: 17, is_empty: 0)(id: 481, initial_bandwith: 18, is_empty: 0)(id: 325, initial_bandwith: 18, is_empty: 0)

Apartment Name: P, Max Bandwidth: 180
(id: 303, initial_bandwith: 6, is_empty: 0) (id: 359, initial_bandwith: 10, is_empty: 0) (id: 97, initial_bandwith: 1, is_empty: 0) (id: 388, initial_bandwith: 9, is_empty: 0) (id: 175, initial_bandwith: 4, is_empty: 0) (id: 369, initial_bandwith: 0, is_empty: 0) (id: 153, initial_bandwith: 6, is_empty: 0) (id: 318, initial_bandwith: 4, is_empty: 0) (id: 138, initial_bandwith: 1, is_empty: 0) (id: 466, initial_bandwith: 12, is_empty: 0) (id: 129, initial_bandwith: 0, is_empty: 0) (id: 351, initial_bandwith: 3, is_empty: 0) (id: 16, initial_bandwith: 0, is_empty: 0) (id: 150, initial_bandwith: 3, is_empty: 0) (id: 130, initial_bandwith: 9, is_empty: 0) 
backwards
(id: 130, initial_bandwith: 9, is_empty: 0)(id: 150, initial_bandwith: 3, is_empty: 0)(id: 16, initial_bandwith: 0, is_empty: 0)(id: 351, initial_bandwith: 3, is_empty: 0)(id: 129, initial_bandwith: 0, is_empty: 0)(id: 466, initial_bandwith: 12, is_empty: 0)(id: 138, initial_bandwith: 1, is_empty: 0)(id: 318, initial_bandwith: 4, is_empty: 0)(id: 153, initial_bandwith: 6, is_empty: 0)(id: 369, initial_bandwith: 0, is_empty: 0)(id: 175, initial_bandwith: 4, is_empty: 0)(id: 388, initial_bandwith: 9, is_empty: 0)(id: 97, initial_bandwith: 1, is_empty: 0)(id: 359, initial_bandwith: 10, is_empty: 0)(id: 303, initial_bandwith: 6, is_empty: 0)

Apartment Name: F, Max Bandwidth: 160
(id: 245, initial_bandwith: 8, is_empty: 0) (id: 81, initial_bandwith: 8, is_empty: 0) (id: 221, initial_bandwith: 9, is_empty: 0) (id: 246, initial_bandwith: 1, is_empty: 0) (id: 201, initial_bandwith: 0, is_empty: 0) (id: 397, initial_bandwith: 4, is_empty: 0) (id: 263, initial_bandwith: 6, is_empty: 0) (id: 378, initial_bandwith: 3, is_empty: 0) (id: 297, initial_bandwith: 7, is_empty: 0) (id: 13, initial_bandwith: 8, is_empty: 0) (id: 392, initial_bandwith: 1, is_empty: 0) (id: 45, initial_bandwith: 4, is_empty: 0) (id: 467, initial_bandwith: 10, is_empty: 0) (id: 44, initial_bandwith: 2, is_empty: 0) (id: 488, initial_bandwith: 7, is_empty: 0) (id: 372, initial_bandwith: 2, is_empty: 0) 
backwards
(id: 372, initial_bandwith: 2, is_empty: 0)(id: 488, initial_bandwith: 7, is_empty: 0)(id: 44, initial_bandwith: 2, is_empty: 0)(id: 467, initial_bandwith: 10, is_empty: 0)(id: 45, initial_bandwith: 4, is_empty: 0)(id: 392, initial_bandwith: 1, is_empty: 0)(id: 13, initial_bandwith: 8, is_empty: 0)(id: 297, initial_bandwith: 7, is_empty: 0)(id: 378, initial_bandwith: 3, is_empty: 0)(id: 263, initial_bandwith: 6, is_empty: 0)(id: 397, initial_bandwith: 4, is_empty: 0)(id: 201, initial_bandwith: 0, is_empty: 0)(id: 246, initial_bandwith: 1, is_empty: 0)(id: 221, initial_bandwith: 9, is_empty: 0)(id: 81, initial_bandwith: 8, is_empty: 0)(id: 245, initial_bandwith: 8, is_empty: 0)

Apartment Name: T, Max Bandwidth: 160
(id: 295, initial_bandwith: 135, is_empty: 0) 
backwards
(id: 295, initial_bandwith: 135, is_empty: 0)

Apartment Name: S, Max Bandwidth: 380
(id: 168, initial_bandwith: 13, is_empty: 0) (id: 152, initial_bandwith: 42, is_empty: 0) (id: 484, initial_bandwith: 47, is_empty: 0) (id: 73, initial_bandwith: 60, is_empty: 0) (id: 474, initial_bandwith: 34, is_empty: 0) 
backwards
(id: 474, initial_bandwith: 34, is_empty: 0)(id: 73, initial_bandwith: 60, is_empty: 0)(id: 484, initial_bandwith: 47, is_empty: 0)(id: 152, initial_bandwith: 42, is_empty: 0)(id: 168, initial_bandwith: 13, is_empty: 0)

Apartment Name: G, Max Bandwidth: 200
(id: 443, initial_bandwith: 8, is_empty: 0) (id: 412, initial_bandwith: 4, is_empty: 0) (id: 465, initial_bandwith: 13, is_empty: 0) (id: 470, initial_bandwith: 14, is_empty: 0) (id: 384, initial_bandwith: 14, is_empty: 0) (id: 54, initial_bandwith: 2, is_empty: 0) (id: 193, initial_bandwith: 0, is_empty: 0) (id: 49, initial_bandwith: 10, is_empty: 0) (id: 469, initial_bandwith: 5, is_empty: 0) (id: 34, initial_bandwith: 2, is_empty: 0) (id: 107, initial_bandwith: 14, is_empty: 0) (id: 172, initial_bandwith: 6, is_empty: 0) (id: 6, initial_bandwith: 11, is_empty: 0) (id: 145, initial_bandwith: 4, is_empty: 0) 
backwards
(id: 145, initial_bandwith: 4, is_empty: 0)(id: 6, initial_bandwith: 11, is_empty: 0)(id: 172, initial_bandwith: 6, is_empty: 0)(id: 107, initial_bandwith: 14, is_empty: 0)(id: 34, initial_bandwith: 2, is_empty: 0)(id: 469, initial_bandwith: 5, is_empty: 0)(id: 49, initial_bandwith: 10, is_empty: 0)(id: 193, initial_bandwith: 0, is_empty: 0)(id: 54, initial_bandwith: 2, is_empty: 0)(id: 384, initial_bandwith: 14, is_empty: 0)(id: 470, initial_bandwith: 14, is_empty: 0)(id: 465, initial_bandwith: 13, is_empty: 0)(id: 412, initial_bandwith: 4, is_empty: 0)(id: 443, initial_bandwith: 8, is_empty: 0)

Apartment Name: H, Max Bandwidth: 120
(id: 385, initial_bandwith: 22, is_empty: 0) (id: 472, initial_bandwith: 2, is_empty: 0) (id: 224, initial_bandwith: 19, is_empty: 0) (id: 431, initial_bandwith: 3, is_empty: 0) (id: 429, initial_bandwith: 7, is_empty: 0) 
backwards
(id: 429, initial_bandwith: 7, is_empty: 0)(id: 431, initial_bandwith: 3, is_empty: 0)(id: 224, initial_bandwith: 19, is_empty: 0)(id: 472, initial_bandwith: 2, is_empty: 0)(id: 385, initial_bandwith: 22, is_empty: 0)

Apartment Name: I, Max Bandwidth: 360
(id: 271, initial_bandwith: 84, is_empty: 0) (id: 284, initial_bandwith: 38, is_empty: 0) (id: 286, initial_bandwith: 47, is_empty: 0) (id: 487, initial_bandwith: 1, is_empty: 0) (id: 76, initial_bandwith: 68, is_empty: 0) 
backwards
(id: 76, initial_bandwith: 68, is_empty: 0)(id: 487, initial_bandwith: 1, is_empty: 0)(id: 286, initial_bandwith: 47, is_empty: 0)(id: 284, initial_bandwith: 38, is_empty: 0)(id: 271, initial_bandwith: 84, is_empty: 0)

Apartment Name: O, Max Bandwidth: 240
(id: 347, initial_bandwith: 11, is_empty: 0) (id: 333, initial_bandwith: 3, is_empty: 0) (id: 202, initial_bandwith: 10, is_empty: 0) (id: 226, initial_bandwith: 0, is_empty: 0) (id: 313, initial_bandwith: 0, is_empty: 0) (id: 288, initial_bandwith: 5, is_empty: 0) (id: 363, initial_bandwith: 7, is_empty: 0) (id: 328, initial_bandwith: 10, is_empty: 0) (id: 289, initial_bandwith: 14, is_empty: 0) (id: 454, initial_bandwith: 1, is_empty: 0) (id: 184, initial_bandwith: 15, is_empty: 0) (id: 301, initial_bandwith: 6, is_empty: 0) (id: 188, initial_bandwith: 8, is_empty: 0) (id: 387, initial_bandwith: 11, is_empty: 0) (id: 326, initial_bandwith: 2, is_empty: 0) (id: 483, initial_bandwith: 2, is_empty: 0) 
backwards
(id: 483, initial_bandwith: 2, is_empty: 0)(id: 326, initial_bandwith: 2, is_empty: 0)(id: 387, initial_bandwith: 11, is_empty: 0)(id: 188, initial_bandwith: 8, is_empty: 0)(id: 301, initial_bandwith: 6, is_empty: 0)(id: 184, initial_bandwith: 15, is_empty: 0)(id: 454, initial_bandwith: 1, is_empty: 0)(id: 289, initial_bandwith: 14, is_empty: 0)(id: 328, initial_bandwith: 10, is_empty: 0)(id: 363, initial_bandwith: 7, is_empty: 0)(id: 288, initial_bandwith: 5, is_empty: 0)(id: 313, initial_bandwith: 0, is_empty: 0)(id: 226, initial_bandwith: 0, is_empty: 0)(id: 202, initial_bandwith: 10, is_empty: 0)(id: 333, initial_bandwith: 3, is_empty: 0)(id: 347, initial_bandwith: 11, is_empty: 0)

Apartment Name: N, Max Bandwidth: 280
(id: 146, initial_bandwith: 3, is_empty: 0) (id: 111, initial_bandwith: 32, is_empty: 0) (id: 118, initial_bandwith: 29, is_empty: 0) (id: 74, initial_bandwith: 28, is_empty: 0) (id: 253, initial_bandwith: 26, is_empty: 0) (id: 405, initial_bandwith: 29, is_empty: 0) 
backwards
(id: 405, initial_bandwith: 29, is_empty: 0)(id: 253, initial_bandwith: 26, is_empty: 0)(id: 74, initial_bandwith: 28, is_empty: 0)(id: 118, initial_bandwith: 29, is_empty: 0)(id: 111, initial_bandwith: 32, is_empty: 0)(id: 146, initial_bandwith: 3, is_empty: 0)
