
Apartment Name: C, Max Bandwidth: 200

Apartment Name: Y, Max Bandwidth: 380
(id: 290, initial_bandwith: 3, is_empty: 0) (id: 241, initial_bandwith: 8, is_empty: 0) (id: 408, initial_bandwith: 46, is_empty: 0) (id: 337, initial_bandwith: 18, is_empty: 0) (id: 377, initial_bandwith: 4, is_empty: 0) (id: 141, initial_bandwith: 62, is_empty: 0) 
backwards
(id: 141, initial_bandwith: 62, is_empty: 0)(id: 377, initial_bandwith: 4, is_empty: 0)(id: 337, initial_bandwith: 18, is_empty: 0)(id: 408, initial_bandwith: 46, is_empty: 0)(id: 241, initial_bandwith: 8, is_empty: 0)(id: 290, initial_bandwith: 3, is_empty: 0)

Apartment Name: Z, Max Bandwidth: 340
(id: 365, initial_bandwith: 22, is_empty: 0) (id: 87, initial_bandwith: 18, is_empty: 0) (id: 348, initial_bandwith: 54, is_empty: 0) (id: 452, initial_bandwith: 27, is_empty: 0) (id: 271, initial_bandwith: 54, is_empty: 0) (id: 152, initial_bandwith: 43, is_empty: 0) 
backwards
(id: 152, initial_bandwith: 43, is_empty: 0)(id: 271, initial_bandwith: 54, is_empty: 0)(id: 452, initial_bandwith: 27, is_empty: 0)(id: 348, initial_bandwith: 54, is_empty: 0)(id: 87, initial_bandwith: 18, is_empty: 0)(id: 365, initial_bandwith: 22, is_empty: 0)

Apartment Name: K, Max Bandwidth: 260
(id: 186, initial_bandwith: 13, is_empty: 0) (id: 239, initial_bandwith: 11, is_empty: 0) (id: 163, initial_bandwith: 8, is_empty: 0) (id: 362, initial_bandwith: 4, is_empty: 0) (id: 303, initial_bandwith: 5, is_empty: 0) (id: 16, initial_bandwith: 5, is_empty: 0) (id: 306, initial_bandwith: 11, is_empty: 0) (id: 371, initial_bandwith: 10, is_empty: 0) (id: 15, initial_bandwith: 12, is_empty: 0) (id: 27, initial_bandwith: 7, is_empty: 0) (id: 213, initial_bandwith: 5, is_empty: 0) (id: 44, initial_bandwith: 5, is_empty: 0) (id: 387, initial_bandwith: 3, is_empty: 0) (id: 143, initial_bandwith: 9, is_empty: 0) (id: 192, initial_bandwith: 8, is_empty: 0) (id: 393, initial_bandwith: 12, is_empty: 0) (id: 453, initial_bandwith: 2, is_empty: 0) (id: 462, initial_bandwith: 1, is_empty: 0) 
backwards
(id: 462, initial_bandwith: 1, is_empty: 0)(id: 453, initial_bandwith: 2, is_empty: 0)(id: 393, initial_bandwith: 12, is_empty: 0)(id: 192, initial_bandwith: 8, is_empty: 0)(id: 143, initial_bandwith: 9, is_empty: 0)(id: 387, initial_bandwith: 3, is_empty: 0)(id: 44, initial_bandwith: 5, is_empty: 0)(id: 213, initial_bandwith: 5, is_empty: 0)(id: 27, initial_bandwith: 7, is_empty: 0)(id: 15, initial_bandwith: 12, is_empty: 0)(id: 371, initial_bandwith: 10, is_empty: 0)(id: 306, initial_bandwith: 11, is_empty: 0)(id: 16, initial_bandwith: 5, is_empty: 0)(id: 303, initial_bandwith: 5, is_empty: 0)(id: 362, initial_bandwith: 4, is_empty: 0)(id: 163, initial_bandwith: 8, is_empty: 0)(id: 239, initial_bandwith: 11, is_empty: 0)(id: 186, initial_bandwith: 13, is_empty: 0)

Apartment Name: G, Max Bandwidth: 320
(id: 389, initial_bandwith: 265, is_empty: 0) 
backwards
(id: 389, initial_bandwith: 265, is_empty: 0)

Apartment Name: D, Max Bandwidth: 320
(id: 353, initial_bandwith: 7, is_empty: 0) (id: 284, initial_bandwith: 9, is_empty: 0) (id: 455, initial_bandwith: 14, is_empty: 0) (id: 367, initial_bandwith: 10, is_empty: 0) (id: 238, initial_bandwith: 14, is_empty: 0) (id: 262, initial_bandwith: 4, is_empty: 0) (id: 43, initial_bandwith: 12, is_empty: 0) (id: 148, initial_bandwith: 14, is_empty: 0) (id: 270, initial_bandwith: 2, is_empty: 0) (id: 320, initial_bandwith: 13, is_empty: 0) (id: 200, initial_bandwith: 0, is_empty: 0) (id: 489, initial_bandwith: 3, is_empty: 0) (id: 151, initial_bandwith: 12, is_empty: 0) (id: 432, initial_bandwith: 12, is_empty: 0) (id: 138, initial_bandwith: 10, is_empty: 0) (id: 441, initial_bandwith: 6, is_empty: 0) (id: 165, initial_bandwith: 8, is_empty: 0) (id: 217, initial_bandwith: 8, is_empty: 0) (id: 274, initial_bandwith: 5, is_empty: 0) 
backwards
(id: 274, initial_bandwith: 5, is_empty: 0)(id: 217, initial_bandwith: 8, is_empty: 0)(id: 165, initial_bandwith: 8, is_empty: 0)(id: 441, initial_bandwith: 6, is_empty: 0)(id: 138, initial_bandwith: 10, is_empty: 0)(id: 432, initial_bandwith: 12, is_empty: 0)(id: 151, initial_bandwith: 12, is_empty: 0)(id: 489, initial_bandwith: 3, is_empty: 0)(id: 200, initial_bandwith: 0, is_empty: 0)(id: 320, initial_bandwith: 13, is_empty: 0)(id: 270, initial_bandwith: 2, is_empty: 0)(id: 148, initial_bandwith: 14, is_empty: 0)(id: 43, initial_bandwith: 12, is_empty: 0)(id: 262, initial_bandwith: 4, is_empty: 0)(id: 238, initial_bandwith: 14, is_empty: 0)(id: 367, initial_bandwith: 10, is_empty: 0)(id: 455, initial_bandwith: 14, is_empty: 0)(id: 284, initial_bandwith: 9, is_empty: 0)(id: 353, initial_bandwith: 7, is_empty: 0)

Apartment Name: P, Max Bandwidth: 340
(id: 204, initial_bandwith: 0, is_empty: 0) (id: 289, initial_bandwith: 24, is_empty: 0) (id: 56, initial_bandwith: 14, is_empty: 0) (id: 304, initial_bandwith: 31, is_empty: 0) (id: 216, initial_bandwith: 32, is_empty: 0) (id: 473, initial_bandwith: 16, is_empty: 0) (id: 45, initial_bandwith: 24, is_empty: 0) 
backwards
(id: 45, initial_bandwith: 24, is_empty: 0)(id: 473, initial_bandwith: 16, is_empty: 0)(id: 216, initial_bandwith: 32, is_empty: 0)(id: 304, initial_bandwith: 31, is_empty: 0)(id: 56, initial_bandwith: 14, is_empty: 0)(id: 289, initial_bandwith: 24, is_empty: 0)(id: 204, initial_bandwith: 0, is_empty: 0)

Apartment Name: E, Max Bandwidth: 140
(id: 344, initial_bandwith: 5, is_empty: 0) (id: 351, initial_bandwith: 4, is_empty: 0) (id: 472, initial_bandwith: 8, is_empty: 0) (id: 66, initial_bandwith: 7, is_empty: 0) (id: 191, initial_bandwith: 0, is_empty: 0) (id: 315, initial_bandwith: 2, is_empty: 0) (id: 328, initial_bandwith: 3, is_empty: 0) (id: 426, initial_bandwith: 9, is_empty: 0) (id: 156, initial_bandwith: 1, is_empty: 0) (id: 263, initial_bandwith: 7, is_empty: 0) (id: 333, initial_bandwith: 8, is_empty: 0) (id: 335, initial_bandwith: 1, is_empty: 0) 
backwards
(id: 335, initial_bandwith: 1, is_empty: 0)(id: 333, initial_bandwith: 8, is_empty: 0)(id: 263, initial_bandwith: 7, is_empty: 0)(id: 156, initial_bandwith: 1, is_empty: 0)(id: 426, initial_bandwith: 9, is_empty: 0)(id: 328, initial_bandwith: 3, is_empty: 0)(id: 315, initial_bandwith: 2, is_empty: 0)(id: 191, initial_bandwith: 0, is_empty: 0)(id: 66, initial_bandwith: 7, is_empty: 0)(id: 472, initial_bandwith: 8, is_empty: 0)(id: 351, initial_bandwith: 4, is_empty: 0)(id: 344, initial_bandwith: 5, is_empty: 0)

Apartment Name: U, Max Bandwidth: 300
(id: 463, initial_bandwith: 8, is_empty: 0) (id: 67, initial_bandwith: 18, is_empty: 0) (id: 277, initial_bandwith: 0, is_empty: 0) (id: 464, initial_bandwith: 14, is_empty: 0) (id: 416, initial_bandwith: 14, is_empty: 0) (id: 374, initial_bandwith: 18, is_empty: 0) (id: 236, initial_bandwith: 16, is_empty: 0) (id: 479, initial_bandwith: 7, is_empty: 0) (id: 413, initial_bandwith: 4, is_empty: 0) (id: 497, initial_bandwith: 5, is_empty: 0) (id: 493, initial_bandwith: 9, is_empty: 0) (id: 307, initial_bandwith: 10, is_empty: 0) (id: 20, initial_bandwith: 0, is_empty: 0) (id: 275, initial_bandwith: 6, is_empty: 0) (id: 442, initial_bandwith: 8, is_empty: 0) 
backwards
(id: 442, initial_bandwith: 8, is_empty: 0)(id: 275, initial_bandwith: 6, is_empty: 0)(id: 20, initial_bandwith: 0, is_empty: 0)(id: 307, initial_bandwith: 10, is_empty: 0)(id: 493, initial_bandwith: 9, is_empty: 0)(id: 497, initial_bandwith: 5, is_empty: 0)(id: 413, initial_bandwith: 4, is_empty: 0)(id: 479, initial_bandwith: 7, is_empty: 0)(id: 236, initial_bandwith: 16, is_empty: 0)(id: 374, initial_bandwith: 18, is_empty: 0)(id: 416, initial_bandwith: 14, is_empty: 0)(id: 464, initial_bandwith: 14, is_empty: 0)(id: 277, initial_bandwith: 0, is_empty: 0)(id: 67, initial_bandwith: 18, is_empty: 0)(id: 463, initial_bandwith: 8, is_empty: 0)

Apartment Name: L, Max Bandwidth: 220
(id: 447, initial_bandwith: 20, is_empty: 0) (id: 107, initial_bandwith: 11, is_empty: 0) (id: 224, initial_bandwith: 43, is_empty: 0) 
backwards
(id: 224, initial_bandwith: 43, is_empty: 0)(id: 107, initial_bandwith: 11, is_empty: 0)(id: 447, initial_bandwith: 20, is_empty: 0)

Apartment Name: W, Max Bandwidth: 120
(id: 395, initial_bandwith: 7, is_empty: 0) (id: 19, initial_bandwith: 20, is_empty: 0) (id: 50, initial_bandwith: 16, is_empty: 0) (id: 86, initial_bandwith: 6, is_empty: 0) (id: 234, initial_bandwith: 0, is_empty: 0) 
backwards
(id: 234, initial_bandwith: 0, is_empty: 0)(id: 86, initial_bandwith: 6, is_empty: 0)(id: 50, initial_bandwith: 16, is_empty: 0)(id: 19, initial_bandwith: 20, is_empty: 0)(id: 395, initial_bandwith: 7, is_empty: 0)

Apartment Name: H, Max Bandwidth: 160
(id: 340, initial_bandwith: 8, is_empty: 0) (id: 126, initial_bandwith: 7, is_empty: 0) (id: 71, initial_bandwith: 13, is_empty: 0) (id: 366, initial_bandwith: 5, is_empty: 0) (id: 431, initial_bandwith: 0, is_empty: 0) (id: 456, initial_bandwith: 6, is_empty: 0) (id: 492, initial_bandwith: 8, is_empty: 0) (id: 361, initial_bandwith: 12, is_empty: 0) (id: 40, initial_bandwith: 12, is_empty: 0) (id: 414, initial_bandwith: 9, is_empty: 0) (id: 461, initial_bandwith: 10, is_empty: 0) (id: 397, initial_bandwith: 9, is_empty: 0) 
backwards
(id: 397, initial_bandwith: 9, is_empty: 0)(id: 461, initial_bandwith: 10, is_empty: 0)(id: 414, initial_bandwith: 9, is_empty: 0)(id: 40, initial_bandwith: 12, is_empty: 0)(id: 361, initial_bandwith: 12, is_empty: 0)(id: 492, initial_bandwith: 8, is_empty: 0)(id: 456, initial_bandwith: 6, is_empty: 0)(id: 431, initial_bandwith: 0, is_empty: 0)(id: 366, initial_bandwith: 5, is_empty: 0)(id: 71, initial_bandwith: 13, is_empty: 0)(id: 126, initial_bandwith: 7, is_empty: 0)(id: 340, initial_bandwith: 8, is_empty: 0)

Apartment Name: R, Max Bandwidth: 280
(id: 299, initial_bandwith: 0, is_empty: 0) (id: 309, initial_bandwith: 17, is_empty: 0) (id: 471, initial_bandwith: 5, is_empty: 0) (id: 406, initial_bandwith: 15, is_empty: 0) (id: 423, initial_bandwith: 13, is_empty: 0) (id: 199, initial_bandwith: 11, is_empty: 0) (id: 167, initial_bandwith: 14, is_empty: 0) (id: 433, initial_bandwith: 12, is_empty: 0) (id: 51, initial_bandwith: 16, is_empty: 0) (id: 25, initial_bandwith: 6, is_empty: 0) (id: 427, initial_bandwith: 17, is_empty: 0) (id: 196, initial_bandwith: 9, is_empty: 0) 
backwards
(id: 196, initial_bandwith: 9, is_empty: 0)(id: 427, initial_bandwith: 17, is_empty: 0)(id: 25, initial_bandwith: 6, is_empty: 0)(id: 51, initial_bandwith: 16, is_empty: 0)(id: 433, initial_bandwith: 12, is_empty: 0)(id: 167, initial_bandwith: 14, is_empty: 0)(id: 199, initial_bandwith: 11, is_empty: 0)(id: 423, initial_bandwith: 13, is_empty: 0)(id: 406, initial_bandwith: 15, is_empty: 0)(id: 471, initial_bandwith: 5, is_empty: 0)(id: 309, initial_bandwith: 17, is_empty: 0)(id: 299, initial_bandwith: 0, is_empty: 0)

Apartment Name: A, Max Bandwidth: 240
(id: 6, initial_bandwith: 6, is_empty: 0) (id: 496, initial_bandwith: 4, is_empty: 0) (id: 104, initial_bandwith: 8, is_empty: 0) (id: 118, initial_bandwith: 8, is_empty: 0) (id: 76, initial_bandwith: 5, is_empty: 0) (id: 195, initial_bandwith: 11, is_empty: 0) (id: 369, initial_bandwith: 15, is_empty: 0) (id: 91, initial_bandwith: 1, is_empty: 0) (id: 245, initial_bandwith: 12, is_empty: 0) (id: 276, initial_bandwith: 7, is_empty: 0) (id: 352, initial_bandwith: 15, is_empty: 0) (id: 404, initial_bandwith: 8, is_empty: 0) (id: 484, initial_bandwith: 12, is_empty: 0) (id: 46, initial_bandwith: 11, is_empty: 0) (id: 188, initial_bandwith: 9, is_empty: 0) (id: 296, initial_bandwith: 9, is_empty: 0) 
backwards
(id: 296, initial_bandwith: 9, is_empty: 0)(id: 188, initial_bandwith: 9, is_empty: 0)(id: 46, initial_bandwith: 11, is_empty: 0)(id: 484, initial_bandwith: 12, is_empty: 0)(id: 404, initial_bandwith: 8, is_empty: 0)(id: 352, initial_bandwith: 15, is_empty: 0)(id: 276, initial_bandwith: 7, is_empty: 0)(id: 245, initial_bandwith: 12, is_empty: 0)(id: 91, initial_bandwith: 1, is_empty: 0)(id: 369, initial_bandwith: 15, is_empty: 0)(id: 195, initial_bandwith: 11, is_empty: 0)(id: 76, initial_bandwith: 5, is_empty: 0)(id: 118, initial_bandwith: 8, is_empty: 0)(id: 104, initial_bandwith: 8, is_empty: 0)(id: 496, initial_bandwith: 4, is_empty: 0)(id: 6, initial_bandwith: 6, is_empty: 0)

Apartment Name: B, Max Bandwidth: 140
(id: 407, initial_bandwith: 0, is_empty: 0) (id: 182, initial_bandwith: 5, is_empty: 0) (id: 312, initial_bandwith: 0, is_empty: 0) (id: 242, initial_bandwith: 16, is_empty: 0) (id: 96, initial_bandwith: 13, is_empty: 0) (id: 400, initial_bandwith: 13, is_empty: 0) 
backwards
(id: 400, initial_bandwith: 13, is_empty: 0)(id: 96, initial_bandwith: 13, is_empty: 0)(id: 242, initial_bandwith: 16, is_empty: 0)(id: 312, initial_bandwith: 0, is_empty: 0)(id: 182, initial_bandwith: 5, is_empty: 0)(id: 407, initial_bandwith: 0, is_empty: 0)

Apartment Name: I, Max Bandwidth: 140
(id: 254, initial_bandwith: 6, is_empty: 0) (id: 80, initial_bandwith: 1, is_empty: 0) (id: 317, initial_bandwith: 15, is_empty: 0) (id: 370, initial_bandwith: 2, is_empty: 0) (id: 243, initial_bandwith: 4, is_empty: 0) (id: 3, initial_bandwith: 10, is_empty: 0) (id: 256, initial_bandwith: 15, is_empty: 0) (id: 17, initial_bandwith: 10, is_empty: 0) (id: 198, initial_bandwith: 15, is_empty: 0) 
backwards
(id: 198, initial_bandwith: 15, is_empty: 0)(id: 17, initial_bandwith: 10, is_empty: 0)(id: 256, initial_bandwith: 15, is_empty: 0)(id: 3, initial_bandwith: 10, is_empty: 0)(id: 243, initial_bandwith: 4, is_empty: 0)(id: 370, initial_bandwith: 2, is_empty: 0)(id: 317, initial_bandwith: 15, is_empty: 0)(id: 80, initial_bandwith: 1, is_empty: 0)(id: 254, initial_bandwith: 6, is_empty: 0)

Apartment Name: M, Max Bandwidth: 260
(id: 171, initial_bandwith: 20, is_empty: 0) (id: 434, initial_bandwith: 16, is_empty: 0) (id: 18, initial_bandwith: 19, is_empty: 0) (id: 247, initial_bandwith: 8, is_empty: 0) (id: 273, initial_bandwith: 20, is_empty: 0) (id: 255, initial_bandwith: 4, is_empty: 0) (id: 23, initial_bandwith: 21, is_empty: 0) (id: 42, initial_bandwith: 20, is_empty: 0) (id: 272, initial_bandwith: 16, is_empty: 0) (id: 225, initial_bandwith: 7, is_empty: 0) (id: 246, initial_bandwith: 15, is_empty: 0) (id: 334, initial_bandwith: 14, is_empty: 0) 
backwards
(id: 334, initial_bandwith: 14, is_empty: 0)(id: 246, initial_bandwith: 15, is_empty: 0)(id: 225, initial_bandwith: 7, is_empty: 0)(id: 272, initial_bandwith: 16, is_empty: 0)(id: 42, initial_bandwith: 20, is_empty: 0)(id: 23, initial_bandwith: 21, is_empty: 0)(id: 255, initial_bandwith: 4, is_empty: 0)(id: 273, initial_bandwith: 20, is_empty: 0)(id: 247, initial_bandwith: 8, is_empty: 0)(id: 18, initial_bandwith: 19, is_empty: 0)(id: 434, initial_bandwith: 16, is_empty: 0)(id: 171, initial_bandwith: 20, is_empty: 0)

Apartment Name: N, Max Bandwidth: 360
(id: 49, initial_bandwith: 67, is_empty: 0) (id: 341, initial_bandwith: 53, is_empty: 0) (id: 180, initial_bandwith: 43, is_empty: 0) (id: 457, initial_bandwith: 49, is_empty: 0) (id: 458, initial_bandwith: 39, is_empty: 0) 
backwards
(id: 458, initial_bandwith: 39, is_empty: 0)(id: 457, initial_bandwith: 49, is_empty: 0)(id: 180, initial_bandwith: 43, is_empty: 0)(id: 341, initial_bandwith: 53, is_empty: 0)(id: 49, initial_bandwith: 67, is_empty: 0)

Apartment Name: S, Max Bandwidth: 200
(id: 376, initial_bandwith: 5, is_empty: 0) (id: 298, initial_bandwith: 0, is_empty: 0) (id: 176, initial_bandwith: 10, is_empty: 0) (id: 61, initial_bandwith: 13, is_empty: 0) (id: 465, initial_bandwith: 5, is_empty: 0) (id: 384, initial_bandwith: 15, is_empty: 0) (id: 172, initial_bandwith: 3, is_empty: 0) (id: 145, initial_bandwith: 16, is_empty: 0) (id: 100, initial_bandwith: 10, is_empty: 0) (id: 436, initial_bandwith: 8, is_empty: 0) (id: 11, initial_bandwith: 8, is_empty: 0) (id: 459, initial_bandwith: 5, is_empty: 0) 
backwards
(id: 459, initial_bandwith: 5, is_empty: 0)(id: 11, initial_bandwith: 8, is_empty: 0)(id: 436, initial_bandwith: 8, is_empty: 0)(id: 100, initial_bandwith: 10, is_empty: 0)(id: 145, initial_bandwith: 16, is_empty: 0)(id: 172, initial_bandwith: 3, is_empty: 0)(id: 384, initial_bandwith: 15, is_empty: 0)(id: 465, initial_bandwith: 5, is_empty: 0)(id: 61, initial_bandwith: 13, is_empty: 0)(id: 176, initial_bandwith: 10, is_empty: 0)(id: 298, initial_bandwith: 0, is_empty: 0)(id: 376, initial_bandwith: 5, is_empty: 0)

Apartment Name: Q, Max Bandwidth: 300
(id: 373, initial_bandwith: 64, is_empty: 0) (id: 125, initial_bandwith: 51, is_empty: 0) (id: 222, initial_bandwith: 30, is_empty: 0) (id: 168, initial_bandwith: 57, is_empty: 0) 
backwards
(id: 168, initial_bandwith: 57, is_empty: 0)(id: 222, initial_bandwith: 30, is_empty: 0)(id: 125, initial_bandwith: 51, is_empty: 0)(id: 373, initial_bandwith: 64, is_empty: 0)

Apartment Name: V, Max Bandwidth: 160
(id: 85, initial_bandwith: 17, is_empty: 0) (id: 417, initial_bandwith: 11, is_empty: 0) (id: 249, initial_bandwith: 4, is_empty: 0) (id: 52, initial_bandwith: 6, is_empty: 0) (id: 331, initial_bandwith: 18, is_empty: 0) (id: 386, initial_bandwith: 20, is_empty: 0) (id: 75, initial_bandwith: 15, is_empty: 0) (id: 394, initial_bandwith: 7, is_empty: 0) 
backwards
(id: 394, initial_bandwith: 7, is_empty: 0)(id: 75, initial_bandwith: 15, is_empty: 0)(id: 386, initial_bandwith: 20, is_empty: 0)(id: 331, initial_bandwith: 18, is_empty: 0)(id: 52, initial_bandwith: 6, is_empty: 0)(id: 249, initial_bandwith: 4, is_empty: 0)(id: 417, initial_bandwith: 11, is_empty: 0)(id: 85, initial_bandwith: 17, is_empty: 0)

Apartment Name: J, Max Bandwidth: 360
(id: 294, initial_bandwith: 1, is_empty: 0) (id: 161, initial_bandwith: 12, is_empty: 0) (id: 448, initial_bandwith: 17, is_empty: 0) (id: 347, initial_bandwith: 9, is_empty: 0) (id: 267, initial_bandwith: 16, is_empty: 0) (id: 235, initial_bandwith: 17, is_empty: 0) (id: 12, initial_bandwith: 6, is_empty: 0) (id: 144, initial_bandwith: 11, is_empty: 0) (id: 175, initial_bandwith: 20, is_empty: 0) (id: 35, initial_bandwith: 1, is_empty: 0) (id: 108, initial_bandwith: 3, is_empty: 0) (id: 282, initial_bandwith: 11, is_empty: 0) (id: 495, initial_bandwith: 16, is_empty: 0) (id: 482, initial_bandwith: 11, is_empty: 0) (id: 88, initial_bandwith: 0, is_empty: 0) (id: 310, initial_bandwith: 5, is_empty: 0) (id: 259, initial_bandwith: 13, is_empty: 0) 
backwards
(id: 259, initial_bandwith: 13, is_empty: 0)(id: 310, initial_bandwith: 5, is_empty: 0)(id: 88, initial_bandwith: 0, is_empty: 0)(id: 482, initial_bandwith: 11, is_empty: 0)(id: 495, initial_bandwith: 16, is_empty: 0)(id: 282, initial_bandwith: 11, is_empty: 0)(id: 108, initial_bandwith: 3, is_empty: 0)(id: 35, initial_bandwith: 1, is_empty: 0)(id: 175, initial_bandwith: 20, is_empty: 0)(id: 144, initial_bandwith: 11, is_empty: 0)(id: 12, initial_bandwith: 6, is_empty: 0)(id: 235, initial_bandwith: 17, is_empty: 0)(id: 267, initial_bandwith: 16, is_empty: 0)(id: 347, initial_bandwith: 9, is_empty: 0)(id: 448, initial_bandwith: 17, is_empty: 0)(id: 161, initial_bandwith: 12, is_empty: 0)(id: 294, initial_bandwith: 1, is_empty: 0)

Apartment Name: F, Max Bandwidth: 340
(id: 345, initial_bandwith: 1, is_empty: 0) (id: 211, initial_bandwith: 9, is_empty: 0) (id: 119, initial_bandwith: 4, is_empty: 0) (id: 116, initial_bandwith: 0, is_empty: 0) (id: 153, initial_bandwith: 15, is_empty: 0) (id: 139, initial_bandwith: 23, is_empty: 0) (id: 329, initial_bandwith: 12, is_empty: 0) (id: 183, initial_bandwith: 17, is_empty: 0) (id: 476, initial_bandwith: 9, is_empty: 0) (id: 252, initial_bandwith: 20, is_empty: 0) (id: 98, initial_bandwith: 0, is_empty: 0) (id: 127, initial_bandwith: 18, is_empty: 0) (id: 64, initial_bandwith: 14, is_empty: 0) 
backwards
(id: 64, initial_bandwith: 14, is_empty: 0)(id: 127, initial_bandwith: 18, is_empty: 0)(id: 98, initial_bandwith: 0, is_empty: 0)(id: 252, initial_bandwith: 20, is_empty: 0)(id: 476, initial_bandwith: 9, is_empty: 0)(id: 183, initial_bandwith: 17, is_empty: 0)(id: 329, initial_bandwith: 12, is_empty: 0)(id: 139, initial_bandwith: 23, is_empty: 0)(id: 153, initial_bandwith: 15, is_empty: 0)(id: 116, initial_bandwith: 0, is_empty: 0)(id: 119, initial_bandwith: 4, is_empty: 0)(id: 211, initial_bandwith: 9, is_empty: 0)(id: 345, initial_bandwith: 1, is_empty: 0)
