
Apartment Name: A, Max Bandwidth: 220
(id: 311, initial_bandwith: 190, is_empty: 0) 
backwards
(id: 311, initial_bandwith: 190, is_empty: 0)

Apartment Name: K, Max Bandwidth: 160
(id: 170, initial_bandwith: 0, is_empty: 0) (id: 127, initial_bandwith: 7, is_empty: 0) (id: 202, initial_bandwith: 0, is_empty: 0) (id: 167, initial_bandwith: 1, is_empty: 0) (id: 114, initial_bandwith: 0, is_empty: 0) (id: 50, initial_bandwith: 4, is_empty: 0) (id: 85, initial_bandwith: 6, is_empty: 0) (id: 319, initial_bandwith: 0, is_empty: 0) (id: 336, initial_bandwith: 3, is_empty: 0) (id: 101, initial_bandwith: 8, is_empty: 0) (id: 468, initial_bandwith: 7, is_empty: 0) (id: 475, initial_bandwith: 3, is_empty: 0) (id: 156, initial_bandwith: 4, is_empty: 0) (id: 71, initial_bandwith: 7, is_empty: 0) (id: 27, initial_bandwith: 1, is_empty: 0) (id: 265, initial_bandwith: 0, is_empty: 0) (id: 261, initial_bandwith: 4, is_empty: 0) (id: 389, initial_bandwith: 2, is_empty: 0) 
backwards
(id: 389, initial_bandwith: 2, is_empty: 0)(id: 261, initial_bandwith: 4, is_empty: 0)(id: 265, initial_bandwith: 0, is_empty: 0)(id: 27, initial_bandwith: 1, is_empty: 0)(id: 71, initial_bandwith: 7, is_empty: 0)(id: 156, initial_bandwith: 4, is_empty: 0)(id: 475, initial_bandwith: 3, is_empty: 0)(id: 468, initial_bandwith: 7, is_empty: 0)(id: 101, initial_bandwith: 8, is_empty: 0)(id: 336, initial_bandwith: 3, is_empty: 0)(id: 319, initial_bandwith: 0, is_empty: 0)(id: 85, initial_bandwith: 6, is_empty: 0)(id: 50, initial_bandwith: 4, is_empty: 0)(id: 114, initial_bandwith: 0, is_empty: 0)(id: 167, initial_bandwith: 1, is_empty: 0)(id: 202, initial_bandwith: 0, is_empty: 0)(id: 127, initial_bandwith: 7, is_empty: 0)(id: 170, initial_bandwith: 0, is_empty: 0)

Apartment Name: Z, Max Bandwidth: 320
(id: 158, initial_bandwith: 36, is_empty: 0) (id: 433, initial_bandwith: 7, is_empty: 0) (id: 496, initial_bandwith: 9, is_empty: 0) (id: 84, initial_bandwith: 19, is_empty: 0) 
backwards
(id: 84, initial_bandwith: 19, is_empty: 0)(id: 496, initial_bandwith: 9, is_empty: 0)(id: 433, initial_bandwith: 7, is_empty: 0)(id: 158, initial_bandwith: 36, is_empty: 0)

Apartment Name: F, Max Bandwidth: 120
(id: 327, initial_bandwith: 1, is_empty: 0) 
backwards
(id: 327, initial_bandwith: 1, is_empty: 0)

Apartment Name: Y, Max Bandwidth: 340
(id: 313, initial_bandwith: 6, is_empty: 0) (id: 451, initial_bandwith: 11, is_empty: 0) (id: 238, initial_bandwith: 16, is_empty: 0) (id: 435, initial_bandwith: 11, is_empty: 0) (id: 297, initial_bandwith: 10, is_empty: 0) (id: 441, initial_bandwith: 5, is_empty: 0) (id: 211, initial_bandwith: 3, is_empty: 0) (id: 212, initial_bandwith: 3, is_empty: 0) (id: 367, initial_bandwith: 12, is_empty: 0) (id: 47, initial_bandwith: 10, is_empty: 0) (id: 334, initial_bandwith: 12, is_empty: 0) (id: 458, initial_bandwith: 17, is_empty: 0) (id: 41, initial_bandwith: 2, is_empty: 0) (id: 55, initial_bandwith: 16, is_empty: 0) (id: 237, initial_bandwith: 5, is_empty: 0) (id: 17, initial_bandwith: 13, is_empty: 0) (id: 119, initial_bandwith: 17, is_empty: 0) (id: 422, initial_bandwith: 11, is_empty: 0) (id: 373, initial_bandwith: 13, is_empty: 0) 
backwards
(id: 373, initial_bandwith: 13, is_empty: 0)(id: 422, initial_bandwith: 11, is_empty: 0)(id: 119, initial_bandwith: 17, is_empty: 0)(id: 17, initial_bandwith: 13, is_empty: 0)(id: 237, initial_bandwith: 5, is_empty: 0)(id: 55, initial_bandwith: 16, is_empty: 0)(id: 41, initial_bandwith: 2, is_empty: 0)(id: 458, initial_bandwith: 17, is_empty: 0)(id: 334, initial_bandwith: 12, is_empty: 0)(id: 47, initial_bandwith: 10, is_empty: 0)(id: 367, initial_bandwith: 12, is_empty: 0)(id: 212, initial_bandwith: 3, is_empty: 0)(id: 211, initial_bandwith: 3, is_empty: 0)(id: 441, initial_bandwith: 5, is_empty: 0)(id: 297, initial_bandwith: 10, is_empty: 0)(id: 435, initial_bandwith: 11, is_empty: 0)(id: 238, initial_bandwith: 16, is_empty: 0)(id: 451, initial_bandwith: 11, is_empty: 0)(id: 313, initial_bandwith: 6, is_empty: 0)

Apartment Name: W, Max Bandwidth: 260
(id: 173, initial_bandwith: 1, is_empty: 0) (id: 115, initial_bandwith: 1, is_empty: 0) (id: 340, initial_bandwith: 5, is_empty: 0) (id: 106, initial_bandwith: 2, is_empty: 0) (id: 141, initial_bandwith: 6, is_empty: 0) (id: 378, initial_bandwith: 4, is_empty: 0) (id: 216, initial_bandwith: 6, is_empty: 0) (id: 287, initial_bandwith: 0, is_empty: 0) (id: 52, initial_bandwith: 2, is_empty: 0) (id: 221, initial_bandwith: 6, is_empty: 0) (id: 269, initial_bandwith: 13, is_empty: 0) (id: 159, initial_bandwith: 0, is_empty: 0) (id: 13, initial_bandwith: 2, is_empty: 0) (id: 405, initial_bandwith: 4, is_empty: 0) (id: 193, initial_bandwith: 8, is_empty: 0) (id: 472, initial_bandwith: 5, is_empty: 0) (id: 275, initial_bandwith: 7, is_empty: 0) (id: 176, initial_bandwith: 4, is_empty: 0) (id: 20, initial_bandwith: 8, is_empty: 0) 
backwards
(id: 20, initial_bandwith: 8, is_empty: 0)(id: 176, initial_bandwith: 4, is_empty: 0)(id: 275, initial_bandwith: 7, is_empty: 0)(id: 472, initial_bandwith: 5, is_empty: 0)(id: 193, initial_bandwith: 8, is_empty: 0)(id: 405, initial_bandwith: 4, is_empty: 0)(id: 13, initial_bandwith: 2, is_empty: 0)(id: 159, initial_bandwith: 0, is_empty: 0)(id: 269, initial_bandwith: 13, is_empty: 0)(id: 221, initial_bandwith: 6, is_empty: 0)(id: 52, initial_bandwith: 2, is_empty: 0)(id: 287, initial_bandwith: 0, is_empty: 0)(id: 216, initial_bandwith: 6, is_empty: 0)(id: 378, initial_bandwith: 4, is_empty: 0)(id: 141, initial_bandwith: 6, is_empty: 0)(id: 106, initial_bandwith: 2, is_empty: 0)(id: 340, initial_bandwith: 5, is_empty: 0)(id: 115, initial_bandwith: 1, is_empty: 0)(id: 173, initial_bandwith: 1, is_empty: 0)

Apartment Name: R, Max Bandwidth: 280
(id: 88, initial_bandwith: 17, is_empty: 0) (id: 21, initial_bandwith: 18, is_empty: 0) (id: 126, initial_bandwith: 9, is_empty: 0) (id: 116, initial_bandwith: 2, is_empty: 0) (id: 410, initial_bandwith: 10, is_empty: 0) (id: 172, initial_bandwith: 2, is_empty: 0) (id: 7, initial_bandwith: 14, is_empty: 0) (id: 308, initial_bandwith: 12, is_empty: 0) (id: 128, initial_bandwith: 8, is_empty: 0) (id: 392, initial_bandwith: 11, is_empty: 0) (id: 281, initial_bandwith: 8, is_empty: 0) (id: 191, initial_bandwith: 8, is_empty: 0) (id: 103, initial_bandwith: 13, is_empty: 0) (id: 113, initial_bandwith: 6, is_empty: 0) (id: 118, initial_bandwith: 16, is_empty: 0) 
backwards
(id: 118, initial_bandwith: 16, is_empty: 0)(id: 113, initial_bandwith: 6, is_empty: 0)(id: 103, initial_bandwith: 13, is_empty: 0)(id: 191, initial_bandwith: 8, is_empty: 0)(id: 281, initial_bandwith: 8, is_empty: 0)(id: 392, initial_bandwith: 11, is_empty: 0)(id: 128, initial_bandwith: 8, is_empty: 0)(id: 308, initial_bandwith: 12, is_empty: 0)(id: 7, initial_bandwith: 14, is_empty: 0)(id: 172, initial_bandwith: 2, is_empty: 0)(id: 410, initial_bandwith: 10, is_empty: 0)(id: 116, initial_bandwith: 2, is_empty: 0)(id: 126, initial_bandwith: 9, is_empty: 0)(id: 21, initial_bandwith: 18, is_empty: 0)(id: 88, initial_bandwith: 17, is_empty: 0)

Apartment Name: V, Max Bandwidth: 160
(id: 65, initial_bandwith: 4, is_empty: 0) (id: 300, initial_bandwith: 4, is_empty: 0) (id: 207, initial_bandwith: 0, is_empty: 0) (id: 478, initial_bandwith: 10, is_empty: 0) (id: 203, initial_bandwith: 2, is_empty: 0) (id: 306, initial_bandwith: 8, is_empty: 0) (id: 356, initial_bandwith: 13, is_empty: 0) (id: 382, initial_bandwith: 10, is_empty: 0) (id: 371, initial_bandwith: 15, is_empty: 0) 
backwards
(id: 371, initial_bandwith: 15, is_empty: 0)(id: 382, initial_bandwith: 10, is_empty: 0)(id: 356, initial_bandwith: 13, is_empty: 0)(id: 306, initial_bandwith: 8, is_empty: 0)(id: 203, initial_bandwith: 2, is_empty: 0)(id: 478, initial_bandwith: 10, is_empty: 0)(id: 207, initial_bandwith: 0, is_empty: 0)(id: 300, initial_bandwith: 4, is_empty: 0)(id: 65, initial_bandwith: 4, is_empty: 0)
