-> Creating a linked list with default constructor.
-> Making some insertions to the list.
-> Printing the list.
61
62
63
64
65
-> Printing the list in reverse order.
65
64
63
62
61
-> Checking if the linked list is circular?
yes. it is circular.
-> Removing the first node from the list.
-> Printing the list.
62
63
64
65
-> Printing the list in reverse order.
65
64
63
62
-> Checking if the linked list is circular?
yes. it is circular.
-> Calculating the size.
size is 4
-> Checking if the list is empty or not.
linked list is not empty
