
Apartment Name: G, Max Bandwidth: 240
(id: 364, initial_bandwith: 1, is_empty: 0) (id: 145, initial_bandwith: 7, is_empty: 0) (id: 47, initial_bandwith: 14, is_empty: 0) (id: 236, initial_bandwith: 8, is_empty: 0) (id: 231, initial_bandwith: 9, is_empty: 0) (id: 317, initial_bandwith: 12, is_empty: 0) (id: 32, initial_bandwith: 3, is_empty: 0) (id: 358, initial_bandwith: 14, is_empty: 0) (id: 194, initial_bandwith: 3, is_empty: 0) (id: 255, initial_bandwith: 9, is_empty: 0) (id: 339, initial_bandwith: 5, is_empty: 0) (id: 403, initial_bandwith: 1, is_empty: 0) (id: 124, initial_bandwith: 13, is_empty: 0) (id: 38, initial_bandwith: 7, is_empty: 0) (id: 126, initial_bandwith: 2, is_empty: 0) (id: 387, initial_bandwith: 11, is_empty: 0) (id: 372, initial_bandwith: 14, is_empty: 0) 
backwards
(id: 372, initial_bandwith: 14, is_empty: 0)(id: 387, initial_bandwith: 11, is_empty: 0)(id: 126, initial_bandwith: 2, is_empty: 0)(id: 38, initial_bandwith: 7, is_empty: 0)(id: 124, initial_bandwith: 13, is_empty: 0)(id: 403, initial_bandwith: 1, is_empty: 0)(id: 339, initial_bandwith: 5, is_empty: 0)(id: 255, initial_bandwith: 9, is_empty: 0)(id: 194, initial_bandwith: 3, is_empty: 0)(id: 358, initial_bandwith: 14, is_empty: 0)(id: 32, initial_bandwith: 3, is_empty: 0)(id: 317, initial_bandwith: 12, is_empty: 0)(id: 231, initial_bandwith: 9, is_empty: 0)(id: 236, initial_bandwith: 8, is_empty: 0)(id: 47, initial_bandwith: 14, is_empty: 0)(id: 145, initial_bandwith: 7, is_empty: 0)(id: 364, initial_bandwith: 1, is_empty: 0)

Apartment Name: P, Max Bandwidth: 360
(id: 99, initial_bandwith: 13, is_empty: 0) (id: 169, initial_bandwith: 1, is_empty: 0) (id: 59, initial_bandwith: 2, is_empty: 0) (id: 74, initial_bandwith: 16, is_empty: 0) (id: 182, initial_bandwith: 21, is_empty: 0) (id: 353, initial_bandwith: 15, is_empty: 0) (id: 388, initial_bandwith: 1, is_empty: 0) (id: 316, initial_bandwith: 0, is_empty: 0) 
backwards
(id: 316, initial_bandwith: 0, is_empty: 0)(id: 388, initial_bandwith: 1, is_empty: 0)(id: 353, initial_bandwith: 15, is_empty: 0)(id: 182, initial_bandwith: 21, is_empty: 0)(id: 74, initial_bandwith: 16, is_empty: 0)(id: 59, initial_bandwith: 2, is_empty: 0)(id: 169, initial_bandwith: 1, is_empty: 0)(id: 99, initial_bandwith: 13, is_empty: 0)

Apartment Name: X, Max Bandwidth: 380
(id: 277, initial_bandwith: 55, is_empty: 0) (id: 321, initial_bandwith: 6, is_empty: 0) (id: 335, initial_bandwith: 17, is_empty: 0) (id: 190, initial_bandwith: 20, is_empty: 0) 
backwards
(id: 190, initial_bandwith: 20, is_empty: 0)(id: 335, initial_bandwith: 17, is_empty: 0)(id: 321, initial_bandwith: 6, is_empty: 0)(id: 277, initial_bandwith: 55, is_empty: 0)
