
Apartment Name: M, Max Bandwidth: 340
(id: 469, initial_bandwith: 13, is_empty: 0) (id: 318, initial_bandwith: 25, is_empty: 0) (id: 264, initial_bandwith: 18, is_empty: 0) (id: 493, initial_bandwith: 22, is_empty: 0) (id: 58, initial_bandwith: 4, is_empty: 0) (id: 117, initial_bandwith: 5, is_empty: 0) (id: 184, initial_bandwith: 15, is_empty: 0) (id: 328, initial_bandwith: 17, is_empty: 0) (id: 307, initial_bandwith: 10, is_empty: 0) (id: 99, initial_bandwith: 16, is_empty: 0) (id: 54, initial_bandwith: 19, is_empty: 0) (id: 471, initial_bandwith: 0, is_empty: 0) 
backwards
(id: 471, initial_bandwith: 0, is_empty: 0)(id: 54, initial_bandwith: 19, is_empty: 0)(id: 99, initial_bandwith: 16, is_empty: 0)(id: 307, initial_bandwith: 10, is_empty: 0)(id: 328, initial_bandwith: 17, is_empty: 0)(id: 184, initial_bandwith: 15, is_empty: 0)(id: 117, initial_bandwith: 5, is_empty: 0)(id: 58, initial_bandwith: 4, is_empty: 0)(id: 493, initial_bandwith: 22, is_empty: 0)(id: 264, initial_bandwith: 18, is_empty: 0)(id: 318, initial_bandwith: 25, is_empty: 0)(id: 469, initial_bandwith: 13, is_empty: 0)

Apartment Name: P, Max Bandwidth: 520
(id: 266, initial_bandwith: 1, is_empty: 0) (id: 37, initial_bandwith: 13, is_empty: 0) (id: 88, initial_bandwith: 8, is_empty: 0) (id: 495, initial_bandwith: 11, is_empty: 0) (id: 348, initial_bandwith: 14, is_empty: 0) (id: 402, initial_bandwith: 3, is_empty: 0) (id: 313, initial_bandwith: 2, is_empty: 0) (id: 474, initial_bandwith: 14, is_empty: 0) (id: 70, initial_bandwith: 5, is_empty: 0) (id: 496, initial_bandwith: 4, is_empty: 0) (id: 224, initial_bandwith: 6, is_empty: 0) (id: 394, initial_bandwith: 8, is_empty: 0) (id: 392, initial_bandwith: 10, is_empty: 0) (id: 47, initial_bandwith: 7, is_empty: 0) (id: 132, initial_bandwith: 0, is_empty: 0) (id: 158, initial_bandwith: 12, is_empty: 0) (id: 133, initial_bandwith: 4, is_empty: 0) (id: 261, initial_bandwith: 30, is_empty: 0) (id: 55, initial_bandwith: 7, is_empty: 0) (id: 219, initial_bandwith: 25, is_empty: 0) (id: 268, initial_bandwith: 9, is_empty: 0) (id: 388, initial_bandwith: 9, is_empty: 0) (id: 96, initial_bandwith: 15, is_empty: 0) (id: 275, initial_bandwith: 3, is_empty: 0) (id: 53, initial_bandwith: 18, is_empty: 0) (id: 109, initial_bandwith: 18, is_empty: 0) 
backwards
(id: 109, initial_bandwith: 18, is_empty: 0)(id: 53, initial_bandwith: 18, is_empty: 0)(id: 275, initial_bandwith: 3, is_empty: 0)(id: 96, initial_bandwith: 15, is_empty: 0)(id: 388, initial_bandwith: 9, is_empty: 0)(id: 268, initial_bandwith: 9, is_empty: 0)(id: 219, initial_bandwith: 25, is_empty: 0)(id: 55, initial_bandwith: 7, is_empty: 0)(id: 261, initial_bandwith: 30, is_empty: 0)(id: 133, initial_bandwith: 4, is_empty: 0)(id: 158, initial_bandwith: 12, is_empty: 0)(id: 132, initial_bandwith: 0, is_empty: 0)(id: 47, initial_bandwith: 7, is_empty: 0)(id: 392, initial_bandwith: 10, is_empty: 0)(id: 394, initial_bandwith: 8, is_empty: 0)(id: 224, initial_bandwith: 6, is_empty: 0)(id: 496, initial_bandwith: 4, is_empty: 0)(id: 70, initial_bandwith: 5, is_empty: 0)(id: 474, initial_bandwith: 14, is_empty: 0)(id: 313, initial_bandwith: 2, is_empty: 0)(id: 402, initial_bandwith: 3, is_empty: 0)(id: 348, initial_bandwith: 14, is_empty: 0)(id: 495, initial_bandwith: 11, is_empty: 0)(id: 88, initial_bandwith: 8, is_empty: 0)(id: 37, initial_bandwith: 13, is_empty: 0)(id: 266, initial_bandwith: 1, is_empty: 0)

Apartment Name: H, Max Bandwidth: 220
(id: 431, initial_bandwith: 15, is_empty: 0) (id: 232, initial_bandwith: 25, is_empty: 0) (id: 50, initial_bandwith: 16, is_empty: 0) (id: 39, initial_bandwith: 32, is_empty: 0) (id: 373, initial_bandwith: 0, is_empty: 0) (id: 67, initial_bandwith: 17, is_empty: 0) 
backwards
(id: 67, initial_bandwith: 17, is_empty: 0)(id: 373, initial_bandwith: 0, is_empty: 0)(id: 39, initial_bandwith: 32, is_empty: 0)(id: 50, initial_bandwith: 16, is_empty: 0)(id: 232, initial_bandwith: 25, is_empty: 0)(id: 431, initial_bandwith: 15, is_empty: 0)

Apartment Name: A, Max Bandwidth: 160
(id: 85, initial_bandwith: 1, is_empty: 0) (id: 150, initial_bandwith: 10, is_empty: 0) (id: 451, initial_bandwith: 10, is_empty: 0) (id: 407, initial_bandwith: 5, is_empty: 0) (id: 104, initial_bandwith: 11, is_empty: 0) (id: 455, initial_bandwith: 6, is_empty: 0) (id: 362, initial_bandwith: 3, is_empty: 0) (id: 370, initial_bandwith: 3, is_empty: 0) (id: 306, initial_bandwith: 2, is_empty: 0) (id: 178, initial_bandwith: 8, is_empty: 0) (id: 206, initial_bandwith: 4, is_empty: 0) (id: 196, initial_bandwith: 9, is_empty: 0) (id: 129, initial_bandwith: 2, is_empty: 0) (id: 207, initial_bandwith: 0, is_empty: 0) 
backwards
(id: 207, initial_bandwith: 0, is_empty: 0)(id: 129, initial_bandwith: 2, is_empty: 0)(id: 196, initial_bandwith: 9, is_empty: 0)(id: 206, initial_bandwith: 4, is_empty: 0)(id: 178, initial_bandwith: 8, is_empty: 0)(id: 306, initial_bandwith: 2, is_empty: 0)(id: 370, initial_bandwith: 3, is_empty: 0)(id: 362, initial_bandwith: 3, is_empty: 0)(id: 455, initial_bandwith: 6, is_empty: 0)(id: 104, initial_bandwith: 11, is_empty: 0)(id: 407, initial_bandwith: 5, is_empty: 0)(id: 451, initial_bandwith: 10, is_empty: 0)(id: 150, initial_bandwith: 10, is_empty: 0)(id: 85, initial_bandwith: 1, is_empty: 0)

Apartment Name: B, Max Bandwidth: 340
(id: 386, initial_bandwith: 7, is_empty: 0) (id: 276, initial_bandwith: 2, is_empty: 0) (id: 412, initial_bandwith: 67, is_empty: 0) (id: 194, initial_bandwith: 61, is_empty: 0) (id: 106, initial_bandwith: 6, is_empty: 0) 
backwards
(id: 106, initial_bandwith: 6, is_empty: 0)(id: 194, initial_bandwith: 61, is_empty: 0)(id: 412, initial_bandwith: 67, is_empty: 0)(id: 276, initial_bandwith: 2, is_empty: 0)(id: 386, initial_bandwith: 7, is_empty: 0)

Apartment Name: E, Max Bandwidth: 160
(id: 371, initial_bandwith: 57, is_empty: 0) (id: 56, initial_bandwith: 50, is_empty: 0) 
backwards
(id: 56, initial_bandwith: 50, is_empty: 0)(id: 371, initial_bandwith: 57, is_empty: 0)

Apartment Name: R, Max Bandwidth: 220
(id: 273, initial_bandwith: 18, is_empty: 0) (id: 332, initial_bandwith: 18, is_empty: 0) (id: 235, initial_bandwith: 18, is_empty: 0) (id: 49, initial_bandwith: 8, is_empty: 0) (id: 130, initial_bandwith: 5, is_empty: 0) (id: 160, initial_bandwith: 27, is_empty: 0) (id: 393, initial_bandwith: 21, is_empty: 0) 
backwards
(id: 393, initial_bandwith: 21, is_empty: 0)(id: 160, initial_bandwith: 27, is_empty: 0)(id: 130, initial_bandwith: 5, is_empty: 0)(id: 49, initial_bandwith: 8, is_empty: 0)(id: 235, initial_bandwith: 18, is_empty: 0)(id: 332, initial_bandwith: 18, is_empty: 0)(id: 273, initial_bandwith: 18, is_empty: 0)

Apartment Name: W, Max Bandwidth: 300
(id: 377, initial_bandwith: 20, is_empty: 0) (id: 488, initial_bandwith: 18, is_empty: 0) (id: 60, initial_bandwith: 20, is_empty: 0) (id: 142, initial_bandwith: 1, is_empty: 0) (id: 40, initial_bandwith: 25, is_empty: 0) (id: 51, initial_bandwith: 24, is_empty: 0) (id: 366, initial_bandwith: 5, is_empty: 0) (id: 491, initial_bandwith: 8, is_empty: 0) (id: 105, initial_bandwith: 20, is_empty: 0) (id: 174, initial_bandwith: 8, is_empty: 0) (id: 437, initial_bandwith: 15, is_empty: 0) (id: 248, initial_bandwith: 11, is_empty: 0) 
backwards
(id: 248, initial_bandwith: 11, is_empty: 0)(id: 437, initial_bandwith: 15, is_empty: 0)(id: 174, initial_bandwith: 8, is_empty: 0)(id: 105, initial_bandwith: 20, is_empty: 0)(id: 491, initial_bandwith: 8, is_empty: 0)(id: 366, initial_bandwith: 5, is_empty: 0)(id: 51, initial_bandwith: 24, is_empty: 0)(id: 40, initial_bandwith: 25, is_empty: 0)(id: 142, initial_bandwith: 1, is_empty: 0)(id: 60, initial_bandwith: 20, is_empty: 0)(id: 488, initial_bandwith: 18, is_empty: 0)(id: 377, initial_bandwith: 20, is_empty: 0)

Apartment Name: Z, Max Bandwidth: 200
(id: 365, initial_bandwith: 21, is_empty: 0) (id: 253, initial_bandwith: 1, is_empty: 0) (id: 205, initial_bandwith: 22, is_empty: 0) (id: 61, initial_bandwith: 5, is_empty: 0) (id: 73, initial_bandwith: 5, is_empty: 0) (id: 65, initial_bandwith: 12, is_empty: 0) (id: 3, initial_bandwith: 27, is_empty: 0) 
backwards
(id: 3, initial_bandwith: 27, is_empty: 0)(id: 65, initial_bandwith: 12, is_empty: 0)(id: 73, initial_bandwith: 5, is_empty: 0)(id: 61, initial_bandwith: 5, is_empty: 0)(id: 205, initial_bandwith: 22, is_empty: 0)(id: 253, initial_bandwith: 1, is_empty: 0)(id: 365, initial_bandwith: 21, is_empty: 0)

Apartment Name: F, Max Bandwidth: 380
(id: 134, initial_bandwith: 35, is_empty: 0) (id: 453, initial_bandwith: 54, is_empty: 0) (id: 98, initial_bandwith: 66, is_empty: 0) 
backwards
(id: 98, initial_bandwith: 66, is_empty: 0)(id: 453, initial_bandwith: 54, is_empty: 0)(id: 134, initial_bandwith: 35, is_empty: 0)

Apartment Name: U, Max Bandwidth: 220
(id: 80, initial_bandwith: 36, is_empty: 0) (id: 76, initial_bandwith: 53, is_empty: 0) (id: 208, initial_bandwith: 9, is_empty: 0) 
backwards
(id: 208, initial_bandwith: 9, is_empty: 0)(id: 76, initial_bandwith: 53, is_empty: 0)(id: 80, initial_bandwith: 36, is_empty: 0)

Apartment Name: D, Max Bandwidth: 380
(id: 161, initial_bandwith: 19, is_empty: 0) (id: 475, initial_bandwith: 13, is_empty: 0) (id: 139, initial_bandwith: 27, is_empty: 0) (id: 103, initial_bandwith: 29, is_empty: 0) (id: 269, initial_bandwith: 33, is_empty: 0) (id: 267, initial_bandwith: 2, is_empty: 0) (id: 341, initial_bandwith: 53, is_empty: 0) 
backwards
(id: 341, initial_bandwith: 53, is_empty: 0)(id: 267, initial_bandwith: 2, is_empty: 0)(id: 269, initial_bandwith: 33, is_empty: 0)(id: 103, initial_bandwith: 29, is_empty: 0)(id: 139, initial_bandwith: 27, is_empty: 0)(id: 475, initial_bandwith: 13, is_empty: 0)(id: 161, initial_bandwith: 19, is_empty: 0)
