
Apartment Name: U, Max Bandwidth: 160
(id: 4, initial_bandwith: 6, is_empty: 0) (id: 428, initial_bandwith: 9, is_empty: 0) (id: 40, initial_bandwith: 3, is_empty: 0) (id: 276, initial_bandwith: 2, is_empty: 0) (id: 157, initial_bandwith: 11, is_empty: 0) (id: 144, initial_bandwith: 4, is_empty: 0) (id: 465, initial_bandwith: 0, is_empty: 0) (id: 439, initial_bandwith: 3, is_empty: 0) (id: 233, initial_bandwith: 2, is_empty: 0) 
backwards
(id: 233, initial_bandwith: 2, is_empty: 0)(id: 439, initial_bandwith: 3, is_empty: 0)(id: 465, initial_bandwith: 0, is_empty: 0)(id: 144, initial_bandwith: 4, is_empty: 0)(id: 157, initial_bandwith: 11, is_empty: 0)(id: 276, initial_bandwith: 2, is_empty: 0)(id: 40, initial_bandwith: 3, is_empty: 0)(id: 428, initial_bandwith: 9, is_empty: 0)(id: 4, initial_bandwith: 6, is_empty: 0)

Apartment Name: X, Max Bandwidth: 320
(id: 189, initial_bandwith: 21, is_empty: 0) (id: 354, initial_bandwith: 21, is_empty: 0) (id: 472, initial_bandwith: 5, is_empty: 0) (id: 468, initial_bandwith: 8, is_empty: 0) (id: 69, initial_bandwith: 7, is_empty: 0) (id: 297, initial_bandwith: 2, is_empty: 0) (id: 435, initial_bandwith: 14, is_empty: 0) (id: 277, initial_bandwith: 13, is_empty: 0) (id: 442, initial_bandwith: 6, is_empty: 0) (id: 310, initial_bandwith: 8, is_empty: 0) (id: 319, initial_bandwith: 10, is_empty: 0) 
backwards
(id: 319, initial_bandwith: 10, is_empty: 0)(id: 310, initial_bandwith: 8, is_empty: 0)(id: 442, initial_bandwith: 6, is_empty: 0)(id: 277, initial_bandwith: 13, is_empty: 0)(id: 435, initial_bandwith: 14, is_empty: 0)(id: 297, initial_bandwith: 2, is_empty: 0)(id: 69, initial_bandwith: 7, is_empty: 0)(id: 468, initial_bandwith: 8, is_empty: 0)(id: 472, initial_bandwith: 5, is_empty: 0)(id: 354, initial_bandwith: 21, is_empty: 0)(id: 189, initial_bandwith: 21, is_empty: 0)

Apartment Name: I, Max Bandwidth: 180
(id: 169, initial_bandwith: 13, is_empty: 0) (id: 44, initial_bandwith: 15, is_empty: 0) 
backwards
(id: 44, initial_bandwith: 15, is_empty: 0)(id: 169, initial_bandwith: 13, is_empty: 0)

Apartment Name: H, Max Bandwidth: 280
(id: 309, initial_bandwith: 3, is_empty: 0) (id: 195, initial_bandwith: 6, is_empty: 0) (id: 37, initial_bandwith: 3, is_empty: 0) (id: 372, initial_bandwith: 11, is_empty: 0) (id: 82, initial_bandwith: 10, is_empty: 0) (id: 448, initial_bandwith: 8, is_empty: 0) (id: 343, initial_bandwith: 5, is_empty: 0) (id: 451, initial_bandwith: 4, is_empty: 0) (id: 145, initial_bandwith: 14, is_empty: 0) (id: 396, initial_bandwith: 19, is_empty: 0) (id: 46, initial_bandwith: 11, is_empty: 0) 
backwards
(id: 46, initial_bandwith: 11, is_empty: 0)(id: 396, initial_bandwith: 19, is_empty: 0)(id: 145, initial_bandwith: 14, is_empty: 0)(id: 451, initial_bandwith: 4, is_empty: 0)(id: 343, initial_bandwith: 5, is_empty: 0)(id: 448, initial_bandwith: 8, is_empty: 0)(id: 82, initial_bandwith: 10, is_empty: 0)(id: 372, initial_bandwith: 11, is_empty: 0)(id: 37, initial_bandwith: 3, is_empty: 0)(id: 195, initial_bandwith: 6, is_empty: 0)(id: 309, initial_bandwith: 3, is_empty: 0)

Apartment Name: Q, Max Bandwidth: 260
(id: 462, initial_bandwith: 79, is_empty: 0) 
backwards
(id: 462, initial_bandwith: 79, is_empty: 0)

Apartment Name: C, Max Bandwidth: 220
(id: 201, initial_bandwith: 36, is_empty: 0) (id: 99, initial_bandwith: 2, is_empty: 0) (id: 350, initial_bandwith: 31, is_empty: 0) (id: 398, initial_bandwith: 4, is_empty: 0) 
backwards
(id: 398, initial_bandwith: 4, is_empty: 0)(id: 350, initial_bandwith: 31, is_empty: 0)(id: 99, initial_bandwith: 2, is_empty: 0)(id: 201, initial_bandwith: 36, is_empty: 0)

Apartment Name: R, Max Bandwidth: 540
(id: 48, initial_bandwith: 19, is_empty: 0) (id: 161, initial_bandwith: 12, is_empty: 0) (id: 388, initial_bandwith: 11, is_empty: 0) (id: 333, initial_bandwith: 3, is_empty: 0) (id: 471, initial_bandwith: 5, is_empty: 0) (id: 227, initial_bandwith: 8, is_empty: 0) (id: 300, initial_bandwith: 14, is_empty: 0) (id: 256, initial_bandwith: 20, is_empty: 0) (id: 35, initial_bandwith: 32, is_empty: 0) (id: 274, initial_bandwith: 27, is_empty: 0) (id: 494, initial_bandwith: 7, is_empty: 0) (id: 200, initial_bandwith: 25, is_empty: 0) (id: 287, initial_bandwith: 26, is_empty: 0) (id: 176, initial_bandwith: 23, is_empty: 0) (id: 315, initial_bandwith: 6, is_empty: 0) (id: 21, initial_bandwith: 3, is_empty: 0) (id: 8, initial_bandwith: 14, is_empty: 0) (id: 363, initial_bandwith: 4, is_empty: 0) 
backwards
(id: 363, initial_bandwith: 4, is_empty: 0)(id: 8, initial_bandwith: 14, is_empty: 0)(id: 21, initial_bandwith: 3, is_empty: 0)(id: 315, initial_bandwith: 6, is_empty: 0)(id: 176, initial_bandwith: 23, is_empty: 0)(id: 287, initial_bandwith: 26, is_empty: 0)(id: 200, initial_bandwith: 25, is_empty: 0)(id: 494, initial_bandwith: 7, is_empty: 0)(id: 274, initial_bandwith: 27, is_empty: 0)(id: 35, initial_bandwith: 32, is_empty: 0)(id: 256, initial_bandwith: 20, is_empty: 0)(id: 300, initial_bandwith: 14, is_empty: 0)(id: 227, initial_bandwith: 8, is_empty: 0)(id: 471, initial_bandwith: 5, is_empty: 0)(id: 333, initial_bandwith: 3, is_empty: 0)(id: 388, initial_bandwith: 11, is_empty: 0)(id: 161, initial_bandwith: 12, is_empty: 0)(id: 48, initial_bandwith: 19, is_empty: 0)

Apartment Name: W, Max Bandwidth: 180
(id: 241, initial_bandwith: 4, is_empty: 0) (id: 253, initial_bandwith: 6, is_empty: 0) (id: 486, initial_bandwith: 3, is_empty: 0) (id: 162, initial_bandwith: 4, is_empty: 0) (id: 332, initial_bandwith: 7, is_empty: 0) (id: 387, initial_bandwith: 1, is_empty: 0) (id: 444, initial_bandwith: 0, is_empty: 0) (id: 191, initial_bandwith: 9, is_empty: 0) (id: 29, initial_bandwith: 4, is_empty: 0) (id: 299, initial_bandwith: 7, is_empty: 0) (id: 249, initial_bandwith: 4, is_empty: 0) (id: 92, initial_bandwith: 1, is_empty: 0) (id: 357, initial_bandwith: 3, is_empty: 0) (id: 93, initial_bandwith: 8, is_empty: 0) (id: 320, initial_bandwith: 0, is_empty: 0) (id: 122, initial_bandwith: 10, is_empty: 0) (id: 411, initial_bandwith: 8, is_empty: 0) 
backwards
(id: 411, initial_bandwith: 8, is_empty: 0)(id: 122, initial_bandwith: 10, is_empty: 0)(id: 320, initial_bandwith: 0, is_empty: 0)(id: 93, initial_bandwith: 8, is_empty: 0)(id: 357, initial_bandwith: 3, is_empty: 0)(id: 92, initial_bandwith: 1, is_empty: 0)(id: 249, initial_bandwith: 4, is_empty: 0)(id: 299, initial_bandwith: 7, is_empty: 0)(id: 29, initial_bandwith: 4, is_empty: 0)(id: 191, initial_bandwith: 9, is_empty: 0)(id: 444, initial_bandwith: 0, is_empty: 0)(id: 387, initial_bandwith: 1, is_empty: 0)(id: 332, initial_bandwith: 7, is_empty: 0)(id: 162, initial_bandwith: 4, is_empty: 0)(id: 486, initial_bandwith: 3, is_empty: 0)(id: 253, initial_bandwith: 6, is_empty: 0)(id: 241, initial_bandwith: 4, is_empty: 0)

Apartment Name: O, Max Bandwidth: 340
(id: 209, initial_bandwith: 6, is_empty: 0) (id: 334, initial_bandwith: 15, is_empty: 0) (id: 440, initial_bandwith: 17, is_empty: 0) (id: 271, initial_bandwith: 0, is_empty: 0) (id: 172, initial_bandwith: 7, is_empty: 0) (id: 305, initial_bandwith: 14, is_empty: 0) (id: 19, initial_bandwith: 5, is_empty: 0) (id: 449, initial_bandwith: 2, is_empty: 0) (id: 159, initial_bandwith: 0, is_empty: 0) (id: 24, initial_bandwith: 4, is_empty: 0) (id: 281, initial_bandwith: 13, is_empty: 0) (id: 450, initial_bandwith: 7, is_empty: 0) (id: 242, initial_bandwith: 16, is_empty: 0) (id: 393, initial_bandwith: 8, is_empty: 0) (id: 311, initial_bandwith: 17, is_empty: 0) (id: 219, initial_bandwith: 11, is_empty: 0) (id: 366, initial_bandwith: 2, is_empty: 0) (id: 123, initial_bandwith: 17, is_empty: 0) 
backwards
(id: 123, initial_bandwith: 17, is_empty: 0)(id: 366, initial_bandwith: 2, is_empty: 0)(id: 219, initial_bandwith: 11, is_empty: 0)(id: 311, initial_bandwith: 17, is_empty: 0)(id: 393, initial_bandwith: 8, is_empty: 0)(id: 242, initial_bandwith: 16, is_empty: 0)(id: 450, initial_bandwith: 7, is_empty: 0)(id: 281, initial_bandwith: 13, is_empty: 0)(id: 24, initial_bandwith: 4, is_empty: 0)(id: 159, initial_bandwith: 0, is_empty: 0)(id: 449, initial_bandwith: 2, is_empty: 0)(id: 19, initial_bandwith: 5, is_empty: 0)(id: 305, initial_bandwith: 14, is_empty: 0)(id: 172, initial_bandwith: 7, is_empty: 0)(id: 271, initial_bandwith: 0, is_empty: 0)(id: 440, initial_bandwith: 17, is_empty: 0)(id: 334, initial_bandwith: 15, is_empty: 0)(id: 209, initial_bandwith: 6, is_empty: 0)

Apartment Name: V, Max Bandwidth: 300
(id: 171, initial_bandwith: 29, is_empty: 0) (id: 410, initial_bandwith: 17, is_empty: 0) (id: 22, initial_bandwith: 59, is_empty: 0) (id: 453, initial_bandwith: 18, is_empty: 0) (id: 303, initial_bandwith: 51, is_empty: 0) 
backwards
(id: 303, initial_bandwith: 51, is_empty: 0)(id: 453, initial_bandwith: 18, is_empty: 0)(id: 22, initial_bandwith: 59, is_empty: 0)(id: 410, initial_bandwith: 17, is_empty: 0)(id: 171, initial_bandwith: 29, is_empty: 0)

Apartment Name: E, Max Bandwidth: 140
(id: 124, initial_bandwith: 13, is_empty: 0) (id: 377, initial_bandwith: 0, is_empty: 0) (id: 75, initial_bandwith: 2, is_empty: 0) (id: 217, initial_bandwith: 13, is_empty: 0) (id: 485, initial_bandwith: 9, is_empty: 0) (id: 308, initial_bandwith: 7, is_empty: 0) (id: 90, initial_bandwith: 3, is_empty: 0) (id: 170, initial_bandwith: 2, is_empty: 0) 
backwards
(id: 170, initial_bandwith: 2, is_empty: 0)(id: 90, initial_bandwith: 3, is_empty: 0)(id: 308, initial_bandwith: 7, is_empty: 0)(id: 485, initial_bandwith: 9, is_empty: 0)(id: 217, initial_bandwith: 13, is_empty: 0)(id: 75, initial_bandwith: 2, is_empty: 0)(id: 377, initial_bandwith: 0, is_empty: 0)(id: 124, initial_bandwith: 13, is_empty: 0)

Apartment Name: L, Max Bandwidth: 280
(id: 229, initial_bandwith: 11, is_empty: 0) (id: 294, initial_bandwith: 3, is_empty: 0) (id: 437, initial_bandwith: 19, is_empty: 0) (id: 412, initial_bandwith: 2, is_empty: 0) (id: 101, initial_bandwith: 6, is_empty: 0) (id: 374, initial_bandwith: 12, is_empty: 0) (id: 131, initial_bandwith: 12, is_empty: 0) (id: 380, initial_bandwith: 17, is_empty: 0) (id: 402, initial_bandwith: 15, is_empty: 0) (id: 379, initial_bandwith: 15, is_empty: 0) (id: 91, initial_bandwith: 16, is_empty: 0) 
backwards
(id: 91, initial_bandwith: 16, is_empty: 0)(id: 379, initial_bandwith: 15, is_empty: 0)(id: 402, initial_bandwith: 15, is_empty: 0)(id: 380, initial_bandwith: 17, is_empty: 0)(id: 131, initial_bandwith: 12, is_empty: 0)(id: 374, initial_bandwith: 12, is_empty: 0)(id: 101, initial_bandwith: 6, is_empty: 0)(id: 412, initial_bandwith: 2, is_empty: 0)(id: 437, initial_bandwith: 19, is_empty: 0)(id: 294, initial_bandwith: 3, is_empty: 0)(id: 229, initial_bandwith: 11, is_empty: 0)

Apartment Name: B, Max Bandwidth: 300
(id: 262, initial_bandwith: 40, is_empty: 0) (id: 318, initial_bandwith: 6, is_empty: 0) (id: 415, initial_bandwith: 32, is_empty: 0) (id: 119, initial_bandwith: 43, is_empty: 0) (id: 295, initial_bandwith: 28, is_empty: 0) (id: 342, initial_bandwith: 7, is_empty: 0) 
backwards
(id: 342, initial_bandwith: 7, is_empty: 0)(id: 295, initial_bandwith: 28, is_empty: 0)(id: 119, initial_bandwith: 43, is_empty: 0)(id: 415, initial_bandwith: 32, is_empty: 0)(id: 318, initial_bandwith: 6, is_empty: 0)(id: 262, initial_bandwith: 40, is_empty: 0)

Apartment Name: D, Max Bandwidth: 260
(id: 185, initial_bandwith: 10, is_empty: 0) (id: 399, initial_bandwith: 1, is_empty: 0) (id: 190, initial_bandwith: 8, is_empty: 0) (id: 313, initial_bandwith: 17, is_empty: 0) (id: 154, initial_bandwith: 9, is_empty: 0) (id: 367, initial_bandwith: 9, is_empty: 0) (id: 34, initial_bandwith: 0, is_empty: 0) (id: 475, initial_bandwith: 2, is_empty: 0) (id: 368, initial_bandwith: 0, is_empty: 0) (id: 359, initial_bandwith: 18, is_empty: 0) (id: 59, initial_bandwith: 0, is_empty: 0) (id: 355, initial_bandwith: 10, is_empty: 0) (id: 225, initial_bandwith: 4, is_empty: 0) (id: 167, initial_bandwith: 13, is_empty: 0) 
backwards
(id: 167, initial_bandwith: 13, is_empty: 0)(id: 225, initial_bandwith: 4, is_empty: 0)(id: 355, initial_bandwith: 10, is_empty: 0)(id: 59, initial_bandwith: 0, is_empty: 0)(id: 359, initial_bandwith: 18, is_empty: 0)(id: 368, initial_bandwith: 0, is_empty: 0)(id: 475, initial_bandwith: 2, is_empty: 0)(id: 34, initial_bandwith: 0, is_empty: 0)(id: 367, initial_bandwith: 9, is_empty: 0)(id: 154, initial_bandwith: 9, is_empty: 0)(id: 313, initial_bandwith: 17, is_empty: 0)(id: 190, initial_bandwith: 8, is_empty: 0)(id: 399, initial_bandwith: 1, is_empty: 0)(id: 185, initial_bandwith: 10, is_empty: 0)

Apartment Name: J, Max Bandwidth: 340
(id: 316, initial_bandwith: 76, is_empty: 0) (id: 18, initial_bandwith: 36, is_empty: 0) (id: 292, initial_bandwith: 6, is_empty: 0) 
backwards
(id: 292, initial_bandwith: 6, is_empty: 0)(id: 18, initial_bandwith: 36, is_empty: 0)(id: 316, initial_bandwith: 76, is_empty: 0)

Apartment Name: T, Max Bandwidth: 120
(id: 282, initial_bandwith: 8, is_empty: 0) (id: 184, initial_bandwith: 8, is_empty: 0) (id: 155, initial_bandwith: 7, is_empty: 0) (id: 258, initial_bandwith: 10, is_empty: 0) (id: 409, initial_bandwith: 1, is_empty: 0) (id: 237, initial_bandwith: 2, is_empty: 0) (id: 163, initial_bandwith: 5, is_empty: 0) (id: 307, initial_bandwith: 5, is_empty: 0) (id: 17, initial_bandwith: 6, is_empty: 0) (id: 285, initial_bandwith: 6, is_empty: 0) 
backwards
(id: 285, initial_bandwith: 6, is_empty: 0)(id: 17, initial_bandwith: 6, is_empty: 0)(id: 307, initial_bandwith: 5, is_empty: 0)(id: 163, initial_bandwith: 5, is_empty: 0)(id: 237, initial_bandwith: 2, is_empty: 0)(id: 409, initial_bandwith: 1, is_empty: 0)(id: 258, initial_bandwith: 10, is_empty: 0)(id: 155, initial_bandwith: 7, is_empty: 0)(id: 184, initial_bandwith: 8, is_empty: 0)(id: 282, initial_bandwith: 8, is_empty: 0)
