
Apartment Name: E, Max Bandwidth: 196
(id: 46, initial_bandwith: 6, is_empty: 0) (id: 40, initial_bandwith: 13, is_empty: 0) (id: 389, initial_bandwith: 10, is_empty: 0) (id: 241, initial_bandwith: 3, is_empty: 0) (id: 234, initial_bandwith: 8, is_empty: 0) (id: 2, initial_bandwith: 11, is_empty: 0) (id: 49, initial_bandwith: 13, is_empty: 0) (id: 413, initial_bandwith: 12, is_empty: 0) (id: 414, initial_bandwith: 14, is_empty: 0) 
backwards
(id: 414, initial_bandwith: 14, is_empty: 0)(id: 413, initial_bandwith: 12, is_empty: 0)(id: 49, initial_bandwith: 13, is_empty: 0)(id: 2, initial_bandwith: 11, is_empty: 0)(id: 234, initial_bandwith: 8, is_empty: 0)(id: 241, initial_bandwith: 3, is_empty: 0)(id: 389, initial_bandwith: 10, is_empty: 0)(id: 40, initial_bandwith: 13, is_empty: 0)(id: 46, initial_bandwith: 6, is_empty: 0)

Apartment Name: X, Max Bandwidth: 240
(id: 218, initial_bandwith: 36, is_empty: 0) (id: 23, initial_bandwith: 42, is_empty: 0) (id: 322, initial_bandwith: 14, is_empty: 0) (id: 144, initial_bandwith: 7, is_empty: 0) (id: 465, initial_bandwith: 44, is_empty: 0) 
backwards
(id: 465, initial_bandwith: 44, is_empty: 0)(id: 144, initial_bandwith: 7, is_empty: 0)(id: 322, initial_bandwith: 14, is_empty: 0)(id: 23, initial_bandwith: 42, is_empty: 0)(id: 218, initial_bandwith: 36, is_empty: 0)

Apartment Name: G, Max Bandwidth: 180
(id: 333, initial_bandwith: 8, is_empty: 0) (id: 432, initial_bandwith: 14, is_empty: 0) (id: 316, initial_bandwith: 14, is_empty: 0) (id: 78, initial_bandwith: 18, is_empty: 0) (id: 436, initial_bandwith: 9, is_empty: 0) (id: 353, initial_bandwith: 15, is_empty: 0) (id: 28, initial_bandwith: 17, is_empty: 0) (id: 5, initial_bandwith: 0, is_empty: 0) (id: 341, initial_bandwith: 10, is_empty: 0) (id: 421, initial_bandwith: 5, is_empty: 0) 
backwards
(id: 421, initial_bandwith: 5, is_empty: 0)(id: 341, initial_bandwith: 10, is_empty: 0)(id: 5, initial_bandwith: 0, is_empty: 0)(id: 28, initial_bandwith: 17, is_empty: 0)(id: 353, initial_bandwith: 15, is_empty: 0)(id: 436, initial_bandwith: 9, is_empty: 0)(id: 78, initial_bandwith: 18, is_empty: 0)(id: 316, initial_bandwith: 14, is_empty: 0)(id: 432, initial_bandwith: 14, is_empty: 0)(id: 333, initial_bandwith: 8, is_empty: 0)

Apartment Name: A, Max Bandwidth: 261
(id: 18, initial_bandwith: 26, is_empty: 0) (id: 375, initial_bandwith: 50, is_empty: 0) (id: 73, initial_bandwith: 32, is_empty: 0) (id: 77, initial_bandwith: 46, is_empty: 0) 
backwards
(id: 77, initial_bandwith: 46, is_empty: 0)(id: 73, initial_bandwith: 32, is_empty: 0)(id: 375, initial_bandwith: 50, is_empty: 0)(id: 18, initial_bandwith: 26, is_empty: 0)

Apartment Name: K, Max Bandwidth: 92
(id: 279, initial_bandwith: 11, is_empty: 0) (id: 58, initial_bandwith: 2, is_empty: 0) (id: 470, initial_bandwith: 15, is_empty: 0) (id: 295, initial_bandwith: 1, is_empty: 0) (id: 17, initial_bandwith: 5, is_empty: 0) 
backwards
(id: 17, initial_bandwith: 5, is_empty: 0)(id: 295, initial_bandwith: 1, is_empty: 0)(id: 470, initial_bandwith: 15, is_empty: 0)(id: 58, initial_bandwith: 2, is_empty: 0)(id: 279, initial_bandwith: 11, is_empty: 0)

Apartment Name: V, Max Bandwidth: 193
(id: 282, initial_bandwith: 13, is_empty: 0) (id: 246, initial_bandwith: 6, is_empty: 0) (id: 497, initial_bandwith: 8, is_empty: 0) (id: 97, initial_bandwith: 13, is_empty: 0) (id: 116, initial_bandwith: 10, is_empty: 0) (id: 349, initial_bandwith: 10, is_empty: 0) (id: 208, initial_bandwith: 10, is_empty: 0) (id: 479, initial_bandwith: 6, is_empty: 0) (id: 109, initial_bandwith: 1, is_empty: 0) 
backwards
(id: 109, initial_bandwith: 1, is_empty: 0)(id: 479, initial_bandwith: 6, is_empty: 0)(id: 208, initial_bandwith: 10, is_empty: 0)(id: 349, initial_bandwith: 10, is_empty: 0)(id: 116, initial_bandwith: 10, is_empty: 0)(id: 97, initial_bandwith: 13, is_empty: 0)(id: 497, initial_bandwith: 8, is_empty: 0)(id: 246, initial_bandwith: 6, is_empty: 0)(id: 282, initial_bandwith: 13, is_empty: 0)

Apartment Name: N, Max Bandwidth: 134
(id: 284, initial_bandwith: 7, is_empty: 0) (id: 179, initial_bandwith: 43, is_empty: 0) (id: 402, initial_bandwith: 23, is_empty: 0) 
backwards
(id: 402, initial_bandwith: 23, is_empty: 0)(id: 179, initial_bandwith: 43, is_empty: 0)(id: 284, initial_bandwith: 7, is_empty: 0)

Apartment Name: U, Max Bandwidth: 231
(id: 285, initial_bandwith: 16, is_empty: 0) (id: 261, initial_bandwith: 2, is_empty: 0) (id: 495, initial_bandwith: 12, is_empty: 0) (id: 86, initial_bandwith: 20, is_empty: 0) (id: 108, initial_bandwith: 22, is_empty: 0) (id: 76, initial_bandwith: 20, is_empty: 0) (id: 365, initial_bandwith: 9, is_empty: 0) (id: 443, initial_bandwith: 22, is_empty: 0) 
backwards
(id: 443, initial_bandwith: 22, is_empty: 0)(id: 365, initial_bandwith: 9, is_empty: 0)(id: 76, initial_bandwith: 20, is_empty: 0)(id: 108, initial_bandwith: 22, is_empty: 0)(id: 86, initial_bandwith: 20, is_empty: 0)(id: 495, initial_bandwith: 12, is_empty: 0)(id: 261, initial_bandwith: 2, is_empty: 0)(id: 285, initial_bandwith: 16, is_empty: 0)

Apartment Name: S, Max Bandwidth: 565
(id: 344, initial_bandwith: 18, is_empty: 0) (id: 385, initial_bandwith: 9, is_empty: 0) (id: 19, initial_bandwith: 7, is_empty: 0) (id: 154, initial_bandwith: 1, is_empty: 0) (id: 157, initial_bandwith: 6, is_empty: 0) (id: 404, initial_bandwith: 0, is_empty: 0) (id: 74, initial_bandwith: 23, is_empty: 0) (id: 299, initial_bandwith: 4, is_empty: 0) (id: 199, initial_bandwith: 25, is_empty: 0) (id: 206, initial_bandwith: 6, is_empty: 0) (id: 173, initial_bandwith: 59, is_empty: 0) (id: 81, initial_bandwith: 43, is_empty: 0) (id: 254, initial_bandwith: 1, is_empty: 0) (id: 420, initial_bandwith: 3, is_empty: 0) (id: 223, initial_bandwith: 4, is_empty: 0) (id: 461, initial_bandwith: 4, is_empty: 0) (id: 32, initial_bandwith: 5, is_empty: 0) (id: 238, initial_bandwith: 9, is_empty: 0) (id: 331, initial_bandwith: 0, is_empty: 0) (id: 474, initial_bandwith: 6, is_empty: 0) (id: 159, initial_bandwith: 8, is_empty: 0) (id: 120, initial_bandwith: 43, is_empty: 0) (id: 262, initial_bandwith: 3, is_empty: 0) (id: 50, initial_bandwith: 9, is_empty: 0) (id: 484, initial_bandwith: 8, is_empty: 0) (id: 260, initial_bandwith: 3, is_empty: 0) (id: 112, initial_bandwith: 5, is_empty: 0) (id: 42, initial_bandwith: 16, is_empty: 0) (id: 297, initial_bandwith: 8, is_empty: 0) (id: 13, initial_bandwith: 13, is_empty: 0) (id: 362, initial_bandwith: 1, is_empty: 0) (id: 387, initial_bandwith: 7, is_empty: 0) (id: 275, initial_bandwith: 4, is_empty: 0) (id: 176, initial_bandwith: 12, is_empty: 0) (id: 205, initial_bandwith: 19, is_empty: 0) (id: 69, initial_bandwith: 2, is_empty: 0) (id: 165, initial_bandwith: 20, is_empty: 0) (id: 440, initial_bandwith: 16, is_empty: 0) (id: 324, initial_bandwith: 14, is_empty: 0) 
backwards
(id: 324, initial_bandwith: 14, is_empty: 0)(id: 440, initial_bandwith: 16, is_empty: 0)(id: 165, initial_bandwith: 20, is_empty: 0)(id: 69, initial_bandwith: 2, is_empty: 0)(id: 205, initial_bandwith: 19, is_empty: 0)(id: 176, initial_bandwith: 12, is_empty: 0)(id: 275, initial_bandwith: 4, is_empty: 0)(id: 387, initial_bandwith: 7, is_empty: 0)(id: 362, initial_bandwith: 1, is_empty: 0)(id: 13, initial_bandwith: 13, is_empty: 0)(id: 297, initial_bandwith: 8, is_empty: 0)(id: 42, initial_bandwith: 16, is_empty: 0)(id: 112, initial_bandwith: 5, is_empty: 0)(id: 260, initial_bandwith: 3, is_empty: 0)(id: 484, initial_bandwith: 8, is_empty: 0)(id: 50, initial_bandwith: 9, is_empty: 0)(id: 262, initial_bandwith: 3, is_empty: 0)(id: 120, initial_bandwith: 43, is_empty: 0)(id: 159, initial_bandwith: 8, is_empty: 0)(id: 474, initial_bandwith: 6, is_empty: 0)(id: 331, initial_bandwith: 0, is_empty: 0)(id: 238, initial_bandwith: 9, is_empty: 0)(id: 32, initial_bandwith: 5, is_empty: 0)(id: 461, initial_bandwith: 4, is_empty: 0)(id: 223, initial_bandwith: 4, is_empty: 0)(id: 420, initial_bandwith: 3, is_empty: 0)(id: 254, initial_bandwith: 1, is_empty: 0)(id: 81, initial_bandwith: 43, is_empty: 0)(id: 173, initial_bandwith: 59, is_empty: 0)(id: 206, initial_bandwith: 6, is_empty: 0)(id: 199, initial_bandwith: 25, is_empty: 0)(id: 299, initial_bandwith: 4, is_empty: 0)(id: 74, initial_bandwith: 23, is_empty: 0)(id: 404, initial_bandwith: 0, is_empty: 0)(id: 157, initial_bandwith: 6, is_empty: 0)(id: 154, initial_bandwith: 1, is_empty: 0)(id: 19, initial_bandwith: 7, is_empty: 0)(id: 385, initial_bandwith: 9, is_empty: 0)(id: 344, initial_bandwith: 18, is_empty: 0)

Apartment Name: T, Max Bandwidth: 180
(id: 302, initial_bandwith: 19, is_empty: 0) (id: 71, initial_bandwith: 6, is_empty: 0) (id: 466, initial_bandwith: 9, is_empty: 0) (id: 228, initial_bandwith: 26, is_empty: 0) (id: 318, initial_bandwith: 21, is_empty: 0) (id: 492, initial_bandwith: 2, is_empty: 0) 
backwards
(id: 492, initial_bandwith: 2, is_empty: 0)(id: 318, initial_bandwith: 21, is_empty: 0)(id: 228, initial_bandwith: 26, is_empty: 0)(id: 466, initial_bandwith: 9, is_empty: 0)(id: 71, initial_bandwith: 6, is_empty: 0)(id: 302, initial_bandwith: 19, is_empty: 0)

Apartment Name: C, Max Bandwidth: 80
(id: 498, initial_bandwith: 3, is_empty: 0) (id: 303, initial_bandwith: 1, is_empty: 0) (id: 455, initial_bandwith: 3, is_empty: 0) (id: 127, initial_bandwith: 2, is_empty: 0) (id: 104, initial_bandwith: 3, is_empty: 0) (id: 352, initial_bandwith: 0, is_empty: 0) (id: 253, initial_bandwith: 1, is_empty: 0) (id: 411, initial_bandwith: 3, is_empty: 0) (id: 449, initial_bandwith: 5, is_empty: 0) (id: 351, initial_bandwith: 1, is_empty: 0) (id: 329, initial_bandwith: 5, is_empty: 0) 
backwards
(id: 329, initial_bandwith: 5, is_empty: 0)(id: 351, initial_bandwith: 1, is_empty: 0)(id: 449, initial_bandwith: 5, is_empty: 0)(id: 411, initial_bandwith: 3, is_empty: 0)(id: 253, initial_bandwith: 1, is_empty: 0)(id: 352, initial_bandwith: 0, is_empty: 0)(id: 104, initial_bandwith: 3, is_empty: 0)(id: 127, initial_bandwith: 2, is_empty: 0)(id: 455, initial_bandwith: 3, is_empty: 0)(id: 303, initial_bandwith: 1, is_empty: 0)(id: 498, initial_bandwith: 3, is_empty: 0)

Apartment Name: L, Max Bandwidth: 208
(id: 239, initial_bandwith: 4, is_empty: 0) (id: 6, initial_bandwith: 19, is_empty: 0) (id: 292, initial_bandwith: 29, is_empty: 0) (id: 319, initial_bandwith: 26, is_empty: 0) (id: 380, initial_bandwith: 14, is_empty: 0) 
backwards
(id: 380, initial_bandwith: 14, is_empty: 0)(id: 319, initial_bandwith: 26, is_empty: 0)(id: 292, initial_bandwith: 29, is_empty: 0)(id: 6, initial_bandwith: 19, is_empty: 0)(id: 239, initial_bandwith: 4, is_empty: 0)
