
Apartment Name: T, Max Bandwidth: 84
(id: 106, initial_bandwith: 6, is_empty: 0) (id: 205, initial_bandwith: 4, is_empty: 0) (id: 362, initial_bandwith: 8, is_empty: 0) (id: 421, initial_bandwith: 8, is_empty: 0) (id: 32, initial_bandwith: 3, is_empty: 0) (id: 341, initial_bandwith: 0, is_empty: 0) (id: 358, initial_bandwith: 7, is_empty: 0) (id: 486, initial_bandwith: 8, is_empty: 0) (id: 364, initial_bandwith: 2, is_empty: 0) 
backwards
(id: 364, initial_bandwith: 2, is_empty: 0)(id: 486, initial_bandwith: 8, is_empty: 0)(id: 358, initial_bandwith: 7, is_empty: 0)(id: 341, initial_bandwith: 0, is_empty: 0)(id: 32, initial_bandwith: 3, is_empty: 0)(id: 421, initial_bandwith: 8, is_empty: 0)(id: 362, initial_bandwith: 8, is_empty: 0)(id: 205, initial_bandwith: 4, is_empty: 0)(id: 106, initial_bandwith: 6, is_empty: 0)

Apartment Name: O, Max Bandwidth: 248
(id: 236, initial_bandwith: 22, is_empty: 0) (id: 168, initial_bandwith: 26, is_empty: 0) (id: 469, initial_bandwith: 4, is_empty: 0) (id: 26, initial_bandwith: 25, is_empty: 0) (id: 401, initial_bandwith: 13, is_empty: 0) (id: 112, initial_bandwith: 29, is_empty: 0) 
backwards
(id: 112, initial_bandwith: 29, is_empty: 0)(id: 401, initial_bandwith: 13, is_empty: 0)(id: 26, initial_bandwith: 25, is_empty: 0)(id: 469, initial_bandwith: 4, is_empty: 0)(id: 168, initial_bandwith: 26, is_empty: 0)(id: 236, initial_bandwith: 22, is_empty: 0)

Apartment Name: X, Max Bandwidth: 340
(id: 66, initial_bandwith: 16, is_empty: 0) (id: 440, initial_bandwith: 1, is_empty: 0) (id: 255, initial_bandwith: 15, is_empty: 0) (id: 492, initial_bandwith: 6, is_empty: 0) (id: 392, initial_bandwith: 14, is_empty: 0) (id: 279, initial_bandwith: 2, is_empty: 0) (id: 337, initial_bandwith: 17, is_empty: 0) (id: 287, initial_bandwith: 7, is_empty: 0) (id: 494, initial_bandwith: 8, is_empty: 0) (id: 194, initial_bandwith: 0, is_empty: 0) (id: 208, initial_bandwith: 20, is_empty: 0) (id: 74, initial_bandwith: 12, is_empty: 0) (id: 482, initial_bandwith: 11, is_empty: 0) (id: 219, initial_bandwith: 3, is_empty: 0) (id: 60, initial_bandwith: 4, is_empty: 0) (id: 63, initial_bandwith: 9, is_empty: 0) 
backwards
(id: 63, initial_bandwith: 9, is_empty: 0)(id: 60, initial_bandwith: 4, is_empty: 0)(id: 219, initial_bandwith: 3, is_empty: 0)(id: 482, initial_bandwith: 11, is_empty: 0)(id: 74, initial_bandwith: 12, is_empty: 0)(id: 208, initial_bandwith: 20, is_empty: 0)(id: 194, initial_bandwith: 0, is_empty: 0)(id: 494, initial_bandwith: 8, is_empty: 0)(id: 287, initial_bandwith: 7, is_empty: 0)(id: 337, initial_bandwith: 17, is_empty: 0)(id: 279, initial_bandwith: 2, is_empty: 0)(id: 392, initial_bandwith: 14, is_empty: 0)(id: 492, initial_bandwith: 6, is_empty: 0)(id: 255, initial_bandwith: 15, is_empty: 0)(id: 440, initial_bandwith: 1, is_empty: 0)(id: 66, initial_bandwith: 16, is_empty: 0)

Apartment Name: H, Max Bandwidth: 336
(id: 43, initial_bandwith: 15, is_empty: 0) (id: 305, initial_bandwith: 3, is_empty: 0) (id: 78, initial_bandwith: 14, is_empty: 0) (id: 278, initial_bandwith: 31, is_empty: 0) (id: 495, initial_bandwith: 14, is_empty: 0) (id: 295, initial_bandwith: 3, is_empty: 0) (id: 67, initial_bandwith: 36, is_empty: 0) (id: 199, initial_bandwith: 15, is_empty: 0) (id: 14, initial_bandwith: 16, is_empty: 0) 
backwards
(id: 14, initial_bandwith: 16, is_empty: 0)(id: 199, initial_bandwith: 15, is_empty: 0)(id: 67, initial_bandwith: 36, is_empty: 0)(id: 295, initial_bandwith: 3, is_empty: 0)(id: 495, initial_bandwith: 14, is_empty: 0)(id: 278, initial_bandwith: 31, is_empty: 0)(id: 78, initial_bandwith: 14, is_empty: 0)(id: 305, initial_bandwith: 3, is_empty: 0)(id: 43, initial_bandwith: 15, is_empty: 0)

Apartment Name: P, Max Bandwidth: 456
(id: 11, initial_bandwith: 12, is_empty: 0) (id: 142, initial_bandwith: 2, is_empty: 0) (id: 230, initial_bandwith: 12, is_empty: 0) (id: 485, initial_bandwith: 11, is_empty: 0) (id: 402, initial_bandwith: 16, is_empty: 0) (id: 463, initial_bandwith: 6, is_empty: 0) (id: 262, initial_bandwith: 4, is_empty: 0) (id: 209, initial_bandwith: 4, is_empty: 0) (id: 299, initial_bandwith: 12, is_empty: 0) (id: 23, initial_bandwith: 3, is_empty: 0) (id: 138, initial_bandwith: 0, is_empty: 0) (id: 325, initial_bandwith: 7, is_empty: 0) (id: 424, initial_bandwith: 9, is_empty: 0) (id: 338, initial_bandwith: 9, is_empty: 0) (id: 156, initial_bandwith: 3, is_empty: 0) (id: 59, initial_bandwith: 1, is_empty: 0) (id: 487, initial_bandwith: 24, is_empty: 0) (id: 450, initial_bandwith: 9, is_empty: 0) (id: 484, initial_bandwith: 23, is_empty: 0) (id: 58, initial_bandwith: 12, is_empty: 0) (id: 320, initial_bandwith: 10, is_empty: 0) (id: 332, initial_bandwith: 5, is_empty: 0) (id: 179, initial_bandwith: 6, is_empty: 0) (id: 429, initial_bandwith: 16, is_empty: 0) (id: 131, initial_bandwith: 16, is_empty: 0) (id: 139, initial_bandwith: 3, is_empty: 0) (id: 49, initial_bandwith: 15, is_empty: 0) (id: 377, initial_bandwith: 17, is_empty: 0) (id: 87, initial_bandwith: 9, is_empty: 0) (id: 408, initial_bandwith: 12, is_empty: 0) (id: 354, initial_bandwith: 7, is_empty: 0) 
backwards
(id: 354, initial_bandwith: 7, is_empty: 0)(id: 408, initial_bandwith: 12, is_empty: 0)(id: 87, initial_bandwith: 9, is_empty: 0)(id: 377, initial_bandwith: 17, is_empty: 0)(id: 49, initial_bandwith: 15, is_empty: 0)(id: 139, initial_bandwith: 3, is_empty: 0)(id: 131, initial_bandwith: 16, is_empty: 0)(id: 429, initial_bandwith: 16, is_empty: 0)(id: 179, initial_bandwith: 6, is_empty: 0)(id: 332, initial_bandwith: 5, is_empty: 0)(id: 320, initial_bandwith: 10, is_empty: 0)(id: 58, initial_bandwith: 12, is_empty: 0)(id: 484, initial_bandwith: 23, is_empty: 0)(id: 450, initial_bandwith: 9, is_empty: 0)(id: 487, initial_bandwith: 24, is_empty: 0)(id: 59, initial_bandwith: 1, is_empty: 0)(id: 156, initial_bandwith: 3, is_empty: 0)(id: 338, initial_bandwith: 9, is_empty: 0)(id: 424, initial_bandwith: 9, is_empty: 0)(id: 325, initial_bandwith: 7, is_empty: 0)(id: 138, initial_bandwith: 0, is_empty: 0)(id: 23, initial_bandwith: 3, is_empty: 0)(id: 299, initial_bandwith: 12, is_empty: 0)(id: 209, initial_bandwith: 4, is_empty: 0)(id: 262, initial_bandwith: 4, is_empty: 0)(id: 463, initial_bandwith: 6, is_empty: 0)(id: 402, initial_bandwith: 16, is_empty: 0)(id: 485, initial_bandwith: 11, is_empty: 0)(id: 230, initial_bandwith: 12, is_empty: 0)(id: 142, initial_bandwith: 2, is_empty: 0)(id: 11, initial_bandwith: 12, is_empty: 0)

Apartment Name: M, Max Bandwidth: 288
(id: 12, initial_bandwith: 14, is_empty: 0) (id: 415, initial_bandwith: 18, is_empty: 0) (id: 405, initial_bandwith: 25, is_empty: 0) (id: 188, initial_bandwith: 27, is_empty: 0) (id: 95, initial_bandwith: 12, is_empty: 0) (id: 372, initial_bandwith: 23, is_empty: 0) (id: 462, initial_bandwith: 15, is_empty: 0) (id: 244, initial_bandwith: 15, is_empty: 0) (id: 496, initial_bandwith: 15, is_empty: 0) 
backwards
(id: 496, initial_bandwith: 15, is_empty: 0)(id: 244, initial_bandwith: 15, is_empty: 0)(id: 462, initial_bandwith: 15, is_empty: 0)(id: 372, initial_bandwith: 23, is_empty: 0)(id: 95, initial_bandwith: 12, is_empty: 0)(id: 188, initial_bandwith: 27, is_empty: 0)(id: 405, initial_bandwith: 25, is_empty: 0)(id: 415, initial_bandwith: 18, is_empty: 0)(id: 12, initial_bandwith: 14, is_empty: 0)

Apartment Name: F, Max Bandwidth: 188
(id: 318, initial_bandwith: 9, is_empty: 0) (id: 369, initial_bandwith: 9, is_empty: 0) (id: 347, initial_bandwith: 14, is_empty: 0) (id: 343, initial_bandwith: 6, is_empty: 0) (id: 118, initial_bandwith: 11, is_empty: 0) (id: 324, initial_bandwith: 7, is_empty: 0) (id: 109, initial_bandwith: 14, is_empty: 0) (id: 472, initial_bandwith: 14, is_empty: 0) (id: 211, initial_bandwith: 0, is_empty: 0) (id: 418, initial_bandwith: 7, is_empty: 0) (id: 398, initial_bandwith: 4, is_empty: 0) (id: 447, initial_bandwith: 13, is_empty: 0) (id: 282, initial_bandwith: 4, is_empty: 0) 
backwards
(id: 282, initial_bandwith: 4, is_empty: 0)(id: 447, initial_bandwith: 13, is_empty: 0)(id: 398, initial_bandwith: 4, is_empty: 0)(id: 418, initial_bandwith: 7, is_empty: 0)(id: 211, initial_bandwith: 0, is_empty: 0)(id: 472, initial_bandwith: 14, is_empty: 0)(id: 109, initial_bandwith: 14, is_empty: 0)(id: 324, initial_bandwith: 7, is_empty: 0)(id: 118, initial_bandwith: 11, is_empty: 0)(id: 343, initial_bandwith: 6, is_empty: 0)(id: 347, initial_bandwith: 14, is_empty: 0)(id: 369, initial_bandwith: 9, is_empty: 0)(id: 318, initial_bandwith: 9, is_empty: 0)

Apartment Name: Z, Max Bandwidth: 340
(id: 7, initial_bandwith: 27, is_empty: 0) (id: 175, initial_bandwith: 57, is_empty: 0) (id: 465, initial_bandwith: 11, is_empty: 0) (id: 296, initial_bandwith: 12, is_empty: 0) (id: 102, initial_bandwith: 36, is_empty: 0) 
backwards
(id: 102, initial_bandwith: 36, is_empty: 0)(id: 296, initial_bandwith: 12, is_empty: 0)(id: 465, initial_bandwith: 11, is_empty: 0)(id: 175, initial_bandwith: 57, is_empty: 0)(id: 7, initial_bandwith: 27, is_empty: 0)

Apartment Name: I, Max Bandwidth: 271
(id: 231, initial_bandwith: 7, is_empty: 0) (id: 414, initial_bandwith: 14, is_empty: 0) (id: 151, initial_bandwith: 6, is_empty: 0) (id: 264, initial_bandwith: 8, is_empty: 0) (id: 89, initial_bandwith: 8, is_empty: 0) (id: 193, initial_bandwith: 8, is_empty: 0) (id: 234, initial_bandwith: 2, is_empty: 0) (id: 446, initial_bandwith: 6, is_empty: 0) (id: 375, initial_bandwith: 3, is_empty: 0) (id: 349, initial_bandwith: 3, is_empty: 0) (id: 207, initial_bandwith: 14, is_empty: 0) (id: 68, initial_bandwith: 0, is_empty: 0) (id: 137, initial_bandwith: 5, is_empty: 0) (id: 417, initial_bandwith: 1, is_empty: 0) (id: 147, initial_bandwith: 7, is_empty: 0) (id: 195, initial_bandwith: 1, is_empty: 0) (id: 192, initial_bandwith: 5, is_empty: 0) (id: 427, initial_bandwith: 10, is_empty: 0) 
backwards
(id: 427, initial_bandwith: 10, is_empty: 0)(id: 192, initial_bandwith: 5, is_empty: 0)(id: 195, initial_bandwith: 1, is_empty: 0)(id: 147, initial_bandwith: 7, is_empty: 0)(id: 417, initial_bandwith: 1, is_empty: 0)(id: 137, initial_bandwith: 5, is_empty: 0)(id: 68, initial_bandwith: 0, is_empty: 0)(id: 207, initial_bandwith: 14, is_empty: 0)(id: 349, initial_bandwith: 3, is_empty: 0)(id: 375, initial_bandwith: 3, is_empty: 0)(id: 446, initial_bandwith: 6, is_empty: 0)(id: 234, initial_bandwith: 2, is_empty: 0)(id: 193, initial_bandwith: 8, is_empty: 0)(id: 89, initial_bandwith: 8, is_empty: 0)(id: 264, initial_bandwith: 8, is_empty: 0)(id: 151, initial_bandwith: 6, is_empty: 0)(id: 414, initial_bandwith: 14, is_empty: 0)(id: 231, initial_bandwith: 7, is_empty: 0)

Apartment Name: Y, Max Bandwidth: 260
(id: 376, initial_bandwith: 6, is_empty: 0) (id: 334, initial_bandwith: 16, is_empty: 0) (id: 177, initial_bandwith: 47, is_empty: 0) (id: 201, initial_bandwith: 30, is_empty: 0) (id: 218, initial_bandwith: 9, is_empty: 0) 
backwards
(id: 218, initial_bandwith: 9, is_empty: 0)(id: 201, initial_bandwith: 30, is_empty: 0)(id: 177, initial_bandwith: 47, is_empty: 0)(id: 334, initial_bandwith: 16, is_empty: 0)(id: 376, initial_bandwith: 6, is_empty: 0)

Apartment Name: L, Max Bandwidth: 140
(id: 283, initial_bandwith: 2, is_empty: 0) (id: 473, initial_bandwith: 3, is_empty: 0) (id: 159, initial_bandwith: 12, is_empty: 0) (id: 459, initial_bandwith: 12, is_empty: 0) (id: 335, initial_bandwith: 3, is_empty: 0) (id: 228, initial_bandwith: 6, is_empty: 0) (id: 452, initial_bandwith: 11, is_empty: 0) (id: 260, initial_bandwith: 6, is_empty: 0) (id: 190, initial_bandwith: 10, is_empty: 0) (id: 479, initial_bandwith: 8, is_empty: 0) (id: 238, initial_bandwith: 3, is_empty: 0) 
backwards
(id: 238, initial_bandwith: 3, is_empty: 0)(id: 479, initial_bandwith: 8, is_empty: 0)(id: 190, initial_bandwith: 10, is_empty: 0)(id: 260, initial_bandwith: 6, is_empty: 0)(id: 452, initial_bandwith: 11, is_empty: 0)(id: 228, initial_bandwith: 6, is_empty: 0)(id: 335, initial_bandwith: 3, is_empty: 0)(id: 459, initial_bandwith: 12, is_empty: 0)(id: 159, initial_bandwith: 12, is_empty: 0)(id: 473, initial_bandwith: 3, is_empty: 0)(id: 283, initial_bandwith: 2, is_empty: 0)

Apartment Name: B, Max Bandwidth: 137
(id: 277, initial_bandwith: 0, is_empty: 0) (id: 37, initial_bandwith: 7, is_empty: 0) (id: 6, initial_bandwith: 2, is_empty: 0) (id: 140, initial_bandwith: 5, is_empty: 0) (id: 481, initial_bandwith: 7, is_empty: 0) (id: 488, initial_bandwith: 1, is_empty: 0) (id: 180, initial_bandwith: 7, is_empty: 0) (id: 434, initial_bandwith: 5, is_empty: 0) (id: 275, initial_bandwith: 6, is_empty: 0) (id: 333, initial_bandwith: 5, is_empty: 0) (id: 499, initial_bandwith: 4, is_empty: 0) (id: 181, initial_bandwith: 6, is_empty: 0) (id: 460, initial_bandwith: 2, is_empty: 0) (id: 272, initial_bandwith: 3, is_empty: 0) 
backwards
(id: 272, initial_bandwith: 3, is_empty: 0)(id: 460, initial_bandwith: 2, is_empty: 0)(id: 181, initial_bandwith: 6, is_empty: 0)(id: 499, initial_bandwith: 4, is_empty: 0)(id: 333, initial_bandwith: 5, is_empty: 0)(id: 275, initial_bandwith: 6, is_empty: 0)(id: 434, initial_bandwith: 5, is_empty: 0)(id: 180, initial_bandwith: 7, is_empty: 0)(id: 488, initial_bandwith: 1, is_empty: 0)(id: 481, initial_bandwith: 7, is_empty: 0)(id: 140, initial_bandwith: 5, is_empty: 0)(id: 6, initial_bandwith: 2, is_empty: 0)(id: 37, initial_bandwith: 7, is_empty: 0)(id: 277, initial_bandwith: 0, is_empty: 0)

Apartment Name: W, Max Bandwidth: 233
(id: 249, initial_bandwith: 16, is_empty: 0) (id: 46, initial_bandwith: 11, is_empty: 0) (id: 34, initial_bandwith: 7, is_empty: 0) (id: 124, initial_bandwith: 11, is_empty: 0) (id: 1, initial_bandwith: 3, is_empty: 0) (id: 265, initial_bandwith: 7, is_empty: 0) (id: 253, initial_bandwith: 8, is_empty: 0) (id: 374, initial_bandwith: 11, is_empty: 0) (id: 247, initial_bandwith: 2, is_empty: 0) (id: 53, initial_bandwith: 11, is_empty: 0) (id: 3, initial_bandwith: 16, is_empty: 0) (id: 448, initial_bandwith: 12, is_empty: 0) (id: 94, initial_bandwith: 4, is_empty: 0) 
backwards
(id: 94, initial_bandwith: 4, is_empty: 0)(id: 448, initial_bandwith: 12, is_empty: 0)(id: 3, initial_bandwith: 16, is_empty: 0)(id: 53, initial_bandwith: 11, is_empty: 0)(id: 247, initial_bandwith: 2, is_empty: 0)(id: 374, initial_bandwith: 11, is_empty: 0)(id: 253, initial_bandwith: 8, is_empty: 0)(id: 265, initial_bandwith: 7, is_empty: 0)(id: 1, initial_bandwith: 3, is_empty: 0)(id: 124, initial_bandwith: 11, is_empty: 0)(id: 34, initial_bandwith: 7, is_empty: 0)(id: 46, initial_bandwith: 11, is_empty: 0)(id: 249, initial_bandwith: 16, is_empty: 0)

Apartment Name: A, Max Bandwidth: 280
(id: 55, initial_bandwith: 2, is_empty: 0) (id: 344, initial_bandwith: 9, is_empty: 0) (id: 273, initial_bandwith: 29, is_empty: 0) (id: 110, initial_bandwith: 16, is_empty: 0) (id: 40, initial_bandwith: 6, is_empty: 0) (id: 183, initial_bandwith: 5, is_empty: 0) (id: 191, initial_bandwith: 17, is_empty: 0) (id: 171, initial_bandwith: 23, is_empty: 0) 
backwards
(id: 171, initial_bandwith: 23, is_empty: 0)(id: 191, initial_bandwith: 17, is_empty: 0)(id: 183, initial_bandwith: 5, is_empty: 0)(id: 40, initial_bandwith: 6, is_empty: 0)(id: 110, initial_bandwith: 16, is_empty: 0)(id: 273, initial_bandwith: 29, is_empty: 0)(id: 344, initial_bandwith: 9, is_empty: 0)(id: 55, initial_bandwith: 2, is_empty: 0)

Apartment Name: D, Max Bandwidth: 179
(id: 167, initial_bandwith: 4, is_empty: 0) (id: 157, initial_bandwith: 1, is_empty: 0) (id: 384, initial_bandwith: 9, is_empty: 0) (id: 416, initial_bandwith: 2, is_empty: 0) (id: 75, initial_bandwith: 4, is_empty: 0) (id: 143, initial_bandwith: 4, is_empty: 0) (id: 120, initial_bandwith: 11, is_empty: 0) (id: 90, initial_bandwith: 4, is_empty: 0) (id: 373, initial_bandwith: 4, is_empty: 0) (id: 266, initial_bandwith: 11, is_empty: 0) (id: 328, initial_bandwith: 4, is_empty: 0) (id: 92, initial_bandwith: 6, is_empty: 0) (id: 284, initial_bandwith: 3, is_empty: 0) 
backwards
(id: 284, initial_bandwith: 3, is_empty: 0)(id: 92, initial_bandwith: 6, is_empty: 0)(id: 328, initial_bandwith: 4, is_empty: 0)(id: 266, initial_bandwith: 11, is_empty: 0)(id: 373, initial_bandwith: 4, is_empty: 0)(id: 90, initial_bandwith: 4, is_empty: 0)(id: 120, initial_bandwith: 11, is_empty: 0)(id: 143, initial_bandwith: 4, is_empty: 0)(id: 75, initial_bandwith: 4, is_empty: 0)(id: 416, initial_bandwith: 2, is_empty: 0)(id: 384, initial_bandwith: 9, is_empty: 0)(id: 157, initial_bandwith: 1, is_empty: 0)(id: 167, initial_bandwith: 4, is_empty: 0)
