
Apartment Name: A, Max Bandwidth: 240
(id: 381, initial_bandwith: 7, is_empty: 0) (id: 144, initial_bandwith: 15, is_empty: 0) (id: 214, initial_bandwith: 5, is_empty: 0) (id: 258, initial_bandwith: 8, is_empty: 0) (id: 20, initial_bandwith: 18, is_empty: 0) (id: 72, initial_bandwith: 13, is_empty: 0) (id: 453, initial_bandwith: 3, is_empty: 0) (id: 42, initial_bandwith: 17, is_empty: 0) (id: 303, initial_bandwith: 11, is_empty: 0) (id: 299, initial_bandwith: 4, is_empty: 0) (id: 412, initial_bandwith: 14, is_empty: 0) (id: 478, initial_bandwith: 11, is_empty: 0) (id: 99, initial_bandwith: 6, is_empty: 0) 
backwards
(id: 99, initial_bandwith: 6, is_empty: 0)(id: 478, initial_bandwith: 11, is_empty: 0)(id: 412, initial_bandwith: 14, is_empty: 0)(id: 299, initial_bandwith: 4, is_empty: 0)(id: 303, initial_bandwith: 11, is_empty: 0)(id: 42, initial_bandwith: 17, is_empty: 0)(id: 453, initial_bandwith: 3, is_empty: 0)(id: 72, initial_bandwith: 13, is_empty: 0)(id: 20, initial_bandwith: 18, is_empty: 0)(id: 258, initial_bandwith: 8, is_empty: 0)(id: 214, initial_bandwith: 5, is_empty: 0)(id: 144, initial_bandwith: 15, is_empty: 0)(id: 381, initial_bandwith: 7, is_empty: 0)

Apartment Name: Y, Max Bandwidth: 497
(id: 199, initial_bandwith: 4, is_empty: 0) (id: 158, initial_bandwith: 12, is_empty: 0) (id: 489, initial_bandwith: 11, is_empty: 0) (id: 43, initial_bandwith: 4, is_empty: 0) (id: 363, initial_bandwith: 8, is_empty: 0) (id: 445, initial_bandwith: 0, is_empty: 0) (id: 472, initial_bandwith: 11, is_empty: 0) (id: 253, initial_bandwith: 13, is_empty: 0) (id: 73, initial_bandwith: 11, is_empty: 0) (id: 239, initial_bandwith: 2, is_empty: 0) (id: 18, initial_bandwith: 14, is_empty: 0) (id: 231, initial_bandwith: 8, is_empty: 0) (id: 338, initial_bandwith: 11, is_empty: 0) (id: 9, initial_bandwith: 23, is_empty: 0) (id: 223, initial_bandwith: 3, is_empty: 0) (id: 13, initial_bandwith: 5, is_empty: 0) (id: 78, initial_bandwith: 21, is_empty: 0) (id: 236, initial_bandwith: 16, is_empty: 0) (id: 52, initial_bandwith: 13, is_empty: 0) (id: 370, initial_bandwith: 8, is_empty: 0) (id: 386, initial_bandwith: 4, is_empty: 0) (id: 60, initial_bandwith: 2, is_empty: 0) (id: 127, initial_bandwith: 24, is_empty: 0) (id: 372, initial_bandwith: 3, is_empty: 0) (id: 409, initial_bandwith: 0, is_empty: 0) (id: 286, initial_bandwith: 5, is_empty: 0) (id: 357, initial_bandwith: 7, is_empty: 0) (id: 156, initial_bandwith: 23, is_empty: 0) (id: 50, initial_bandwith: 39, is_empty: 0) (id: 428, initial_bandwith: 10, is_empty: 0) (id: 282, initial_bandwith: 1, is_empty: 0) (id: 279, initial_bandwith: 0, is_empty: 0) (id: 463, initial_bandwith: 5, is_empty: 0) (id: 345, initial_bandwith: 5, is_empty: 0) (id: 22, initial_bandwith: 5, is_empty: 0) (id: 80, initial_bandwith: 7, is_empty: 0) (id: 268, initial_bandwith: 11, is_empty: 0) (id: 163, initial_bandwith: 12, is_empty: 0) (id: 262, initial_bandwith: 11, is_empty: 0) (id: 79, initial_bandwith: 9, is_empty: 0) (id: 278, initial_bandwith: 3, is_empty: 0) (id: 341, initial_bandwith: 0, is_empty: 0) (id: 488, initial_bandwith: 5, is_empty: 0) (id: 375, initial_bandwith: 11, is_empty: 0) 
backwards
(id: 375, initial_bandwith: 11, is_empty: 0)(id: 488, initial_bandwith: 5, is_empty: 0)(id: 341, initial_bandwith: 0, is_empty: 0)(id: 278, initial_bandwith: 3, is_empty: 0)(id: 79, initial_bandwith: 9, is_empty: 0)(id: 262, initial_bandwith: 11, is_empty: 0)(id: 163, initial_bandwith: 12, is_empty: 0)(id: 268, initial_bandwith: 11, is_empty: 0)(id: 80, initial_bandwith: 7, is_empty: 0)(id: 22, initial_bandwith: 5, is_empty: 0)(id: 345, initial_bandwith: 5, is_empty: 0)(id: 463, initial_bandwith: 5, is_empty: 0)(id: 279, initial_bandwith: 0, is_empty: 0)(id: 282, initial_bandwith: 1, is_empty: 0)(id: 428, initial_bandwith: 10, is_empty: 0)(id: 50, initial_bandwith: 39, is_empty: 0)(id: 156, initial_bandwith: 23, is_empty: 0)(id: 357, initial_bandwith: 7, is_empty: 0)(id: 286, initial_bandwith: 5, is_empty: 0)(id: 409, initial_bandwith: 0, is_empty: 0)(id: 372, initial_bandwith: 3, is_empty: 0)(id: 127, initial_bandwith: 24, is_empty: 0)(id: 60, initial_bandwith: 2, is_empty: 0)(id: 386, initial_bandwith: 4, is_empty: 0)(id: 370, initial_bandwith: 8, is_empty: 0)(id: 52, initial_bandwith: 13, is_empty: 0)(id: 236, initial_bandwith: 16, is_empty: 0)(id: 78, initial_bandwith: 21, is_empty: 0)(id: 13, initial_bandwith: 5, is_empty: 0)(id: 223, initial_bandwith: 3, is_empty: 0)(id: 9, initial_bandwith: 23, is_empty: 0)(id: 338, initial_bandwith: 11, is_empty: 0)(id: 231, initial_bandwith: 8, is_empty: 0)(id: 18, initial_bandwith: 14, is_empty: 0)(id: 239, initial_bandwith: 2, is_empty: 0)(id: 73, initial_bandwith: 11, is_empty: 0)(id: 253, initial_bandwith: 13, is_empty: 0)(id: 472, initial_bandwith: 11, is_empty: 0)(id: 445, initial_bandwith: 0, is_empty: 0)(id: 363, initial_bandwith: 8, is_empty: 0)(id: 43, initial_bandwith: 4, is_empty: 0)(id: 489, initial_bandwith: 11, is_empty: 0)(id: 158, initial_bandwith: 12, is_empty: 0)(id: 199, initial_bandwith: 4, is_empty: 0)

Apartment Name: R, Max Bandwidth: 288
(id: 40, initial_bandwith: 10, is_empty: 0) (id: 424, initial_bandwith: 22, is_empty: 0) (id: 245, initial_bandwith: 19, is_empty: 0) (id: 264, initial_bandwith: 14, is_empty: 0) (id: 19, initial_bandwith: 22, is_empty: 0) (id: 244, initial_bandwith: 20, is_empty: 0) (id: 66, initial_bandwith: 11, is_empty: 0) (id: 41, initial_bandwith: 8, is_empty: 0) (id: 180, initial_bandwith: 5, is_empty: 0) 
backwards
(id: 180, initial_bandwith: 5, is_empty: 0)(id: 41, initial_bandwith: 8, is_empty: 0)(id: 66, initial_bandwith: 11, is_empty: 0)(id: 244, initial_bandwith: 20, is_empty: 0)(id: 19, initial_bandwith: 22, is_empty: 0)(id: 264, initial_bandwith: 14, is_empty: 0)(id: 245, initial_bandwith: 19, is_empty: 0)(id: 424, initial_bandwith: 22, is_empty: 0)(id: 40, initial_bandwith: 10, is_empty: 0)

Apartment Name: V, Max Bandwidth: 277
(id: 29, initial_bandwith: 14, is_empty: 0) (id: 203, initial_bandwith: 1, is_empty: 0) (id: 427, initial_bandwith: 27, is_empty: 0) (id: 169, initial_bandwith: 4, is_empty: 0) (id: 69, initial_bandwith: 21, is_empty: 0) (id: 171, initial_bandwith: 13, is_empty: 0) (id: 89, initial_bandwith: 8, is_empty: 0) (id: 353, initial_bandwith: 18, is_empty: 0) (id: 336, initial_bandwith: 27, is_empty: 0) 
backwards
(id: 336, initial_bandwith: 27, is_empty: 0)(id: 353, initial_bandwith: 18, is_empty: 0)(id: 89, initial_bandwith: 8, is_empty: 0)(id: 171, initial_bandwith: 13, is_empty: 0)(id: 69, initial_bandwith: 21, is_empty: 0)(id: 169, initial_bandwith: 4, is_empty: 0)(id: 427, initial_bandwith: 27, is_empty: 0)(id: 203, initial_bandwith: 1, is_empty: 0)(id: 29, initial_bandwith: 14, is_empty: 0)

Apartment Name: W, Max Bandwidth: 98
(id: 426, initial_bandwith: 5, is_empty: 0) (id: 247, initial_bandwith: 1, is_empty: 0) (id: 272, initial_bandwith: 2, is_empty: 0) (id: 220, initial_bandwith: 0, is_empty: 0) (id: 148, initial_bandwith: 5, is_empty: 0) (id: 457, initial_bandwith: 4, is_empty: 0) (id: 165, initial_bandwith: 0, is_empty: 0) (id: 124, initial_bandwith: 1, is_empty: 0) (id: 212, initial_bandwith: 5, is_empty: 0) (id: 179, initial_bandwith: 0, is_empty: 0) (id: 109, initial_bandwith: 3, is_empty: 0) (id: 477, initial_bandwith: 1, is_empty: 0) (id: 235, initial_bandwith: 6, is_empty: 0) (id: 348, initial_bandwith: 1, is_empty: 0) 
backwards
(id: 348, initial_bandwith: 1, is_empty: 0)(id: 235, initial_bandwith: 6, is_empty: 0)(id: 477, initial_bandwith: 1, is_empty: 0)(id: 109, initial_bandwith: 3, is_empty: 0)(id: 179, initial_bandwith: 0, is_empty: 0)(id: 212, initial_bandwith: 5, is_empty: 0)(id: 124, initial_bandwith: 1, is_empty: 0)(id: 165, initial_bandwith: 0, is_empty: 0)(id: 457, initial_bandwith: 4, is_empty: 0)(id: 148, initial_bandwith: 5, is_empty: 0)(id: 220, initial_bandwith: 0, is_empty: 0)(id: 272, initial_bandwith: 2, is_empty: 0)(id: 247, initial_bandwith: 1, is_empty: 0)(id: 426, initial_bandwith: 5, is_empty: 0)

Apartment Name: P, Max Bandwidth: 277
(id: 429, initial_bandwith: 25, is_empty: 0) (id: 304, initial_bandwith: 17, is_empty: 0) (id: 285, initial_bandwith: 7, is_empty: 0) (id: 313, initial_bandwith: 32, is_empty: 0) (id: 12, initial_bandwith: 32, is_empty: 0) (id: 113, initial_bandwith: 25, is_empty: 0) (id: 5, initial_bandwith: 31, is_empty: 0) (id: 433, initial_bandwith: 29, is_empty: 0) 
backwards
(id: 433, initial_bandwith: 29, is_empty: 0)(id: 5, initial_bandwith: 31, is_empty: 0)(id: 113, initial_bandwith: 25, is_empty: 0)(id: 12, initial_bandwith: 32, is_empty: 0)(id: 313, initial_bandwith: 32, is_empty: 0)(id: 285, initial_bandwith: 7, is_empty: 0)(id: 304, initial_bandwith: 17, is_empty: 0)(id: 429, initial_bandwith: 25, is_empty: 0)

Apartment Name: F, Max Bandwidth: 140
(id: 211, initial_bandwith: 10, is_empty: 0) (id: 183, initial_bandwith: 7, is_empty: 0) (id: 298, initial_bandwith: 3, is_empty: 0) (id: 166, initial_bandwith: 9, is_empty: 0) (id: 310, initial_bandwith: 9, is_empty: 0) (id: 459, initial_bandwith: 1, is_empty: 0) (id: 243, initial_bandwith: 9, is_empty: 0) (id: 322, initial_bandwith: 0, is_empty: 0) (id: 450, initial_bandwith: 1, is_empty: 0) (id: 159, initial_bandwith: 9, is_empty: 0) (id: 448, initial_bandwith: 4, is_empty: 0) (id: 116, initial_bandwith: 7, is_empty: 0) (id: 242, initial_bandwith: 2, is_empty: 0) (id: 139, initial_bandwith: 5, is_empty: 0) 
backwards
(id: 139, initial_bandwith: 5, is_empty: 0)(id: 242, initial_bandwith: 2, is_empty: 0)(id: 116, initial_bandwith: 7, is_empty: 0)(id: 448, initial_bandwith: 4, is_empty: 0)(id: 159, initial_bandwith: 9, is_empty: 0)(id: 450, initial_bandwith: 1, is_empty: 0)(id: 322, initial_bandwith: 0, is_empty: 0)(id: 243, initial_bandwith: 9, is_empty: 0)(id: 459, initial_bandwith: 1, is_empty: 0)(id: 310, initial_bandwith: 9, is_empty: 0)(id: 166, initial_bandwith: 9, is_empty: 0)(id: 298, initial_bandwith: 3, is_empty: 0)(id: 183, initial_bandwith: 7, is_empty: 0)(id: 211, initial_bandwith: 10, is_empty: 0)

Apartment Name: L, Max Bandwidth: 201
(id: 59, initial_bandwith: 7, is_empty: 0) (id: 125, initial_bandwith: 31, is_empty: 0) (id: 480, initial_bandwith: 16, is_empty: 0) (id: 475, initial_bandwith: 12, is_empty: 0) (id: 391, initial_bandwith: 21, is_empty: 0) 
backwards
(id: 391, initial_bandwith: 21, is_empty: 0)(id: 475, initial_bandwith: 12, is_empty: 0)(id: 480, initial_bandwith: 16, is_empty: 0)(id: 125, initial_bandwith: 31, is_empty: 0)(id: 59, initial_bandwith: 7, is_empty: 0)

Apartment Name: S, Max Bandwidth: 232
(id: 261, initial_bandwith: 17, is_empty: 0) (id: 315, initial_bandwith: 16, is_empty: 0) (id: 422, initial_bandwith: 1, is_empty: 0) (id: 173, initial_bandwith: 17, is_empty: 0) (id: 38, initial_bandwith: 6, is_empty: 0) (id: 49, initial_bandwith: 10, is_empty: 0) (id: 182, initial_bandwith: 8, is_empty: 0) (id: 95, initial_bandwith: 2, is_empty: 0) 
backwards
(id: 95, initial_bandwith: 2, is_empty: 0)(id: 182, initial_bandwith: 8, is_empty: 0)(id: 49, initial_bandwith: 10, is_empty: 0)(id: 38, initial_bandwith: 6, is_empty: 0)(id: 173, initial_bandwith: 17, is_empty: 0)(id: 422, initial_bandwith: 1, is_empty: 0)(id: 315, initial_bandwith: 16, is_empty: 0)(id: 261, initial_bandwith: 17, is_empty: 0)

Apartment Name: K, Max Bandwidth: 187
(id: 385, initial_bandwith: 4, is_empty: 0) (id: 251, initial_bandwith: 4, is_empty: 0) (id: 10, initial_bandwith: 1, is_empty: 0) (id: 482, initial_bandwith: 10, is_empty: 0) (id: 94, initial_bandwith: 1, is_empty: 0) (id: 88, initial_bandwith: 0, is_empty: 0) (id: 189, initial_bandwith: 9, is_empty: 0) (id: 4, initial_bandwith: 0, is_empty: 0) (id: 81, initial_bandwith: 3, is_empty: 0) (id: 263, initial_bandwith: 7, is_empty: 0) (id: 431, initial_bandwith: 12, is_empty: 0) (id: 26, initial_bandwith: 5, is_empty: 0) (id: 209, initial_bandwith: 12, is_empty: 0) (id: 219, initial_bandwith: 12, is_empty: 0) 
backwards
(id: 219, initial_bandwith: 12, is_empty: 0)(id: 209, initial_bandwith: 12, is_empty: 0)(id: 26, initial_bandwith: 5, is_empty: 0)(id: 431, initial_bandwith: 12, is_empty: 0)(id: 263, initial_bandwith: 7, is_empty: 0)(id: 81, initial_bandwith: 3, is_empty: 0)(id: 4, initial_bandwith: 0, is_empty: 0)(id: 189, initial_bandwith: 9, is_empty: 0)(id: 88, initial_bandwith: 0, is_empty: 0)(id: 94, initial_bandwith: 1, is_empty: 0)(id: 482, initial_bandwith: 10, is_empty: 0)(id: 10, initial_bandwith: 1, is_empty: 0)(id: 251, initial_bandwith: 4, is_empty: 0)(id: 385, initial_bandwith: 4, is_empty: 0)

Apartment Name: G, Max Bandwidth: 279
(id: 387, initial_bandwith: 9, is_empty: 0) (id: 291, initial_bandwith: 6, is_empty: 0) (id: 441, initial_bandwith: 13, is_empty: 0) (id: 452, initial_bandwith: 12, is_empty: 0) (id: 186, initial_bandwith: 3, is_empty: 0) (id: 82, initial_bandwith: 16, is_empty: 0) (id: 92, initial_bandwith: 18, is_empty: 0) (id: 377, initial_bandwith: 14, is_empty: 0) (id: 265, initial_bandwith: 9, is_empty: 0) (id: 308, initial_bandwith: 12, is_empty: 0) (id: 321, initial_bandwith: 0, is_empty: 0) (id: 154, initial_bandwith: 18, is_empty: 0) (id: 230, initial_bandwith: 5, is_empty: 0) 
backwards
(id: 230, initial_bandwith: 5, is_empty: 0)(id: 154, initial_bandwith: 18, is_empty: 0)(id: 321, initial_bandwith: 0, is_empty: 0)(id: 308, initial_bandwith: 12, is_empty: 0)(id: 265, initial_bandwith: 9, is_empty: 0)(id: 377, initial_bandwith: 14, is_empty: 0)(id: 92, initial_bandwith: 18, is_empty: 0)(id: 82, initial_bandwith: 16, is_empty: 0)(id: 186, initial_bandwith: 3, is_empty: 0)(id: 452, initial_bandwith: 12, is_empty: 0)(id: 441, initial_bandwith: 13, is_empty: 0)(id: 291, initial_bandwith: 6, is_empty: 0)(id: 387, initial_bandwith: 9, is_empty: 0)

Apartment Name: H, Max Bandwidth: 200
(id: 323, initial_bandwith: 1, is_empty: 0) (id: 110, initial_bandwith: 3, is_empty: 0) (id: 90, initial_bandwith: 10, is_empty: 0) (id: 224, initial_bandwith: 5, is_empty: 0) (id: 390, initial_bandwith: 36, is_empty: 0) 
backwards
(id: 390, initial_bandwith: 36, is_empty: 0)(id: 224, initial_bandwith: 5, is_empty: 0)(id: 90, initial_bandwith: 10, is_empty: 0)(id: 110, initial_bandwith: 3, is_empty: 0)(id: 323, initial_bandwith: 1, is_empty: 0)

Apartment Name: T, Max Bandwidth: 139
(id: 374, initial_bandwith: 10, is_empty: 0) (id: 496, initial_bandwith: 0, is_empty: 0) (id: 379, initial_bandwith: 5, is_empty: 0) (id: 198, initial_bandwith: 11, is_empty: 0) (id: 146, initial_bandwith: 11, is_empty: 0) (id: 281, initial_bandwith: 1, is_empty: 0) (id: 388, initial_bandwith: 9, is_empty: 0) (id: 351, initial_bandwith: 0, is_empty: 0) (id: 335, initial_bandwith: 7, is_empty: 0) (id: 392, initial_bandwith: 0, is_empty: 0) (id: 284, initial_bandwith: 5, is_empty: 0) 
backwards
(id: 284, initial_bandwith: 5, is_empty: 0)(id: 392, initial_bandwith: 0, is_empty: 0)(id: 335, initial_bandwith: 7, is_empty: 0)(id: 351, initial_bandwith: 0, is_empty: 0)(id: 388, initial_bandwith: 9, is_empty: 0)(id: 281, initial_bandwith: 1, is_empty: 0)(id: 146, initial_bandwith: 11, is_empty: 0)(id: 198, initial_bandwith: 11, is_empty: 0)(id: 379, initial_bandwith: 5, is_empty: 0)(id: 496, initial_bandwith: 0, is_empty: 0)(id: 374, initial_bandwith: 10, is_empty: 0)

Apartment Name: I, Max Bandwidth: 142
(id: 185, initial_bandwith: 11, is_empty: 0) (id: 305, initial_bandwith: 6, is_empty: 0) (id: 465, initial_bandwith: 8, is_empty: 0) (id: 451, initial_bandwith: 2, is_empty: 0) (id: 416, initial_bandwith: 7, is_empty: 0) (id: 417, initial_bandwith: 0, is_empty: 0) (id: 277, initial_bandwith: 8, is_empty: 0) (id: 56, initial_bandwith: 2, is_empty: 0) (id: 317, initial_bandwith: 11, is_empty: 0) (id: 403, initial_bandwith: 0, is_empty: 0) 
backwards
(id: 403, initial_bandwith: 0, is_empty: 0)(id: 317, initial_bandwith: 11, is_empty: 0)(id: 56, initial_bandwith: 2, is_empty: 0)(id: 277, initial_bandwith: 8, is_empty: 0)(id: 417, initial_bandwith: 0, is_empty: 0)(id: 416, initial_bandwith: 7, is_empty: 0)(id: 451, initial_bandwith: 2, is_empty: 0)(id: 465, initial_bandwith: 8, is_empty: 0)(id: 305, initial_bandwith: 6, is_empty: 0)(id: 185, initial_bandwith: 11, is_empty: 0)

Apartment Name: E, Max Bandwidth: 289
(id: 112, initial_bandwith: 10, is_empty: 0) (id: 153, initial_bandwith: 8, is_empty: 0) (id: 442, initial_bandwith: 2, is_empty: 0) (id: 382, initial_bandwith: 3, is_empty: 0) (id: 175, initial_bandwith: 12, is_empty: 0) (id: 15, initial_bandwith: 18, is_empty: 0) (id: 461, initial_bandwith: 2, is_empty: 0) (id: 289, initial_bandwith: 10, is_empty: 0) (id: 287, initial_bandwith: 4, is_empty: 0) (id: 101, initial_bandwith: 3, is_empty: 0) (id: 178, initial_bandwith: 2, is_empty: 0) (id: 217, initial_bandwith: 9, is_empty: 0) (id: 36, initial_bandwith: 14, is_empty: 0) (id: 131, initial_bandwith: 6, is_empty: 0) (id: 297, initial_bandwith: 15, is_empty: 0) 
backwards
(id: 297, initial_bandwith: 15, is_empty: 0)(id: 131, initial_bandwith: 6, is_empty: 0)(id: 36, initial_bandwith: 14, is_empty: 0)(id: 217, initial_bandwith: 9, is_empty: 0)(id: 178, initial_bandwith: 2, is_empty: 0)(id: 101, initial_bandwith: 3, is_empty: 0)(id: 287, initial_bandwith: 4, is_empty: 0)(id: 289, initial_bandwith: 10, is_empty: 0)(id: 461, initial_bandwith: 2, is_empty: 0)(id: 15, initial_bandwith: 18, is_empty: 0)(id: 175, initial_bandwith: 12, is_empty: 0)(id: 382, initial_bandwith: 3, is_empty: 0)(id: 442, initial_bandwith: 2, is_empty: 0)(id: 153, initial_bandwith: 8, is_empty: 0)(id: 112, initial_bandwith: 10, is_empty: 0)

Apartment Name: Z, Max Bandwidth: 120
(id: 394, initial_bandwith: 0, is_empty: 0) (id: 188, initial_bandwith: 5, is_empty: 0) (id: 326, initial_bandwith: 12, is_empty: 0) (id: 33, initial_bandwith: 5, is_empty: 0) (id: 260, initial_bandwith: 1, is_empty: 0) (id: 115, initial_bandwith: 13, is_empty: 0) (id: 376, initial_bandwith: 8, is_empty: 0) (id: 320, initial_bandwith: 13, is_empty: 0) (id: 474, initial_bandwith: 4, is_empty: 0) 
backwards
(id: 474, initial_bandwith: 4, is_empty: 0)(id: 320, initial_bandwith: 13, is_empty: 0)(id: 376, initial_bandwith: 8, is_empty: 0)(id: 115, initial_bandwith: 13, is_empty: 0)(id: 260, initial_bandwith: 1, is_empty: 0)(id: 33, initial_bandwith: 5, is_empty: 0)(id: 326, initial_bandwith: 12, is_empty: 0)(id: 188, initial_bandwith: 5, is_empty: 0)(id: 394, initial_bandwith: 0, is_empty: 0)

Apartment Name: D, Max Bandwidth: 314
(id: 137, initial_bandwith: 4, is_empty: 0) (id: 7, initial_bandwith: 2, is_empty: 0) (id: 430, initial_bandwith: 20, is_empty: 0) (id: 499, initial_bandwith: 17, is_empty: 0) (id: 197, initial_bandwith: 15, is_empty: 0) (id: 96, initial_bandwith: 16, is_empty: 0) (id: 234, initial_bandwith: 18, is_empty: 0) (id: 454, initial_bandwith: 6, is_empty: 0) (id: 418, initial_bandwith: 20, is_empty: 0) (id: 63, initial_bandwith: 12, is_empty: 0) (id: 106, initial_bandwith: 2, is_empty: 0) (id: 157, initial_bandwith: 6, is_empty: 0) (id: 155, initial_bandwith: 17, is_empty: 0) 
backwards
(id: 155, initial_bandwith: 17, is_empty: 0)(id: 157, initial_bandwith: 6, is_empty: 0)(id: 106, initial_bandwith: 2, is_empty: 0)(id: 63, initial_bandwith: 12, is_empty: 0)(id: 418, initial_bandwith: 20, is_empty: 0)(id: 454, initial_bandwith: 6, is_empty: 0)(id: 234, initial_bandwith: 18, is_empty: 0)(id: 96, initial_bandwith: 16, is_empty: 0)(id: 197, initial_bandwith: 15, is_empty: 0)(id: 499, initial_bandwith: 17, is_empty: 0)(id: 430, initial_bandwith: 20, is_empty: 0)(id: 7, initial_bandwith: 2, is_empty: 0)(id: 137, initial_bandwith: 4, is_empty: 0)
