
Apartment Name: B, Max Bandwidth: 220
(id: 403, initial_bandwith: 14, is_empty: 0) (id: 215, initial_bandwith: 7, is_empty: 0) (id: 225, initial_bandwith: 4, is_empty: 0) (id: 103, initial_bandwith: 9, is_empty: 0) (id: 266, initial_bandwith: 5, is_empty: 0) (id: 479, initial_bandwith: 0, is_empty: 0) (id: 104, initial_bandwith: 0, is_empty: 0) (id: 50, initial_bandwith: 15, is_empty: 0) (id: 289, initial_bandwith: 15, is_empty: 0) (id: 495, initial_bandwith: 0, is_empty: 0) (id: 42, initial_bandwith: 7, is_empty: 0) (id: 272, initial_bandwith: 6, is_empty: 0) (id: 63, initial_bandwith: 9, is_empty: 0) (id: 286, initial_bandwith: 0, is_empty: 0) 
backwards
(id: 286, initial_bandwith: 0, is_empty: 0)(id: 63, initial_bandwith: 9, is_empty: 0)(id: 272, initial_bandwith: 6, is_empty: 0)(id: 42, initial_bandwith: 7, is_empty: 0)(id: 495, initial_bandwith: 0, is_empty: 0)(id: 289, initial_bandwith: 15, is_empty: 0)(id: 50, initial_bandwith: 15, is_empty: 0)(id: 104, initial_bandwith: 0, is_empty: 0)(id: 479, initial_bandwith: 0, is_empty: 0)(id: 266, initial_bandwith: 5, is_empty: 0)(id: 103, initial_bandwith: 9, is_empty: 0)(id: 225, initial_bandwith: 4, is_empty: 0)(id: 215, initial_bandwith: 7, is_empty: 0)(id: 403, initial_bandwith: 14, is_empty: 0)

Apartment Name: R, Max Bandwidth: 315
(id: 405, initial_bandwith: 10, is_empty: 0) (id: 366, initial_bandwith: 3, is_empty: 0) (id: 221, initial_bandwith: 1, is_empty: 0) (id: 203, initial_bandwith: 2, is_empty: 0) (id: 449, initial_bandwith: 7, is_empty: 0) (id: 472, initial_bandwith: 9, is_empty: 0) (id: 150, initial_bandwith: 2, is_empty: 0) (id: 182, initial_bandwith: 4, is_empty: 0) (id: 312, initial_bandwith: 4, is_empty: 0) (id: 377, initial_bandwith: 7, is_empty: 0) (id: 342, initial_bandwith: 1, is_empty: 0) (id: 230, initial_bandwith: 0, is_empty: 0) (id: 284, initial_bandwith: 1, is_empty: 0) (id: 369, initial_bandwith: 6, is_empty: 0) (id: 283, initial_bandwith: 6, is_empty: 0) (id: 44, initial_bandwith: 16, is_empty: 0) (id: 333, initial_bandwith: 8, is_empty: 0) (id: 470, initial_bandwith: 16, is_empty: 0) 
backwards
(id: 470, initial_bandwith: 16, is_empty: 0)(id: 333, initial_bandwith: 8, is_empty: 0)(id: 44, initial_bandwith: 16, is_empty: 0)(id: 283, initial_bandwith: 6, is_empty: 0)(id: 369, initial_bandwith: 6, is_empty: 0)(id: 284, initial_bandwith: 1, is_empty: 0)(id: 230, initial_bandwith: 0, is_empty: 0)(id: 342, initial_bandwith: 1, is_empty: 0)(id: 377, initial_bandwith: 7, is_empty: 0)(id: 312, initial_bandwith: 4, is_empty: 0)(id: 182, initial_bandwith: 4, is_empty: 0)(id: 150, initial_bandwith: 2, is_empty: 0)(id: 472, initial_bandwith: 9, is_empty: 0)(id: 449, initial_bandwith: 7, is_empty: 0)(id: 203, initial_bandwith: 2, is_empty: 0)(id: 221, initial_bandwith: 1, is_empty: 0)(id: 366, initial_bandwith: 3, is_empty: 0)(id: 405, initial_bandwith: 10, is_empty: 0)

Apartment Name: W, Max Bandwidth: 372
(id: 399, initial_bandwith: 33, is_empty: 0) (id: 73, initial_bandwith: 4, is_empty: 0) (id: 161, initial_bandwith: 33, is_empty: 0) (id: 372, initial_bandwith: 17, is_empty: 0) (id: 7, initial_bandwith: 12, is_empty: 0) (id: 54, initial_bandwith: 9, is_empty: 0) (id: 107, initial_bandwith: 30, is_empty: 0) (id: 343, initial_bandwith: 30, is_empty: 0) (id: 41, initial_bandwith: 1, is_empty: 0) (id: 57, initial_bandwith: 21, is_empty: 0) 
backwards
(id: 57, initial_bandwith: 21, is_empty: 0)(id: 41, initial_bandwith: 1, is_empty: 0)(id: 343, initial_bandwith: 30, is_empty: 0)(id: 107, initial_bandwith: 30, is_empty: 0)(id: 54, initial_bandwith: 9, is_empty: 0)(id: 7, initial_bandwith: 12, is_empty: 0)(id: 372, initial_bandwith: 17, is_empty: 0)(id: 161, initial_bandwith: 33, is_empty: 0)(id: 73, initial_bandwith: 4, is_empty: 0)(id: 399, initial_bandwith: 33, is_empty: 0)

Apartment Name: Q, Max Bandwidth: 140
(id: 329, initial_bandwith: 0, is_empty: 0) (id: 148, initial_bandwith: 9, is_empty: 0) (id: 16, initial_bandwith: 23, is_empty: 0) (id: 149, initial_bandwith: 25, is_empty: 0) (id: 492, initial_bandwith: 23, is_empty: 0) 
backwards
(id: 492, initial_bandwith: 23, is_empty: 0)(id: 149, initial_bandwith: 25, is_empty: 0)(id: 16, initial_bandwith: 23, is_empty: 0)(id: 148, initial_bandwith: 9, is_empty: 0)(id: 329, initial_bandwith: 0, is_empty: 0)

Apartment Name: U, Max Bandwidth: 320
(id: 317, initial_bandwith: 0, is_empty: 0) (id: 339, initial_bandwith: 14, is_empty: 0) (id: 62, initial_bandwith: 17, is_empty: 0) (id: 0, initial_bandwith: 30, is_empty: 0) (id: 138, initial_bandwith: 45, is_empty: 0) (id: 325, initial_bandwith: 23, is_empty: 0) 
backwards
(id: 325, initial_bandwith: 23, is_empty: 0)(id: 138, initial_bandwith: 45, is_empty: 0)(id: 0, initial_bandwith: 30, is_empty: 0)(id: 62, initial_bandwith: 17, is_empty: 0)(id: 339, initial_bandwith: 14, is_empty: 0)(id: 317, initial_bandwith: 0, is_empty: 0)

Apartment Name: H, Max Bandwidth: 220
(id: 1, initial_bandwith: 11, is_empty: 0) (id: 17, initial_bandwith: 26, is_empty: 0) (id: 23, initial_bandwith: 5, is_empty: 0) (id: 212, initial_bandwith: 6, is_empty: 0) (id: 77, initial_bandwith: 26, is_empty: 0) (id: 315, initial_bandwith: 8, is_empty: 0) (id: 106, initial_bandwith: 2, is_empty: 0) 
backwards
(id: 106, initial_bandwith: 2, is_empty: 0)(id: 315, initial_bandwith: 8, is_empty: 0)(id: 77, initial_bandwith: 26, is_empty: 0)(id: 212, initial_bandwith: 6, is_empty: 0)(id: 23, initial_bandwith: 5, is_empty: 0)(id: 17, initial_bandwith: 26, is_empty: 0)(id: 1, initial_bandwith: 11, is_empty: 0)

Apartment Name: E, Max Bandwidth: 145
(id: 45, initial_bandwith: 12, is_empty: 0) (id: 115, initial_bandwith: 7, is_empty: 0) (id: 177, initial_bandwith: 5, is_empty: 0) (id: 340, initial_bandwith: 10, is_empty: 0) (id: 22, initial_bandwith: 15, is_empty: 0) (id: 494, initial_bandwith: 6, is_empty: 0) (id: 271, initial_bandwith: 16, is_empty: 0) (id: 435, initial_bandwith: 15, is_empty: 0) (id: 66, initial_bandwith: 5, is_empty: 0) 
backwards
(id: 66, initial_bandwith: 5, is_empty: 0)(id: 435, initial_bandwith: 15, is_empty: 0)(id: 271, initial_bandwith: 16, is_empty: 0)(id: 494, initial_bandwith: 6, is_empty: 0)(id: 22, initial_bandwith: 15, is_empty: 0)(id: 340, initial_bandwith: 10, is_empty: 0)(id: 177, initial_bandwith: 5, is_empty: 0)(id: 115, initial_bandwith: 7, is_empty: 0)(id: 45, initial_bandwith: 12, is_empty: 0)

Apartment Name: X, Max Bandwidth: 300
(id: 304, initial_bandwith: 14, is_empty: 0) (id: 426, initial_bandwith: 20, is_empty: 0) (id: 390, initial_bandwith: 14, is_empty: 0) (id: 291, initial_bandwith: 6, is_empty: 0) (id: 429, initial_bandwith: 7, is_empty: 0) (id: 305, initial_bandwith: 28, is_empty: 0) (id: 301, initial_bandwith: 6, is_empty: 0) (id: 8, initial_bandwith: 33, is_empty: 0) (id: 179, initial_bandwith: 9, is_empty: 0) 
backwards
(id: 179, initial_bandwith: 9, is_empty: 0)(id: 8, initial_bandwith: 33, is_empty: 0)(id: 301, initial_bandwith: 6, is_empty: 0)(id: 305, initial_bandwith: 28, is_empty: 0)(id: 429, initial_bandwith: 7, is_empty: 0)(id: 291, initial_bandwith: 6, is_empty: 0)(id: 390, initial_bandwith: 14, is_empty: 0)(id: 426, initial_bandwith: 20, is_empty: 0)(id: 304, initial_bandwith: 14, is_empty: 0)

Apartment Name: K, Max Bandwidth: 209
(id: 116, initial_bandwith: 8, is_empty: 0) (id: 154, initial_bandwith: 1, is_empty: 0) (id: 169, initial_bandwith: 5, is_empty: 0) (id: 3, initial_bandwith: 7, is_empty: 0) (id: 263, initial_bandwith: 2, is_empty: 0) (id: 184, initial_bandwith: 1, is_empty: 0) (id: 410, initial_bandwith: 4, is_empty: 0) (id: 100, initial_bandwith: 1, is_empty: 0) (id: 413, initial_bandwith: 3, is_empty: 0) (id: 46, initial_bandwith: 0, is_empty: 0) (id: 445, initial_bandwith: 10, is_empty: 0) (id: 123, initial_bandwith: 8, is_empty: 0) (id: 428, initial_bandwith: 11, is_empty: 0) (id: 244, initial_bandwith: 15, is_empty: 0) (id: 88, initial_bandwith: 5, is_empty: 0) (id: 61, initial_bandwith: 4, is_empty: 0) (id: 135, initial_bandwith: 8, is_empty: 0) (id: 422, initial_bandwith: 1, is_empty: 0) (id: 141, initial_bandwith: 1, is_empty: 0) (id: 191, initial_bandwith: 1, is_empty: 0) (id: 383, initial_bandwith: 5, is_empty: 0) (id: 392, initial_bandwith: 7, is_empty: 0) (id: 447, initial_bandwith: 5, is_empty: 0) (id: 20, initial_bandwith: 4, is_empty: 0) (id: 76, initial_bandwith: 5, is_empty: 0) 
backwards
(id: 76, initial_bandwith: 5, is_empty: 0)(id: 20, initial_bandwith: 4, is_empty: 0)(id: 447, initial_bandwith: 5, is_empty: 0)(id: 392, initial_bandwith: 7, is_empty: 0)(id: 383, initial_bandwith: 5, is_empty: 0)(id: 191, initial_bandwith: 1, is_empty: 0)(id: 141, initial_bandwith: 1, is_empty: 0)(id: 422, initial_bandwith: 1, is_empty: 0)(id: 135, initial_bandwith: 8, is_empty: 0)(id: 61, initial_bandwith: 4, is_empty: 0)(id: 88, initial_bandwith: 5, is_empty: 0)(id: 244, initial_bandwith: 15, is_empty: 0)(id: 428, initial_bandwith: 11, is_empty: 0)(id: 123, initial_bandwith: 8, is_empty: 0)(id: 445, initial_bandwith: 10, is_empty: 0)(id: 46, initial_bandwith: 0, is_empty: 0)(id: 413, initial_bandwith: 3, is_empty: 0)(id: 100, initial_bandwith: 1, is_empty: 0)(id: 410, initial_bandwith: 4, is_empty: 0)(id: 184, initial_bandwith: 1, is_empty: 0)(id: 263, initial_bandwith: 2, is_empty: 0)(id: 3, initial_bandwith: 7, is_empty: 0)(id: 169, initial_bandwith: 5, is_empty: 0)(id: 154, initial_bandwith: 1, is_empty: 0)(id: 116, initial_bandwith: 8, is_empty: 0)

Apartment Name: G, Max Bandwidth: 380
(id: 83, initial_bandwith: 14, is_empty: 0) (id: 278, initial_bandwith: 8, is_empty: 0) (id: 55, initial_bandwith: 11, is_empty: 0) (id: 172, initial_bandwith: 17, is_empty: 0) (id: 146, initial_bandwith: 18, is_empty: 0) (id: 97, initial_bandwith: 6, is_empty: 0) (id: 346, initial_bandwith: 14, is_empty: 0) (id: 347, initial_bandwith: 12, is_empty: 0) (id: 319, initial_bandwith: 8, is_empty: 0) (id: 234, initial_bandwith: 6, is_empty: 0) (id: 397, initial_bandwith: 21, is_empty: 0) (id: 279, initial_bandwith: 14, is_empty: 0) (id: 318, initial_bandwith: 21, is_empty: 0) (id: 192, initial_bandwith: 4, is_empty: 0) (id: 456, initial_bandwith: 11, is_empty: 0) (id: 458, initial_bandwith: 7, is_empty: 0) (id: 354, initial_bandwith: 19, is_empty: 0) 
backwards
(id: 354, initial_bandwith: 19, is_empty: 0)(id: 458, initial_bandwith: 7, is_empty: 0)(id: 456, initial_bandwith: 11, is_empty: 0)(id: 192, initial_bandwith: 4, is_empty: 0)(id: 318, initial_bandwith: 21, is_empty: 0)(id: 279, initial_bandwith: 14, is_empty: 0)(id: 397, initial_bandwith: 21, is_empty: 0)(id: 234, initial_bandwith: 6, is_empty: 0)(id: 319, initial_bandwith: 8, is_empty: 0)(id: 347, initial_bandwith: 12, is_empty: 0)(id: 346, initial_bandwith: 14, is_empty: 0)(id: 97, initial_bandwith: 6, is_empty: 0)(id: 146, initial_bandwith: 18, is_empty: 0)(id: 172, initial_bandwith: 17, is_empty: 0)(id: 55, initial_bandwith: 11, is_empty: 0)(id: 278, initial_bandwith: 8, is_empty: 0)(id: 83, initial_bandwith: 14, is_empty: 0)

Apartment Name: V, Max Bandwidth: 160
(id: 258, initial_bandwith: 9, is_empty: 0) (id: 282, initial_bandwith: 1, is_empty: 0) (id: 156, initial_bandwith: 4, is_empty: 0) (id: 241, initial_bandwith: 1, is_empty: 0) (id: 239, initial_bandwith: 9, is_empty: 0) (id: 32, initial_bandwith: 3, is_empty: 0) (id: 214, initial_bandwith: 2, is_empty: 0) (id: 365, initial_bandwith: 4, is_empty: 0) (id: 280, initial_bandwith: 11, is_empty: 0) (id: 89, initial_bandwith: 8, is_empty: 0) (id: 498, initial_bandwith: 7, is_empty: 0) (id: 353, initial_bandwith: 7, is_empty: 0) (id: 49, initial_bandwith: 1, is_empty: 0) 
backwards
(id: 49, initial_bandwith: 1, is_empty: 0)(id: 353, initial_bandwith: 7, is_empty: 0)(id: 498, initial_bandwith: 7, is_empty: 0)(id: 89, initial_bandwith: 8, is_empty: 0)(id: 280, initial_bandwith: 11, is_empty: 0)(id: 365, initial_bandwith: 4, is_empty: 0)(id: 214, initial_bandwith: 2, is_empty: 0)(id: 32, initial_bandwith: 3, is_empty: 0)(id: 239, initial_bandwith: 9, is_empty: 0)(id: 241, initial_bandwith: 1, is_empty: 0)(id: 156, initial_bandwith: 4, is_empty: 0)(id: 282, initial_bandwith: 1, is_empty: 0)(id: 258, initial_bandwith: 9, is_empty: 0)

Apartment Name: S, Max Bandwidth: 380
(id: 302, initial_bandwith: 21, is_empty: 0) (id: 363, initial_bandwith: 23, is_empty: 0) (id: 101, initial_bandwith: 14, is_empty: 0) (id: 293, initial_bandwith: 0, is_empty: 0) (id: 134, initial_bandwith: 18, is_empty: 0) (id: 247, initial_bandwith: 18, is_empty: 0) (id: 351, initial_bandwith: 1, is_empty: 0) (id: 443, initial_bandwith: 21, is_empty: 0) (id: 71, initial_bandwith: 3, is_empty: 0) (id: 269, initial_bandwith: 5, is_empty: 0) (id: 275, initial_bandwith: 23, is_empty: 0) (id: 78, initial_bandwith: 7, is_empty: 0) (id: 119, initial_bandwith: 4, is_empty: 0) (id: 105, initial_bandwith: 23, is_empty: 0) (id: 270, initial_bandwith: 6, is_empty: 0) (id: 246, initial_bandwith: 23, is_empty: 0) 
backwards
(id: 246, initial_bandwith: 23, is_empty: 0)(id: 270, initial_bandwith: 6, is_empty: 0)(id: 105, initial_bandwith: 23, is_empty: 0)(id: 119, initial_bandwith: 4, is_empty: 0)(id: 78, initial_bandwith: 7, is_empty: 0)(id: 275, initial_bandwith: 23, is_empty: 0)(id: 269, initial_bandwith: 5, is_empty: 0)(id: 71, initial_bandwith: 3, is_empty: 0)(id: 443, initial_bandwith: 21, is_empty: 0)(id: 351, initial_bandwith: 1, is_empty: 0)(id: 247, initial_bandwith: 18, is_empty: 0)(id: 134, initial_bandwith: 18, is_empty: 0)(id: 293, initial_bandwith: 0, is_empty: 0)(id: 101, initial_bandwith: 14, is_empty: 0)(id: 363, initial_bandwith: 23, is_empty: 0)(id: 302, initial_bandwith: 21, is_empty: 0)

Apartment Name: D, Max Bandwidth: 240
(id: 288, initial_bandwith: 0, is_empty: 0) (id: 232, initial_bandwith: 17, is_empty: 0) (id: 437, initial_bandwith: 2, is_empty: 0) (id: 451, initial_bandwith: 6, is_empty: 0) (id: 173, initial_bandwith: 15, is_empty: 0) (id: 431, initial_bandwith: 3, is_empty: 0) (id: 38, initial_bandwith: 5, is_empty: 0) (id: 493, initial_bandwith: 8, is_empty: 0) (id: 158, initial_bandwith: 13, is_empty: 0) (id: 331, initial_bandwith: 9, is_empty: 0) (id: 34, initial_bandwith: 17, is_empty: 0) (id: 72, initial_bandwith: 11, is_empty: 0) (id: 404, initial_bandwith: 0, is_empty: 0) (id: 316, initial_bandwith: 8, is_empty: 0) 
backwards
(id: 316, initial_bandwith: 8, is_empty: 0)(id: 404, initial_bandwith: 0, is_empty: 0)(id: 72, initial_bandwith: 11, is_empty: 0)(id: 34, initial_bandwith: 17, is_empty: 0)(id: 331, initial_bandwith: 9, is_empty: 0)(id: 158, initial_bandwith: 13, is_empty: 0)(id: 493, initial_bandwith: 8, is_empty: 0)(id: 38, initial_bandwith: 5, is_empty: 0)(id: 431, initial_bandwith: 3, is_empty: 0)(id: 173, initial_bandwith: 15, is_empty: 0)(id: 451, initial_bandwith: 6, is_empty: 0)(id: 437, initial_bandwith: 2, is_empty: 0)(id: 232, initial_bandwith: 17, is_empty: 0)(id: 288, initial_bandwith: 0, is_empty: 0)

Apartment Name: N, Max Bandwidth: 100
(id: 489, initial_bandwith: 4, is_empty: 0) (id: 133, initial_bandwith: 1, is_empty: 0) (id: 464, initial_bandwith: 0, is_empty: 0) (id: 129, initial_bandwith: 4, is_empty: 0) (id: 109, initial_bandwith: 2, is_empty: 0) (id: 415, initial_bandwith: 0, is_empty: 0) (id: 313, initial_bandwith: 3, is_empty: 0) (id: 121, initial_bandwith: 0, is_empty: 0) (id: 157, initial_bandwith: 5, is_empty: 0) (id: 224, initial_bandwith: 0, is_empty: 0) (id: 314, initial_bandwith: 6, is_empty: 0) (id: 5, initial_bandwith: 6, is_empty: 0) (id: 242, initial_bandwith: 6, is_empty: 0) (id: 153, initial_bandwith: 6, is_empty: 0) (id: 12, initial_bandwith: 0, is_empty: 0) 
backwards
(id: 12, initial_bandwith: 0, is_empty: 0)(id: 153, initial_bandwith: 6, is_empty: 0)(id: 242, initial_bandwith: 6, is_empty: 0)(id: 5, initial_bandwith: 6, is_empty: 0)(id: 314, initial_bandwith: 6, is_empty: 0)(id: 224, initial_bandwith: 0, is_empty: 0)(id: 157, initial_bandwith: 5, is_empty: 0)(id: 121, initial_bandwith: 0, is_empty: 0)(id: 313, initial_bandwith: 3, is_empty: 0)(id: 415, initial_bandwith: 0, is_empty: 0)(id: 109, initial_bandwith: 2, is_empty: 0)(id: 129, initial_bandwith: 4, is_empty: 0)(id: 464, initial_bandwith: 0, is_empty: 0)(id: 133, initial_bandwith: 1, is_empty: 0)(id: 489, initial_bandwith: 4, is_empty: 0)

Apartment Name: Z, Max Bandwidth: 209
(id: 327, initial_bandwith: 20, is_empty: 0) (id: 75, initial_bandwith: 1, is_empty: 0) (id: 328, initial_bandwith: 10, is_empty: 0) (id: 131, initial_bandwith: 11, is_empty: 0) (id: 98, initial_bandwith: 7, is_empty: 0) (id: 80, initial_bandwith: 22, is_empty: 0) (id: 420, initial_bandwith: 15, is_empty: 0) (id: 379, initial_bandwith: 5, is_empty: 0) (id: 398, initial_bandwith: 21, is_empty: 0) 
backwards
(id: 398, initial_bandwith: 21, is_empty: 0)(id: 379, initial_bandwith: 5, is_empty: 0)(id: 420, initial_bandwith: 15, is_empty: 0)(id: 80, initial_bandwith: 22, is_empty: 0)(id: 98, initial_bandwith: 7, is_empty: 0)(id: 131, initial_bandwith: 11, is_empty: 0)(id: 328, initial_bandwith: 10, is_empty: 0)(id: 75, initial_bandwith: 1, is_empty: 0)(id: 327, initial_bandwith: 20, is_empty: 0)

Apartment Name: A, Max Bandwidth: 150
(id: 303, initial_bandwith: 14, is_empty: 0) (id: 217, initial_bandwith: 8, is_empty: 0) (id: 110, initial_bandwith: 3, is_empty: 0) (id: 468, initial_bandwith: 1, is_empty: 0) (id: 27, initial_bandwith: 0, is_empty: 0) (id: 69, initial_bandwith: 15, is_empty: 0) (id: 125, initial_bandwith: 9, is_empty: 0) (id: 70, initial_bandwith: 3, is_empty: 0) (id: 145, initial_bandwith: 8, is_empty: 0) 
backwards
(id: 145, initial_bandwith: 8, is_empty: 0)(id: 70, initial_bandwith: 3, is_empty: 0)(id: 125, initial_bandwith: 9, is_empty: 0)(id: 69, initial_bandwith: 15, is_empty: 0)(id: 27, initial_bandwith: 0, is_empty: 0)(id: 468, initial_bandwith: 1, is_empty: 0)(id: 110, initial_bandwith: 3, is_empty: 0)(id: 217, initial_bandwith: 8, is_empty: 0)(id: 303, initial_bandwith: 14, is_empty: 0)
