
Apartment Name: W, Max Bandwidth: 300
(id: 23, initial_bandwith: 3, is_empty: 0) (id: 122, initial_bandwith: 26, is_empty: 0) (id: 404, initial_bandwith: 3, is_empty: 0) (id: 104, initial_bandwith: 53, is_empty: 0) (id: 498, initial_bandwith: 16, is_empty: 0) 
backwards
(id: 498, initial_bandwith: 16, is_empty: 0)(id: 104, initial_bandwith: 53, is_empty: 0)(id: 404, initial_bandwith: 3, is_empty: 0)(id: 122, initial_bandwith: 26, is_empty: 0)(id: 23, initial_bandwith: 3, is_empty: 0)

Apartment Name: C, Max Bandwidth: 153
(id: 469, initial_bandwith: 9, is_empty: 0) (id: 249, initial_bandwith: 17, is_empty: 0) (id: 318, initial_bandwith: 4, is_empty: 0) (id: 369, initial_bandwith: 11, is_empty: 0) (id: 232, initial_bandwith: 11, is_empty: 0) (id: 201, initial_bandwith: 5, is_empty: 0) (id: 399, initial_bandwith: 8, is_empty: 0) 
backwards
(id: 399, initial_bandwith: 8, is_empty: 0)(id: 201, initial_bandwith: 5, is_empty: 0)(id: 232, initial_bandwith: 11, is_empty: 0)(id: 369, initial_bandwith: 11, is_empty: 0)(id: 318, initial_bandwith: 4, is_empty: 0)(id: 249, initial_bandwith: 17, is_empty: 0)(id: 469, initial_bandwith: 9, is_empty: 0)

Apartment Name: L, Max Bandwidth: 268
(id: 472, initial_bandwith: 4, is_empty: 0) (id: 41, initial_bandwith: 4, is_empty: 0) (id: 6, initial_bandwith: 8, is_empty: 0) (id: 287, initial_bandwith: 15, is_empty: 0) (id: 473, initial_bandwith: 12, is_empty: 0) (id: 111, initial_bandwith: 21, is_empty: 0) (id: 401, initial_bandwith: 0, is_empty: 0) (id: 142, initial_bandwith: 0, is_empty: 0) (id: 212, initial_bandwith: 9, is_empty: 0) (id: 215, initial_bandwith: 21, is_empty: 0) (id: 167, initial_bandwith: 5, is_empty: 0) 
backwards
(id: 167, initial_bandwith: 5, is_empty: 0)(id: 215, initial_bandwith: 21, is_empty: 0)(id: 212, initial_bandwith: 9, is_empty: 0)(id: 142, initial_bandwith: 0, is_empty: 0)(id: 401, initial_bandwith: 0, is_empty: 0)(id: 111, initial_bandwith: 21, is_empty: 0)(id: 473, initial_bandwith: 12, is_empty: 0)(id: 287, initial_bandwith: 15, is_empty: 0)(id: 6, initial_bandwith: 8, is_empty: 0)(id: 41, initial_bandwith: 4, is_empty: 0)(id: 472, initial_bandwith: 4, is_empty: 0)

Apartment Name: N, Max Bandwidth: 256
(id: 497, initial_bandwith: 11, is_empty: 0) (id: 465, initial_bandwith: 9, is_empty: 0) (id: 427, initial_bandwith: 4, is_empty: 0) (id: 459, initial_bandwith: 0, is_empty: 0) (id: 385, initial_bandwith: 9, is_empty: 0) (id: 61, initial_bandwith: 8, is_empty: 0) (id: 342, initial_bandwith: 14, is_empty: 0) (id: 187, initial_bandwith: 10, is_empty: 0) (id: 200, initial_bandwith: 12, is_empty: 0) (id: 479, initial_bandwith: 3, is_empty: 0) (id: 381, initial_bandwith: 6, is_empty: 0) (id: 415, initial_bandwith: 7, is_empty: 0) 
backwards
(id: 415, initial_bandwith: 7, is_empty: 0)(id: 381, initial_bandwith: 6, is_empty: 0)(id: 479, initial_bandwith: 3, is_empty: 0)(id: 200, initial_bandwith: 12, is_empty: 0)(id: 187, initial_bandwith: 10, is_empty: 0)(id: 342, initial_bandwith: 14, is_empty: 0)(id: 61, initial_bandwith: 8, is_empty: 0)(id: 385, initial_bandwith: 9, is_empty: 0)(id: 459, initial_bandwith: 0, is_empty: 0)(id: 427, initial_bandwith: 4, is_empty: 0)(id: 465, initial_bandwith: 9, is_empty: 0)(id: 497, initial_bandwith: 11, is_empty: 0)

Apartment Name: I, Max Bandwidth: 242
(id: 84, initial_bandwith: 15, is_empty: 0) (id: 411, initial_bandwith: 2, is_empty: 0) (id: 239, initial_bandwith: 20, is_empty: 0) (id: 159, initial_bandwith: 10, is_empty: 0) (id: 7, initial_bandwith: 1, is_empty: 0) (id: 230, initial_bandwith: 7, is_empty: 0) (id: 91, initial_bandwith: 6, is_empty: 0) (id: 441, initial_bandwith: 3, is_empty: 0) (id: 56, initial_bandwith: 6, is_empty: 0) (id: 217, initial_bandwith: 9, is_empty: 0) (id: 281, initial_bandwith: 17, is_empty: 0) 
backwards
(id: 281, initial_bandwith: 17, is_empty: 0)(id: 217, initial_bandwith: 9, is_empty: 0)(id: 56, initial_bandwith: 6, is_empty: 0)(id: 441, initial_bandwith: 3, is_empty: 0)(id: 91, initial_bandwith: 6, is_empty: 0)(id: 230, initial_bandwith: 7, is_empty: 0)(id: 7, initial_bandwith: 1, is_empty: 0)(id: 159, initial_bandwith: 10, is_empty: 0)(id: 239, initial_bandwith: 20, is_empty: 0)(id: 411, initial_bandwith: 2, is_empty: 0)(id: 84, initial_bandwith: 15, is_empty: 0)

Apartment Name: D, Max Bandwidth: 275
(id: 449, initial_bandwith: 13, is_empty: 0) (id: 359, initial_bandwith: 3, is_empty: 0) (id: 67, initial_bandwith: 3, is_empty: 0) (id: 106, initial_bandwith: 12, is_empty: 0) (id: 238, initial_bandwith: 2, is_empty: 0) (id: 298, initial_bandwith: 11, is_empty: 0) (id: 224, initial_bandwith: 0, is_empty: 0) (id: 47, initial_bandwith: 4, is_empty: 0) (id: 82, initial_bandwith: 17, is_empty: 0) (id: 209, initial_bandwith: 14, is_empty: 0) (id: 422, initial_bandwith: 13, is_empty: 0) 
backwards
(id: 422, initial_bandwith: 13, is_empty: 0)(id: 209, initial_bandwith: 14, is_empty: 0)(id: 82, initial_bandwith: 17, is_empty: 0)(id: 47, initial_bandwith: 4, is_empty: 0)(id: 224, initial_bandwith: 0, is_empty: 0)(id: 298, initial_bandwith: 11, is_empty: 0)(id: 238, initial_bandwith: 2, is_empty: 0)(id: 106, initial_bandwith: 12, is_empty: 0)(id: 67, initial_bandwith: 3, is_empty: 0)(id: 359, initial_bandwith: 3, is_empty: 0)(id: 449, initial_bandwith: 13, is_empty: 0)

Apartment Name: Z, Max Bandwidth: 297
(id: 492, initial_bandwith: 13, is_empty: 0) (id: 323, initial_bandwith: 37, is_empty: 0) (id: 304, initial_bandwith: 7, is_empty: 0) (id: 108, initial_bandwith: 0, is_empty: 0) (id: 50, initial_bandwith: 41, is_empty: 0) (id: 447, initial_bandwith: 45, is_empty: 0) 
backwards
(id: 447, initial_bandwith: 45, is_empty: 0)(id: 50, initial_bandwith: 41, is_empty: 0)(id: 108, initial_bandwith: 0, is_empty: 0)(id: 304, initial_bandwith: 7, is_empty: 0)(id: 323, initial_bandwith: 37, is_empty: 0)(id: 492, initial_bandwith: 13, is_empty: 0)

Apartment Name: X, Max Bandwidth: 251
(id: 131, initial_bandwith: 15, is_empty: 0) (id: 389, initial_bandwith: 4, is_empty: 0) (id: 146, initial_bandwith: 1, is_empty: 0) (id: 306, initial_bandwith: 11, is_empty: 0) (id: 373, initial_bandwith: 26, is_empty: 0) (id: 205, initial_bandwith: 1, is_empty: 0) (id: 440, initial_bandwith: 10, is_empty: 0) (id: 438, initial_bandwith: 0, is_empty: 0) 
backwards
(id: 438, initial_bandwith: 0, is_empty: 0)(id: 440, initial_bandwith: 10, is_empty: 0)(id: 205, initial_bandwith: 1, is_empty: 0)(id: 373, initial_bandwith: 26, is_empty: 0)(id: 306, initial_bandwith: 11, is_empty: 0)(id: 146, initial_bandwith: 1, is_empty: 0)(id: 389, initial_bandwith: 4, is_empty: 0)(id: 131, initial_bandwith: 15, is_empty: 0)

Apartment Name: J, Max Bandwidth: 160
(id: 24, initial_bandwith: 1, is_empty: 0) (id: 181, initial_bandwith: 1, is_empty: 0) (id: 286, initial_bandwith: 9, is_empty: 0) (id: 483, initial_bandwith: 0, is_empty: 0) (id: 12, initial_bandwith: 7, is_empty: 0) (id: 226, initial_bandwith: 12, is_empty: 0) (id: 463, initial_bandwith: 4, is_empty: 0) (id: 78, initial_bandwith: 9, is_empty: 0) (id: 419, initial_bandwith: 8, is_empty: 0) (id: 362, initial_bandwith: 9, is_empty: 0) (id: 491, initial_bandwith: 12, is_empty: 0) (id: 489, initial_bandwith: 7, is_empty: 0) 
backwards
(id: 489, initial_bandwith: 7, is_empty: 0)(id: 491, initial_bandwith: 12, is_empty: 0)(id: 362, initial_bandwith: 9, is_empty: 0)(id: 419, initial_bandwith: 8, is_empty: 0)(id: 78, initial_bandwith: 9, is_empty: 0)(id: 463, initial_bandwith: 4, is_empty: 0)(id: 226, initial_bandwith: 12, is_empty: 0)(id: 12, initial_bandwith: 7, is_empty: 0)(id: 483, initial_bandwith: 0, is_empty: 0)(id: 286, initial_bandwith: 9, is_empty: 0)(id: 181, initial_bandwith: 1, is_empty: 0)(id: 24, initial_bandwith: 1, is_empty: 0)

Apartment Name: S, Max Bandwidth: 306
(id: 1, initial_bandwith: 6, is_empty: 0) (id: 417, initial_bandwith: 14, is_empty: 0) (id: 288, initial_bandwith: 14, is_empty: 0) (id: 490, initial_bandwith: 2, is_empty: 0) (id: 413, initial_bandwith: 1, is_empty: 0) (id: 262, initial_bandwith: 17, is_empty: 0) (id: 360, initial_bandwith: 18, is_empty: 0) (id: 412, initial_bandwith: 3, is_empty: 0) (id: 372, initial_bandwith: 2, is_empty: 0) (id: 44, initial_bandwith: 21, is_empty: 0) (id: 5, initial_bandwith: 4, is_empty: 0) 
backwards
(id: 5, initial_bandwith: 4, is_empty: 0)(id: 44, initial_bandwith: 21, is_empty: 0)(id: 372, initial_bandwith: 2, is_empty: 0)(id: 412, initial_bandwith: 3, is_empty: 0)(id: 360, initial_bandwith: 18, is_empty: 0)(id: 262, initial_bandwith: 17, is_empty: 0)(id: 413, initial_bandwith: 1, is_empty: 0)(id: 490, initial_bandwith: 2, is_empty: 0)(id: 288, initial_bandwith: 14, is_empty: 0)(id: 417, initial_bandwith: 14, is_empty: 0)(id: 1, initial_bandwith: 6, is_empty: 0)

Apartment Name: V, Max Bandwidth: 122
(id: 259, initial_bandwith: 0, is_empty: 0) (id: 114, initial_bandwith: 1, is_empty: 0) (id: 379, initial_bandwith: 3, is_empty: 0) (id: 348, initial_bandwith: 11, is_empty: 0) (id: 341, initial_bandwith: 8, is_empty: 0) (id: 148, initial_bandwith: 0, is_empty: 0) (id: 289, initial_bandwith: 6, is_empty: 0) (id: 388, initial_bandwith: 11, is_empty: 0) (id: 119, initial_bandwith: 8, is_empty: 0) 
backwards
(id: 119, initial_bandwith: 8, is_empty: 0)(id: 388, initial_bandwith: 11, is_empty: 0)(id: 289, initial_bandwith: 6, is_empty: 0)(id: 148, initial_bandwith: 0, is_empty: 0)(id: 341, initial_bandwith: 8, is_empty: 0)(id: 348, initial_bandwith: 11, is_empty: 0)(id: 379, initial_bandwith: 3, is_empty: 0)(id: 114, initial_bandwith: 1, is_empty: 0)(id: 259, initial_bandwith: 0, is_empty: 0)

Apartment Name: P, Max Bandwidth: 562
(id: 397, initial_bandwith: 20, is_empty: 0) (id: 172, initial_bandwith: 2, is_empty: 0) (id: 162, initial_bandwith: 2, is_empty: 0) (id: 319, initial_bandwith: 19, is_empty: 0) (id: 330, initial_bandwith: 9, is_empty: 0) (id: 140, initial_bandwith: 0, is_empty: 0) (id: 95, initial_bandwith: 16, is_empty: 0) (id: 26, initial_bandwith: 3, is_empty: 0) (id: 425, initial_bandwith: 20, is_empty: 0) (id: 66, initial_bandwith: 15, is_empty: 0) (id: 214, initial_bandwith: 14, is_empty: 0) (id: 258, initial_bandwith: 13, is_empty: 0) (id: 454, initial_bandwith: 8, is_empty: 0) (id: 194, initial_bandwith: 10, is_empty: 0) (id: 364, initial_bandwith: 17, is_empty: 0) (id: 418, initial_bandwith: 5, is_empty: 0) (id: 35, initial_bandwith: 10, is_empty: 0) (id: 229, initial_bandwith: 10, is_empty: 0) (id: 29, initial_bandwith: 2, is_empty: 0) (id: 139, initial_bandwith: 12, is_empty: 0) (id: 285, initial_bandwith: 3, is_empty: 0) (id: 452, initial_bandwith: 11, is_empty: 0) (id: 460, initial_bandwith: 7, is_empty: 0) (id: 439, initial_bandwith: 1, is_empty: 0) (id: 446, initial_bandwith: 26, is_empty: 0) (id: 89, initial_bandwith: 13, is_empty: 0) (id: 109, initial_bandwith: 3, is_empty: 0) (id: 462, initial_bandwith: 44, is_empty: 0) (id: 396, initial_bandwith: 15, is_empty: 0) (id: 316, initial_bandwith: 6, is_empty: 0) (id: 432, initial_bandwith: 8, is_empty: 0) (id: 60, initial_bandwith: 0, is_empty: 0) (id: 59, initial_bandwith: 4, is_empty: 0) (id: 278, initial_bandwith: 12, is_empty: 0) (id: 356, initial_bandwith: 9, is_empty: 0) (id: 308, initial_bandwith: 4, is_empty: 0) (id: 158, initial_bandwith: 5, is_empty: 0) (id: 62, initial_bandwith: 0, is_empty: 0) (id: 73, initial_bandwith: 13, is_empty: 0) (id: 27, initial_bandwith: 39, is_empty: 0) (id: 331, initial_bandwith: 18, is_empty: 0) (id: 80, initial_bandwith: 2, is_empty: 0) 
backwards
(id: 80, initial_bandwith: 2, is_empty: 0)(id: 331, initial_bandwith: 18, is_empty: 0)(id: 27, initial_bandwith: 39, is_empty: 0)(id: 73, initial_bandwith: 13, is_empty: 0)(id: 62, initial_bandwith: 0, is_empty: 0)(id: 158, initial_bandwith: 5, is_empty: 0)(id: 308, initial_bandwith: 4, is_empty: 0)(id: 356, initial_bandwith: 9, is_empty: 0)(id: 278, initial_bandwith: 12, is_empty: 0)(id: 59, initial_bandwith: 4, is_empty: 0)(id: 60, initial_bandwith: 0, is_empty: 0)(id: 432, initial_bandwith: 8, is_empty: 0)(id: 316, initial_bandwith: 6, is_empty: 0)(id: 396, initial_bandwith: 15, is_empty: 0)(id: 462, initial_bandwith: 44, is_empty: 0)(id: 109, initial_bandwith: 3, is_empty: 0)(id: 89, initial_bandwith: 13, is_empty: 0)(id: 446, initial_bandwith: 26, is_empty: 0)(id: 439, initial_bandwith: 1, is_empty: 0)(id: 460, initial_bandwith: 7, is_empty: 0)(id: 452, initial_bandwith: 11, is_empty: 0)(id: 285, initial_bandwith: 3, is_empty: 0)(id: 139, initial_bandwith: 12, is_empty: 0)(id: 29, initial_bandwith: 2, is_empty: 0)(id: 229, initial_bandwith: 10, is_empty: 0)(id: 35, initial_bandwith: 10, is_empty: 0)(id: 418, initial_bandwith: 5, is_empty: 0)(id: 364, initial_bandwith: 17, is_empty: 0)(id: 194, initial_bandwith: 10, is_empty: 0)(id: 454, initial_bandwith: 8, is_empty: 0)(id: 258, initial_bandwith: 13, is_empty: 0)(id: 214, initial_bandwith: 14, is_empty: 0)(id: 66, initial_bandwith: 15, is_empty: 0)(id: 425, initial_bandwith: 20, is_empty: 0)(id: 26, initial_bandwith: 3, is_empty: 0)(id: 95, initial_bandwith: 16, is_empty: 0)(id: 140, initial_bandwith: 0, is_empty: 0)(id: 330, initial_bandwith: 9, is_empty: 0)(id: 319, initial_bandwith: 19, is_empty: 0)(id: 162, initial_bandwith: 2, is_empty: 0)(id: 172, initial_bandwith: 2, is_empty: 0)(id: 397, initial_bandwith: 20, is_empty: 0)

Apartment Name: Y, Max Bandwidth: 128
(id: 135, initial_bandwith: 10, is_empty: 0) (id: 21, initial_bandwith: 13, is_empty: 0) (id: 407, initial_bandwith: 13, is_empty: 0) (id: 240, initial_bandwith: 12, is_empty: 0) (id: 115, initial_bandwith: 3, is_empty: 0) (id: 55, initial_bandwith: 8, is_empty: 0) (id: 182, initial_bandwith: 11, is_empty: 0) (id: 17, initial_bandwith: 9, is_empty: 0) (id: 261, initial_bandwith: 14, is_empty: 0) 
backwards
(id: 261, initial_bandwith: 14, is_empty: 0)(id: 17, initial_bandwith: 9, is_empty: 0)(id: 182, initial_bandwith: 11, is_empty: 0)(id: 55, initial_bandwith: 8, is_empty: 0)(id: 115, initial_bandwith: 3, is_empty: 0)(id: 240, initial_bandwith: 12, is_empty: 0)(id: 407, initial_bandwith: 13, is_empty: 0)(id: 21, initial_bandwith: 13, is_empty: 0)(id: 135, initial_bandwith: 10, is_empty: 0)
