
Apartment Name: J, Max Bandwidth: 120
(id: 359, initial_bandwith: 2, is_empty: 0) (id: 361, initial_bandwith: 1, is_empty: 0) (id: 450, initial_bandwith: 3, is_empty: 0) (id: 478, initial_bandwith: 8, is_empty: 0) (id: 270, initial_bandwith: 7, is_empty: 0) (id: 71, initial_bandwith: 4, is_empty: 0) (id: 156, initial_bandwith: 2, is_empty: 0) (id: 438, initial_bandwith: 7, is_empty: 0) (id: 146, initial_bandwith: 7, is_empty: 0) (id: 407, initial_bandwith: 2, is_empty: 0) (id: 299, initial_bandwith: 0, is_empty: 0) (id: 371, initial_bandwith: 4, is_empty: 0) (id: 262, initial_bandwith: 2, is_empty: 0) 
backwards
(id: 262, initial_bandwith: 2, is_empty: 0)(id: 371, initial_bandwith: 4, is_empty: 0)(id: 299, initial_bandwith: 0, is_empty: 0)(id: 407, initial_bandwith: 2, is_empty: 0)(id: 146, initial_bandwith: 7, is_empty: 0)(id: 438, initial_bandwith: 7, is_empty: 0)(id: 156, initial_bandwith: 2, is_empty: 0)(id: 71, initial_bandwith: 4, is_empty: 0)(id: 270, initial_bandwith: 7, is_empty: 0)(id: 478, initial_bandwith: 8, is_empty: 0)(id: 450, initial_bandwith: 3, is_empty: 0)(id: 361, initial_bandwith: 1, is_empty: 0)(id: 359, initial_bandwith: 2, is_empty: 0)

Apartment Name: N, Max Bandwidth: 156
(id: 350, initial_bandwith: 13, is_empty: 0) (id: 248, initial_bandwith: 2, is_empty: 0) (id: 281, initial_bandwith: 7, is_empty: 0) (id: 409, initial_bandwith: 7, is_empty: 0) (id: 277, initial_bandwith: 11, is_empty: 0) (id: 387, initial_bandwith: 19, is_empty: 0) (id: 103, initial_bandwith: 0, is_empty: 0) 
backwards
(id: 103, initial_bandwith: 0, is_empty: 0)(id: 387, initial_bandwith: 19, is_empty: 0)(id: 277, initial_bandwith: 11, is_empty: 0)(id: 409, initial_bandwith: 7, is_empty: 0)(id: 281, initial_bandwith: 7, is_empty: 0)(id: 248, initial_bandwith: 2, is_empty: 0)(id: 350, initial_bandwith: 13, is_empty: 0)

Apartment Name: I, Max Bandwidth: 223
(id: 130, initial_bandwith: 9, is_empty: 0) (id: 441, initial_bandwith: 9, is_empty: 0) (id: 24, initial_bandwith: 11, is_empty: 0) (id: 439, initial_bandwith: 2, is_empty: 0) (id: 7, initial_bandwith: 2, is_empty: 0) (id: 231, initial_bandwith: 11, is_empty: 0) (id: 158, initial_bandwith: 11, is_empty: 0) (id: 386, initial_bandwith: 13, is_empty: 0) (id: 379, initial_bandwith: 8, is_empty: 0) (id: 317, initial_bandwith: 0, is_empty: 0) (id: 333, initial_bandwith: 6, is_empty: 0) (id: 166, initial_bandwith: 7, is_empty: 0) (id: 172, initial_bandwith: 13, is_empty: 0) (id: 301, initial_bandwith: 4, is_empty: 0) (id: 33, initial_bandwith: 3, is_empty: 0) (id: 8, initial_bandwith: 5, is_empty: 0) 
backwards
(id: 8, initial_bandwith: 5, is_empty: 0)(id: 33, initial_bandwith: 3, is_empty: 0)(id: 301, initial_bandwith: 4, is_empty: 0)(id: 172, initial_bandwith: 13, is_empty: 0)(id: 166, initial_bandwith: 7, is_empty: 0)(id: 333, initial_bandwith: 6, is_empty: 0)(id: 317, initial_bandwith: 0, is_empty: 0)(id: 379, initial_bandwith: 8, is_empty: 0)(id: 386, initial_bandwith: 13, is_empty: 0)(id: 158, initial_bandwith: 11, is_empty: 0)(id: 231, initial_bandwith: 11, is_empty: 0)(id: 7, initial_bandwith: 2, is_empty: 0)(id: 439, initial_bandwith: 2, is_empty: 0)(id: 24, initial_bandwith: 11, is_empty: 0)(id: 441, initial_bandwith: 9, is_empty: 0)(id: 130, initial_bandwith: 9, is_empty: 0)

Apartment Name: D, Max Bandwidth: 244
(id: 374, initial_bandwith: 12, is_empty: 0) (id: 368, initial_bandwith: 25, is_empty: 0) (id: 203, initial_bandwith: 6, is_empty: 0) (id: 254, initial_bandwith: 8, is_empty: 0) (id: 482, initial_bandwith: 10, is_empty: 0) (id: 51, initial_bandwith: 11, is_empty: 0) (id: 162, initial_bandwith: 4, is_empty: 0) (id: 226, initial_bandwith: 6, is_empty: 0) (id: 160, initial_bandwith: 8, is_empty: 0) 
backwards
(id: 160, initial_bandwith: 8, is_empty: 0)(id: 226, initial_bandwith: 6, is_empty: 0)(id: 162, initial_bandwith: 4, is_empty: 0)(id: 51, initial_bandwith: 11, is_empty: 0)(id: 482, initial_bandwith: 10, is_empty: 0)(id: 254, initial_bandwith: 8, is_empty: 0)(id: 203, initial_bandwith: 6, is_empty: 0)(id: 368, initial_bandwith: 25, is_empty: 0)(id: 374, initial_bandwith: 12, is_empty: 0)

Apartment Name: T, Max Bandwidth: 337
(id: 107, initial_bandwith: 3, is_empty: 0) (id: 408, initial_bandwith: 15, is_empty: 0) (id: 28, initial_bandwith: 5, is_empty: 0) (id: 56, initial_bandwith: 17, is_empty: 0) (id: 47, initial_bandwith: 14, is_empty: 0) (id: 219, initial_bandwith: 24, is_empty: 0) (id: 97, initial_bandwith: 14, is_empty: 0) (id: 310, initial_bandwith: 19, is_empty: 0) (id: 268, initial_bandwith: 6, is_empty: 0) (id: 134, initial_bandwith: 20, is_empty: 0) (id: 183, initial_bandwith: 27, is_empty: 0) (id: 459, initial_bandwith: 11, is_empty: 0) 
backwards
(id: 459, initial_bandwith: 11, is_empty: 0)(id: 183, initial_bandwith: 27, is_empty: 0)(id: 134, initial_bandwith: 20, is_empty: 0)(id: 268, initial_bandwith: 6, is_empty: 0)(id: 310, initial_bandwith: 19, is_empty: 0)(id: 97, initial_bandwith: 14, is_empty: 0)(id: 219, initial_bandwith: 24, is_empty: 0)(id: 47, initial_bandwith: 14, is_empty: 0)(id: 56, initial_bandwith: 17, is_empty: 0)(id: 28, initial_bandwith: 5, is_empty: 0)(id: 408, initial_bandwith: 15, is_empty: 0)(id: 107, initial_bandwith: 3, is_empty: 0)

Apartment Name: X, Max Bandwidth: 85
(id: 485, initial_bandwith: 2, is_empty: 0) (id: 476, initial_bandwith: 7, is_empty: 0) (id: 369, initial_bandwith: 9, is_empty: 0) (id: 425, initial_bandwith: 1, is_empty: 0) (id: 83, initial_bandwith: 0, is_empty: 0) (id: 451, initial_bandwith: 9, is_empty: 0) (id: 152, initial_bandwith: 8, is_empty: 0) (id: 101, initial_bandwith: 2, is_empty: 0) (id: 225, initial_bandwith: 3, is_empty: 0) 
backwards
(id: 225, initial_bandwith: 3, is_empty: 0)(id: 101, initial_bandwith: 2, is_empty: 0)(id: 152, initial_bandwith: 8, is_empty: 0)(id: 451, initial_bandwith: 9, is_empty: 0)(id: 83, initial_bandwith: 0, is_empty: 0)(id: 425, initial_bandwith: 1, is_empty: 0)(id: 369, initial_bandwith: 9, is_empty: 0)(id: 476, initial_bandwith: 7, is_empty: 0)(id: 485, initial_bandwith: 2, is_empty: 0)

Apartment Name: F, Max Bandwidth: 270
(id: 272, initial_bandwith: 3, is_empty: 0) (id: 94, initial_bandwith: 25, is_empty: 0) (id: 376, initial_bandwith: 4, is_empty: 0) (id: 127, initial_bandwith: 14, is_empty: 0) (id: 214, initial_bandwith: 7, is_empty: 0) (id: 210, initial_bandwith: 13, is_empty: 0) (id: 341, initial_bandwith: 5, is_empty: 0) (id: 74, initial_bandwith: 4, is_empty: 0) 
backwards
(id: 74, initial_bandwith: 4, is_empty: 0)(id: 341, initial_bandwith: 5, is_empty: 0)(id: 210, initial_bandwith: 13, is_empty: 0)(id: 214, initial_bandwith: 7, is_empty: 0)(id: 127, initial_bandwith: 14, is_empty: 0)(id: 376, initial_bandwith: 4, is_empty: 0)(id: 94, initial_bandwith: 25, is_empty: 0)(id: 272, initial_bandwith: 3, is_empty: 0)

Apartment Name: L, Max Bandwidth: 346
(id: 32, initial_bandwith: 2, is_empty: 0) (id: 266, initial_bandwith: 17, is_empty: 0) (id: 477, initial_bandwith: 10, is_empty: 0) (id: 176, initial_bandwith: 0, is_empty: 0) (id: 16, initial_bandwith: 20, is_empty: 0) (id: 87, initial_bandwith: 22, is_empty: 0) (id: 191, initial_bandwith: 11, is_empty: 0) (id: 403, initial_bandwith: 12, is_empty: 0) (id: 436, initial_bandwith: 0, is_empty: 0) (id: 89, initial_bandwith: 22, is_empty: 0) (id: 339, initial_bandwith: 6, is_empty: 0) (id: 269, initial_bandwith: 0, is_empty: 0) (id: 238, initial_bandwith: 11, is_empty: 0) (id: 135, initial_bandwith: 11, is_empty: 0) 
backwards
(id: 135, initial_bandwith: 11, is_empty: 0)(id: 238, initial_bandwith: 11, is_empty: 0)(id: 269, initial_bandwith: 0, is_empty: 0)(id: 339, initial_bandwith: 6, is_empty: 0)(id: 89, initial_bandwith: 22, is_empty: 0)(id: 436, initial_bandwith: 0, is_empty: 0)(id: 403, initial_bandwith: 12, is_empty: 0)(id: 191, initial_bandwith: 11, is_empty: 0)(id: 87, initial_bandwith: 22, is_empty: 0)(id: 16, initial_bandwith: 20, is_empty: 0)(id: 176, initial_bandwith: 0, is_empty: 0)(id: 477, initial_bandwith: 10, is_empty: 0)(id: 266, initial_bandwith: 17, is_empty: 0)(id: 32, initial_bandwith: 2, is_empty: 0)

Apartment Name: E, Max Bandwidth: 239
(id: 389, initial_bandwith: 38, is_empty: 0) (id: 424, initial_bandwith: 30, is_empty: 0) (id: 380, initial_bandwith: 2, is_empty: 0) (id: 483, initial_bandwith: 44, is_empty: 0) 
backwards
(id: 483, initial_bandwith: 44, is_empty: 0)(id: 380, initial_bandwith: 2, is_empty: 0)(id: 424, initial_bandwith: 30, is_empty: 0)(id: 389, initial_bandwith: 38, is_empty: 0)

Apartment Name: G, Max Bandwidth: 220
(id: 256, initial_bandwith: 23, is_empty: 0) (id: 443, initial_bandwith: 22, is_empty: 0) (id: 455, initial_bandwith: 7, is_empty: 0) (id: 239, initial_bandwith: 24, is_empty: 0) (id: 288, initial_bandwith: 12, is_empty: 0) (id: 235, initial_bandwith: 17, is_empty: 0) (id: 372, initial_bandwith: 5, is_empty: 0) 
backwards
(id: 372, initial_bandwith: 5, is_empty: 0)(id: 235, initial_bandwith: 17, is_empty: 0)(id: 288, initial_bandwith: 12, is_empty: 0)(id: 239, initial_bandwith: 24, is_empty: 0)(id: 455, initial_bandwith: 7, is_empty: 0)(id: 443, initial_bandwith: 22, is_empty: 0)(id: 256, initial_bandwith: 23, is_empty: 0)

Apartment Name: Q, Max Bandwidth: 220
(id: 242, initial_bandwith: 12, is_empty: 0) (id: 470, initial_bandwith: 12, is_empty: 0) (id: 321, initial_bandwith: 16, is_empty: 0) (id: 118, initial_bandwith: 24, is_empty: 0) (id: 302, initial_bandwith: 12, is_empty: 0) (id: 263, initial_bandwith: 15, is_empty: 0) (id: 159, initial_bandwith: 13, is_empty: 0) (id: 484, initial_bandwith: 5, is_empty: 0) (id: 36, initial_bandwith: 3, is_empty: 0) 
backwards
(id: 36, initial_bandwith: 3, is_empty: 0)(id: 484, initial_bandwith: 5, is_empty: 0)(id: 159, initial_bandwith: 13, is_empty: 0)(id: 263, initial_bandwith: 15, is_empty: 0)(id: 302, initial_bandwith: 12, is_empty: 0)(id: 118, initial_bandwith: 24, is_empty: 0)(id: 321, initial_bandwith: 16, is_empty: 0)(id: 470, initial_bandwith: 12, is_empty: 0)(id: 242, initial_bandwith: 12, is_empty: 0)

Apartment Name: C, Max Bandwidth: 529
(id: 233, initial_bandwith: 15, is_empty: 0) (id: 5, initial_bandwith: 0, is_empty: 0) (id: 460, initial_bandwith: 21, is_empty: 0) (id: 96, initial_bandwith: 11, is_empty: 0) (id: 64, initial_bandwith: 21, is_empty: 0) (id: 237, initial_bandwith: 4, is_empty: 0) (id: 274, initial_bandwith: 12, is_empty: 0) (id: 112, initial_bandwith: 1, is_empty: 0) (id: 117, initial_bandwith: 7, is_empty: 0) (id: 307, initial_bandwith: 5, is_empty: 0) (id: 308, initial_bandwith: 6, is_empty: 0) (id: 23, initial_bandwith: 32, is_empty: 0) (id: 4, initial_bandwith: 6, is_empty: 0) (id: 241, initial_bandwith: 16, is_empty: 0) (id: 346, initial_bandwith: 11, is_empty: 0) (id: 195, initial_bandwith: 1, is_empty: 0) (id: 364, initial_bandwith: 5, is_empty: 0) (id: 457, initial_bandwith: 5, is_empty: 0) (id: 223, initial_bandwith: 4, is_empty: 0) (id: 43, initial_bandwith: 23, is_empty: 0) (id: 325, initial_bandwith: 4, is_empty: 0) (id: 144, initial_bandwith: 9, is_empty: 0) (id: 181, initial_bandwith: 11, is_empty: 0) (id: 217, initial_bandwith: 29, is_empty: 0) (id: 53, initial_bandwith: 10, is_empty: 0) (id: 173, initial_bandwith: 12, is_empty: 0) (id: 21, initial_bandwith: 1, is_empty: 0) (id: 261, initial_bandwith: 9, is_empty: 0) (id: 257, initial_bandwith: 6, is_empty: 0) (id: 247, initial_bandwith: 10, is_empty: 0) (id: 267, initial_bandwith: 8, is_empty: 0) (id: 313, initial_bandwith: 9, is_empty: 0) (id: 190, initial_bandwith: 1, is_empty: 0) (id: 30, initial_bandwith: 14, is_empty: 0) (id: 207, initial_bandwith: 7, is_empty: 0) (id: 85, initial_bandwith: 13, is_empty: 0) (id: 48, initial_bandwith: 4, is_empty: 0) (id: 252, initial_bandwith: 7, is_empty: 0) 
backwards
(id: 252, initial_bandwith: 7, is_empty: 0)(id: 48, initial_bandwith: 4, is_empty: 0)(id: 85, initial_bandwith: 13, is_empty: 0)(id: 207, initial_bandwith: 7, is_empty: 0)(id: 30, initial_bandwith: 14, is_empty: 0)(id: 190, initial_bandwith: 1, is_empty: 0)(id: 313, initial_bandwith: 9, is_empty: 0)(id: 267, initial_bandwith: 8, is_empty: 0)(id: 247, initial_bandwith: 10, is_empty: 0)(id: 257, initial_bandwith: 6, is_empty: 0)(id: 261, initial_bandwith: 9, is_empty: 0)(id: 21, initial_bandwith: 1, is_empty: 0)(id: 173, initial_bandwith: 12, is_empty: 0)(id: 53, initial_bandwith: 10, is_empty: 0)(id: 217, initial_bandwith: 29, is_empty: 0)(id: 181, initial_bandwith: 11, is_empty: 0)(id: 144, initial_bandwith: 9, is_empty: 0)(id: 325, initial_bandwith: 4, is_empty: 0)(id: 43, initial_bandwith: 23, is_empty: 0)(id: 223, initial_bandwith: 4, is_empty: 0)(id: 457, initial_bandwith: 5, is_empty: 0)(id: 364, initial_bandwith: 5, is_empty: 0)(id: 195, initial_bandwith: 1, is_empty: 0)(id: 346, initial_bandwith: 11, is_empty: 0)(id: 241, initial_bandwith: 16, is_empty: 0)(id: 4, initial_bandwith: 6, is_empty: 0)(id: 23, initial_bandwith: 32, is_empty: 0)(id: 308, initial_bandwith: 6, is_empty: 0)(id: 307, initial_bandwith: 5, is_empty: 0)(id: 117, initial_bandwith: 7, is_empty: 0)(id: 112, initial_bandwith: 1, is_empty: 0)(id: 274, initial_bandwith: 12, is_empty: 0)(id: 237, initial_bandwith: 4, is_empty: 0)(id: 64, initial_bandwith: 21, is_empty: 0)(id: 96, initial_bandwith: 11, is_empty: 0)(id: 460, initial_bandwith: 21, is_empty: 0)(id: 5, initial_bandwith: 0, is_empty: 0)(id: 233, initial_bandwith: 15, is_empty: 0)

Apartment Name: O, Max Bandwidth: 262
(id: 154, initial_bandwith: 12, is_empty: 0) (id: 413, initial_bandwith: 3, is_empty: 0) (id: 378, initial_bandwith: 6, is_empty: 0) (id: 463, initial_bandwith: 0, is_empty: 0) (id: 473, initial_bandwith: 4, is_empty: 0) (id: 218, initial_bandwith: 11, is_empty: 0) (id: 91, initial_bandwith: 12, is_empty: 0) (id: 276, initial_bandwith: 10, is_empty: 0) (id: 119, initial_bandwith: 14, is_empty: 0) (id: 88, initial_bandwith: 0, is_empty: 0) (id: 75, initial_bandwith: 7, is_empty: 0) (id: 120, initial_bandwith: 15, is_empty: 0) (id: 432, initial_bandwith: 4, is_empty: 0) (id: 121, initial_bandwith: 0, is_empty: 0) 
backwards
(id: 121, initial_bandwith: 0, is_empty: 0)(id: 432, initial_bandwith: 4, is_empty: 0)(id: 120, initial_bandwith: 15, is_empty: 0)(id: 75, initial_bandwith: 7, is_empty: 0)(id: 88, initial_bandwith: 0, is_empty: 0)(id: 119, initial_bandwith: 14, is_empty: 0)(id: 276, initial_bandwith: 10, is_empty: 0)(id: 91, initial_bandwith: 12, is_empty: 0)(id: 218, initial_bandwith: 11, is_empty: 0)(id: 473, initial_bandwith: 4, is_empty: 0)(id: 463, initial_bandwith: 0, is_empty: 0)(id: 378, initial_bandwith: 6, is_empty: 0)(id: 413, initial_bandwith: 3, is_empty: 0)(id: 154, initial_bandwith: 12, is_empty: 0)

Apartment Name: Y, Max Bandwidth: 114
(id: 128, initial_bandwith: 8, is_empty: 0) (id: 322, initial_bandwith: 4, is_empty: 0) (id: 337, initial_bandwith: 15, is_empty: 0) (id: 98, initial_bandwith: 4, is_empty: 0) (id: 345, initial_bandwith: 1, is_empty: 0) (id: 193, initial_bandwith: 9, is_empty: 0) 
backwards
(id: 193, initial_bandwith: 9, is_empty: 0)(id: 345, initial_bandwith: 1, is_empty: 0)(id: 98, initial_bandwith: 4, is_empty: 0)(id: 337, initial_bandwith: 15, is_empty: 0)(id: 322, initial_bandwith: 4, is_empty: 0)(id: 128, initial_bandwith: 8, is_empty: 0)

Apartment Name: M, Max Bandwidth: 300
(id: 139, initial_bandwith: 10, is_empty: 0) (id: 65, initial_bandwith: 12, is_empty: 0) (id: 474, initial_bandwith: 6, is_empty: 0) (id: 129, initial_bandwith: 16, is_empty: 0) (id: 212, initial_bandwith: 16, is_empty: 0) (id: 472, initial_bandwith: 1, is_empty: 0) (id: 324, initial_bandwith: 10, is_empty: 0) (id: 399, initial_bandwith: 2, is_empty: 0) (id: 54, initial_bandwith: 11, is_empty: 0) (id: 489, initial_bandwith: 5, is_empty: 0) (id: 246, initial_bandwith: 14, is_empty: 0) (id: 487, initial_bandwith: 16, is_empty: 0) (id: 167, initial_bandwith: 11, is_empty: 0) (id: 422, initial_bandwith: 2, is_empty: 0) (id: 486, initial_bandwith: 9, is_empty: 0) (id: 19, initial_bandwith: 9, is_empty: 0) (id: 125, initial_bandwith: 14, is_empty: 0) (id: 110, initial_bandwith: 14, is_empty: 0) 
backwards
(id: 110, initial_bandwith: 14, is_empty: 0)(id: 125, initial_bandwith: 14, is_empty: 0)(id: 19, initial_bandwith: 9, is_empty: 0)(id: 486, initial_bandwith: 9, is_empty: 0)(id: 422, initial_bandwith: 2, is_empty: 0)(id: 167, initial_bandwith: 11, is_empty: 0)(id: 487, initial_bandwith: 16, is_empty: 0)(id: 246, initial_bandwith: 14, is_empty: 0)(id: 489, initial_bandwith: 5, is_empty: 0)(id: 54, initial_bandwith: 11, is_empty: 0)(id: 399, initial_bandwith: 2, is_empty: 0)(id: 324, initial_bandwith: 10, is_empty: 0)(id: 472, initial_bandwith: 1, is_empty: 0)(id: 212, initial_bandwith: 16, is_empty: 0)(id: 129, initial_bandwith: 16, is_empty: 0)(id: 474, initial_bandwith: 6, is_empty: 0)(id: 65, initial_bandwith: 12, is_empty: 0)(id: 139, initial_bandwith: 10, is_empty: 0)

Apartment Name: W, Max Bandwidth: 92
(id: 126, initial_bandwith: 5, is_empty: 0) (id: 105, initial_bandwith: 0, is_empty: 0) (id: 347, initial_bandwith: 10, is_empty: 0) (id: 292, initial_bandwith: 0, is_empty: 0) (id: 34, initial_bandwith: 7, is_empty: 0) (id: 199, initial_bandwith: 3, is_empty: 0) (id: 404, initial_bandwith: 2, is_empty: 0) 
backwards
(id: 404, initial_bandwith: 2, is_empty: 0)(id: 199, initial_bandwith: 3, is_empty: 0)(id: 34, initial_bandwith: 7, is_empty: 0)(id: 292, initial_bandwith: 0, is_empty: 0)(id: 347, initial_bandwith: 10, is_empty: 0)(id: 105, initial_bandwith: 0, is_empty: 0)(id: 126, initial_bandwith: 5, is_empty: 0)

Apartment Name: V, Max Bandwidth: 151
(id: 209, initial_bandwith: 11, is_empty: 0) (id: 320, initial_bandwith: 30, is_empty: 0) (id: 164, initial_bandwith: 17, is_empty: 0) (id: 150, initial_bandwith: 2, is_empty: 0) 
backwards
(id: 150, initial_bandwith: 2, is_empty: 0)(id: 164, initial_bandwith: 17, is_empty: 0)(id: 320, initial_bandwith: 30, is_empty: 0)(id: 209, initial_bandwith: 11, is_empty: 0)

Apartment Name: S, Max Bandwidth: 224
(id: 12, initial_bandwith: 3, is_empty: 0) (id: 232, initial_bandwith: 10, is_empty: 0) (id: 416, initial_bandwith: 2, is_empty: 0) (id: 351, initial_bandwith: 8, is_empty: 0) (id: 452, initial_bandwith: 0, is_empty: 0) (id: 434, initial_bandwith: 14, is_empty: 0) (id: 343, initial_bandwith: 9, is_empty: 0) (id: 15, initial_bandwith: 12, is_empty: 0) (id: 20, initial_bandwith: 11, is_empty: 0) (id: 497, initial_bandwith: 11, is_empty: 0) (id: 465, initial_bandwith: 9, is_empty: 0) (id: 18, initial_bandwith: 12, is_empty: 0) (id: 291, initial_bandwith: 14, is_empty: 0) 
backwards
(id: 291, initial_bandwith: 14, is_empty: 0)(id: 18, initial_bandwith: 12, is_empty: 0)(id: 465, initial_bandwith: 9, is_empty: 0)(id: 497, initial_bandwith: 11, is_empty: 0)(id: 20, initial_bandwith: 11, is_empty: 0)(id: 15, initial_bandwith: 12, is_empty: 0)(id: 343, initial_bandwith: 9, is_empty: 0)(id: 434, initial_bandwith: 14, is_empty: 0)(id: 452, initial_bandwith: 0, is_empty: 0)(id: 351, initial_bandwith: 8, is_empty: 0)(id: 416, initial_bandwith: 2, is_empty: 0)(id: 232, initial_bandwith: 10, is_empty: 0)(id: 12, initial_bandwith: 3, is_empty: 0)

Apartment Name: H, Max Bandwidth: 288
(id: 22, initial_bandwith: 0, is_empty: 0) (id: 319, initial_bandwith: 24, is_empty: 0) (id: 366, initial_bandwith: 27, is_empty: 0) (id: 318, initial_bandwith: 22, is_empty: 0) (id: 499, initial_bandwith: 1, is_empty: 0) (id: 67, initial_bandwith: 15, is_empty: 0) (id: 357, initial_bandwith: 11, is_empty: 0) (id: 355, initial_bandwith: 10, is_empty: 0) (id: 316, initial_bandwith: 20, is_empty: 0) 
backwards
(id: 316, initial_bandwith: 20, is_empty: 0)(id: 355, initial_bandwith: 10, is_empty: 0)(id: 357, initial_bandwith: 11, is_empty: 0)(id: 67, initial_bandwith: 15, is_empty: 0)(id: 499, initial_bandwith: 1, is_empty: 0)(id: 318, initial_bandwith: 22, is_empty: 0)(id: 366, initial_bandwith: 27, is_empty: 0)(id: 319, initial_bandwith: 24, is_empty: 0)(id: 22, initial_bandwith: 0, is_empty: 0)
