
Apartment Name: New Apartment, Max Bandwidth: 300

Apartment Name: N, Max Bandwidth: 140
(id: 148, initial_bandwith: 3, is_empty: 0) (id: 333, initial_bandwith: 4, is_empty: 0) (id: 32, initial_bandwith: 5, is_empty: 0) (id: 343, initial_bandwith: 2, is_empty: 0) (id: 53, initial_bandwith: 4, is_empty: 0) (id: 38, initial_bandwith: 4, is_empty: 0) (id: 322, initial_bandwith: 7, is_empty: 0) (id: 103, initial_bandwith: 3, is_empty: 0) (id: 418, initial_bandwith: 4, is_empty: 0) (id: 85, initial_bandwith: 5, is_empty: 0) (id: 246, initial_bandwith: 2, is_empty: 0) (id: 214, initial_bandwith: 5, is_empty: 0) (id: 62, initial_bandwith: 5, is_empty: 0) (id: 267, initial_bandwith: 3, is_empty: 0) (id: 43, initial_bandwith: 3, is_empty: 0) (id: 484, initial_bandwith: 4, is_empty: 0) (id: 496, initial_bandwith: 1, is_empty: 0) (id: 280, initial_bandwith: 2, is_empty: 0) 
backwards
(id: 280, initial_bandwith: 2, is_empty: 0)(id: 496, initial_bandwith: 1, is_empty: 0)(id: 484, initial_bandwith: 4, is_empty: 0)(id: 43, initial_bandwith: 3, is_empty: 0)(id: 267, initial_bandwith: 3, is_empty: 0)(id: 62, initial_bandwith: 5, is_empty: 0)(id: 214, initial_bandwith: 5, is_empty: 0)(id: 246, initial_bandwith: 2, is_empty: 0)(id: 85, initial_bandwith: 5, is_empty: 0)(id: 418, initial_bandwith: 4, is_empty: 0)(id: 103, initial_bandwith: 3, is_empty: 0)(id: 322, initial_bandwith: 7, is_empty: 0)(id: 38, initial_bandwith: 4, is_empty: 0)(id: 53, initial_bandwith: 4, is_empty: 0)(id: 343, initial_bandwith: 2, is_empty: 0)(id: 32, initial_bandwith: 5, is_empty: 0)(id: 333, initial_bandwith: 4, is_empty: 0)(id: 148, initial_bandwith: 3, is_empty: 0)

Apartment Name: C, Max Bandwidth: 120
(id: 265, initial_bandwith: 6, is_empty: 0) (id: 217, initial_bandwith: 6, is_empty: 0) (id: 263, initial_bandwith: 6, is_empty: 0) (id: 431, initial_bandwith: 0, is_empty: 0) (id: 463, initial_bandwith: 6, is_empty: 0) (id: 258, initial_bandwith: 1, is_empty: 0) (id: 109, initial_bandwith: 3, is_empty: 0) (id: 432, initial_bandwith: 0, is_empty: 0) (id: 482, initial_bandwith: 1, is_empty: 0) (id: 35, initial_bandwith: 7, is_empty: 0) (id: 369, initial_bandwith: 6, is_empty: 0) (id: 441, initial_bandwith: 8, is_empty: 0) (id: 10, initial_bandwith: 3, is_empty: 0) (id: 406, initial_bandwith: 8, is_empty: 0) 
backwards
(id: 406, initial_bandwith: 8, is_empty: 0)(id: 10, initial_bandwith: 3, is_empty: 0)(id: 441, initial_bandwith: 8, is_empty: 0)(id: 369, initial_bandwith: 6, is_empty: 0)(id: 35, initial_bandwith: 7, is_empty: 0)(id: 482, initial_bandwith: 1, is_empty: 0)(id: 432, initial_bandwith: 0, is_empty: 0)(id: 109, initial_bandwith: 3, is_empty: 0)(id: 258, initial_bandwith: 1, is_empty: 0)(id: 463, initial_bandwith: 6, is_empty: 0)(id: 431, initial_bandwith: 0, is_empty: 0)(id: 263, initial_bandwith: 6, is_empty: 0)(id: 217, initial_bandwith: 6, is_empty: 0)(id: 265, initial_bandwith: 6, is_empty: 0)

Apartment Name: I, Max Bandwidth: 380
(id: 471, initial_bandwith: 18, is_empty: 0) (id: 61, initial_bandwith: 4, is_empty: 0) (id: 247, initial_bandwith: 14, is_empty: 0) (id: 490, initial_bandwith: 12, is_empty: 0) (id: 128, initial_bandwith: 10, is_empty: 0) (id: 466, initial_bandwith: 4, is_empty: 0) (id: 395, initial_bandwith: 27, is_empty: 0) (id: 349, initial_bandwith: 21, is_empty: 0) (id: 371, initial_bandwith: 6, is_empty: 0) (id: 56, initial_bandwith: 4, is_empty: 0) (id: 286, initial_bandwith: 2, is_empty: 0) (id: 434, initial_bandwith: 30, is_empty: 0) 
backwards
(id: 434, initial_bandwith: 30, is_empty: 0)(id: 286, initial_bandwith: 2, is_empty: 0)(id: 56, initial_bandwith: 4, is_empty: 0)(id: 371, initial_bandwith: 6, is_empty: 0)(id: 349, initial_bandwith: 21, is_empty: 0)(id: 395, initial_bandwith: 27, is_empty: 0)(id: 466, initial_bandwith: 4, is_empty: 0)(id: 128, initial_bandwith: 10, is_empty: 0)(id: 490, initial_bandwith: 12, is_empty: 0)(id: 247, initial_bandwith: 14, is_empty: 0)(id: 61, initial_bandwith: 4, is_empty: 0)(id: 471, initial_bandwith: 18, is_empty: 0)
