
Apartment Name: Q, Max Bandwidth: 220
(id: 450, initial_bandwith: 11, is_empty: 0) (id: 245, initial_bandwith: 6, is_empty: 0) (id: 11, initial_bandwith: 4, is_empty: 0) (id: 470, initial_bandwith: 11, is_empty: 0) (id: 0, initial_bandwith: 4, is_empty: 0) (id: 265, initial_bandwith: 5, is_empty: 0) (id: 98, initial_bandwith: 2, is_empty: 0) (id: 254, initial_bandwith: 4, is_empty: 0) (id: 148, initial_bandwith: 0, is_empty: 0) (id: 263, initial_bandwith: 6, is_empty: 0) (id: 73, initial_bandwith: 0, is_empty: 0) (id: 205, initial_bandwith: 9, is_empty: 0) (id: 68, initial_bandwith: 4, is_empty: 0) (id: 317, initial_bandwith: 5, is_empty: 0) (id: 414, initial_bandwith: 0, is_empty: 0) (id: 451, initial_bandwith: 11, is_empty: 0) (id: 168, initial_bandwith: 10, is_empty: 0) (id: 398, initial_bandwith: 8, is_empty: 0) (id: 266, initial_bandwith: 6, is_empty: 0) 
backwards
(id: 266, initial_bandwith: 6, is_empty: 0)(id: 398, initial_bandwith: 8, is_empty: 0)(id: 168, initial_bandwith: 10, is_empty: 0)(id: 451, initial_bandwith: 11, is_empty: 0)(id: 414, initial_bandwith: 0, is_empty: 0)(id: 317, initial_bandwith: 5, is_empty: 0)(id: 68, initial_bandwith: 4, is_empty: 0)(id: 205, initial_bandwith: 9, is_empty: 0)(id: 73, initial_bandwith: 0, is_empty: 0)(id: 263, initial_bandwith: 6, is_empty: 0)(id: 148, initial_bandwith: 0, is_empty: 0)(id: 254, initial_bandwith: 4, is_empty: 0)(id: 98, initial_bandwith: 2, is_empty: 0)(id: 265, initial_bandwith: 5, is_empty: 0)(id: 0, initial_bandwith: 4, is_empty: 0)(id: 470, initial_bandwith: 11, is_empty: 0)(id: 11, initial_bandwith: 4, is_empty: 0)(id: 245, initial_bandwith: 6, is_empty: 0)(id: 450, initial_bandwith: 11, is_empty: 0)

Apartment Name: H, Max Bandwidth: 120
(id: 425, initial_bandwith: 5, is_empty: 0) (id: 302, initial_bandwith: 2, is_empty: 0) (id: 59, initial_bandwith: 3, is_empty: 0) (id: 113, initial_bandwith: 6, is_empty: 0) (id: 34, initial_bandwith: 2, is_empty: 0) (id: 435, initial_bandwith: 5, is_empty: 0) (id: 99, initial_bandwith: 8, is_empty: 0) (id: 71, initial_bandwith: 5, is_empty: 0) (id: 244, initial_bandwith: 2, is_empty: 0) (id: 387, initial_bandwith: 8, is_empty: 0) (id: 286, initial_bandwith: 4, is_empty: 0) (id: 326, initial_bandwith: 0, is_empty: 0) (id: 468, initial_bandwith: 2, is_empty: 0) (id: 271, initial_bandwith: 8, is_empty: 0) 
backwards
(id: 271, initial_bandwith: 8, is_empty: 0)(id: 468, initial_bandwith: 2, is_empty: 0)(id: 326, initial_bandwith: 0, is_empty: 0)(id: 286, initial_bandwith: 4, is_empty: 0)(id: 387, initial_bandwith: 8, is_empty: 0)(id: 244, initial_bandwith: 2, is_empty: 0)(id: 71, initial_bandwith: 5, is_empty: 0)(id: 99, initial_bandwith: 8, is_empty: 0)(id: 435, initial_bandwith: 5, is_empty: 0)(id: 34, initial_bandwith: 2, is_empty: 0)(id: 113, initial_bandwith: 6, is_empty: 0)(id: 59, initial_bandwith: 3, is_empty: 0)(id: 302, initial_bandwith: 2, is_empty: 0)(id: 425, initial_bandwith: 5, is_empty: 0)

Apartment Name: P, Max Bandwidth: 220
(id: 350, initial_bandwith: 11, is_empty: 0) (id: 89, initial_bandwith: 19, is_empty: 0) (id: 92, initial_bandwith: 8, is_empty: 0) (id: 394, initial_bandwith: 22, is_empty: 0) (id: 174, initial_bandwith: 7, is_empty: 0) (id: 230, initial_bandwith: 3, is_empty: 0) (id: 172, initial_bandwith: 14, is_empty: 0) (id: 4, initial_bandwith: 10, is_empty: 0) (id: 154, initial_bandwith: 20, is_empty: 0) (id: 149, initial_bandwith: 10, is_empty: 0) 
backwards
(id: 149, initial_bandwith: 10, is_empty: 0)(id: 154, initial_bandwith: 20, is_empty: 0)(id: 4, initial_bandwith: 10, is_empty: 0)(id: 172, initial_bandwith: 14, is_empty: 0)(id: 230, initial_bandwith: 3, is_empty: 0)(id: 174, initial_bandwith: 7, is_empty: 0)(id: 394, initial_bandwith: 22, is_empty: 0)(id: 92, initial_bandwith: 8, is_empty: 0)(id: 89, initial_bandwith: 19, is_empty: 0)(id: 350, initial_bandwith: 11, is_empty: 0)

Apartment Name: M, Max Bandwidth: 360
(id: 211, initial_bandwith: 5, is_empty: 0) (id: 313, initial_bandwith: 2, is_empty: 0) (id: 315, initial_bandwith: 18, is_empty: 0) (id: 80, initial_bandwith: 8, is_empty: 0) (id: 353, initial_bandwith: 16, is_empty: 0) (id: 461, initial_bandwith: 10, is_empty: 0) (id: 104, initial_bandwith: 6, is_empty: 0) (id: 262, initial_bandwith: 21, is_empty: 0) (id: 115, initial_bandwith: 12, is_empty: 0) (id: 290, initial_bandwith: 6, is_empty: 0) (id: 404, initial_bandwith: 16, is_empty: 0) (id: 285, initial_bandwith: 20, is_empty: 0) (id: 143, initial_bandwith: 10, is_empty: 0) (id: 369, initial_bandwith: 1, is_empty: 0) (id: 190, initial_bandwith: 19, is_empty: 0) (id: 126, initial_bandwith: 8, is_empty: 0) (id: 342, initial_bandwith: 21, is_empty: 0) 
backwards
(id: 342, initial_bandwith: 21, is_empty: 0)(id: 126, initial_bandwith: 8, is_empty: 0)(id: 190, initial_bandwith: 19, is_empty: 0)(id: 369, initial_bandwith: 1, is_empty: 0)(id: 143, initial_bandwith: 10, is_empty: 0)(id: 285, initial_bandwith: 20, is_empty: 0)(id: 404, initial_bandwith: 16, is_empty: 0)(id: 290, initial_bandwith: 6, is_empty: 0)(id: 115, initial_bandwith: 12, is_empty: 0)(id: 262, initial_bandwith: 21, is_empty: 0)(id: 104, initial_bandwith: 6, is_empty: 0)(id: 461, initial_bandwith: 10, is_empty: 0)(id: 353, initial_bandwith: 16, is_empty: 0)(id: 80, initial_bandwith: 8, is_empty: 0)(id: 315, initial_bandwith: 18, is_empty: 0)(id: 313, initial_bandwith: 2, is_empty: 0)(id: 211, initial_bandwith: 5, is_empty: 0)

Apartment Name: Z, Max Bandwidth: 200

Apartment Name: J, Max Bandwidth: 260
(id: 62, initial_bandwith: 0, is_empty: 0) (id: 467, initial_bandwith: 9, is_empty: 0) (id: 301, initial_bandwith: 3, is_empty: 0) (id: 204, initial_bandwith: 13, is_empty: 0) (id: 112, initial_bandwith: 2, is_empty: 0) (id: 306, initial_bandwith: 13, is_empty: 0) (id: 421, initial_bandwith: 7, is_empty: 0) (id: 207, initial_bandwith: 15, is_empty: 0) (id: 459, initial_bandwith: 17, is_empty: 0) (id: 54, initial_bandwith: 10, is_empty: 0) (id: 407, initial_bandwith: 5, is_empty: 0) (id: 447, initial_bandwith: 6, is_empty: 0) (id: 291, initial_bandwith: 0, is_empty: 0) (id: 81, initial_bandwith: 5, is_empty: 0) (id: 129, initial_bandwith: 15, is_empty: 0) 
backwards
(id: 129, initial_bandwith: 15, is_empty: 0)(id: 81, initial_bandwith: 5, is_empty: 0)(id: 291, initial_bandwith: 0, is_empty: 0)(id: 447, initial_bandwith: 6, is_empty: 0)(id: 407, initial_bandwith: 5, is_empty: 0)(id: 54, initial_bandwith: 10, is_empty: 0)(id: 459, initial_bandwith: 17, is_empty: 0)(id: 207, initial_bandwith: 15, is_empty: 0)(id: 421, initial_bandwith: 7, is_empty: 0)(id: 306, initial_bandwith: 13, is_empty: 0)(id: 112, initial_bandwith: 2, is_empty: 0)(id: 204, initial_bandwith: 13, is_empty: 0)(id: 301, initial_bandwith: 3, is_empty: 0)(id: 467, initial_bandwith: 9, is_empty: 0)(id: 62, initial_bandwith: 0, is_empty: 0)

Apartment Name: F, Max Bandwidth: 140
(id: 401, initial_bandwith: 7, is_empty: 0) (id: 24, initial_bandwith: 1, is_empty: 0) (id: 239, initial_bandwith: 1, is_empty: 0) (id: 79, initial_bandwith: 5, is_empty: 0) (id: 268, initial_bandwith: 4, is_empty: 0) (id: 44, initial_bandwith: 6, is_empty: 0) (id: 157, initial_bandwith: 0, is_empty: 0) (id: 445, initial_bandwith: 4, is_empty: 0) (id: 373, initial_bandwith: 6, is_empty: 0) (id: 289, initial_bandwith: 2, is_empty: 0) (id: 275, initial_bandwith: 4, is_empty: 0) (id: 334, initial_bandwith: 7, is_empty: 0) (id: 55, initial_bandwith: 6, is_empty: 0) (id: 193, initial_bandwith: 1, is_empty: 0) (id: 117, initial_bandwith: 0, is_empty: 0) (id: 293, initial_bandwith: 7, is_empty: 0) (id: 49, initial_bandwith: 7, is_empty: 0) (id: 229, initial_bandwith: 2, is_empty: 0) (id: 200, initial_bandwith: 1, is_empty: 0) 
backwards
(id: 200, initial_bandwith: 1, is_empty: 0)(id: 229, initial_bandwith: 2, is_empty: 0)(id: 49, initial_bandwith: 7, is_empty: 0)(id: 293, initial_bandwith: 7, is_empty: 0)(id: 117, initial_bandwith: 0, is_empty: 0)(id: 193, initial_bandwith: 1, is_empty: 0)(id: 55, initial_bandwith: 6, is_empty: 0)(id: 334, initial_bandwith: 7, is_empty: 0)(id: 275, initial_bandwith: 4, is_empty: 0)(id: 289, initial_bandwith: 2, is_empty: 0)(id: 373, initial_bandwith: 6, is_empty: 0)(id: 445, initial_bandwith: 4, is_empty: 0)(id: 157, initial_bandwith: 0, is_empty: 0)(id: 44, initial_bandwith: 6, is_empty: 0)(id: 268, initial_bandwith: 4, is_empty: 0)(id: 79, initial_bandwith: 5, is_empty: 0)(id: 239, initial_bandwith: 1, is_empty: 0)(id: 24, initial_bandwith: 1, is_empty: 0)(id: 401, initial_bandwith: 7, is_empty: 0)

Apartment Name: B, Max Bandwidth: 340
(id: 93, initial_bandwith: 20, is_empty: 0) (id: 386, initial_bandwith: 22, is_empty: 0) (id: 213, initial_bandwith: 10, is_empty: 0) (id: 320, initial_bandwith: 2, is_empty: 0) (id: 45, initial_bandwith: 16, is_empty: 0) (id: 94, initial_bandwith: 0, is_empty: 0) (id: 475, initial_bandwith: 14, is_empty: 0) (id: 276, initial_bandwith: 2, is_empty: 0) (id: 295, initial_bandwith: 18, is_empty: 0) (id: 125, initial_bandwith: 13, is_empty: 0) (id: 428, initial_bandwith: 3, is_empty: 0) (id: 477, initial_bandwith: 14, is_empty: 0) (id: 329, initial_bandwith: 5, is_empty: 0) (id: 135, initial_bandwith: 24, is_empty: 0) 
backwards
(id: 135, initial_bandwith: 24, is_empty: 0)(id: 329, initial_bandwith: 5, is_empty: 0)(id: 477, initial_bandwith: 14, is_empty: 0)(id: 428, initial_bandwith: 3, is_empty: 0)(id: 125, initial_bandwith: 13, is_empty: 0)(id: 295, initial_bandwith: 18, is_empty: 0)(id: 276, initial_bandwith: 2, is_empty: 0)(id: 475, initial_bandwith: 14, is_empty: 0)(id: 94, initial_bandwith: 0, is_empty: 0)(id: 45, initial_bandwith: 16, is_empty: 0)(id: 320, initial_bandwith: 2, is_empty: 0)(id: 213, initial_bandwith: 10, is_empty: 0)(id: 386, initial_bandwith: 22, is_empty: 0)(id: 93, initial_bandwith: 20, is_empty: 0)

Apartment Name: New Apartment, Max Bandwidth: 300

Apartment Name: C, Max Bandwidth: 200
(id: 13, initial_bandwith: 12, is_empty: 0) (id: 22, initial_bandwith: 15, is_empty: 0) (id: 238, initial_bandwith: 22, is_empty: 0) (id: 333, initial_bandwith: 12, is_empty: 0) (id: 322, initial_bandwith: 12, is_empty: 0) (id: 86, initial_bandwith: 0, is_empty: 0) (id: 370, initial_bandwith: 19, is_empty: 0) 
backwards
(id: 370, initial_bandwith: 19, is_empty: 0)(id: 86, initial_bandwith: 0, is_empty: 0)(id: 322, initial_bandwith: 12, is_empty: 0)(id: 333, initial_bandwith: 12, is_empty: 0)(id: 238, initial_bandwith: 22, is_empty: 0)(id: 22, initial_bandwith: 15, is_empty: 0)(id: 13, initial_bandwith: 12, is_empty: 0)

Apartment Name: T, Max Bandwidth: 280
(id: 417, initial_bandwith: 15, is_empty: 0) (id: 273, initial_bandwith: 18, is_empty: 0) (id: 242, initial_bandwith: 2, is_empty: 0) (id: 8, initial_bandwith: 7, is_empty: 0) (id: 344, initial_bandwith: 19, is_empty: 0) (id: 147, initial_bandwith: 9, is_empty: 0) (id: 121, initial_bandwith: 9, is_empty: 0) (id: 5, initial_bandwith: 20, is_empty: 0) (id: 388, initial_bandwith: 8, is_empty: 0) (id: 431, initial_bandwith: 5, is_empty: 0) (id: 183, initial_bandwith: 0, is_empty: 0) (id: 159, initial_bandwith: 13, is_empty: 0) 
backwards
(id: 159, initial_bandwith: 13, is_empty: 0)(id: 183, initial_bandwith: 0, is_empty: 0)(id: 431, initial_bandwith: 5, is_empty: 0)(id: 388, initial_bandwith: 8, is_empty: 0)(id: 5, initial_bandwith: 20, is_empty: 0)(id: 121, initial_bandwith: 9, is_empty: 0)(id: 147, initial_bandwith: 9, is_empty: 0)(id: 344, initial_bandwith: 19, is_empty: 0)(id: 8, initial_bandwith: 7, is_empty: 0)(id: 242, initial_bandwith: 2, is_empty: 0)(id: 273, initial_bandwith: 18, is_empty: 0)(id: 417, initial_bandwith: 15, is_empty: 0)

Apartment Name: K, Max Bandwidth: 340
(id: 196, initial_bandwith: 0, is_empty: 0) (id: 482, initial_bandwith: 0, is_empty: 0) (id: 287, initial_bandwith: 13, is_empty: 0) (id: 492, initial_bandwith: 6, is_empty: 0) (id: 170, initial_bandwith: 0, is_empty: 0) (id: 463, initial_bandwith: 14, is_empty: 0) (id: 328, initial_bandwith: 6, is_empty: 0) (id: 321, initial_bandwith: 2, is_empty: 0) (id: 281, initial_bandwith: 9, is_empty: 0) (id: 46, initial_bandwith: 15, is_empty: 0) (id: 2, initial_bandwith: 8, is_empty: 0) (id: 151, initial_bandwith: 7, is_empty: 0) (id: 488, initial_bandwith: 4, is_empty: 0) (id: 429, initial_bandwith: 14, is_empty: 0) (id: 82, initial_bandwith: 7, is_empty: 0) (id: 354, initial_bandwith: 4, is_empty: 0) (id: 406, initial_bandwith: 10, is_empty: 0) (id: 288, initial_bandwith: 0, is_empty: 0) 
backwards
(id: 288, initial_bandwith: 0, is_empty: 0)(id: 406, initial_bandwith: 10, is_empty: 0)(id: 354, initial_bandwith: 4, is_empty: 0)(id: 82, initial_bandwith: 7, is_empty: 0)(id: 429, initial_bandwith: 14, is_empty: 0)(id: 488, initial_bandwith: 4, is_empty: 0)(id: 151, initial_bandwith: 7, is_empty: 0)(id: 2, initial_bandwith: 8, is_empty: 0)(id: 46, initial_bandwith: 15, is_empty: 0)(id: 281, initial_bandwith: 9, is_empty: 0)(id: 321, initial_bandwith: 2, is_empty: 0)(id: 328, initial_bandwith: 6, is_empty: 0)(id: 463, initial_bandwith: 14, is_empty: 0)(id: 170, initial_bandwith: 0, is_empty: 0)(id: 492, initial_bandwith: 6, is_empty: 0)(id: 287, initial_bandwith: 13, is_empty: 0)(id: 482, initial_bandwith: 0, is_empty: 0)(id: 196, initial_bandwith: 0, is_empty: 0)

Apartment Name: R, Max Bandwidth: 360
(id: 270, initial_bandwith: 5, is_empty: 0) (id: 233, initial_bandwith: 35, is_empty: 0) (id: 400, initial_bandwith: 11, is_empty: 0) (id: 316, initial_bandwith: 37, is_empty: 0) (id: 178, initial_bandwith: 42, is_empty: 0) (id: 339, initial_bandwith: 8, is_empty: 0) (id: 397, initial_bandwith: 24, is_empty: 0) (id: 379, initial_bandwith: 24, is_empty: 0) 
backwards
(id: 379, initial_bandwith: 24, is_empty: 0)(id: 397, initial_bandwith: 24, is_empty: 0)(id: 339, initial_bandwith: 8, is_empty: 0)(id: 178, initial_bandwith: 42, is_empty: 0)(id: 316, initial_bandwith: 37, is_empty: 0)(id: 400, initial_bandwith: 11, is_empty: 0)(id: 233, initial_bandwith: 35, is_empty: 0)(id: 270, initial_bandwith: 5, is_empty: 0)

Apartment Name: X, Max Bandwidth: 140

Apartment Name: O, Max Bandwidth: 180
(id: 69, initial_bandwith: 28, is_empty: 0) (id: 138, initial_bandwith: 23, is_empty: 0) (id: 103, initial_bandwith: 25, is_empty: 0) (id: 78, initial_bandwith: 22, is_empty: 0) (id: 304, initial_bandwith: 16, is_empty: 0) (id: 358, initial_bandwith: 1, is_empty: 0) 
backwards
(id: 358, initial_bandwith: 1, is_empty: 0)(id: 304, initial_bandwith: 16, is_empty: 0)(id: 78, initial_bandwith: 22, is_empty: 0)(id: 103, initial_bandwith: 25, is_empty: 0)(id: 138, initial_bandwith: 23, is_empty: 0)(id: 69, initial_bandwith: 28, is_empty: 0)
