
Apartment Name: N, Max Bandwidth: 280
(id: 130, initial_bandwith: 4, is_empty: 0) (id: 361, initial_bandwith: 3, is_empty: 0) (id: 303, initial_bandwith: 8, is_empty: 0) (id: 10, initial_bandwith: 4, is_empty: 0) (id: 296, initial_bandwith: 5, is_empty: 0) (id: 235, initial_bandwith: 1, is_empty: 0) (id: 81, initial_bandwith: 6, is_empty: 0) (id: 60, initial_bandwith: 2, is_empty: 0) (id: 23, initial_bandwith: 2, is_empty: 0) (id: 158, initial_bandwith: 14, is_empty: 0) (id: 352, initial_bandwith: 6, is_empty: 0) (id: 187, initial_bandwith: 7, is_empty: 0) (id: 44, initial_bandwith: 8, is_empty: 0) (id: 414, initial_bandwith: 12, is_empty: 0) (id: 152, initial_bandwith: 1, is_empty: 0) (id: 230, initial_bandwith: 13, is_empty: 0) (id: 417, initial_bandwith: 13, is_empty: 0) (id: 215, initial_bandwith: 13, is_empty: 0) (id: 147, initial_bandwith: 14, is_empty: 0) 
backwards
(id: 147, initial_bandwith: 14, is_empty: 0)(id: 215, initial_bandwith: 13, is_empty: 0)(id: 417, initial_bandwith: 13, is_empty: 0)(id: 230, initial_bandwith: 13, is_empty: 0)(id: 152, initial_bandwith: 1, is_empty: 0)(id: 414, initial_bandwith: 12, is_empty: 0)(id: 44, initial_bandwith: 8, is_empty: 0)(id: 187, initial_bandwith: 7, is_empty: 0)(id: 352, initial_bandwith: 6, is_empty: 0)(id: 158, initial_bandwith: 14, is_empty: 0)(id: 23, initial_bandwith: 2, is_empty: 0)(id: 60, initial_bandwith: 2, is_empty: 0)(id: 81, initial_bandwith: 6, is_empty: 0)(id: 235, initial_bandwith: 1, is_empty: 0)(id: 296, initial_bandwith: 5, is_empty: 0)(id: 10, initial_bandwith: 4, is_empty: 0)(id: 303, initial_bandwith: 8, is_empty: 0)(id: 361, initial_bandwith: 3, is_empty: 0)(id: 130, initial_bandwith: 4, is_empty: 0)

Apartment Name: A, Max Bandwidth: 320
(id: 316, initial_bandwith: 92, is_empty: 0) (id: 148, initial_bandwith: 25, is_empty: 0) (id: 55, initial_bandwith: 35, is_empty: 0) 
backwards
(id: 55, initial_bandwith: 35, is_empty: 0)(id: 148, initial_bandwith: 25, is_empty: 0)(id: 316, initial_bandwith: 92, is_empty: 0)

Apartment Name: New Apartment, Max Bandwidth: 300

Apartment Name: P, Max Bandwidth: 380
(id: 0, initial_bandwith: 277, is_empty: 0) 
backwards
(id: 0, initial_bandwith: 277, is_empty: 0)

Apartment Name: J, Max Bandwidth: 140
(id: 134, initial_bandwith: 8, is_empty: 0) (id: 321, initial_bandwith: 2, is_empty: 0) (id: 238, initial_bandwith: 0, is_empty: 0) (id: 433, initial_bandwith: 9, is_empty: 0) (id: 313, initial_bandwith: 5, is_empty: 0) (id: 349, initial_bandwith: 10, is_empty: 0) (id: 200, initial_bandwith: 3, is_empty: 0) (id: 218, initial_bandwith: 1, is_empty: 0) (id: 322, initial_bandwith: 1, is_empty: 0) (id: 270, initial_bandwith: 5, is_empty: 0) (id: 163, initial_bandwith: 2, is_empty: 0) (id: 395, initial_bandwith: 10, is_empty: 0) 
backwards
(id: 395, initial_bandwith: 10, is_empty: 0)(id: 163, initial_bandwith: 2, is_empty: 0)(id: 270, initial_bandwith: 5, is_empty: 0)(id: 322, initial_bandwith: 1, is_empty: 0)(id: 218, initial_bandwith: 1, is_empty: 0)(id: 200, initial_bandwith: 3, is_empty: 0)(id: 349, initial_bandwith: 10, is_empty: 0)(id: 313, initial_bandwith: 5, is_empty: 0)(id: 433, initial_bandwith: 9, is_empty: 0)(id: 238, initial_bandwith: 0, is_empty: 0)(id: 321, initial_bandwith: 2, is_empty: 0)(id: 134, initial_bandwith: 8, is_empty: 0)

Apartment Name: S, Max Bandwidth: 280

Apartment Name: H, Max Bandwidth: 320
(id: 102, initial_bandwith: 12, is_empty: 0) (id: 406, initial_bandwith: 5, is_empty: 0) (id: 72, initial_bandwith: 1, is_empty: 0) (id: 173, initial_bandwith: 8, is_empty: 0) (id: 377, initial_bandwith: 5, is_empty: 0) (id: 493, initial_bandwith: 16, is_empty: 0) (id: 118, initial_bandwith: 16, is_empty: 0) (id: 252, initial_bandwith: 28, is_empty: 0) (id: 437, initial_bandwith: 16, is_empty: 0) (id: 306, initial_bandwith: 16, is_empty: 0) (id: 405, initial_bandwith: 9, is_empty: 0) 
backwards
(id: 405, initial_bandwith: 9, is_empty: 0)(id: 306, initial_bandwith: 16, is_empty: 0)(id: 437, initial_bandwith: 16, is_empty: 0)(id: 252, initial_bandwith: 28, is_empty: 0)(id: 118, initial_bandwith: 16, is_empty: 0)(id: 493, initial_bandwith: 16, is_empty: 0)(id: 377, initial_bandwith: 5, is_empty: 0)(id: 173, initial_bandwith: 8, is_empty: 0)(id: 72, initial_bandwith: 1, is_empty: 0)(id: 406, initial_bandwith: 5, is_empty: 0)(id: 102, initial_bandwith: 12, is_empty: 0)

Apartment Name: W, Max Bandwidth: 280
(id: 378, initial_bandwith: 12, is_empty: 0) (id: 58, initial_bandwith: 17, is_empty: 0) (id: 126, initial_bandwith: 19, is_empty: 0) (id: 292, initial_bandwith: 11, is_empty: 0) (id: 217, initial_bandwith: 4, is_empty: 0) (id: 264, initial_bandwith: 17, is_empty: 0) (id: 78, initial_bandwith: 0, is_empty: 0) (id: 427, initial_bandwith: 8, is_empty: 0) (id: 331, initial_bandwith: 12, is_empty: 0) (id: 463, initial_bandwith: 17, is_empty: 0) (id: 226, initial_bandwith: 21, is_empty: 0) (id: 196, initial_bandwith: 10, is_empty: 0) (id: 84, initial_bandwith: 1, is_empty: 0) 
backwards
(id: 84, initial_bandwith: 1, is_empty: 0)(id: 196, initial_bandwith: 10, is_empty: 0)(id: 226, initial_bandwith: 21, is_empty: 0)(id: 463, initial_bandwith: 17, is_empty: 0)(id: 331, initial_bandwith: 12, is_empty: 0)(id: 427, initial_bandwith: 8, is_empty: 0)(id: 78, initial_bandwith: 0, is_empty: 0)(id: 264, initial_bandwith: 17, is_empty: 0)(id: 217, initial_bandwith: 4, is_empty: 0)(id: 292, initial_bandwith: 11, is_empty: 0)(id: 126, initial_bandwith: 19, is_empty: 0)(id: 58, initial_bandwith: 17, is_empty: 0)(id: 378, initial_bandwith: 12, is_empty: 0)

Apartment Name: R, Max Bandwidth: 200
(id: 383, initial_bandwith: 3, is_empty: 0) (id: 245, initial_bandwith: 12, is_empty: 0) (id: 36, initial_bandwith: 4, is_empty: 0) (id: 91, initial_bandwith: 7, is_empty: 0) (id: 117, initial_bandwith: 12, is_empty: 0) (id: 212, initial_bandwith: 7, is_empty: 0) (id: 3, initial_bandwith: 3, is_empty: 0) (id: 37, initial_bandwith: 4, is_empty: 0) (id: 430, initial_bandwith: 1, is_empty: 0) (id: 28, initial_bandwith: 4, is_empty: 0) (id: 308, initial_bandwith: 8, is_empty: 0) (id: 52, initial_bandwith: 10, is_empty: 0) (id: 97, initial_bandwith: 12, is_empty: 0) (id: 499, initial_bandwith: 8, is_empty: 0) (id: 75, initial_bandwith: 12, is_empty: 0) 
backwards
(id: 75, initial_bandwith: 12, is_empty: 0)(id: 499, initial_bandwith: 8, is_empty: 0)(id: 97, initial_bandwith: 12, is_empty: 0)(id: 52, initial_bandwith: 10, is_empty: 0)(id: 308, initial_bandwith: 8, is_empty: 0)(id: 28, initial_bandwith: 4, is_empty: 0)(id: 430, initial_bandwith: 1, is_empty: 0)(id: 37, initial_bandwith: 4, is_empty: 0)(id: 3, initial_bandwith: 3, is_empty: 0)(id: 212, initial_bandwith: 7, is_empty: 0)(id: 117, initial_bandwith: 12, is_empty: 0)(id: 91, initial_bandwith: 7, is_empty: 0)(id: 36, initial_bandwith: 4, is_empty: 0)(id: 245, initial_bandwith: 12, is_empty: 0)(id: 383, initial_bandwith: 3, is_empty: 0)
