
Apartment Name: New Apartment, Max Bandwidth: 300

Apartment Name: B, Max Bandwidth: 220
(id: 83, initial_bandwith: 23, is_empty: 0) (id: 467, initial_bandwith: 16, is_empty: 0) (id: 414, initial_bandwith: 0, is_empty: 0) (id: 490, initial_bandwith: 10, is_empty: 0) (id: 28, initial_bandwith: 2, is_empty: 0) (id: 26, initial_bandwith: 23, is_empty: 0) (id: 473, initial_bandwith: 17, is_empty: 0) (id: 226, initial_bandwith: 5, is_empty: 0) (id: 220, initial_bandwith: 7, is_empty: 0) 
backwards
(id: 220, initial_bandwith: 7, is_empty: 0)(id: 226, initial_bandwith: 5, is_empty: 0)(id: 473, initial_bandwith: 17, is_empty: 0)(id: 26, initial_bandwith: 23, is_empty: 0)(id: 28, initial_bandwith: 2, is_empty: 0)(id: 490, initial_bandwith: 10, is_empty: 0)(id: 414, initial_bandwith: 0, is_empty: 0)(id: 467, initial_bandwith: 16, is_empty: 0)(id: 83, initial_bandwith: 23, is_empty: 0)

Apartment Name: X, Max Bandwidth: 200
(id: 36, initial_bandwith: 112, is_empty: 0) 
backwards
(id: 36, initial_bandwith: 112, is_empty: 0)

Apartment Name: N, Max Bandwidth: 240
(id: 84, initial_bandwith: 8, is_empty: 0) (id: 100, initial_bandwith: 7, is_empty: 0) (id: 367, initial_bandwith: 0, is_empty: 0) (id: 87, initial_bandwith: 11, is_empty: 0) (id: 229, initial_bandwith: 11, is_empty: 0) (id: 136, initial_bandwith: 0, is_empty: 0) (id: 406, initial_bandwith: 7, is_empty: 0) (id: 73, initial_bandwith: 14, is_empty: 0) (id: 398, initial_bandwith: 11, is_empty: 0) (id: 449, initial_bandwith: 10, is_empty: 0) (id: 238, initial_bandwith: 14, is_empty: 0) (id: 294, initial_bandwith: 6, is_empty: 0) (id: 121, initial_bandwith: 5, is_empty: 0) (id: 8, initial_bandwith: 5, is_empty: 0) (id: 18, initial_bandwith: 10, is_empty: 0) (id: 205, initial_bandwith: 0, is_empty: 0) (id: 390, initial_bandwith: 1, is_empty: 0) 
backwards
(id: 390, initial_bandwith: 1, is_empty: 0)(id: 205, initial_bandwith: 0, is_empty: 0)(id: 18, initial_bandwith: 10, is_empty: 0)(id: 8, initial_bandwith: 5, is_empty: 0)(id: 121, initial_bandwith: 5, is_empty: 0)(id: 294, initial_bandwith: 6, is_empty: 0)(id: 238, initial_bandwith: 14, is_empty: 0)(id: 449, initial_bandwith: 10, is_empty: 0)(id: 398, initial_bandwith: 11, is_empty: 0)(id: 73, initial_bandwith: 14, is_empty: 0)(id: 406, initial_bandwith: 7, is_empty: 0)(id: 136, initial_bandwith: 0, is_empty: 0)(id: 229, initial_bandwith: 11, is_empty: 0)(id: 87, initial_bandwith: 11, is_empty: 0)(id: 367, initial_bandwith: 0, is_empty: 0)(id: 100, initial_bandwith: 7, is_empty: 0)(id: 84, initial_bandwith: 8, is_empty: 0)
