
Apartment Name: X, Max Bandwidth: 220
(id: 366, initial_bandwith: 34, is_empty: 0) (id: 178, initial_bandwith: 7, is_empty: 0) (id: 266, initial_bandwith: 20, is_empty: 0) (id: 134, initial_bandwith: 36, is_empty: 0) (id: 344, initial_bandwith: 23, is_empty: 0) 
backwards
(id: 344, initial_bandwith: 23, is_empty: 0)(id: 134, initial_bandwith: 36, is_empty: 0)(id: 266, initial_bandwith: 20, is_empty: 0)(id: 178, initial_bandwith: 7, is_empty: 0)(id: 366, initial_bandwith: 34, is_empty: 0)

Apartment Name: E, Max Bandwidth: 200
(id: 133, initial_bandwith: 6, is_empty: 0) (id: 414, initial_bandwith: 0, is_empty: 0) (id: 98, initial_bandwith: 7, is_empty: 0) (id: 149, initial_bandwith: 5, is_empty: 0) (id: 400, initial_bandwith: 10, is_empty: 0) (id: 33, initial_bandwith: 11, is_empty: 0) (id: 251, initial_bandwith: 11, is_empty: 0) (id: 201, initial_bandwith: 1, is_empty: 0) (id: 355, initial_bandwith: 7, is_empty: 0) (id: 174, initial_bandwith: 11, is_empty: 0) (id: 191, initial_bandwith: 0, is_empty: 0) (id: 34, initial_bandwith: 5, is_empty: 0) (id: 363, initial_bandwith: 10, is_empty: 0) (id: 138, initial_bandwith: 5, is_empty: 0) (id: 76, initial_bandwith: 8, is_empty: 0) (id: 425, initial_bandwith: 7, is_empty: 0) (id: 372, initial_bandwith: 11, is_empty: 0) (id: 80, initial_bandwith: 5, is_empty: 0) 
backwards
(id: 80, initial_bandwith: 5, is_empty: 0)(id: 372, initial_bandwith: 11, is_empty: 0)(id: 425, initial_bandwith: 7, is_empty: 0)(id: 76, initial_bandwith: 8, is_empty: 0)(id: 138, initial_bandwith: 5, is_empty: 0)(id: 363, initial_bandwith: 10, is_empty: 0)(id: 34, initial_bandwith: 5, is_empty: 0)(id: 191, initial_bandwith: 0, is_empty: 0)(id: 174, initial_bandwith: 11, is_empty: 0)(id: 355, initial_bandwith: 7, is_empty: 0)(id: 201, initial_bandwith: 1, is_empty: 0)(id: 251, initial_bandwith: 11, is_empty: 0)(id: 33, initial_bandwith: 11, is_empty: 0)(id: 400, initial_bandwith: 10, is_empty: 0)(id: 149, initial_bandwith: 5, is_empty: 0)(id: 98, initial_bandwith: 7, is_empty: 0)(id: 414, initial_bandwith: 0, is_empty: 0)(id: 133, initial_bandwith: 6, is_empty: 0)

Apartment Name: New Apartment, Max Bandwidth: 300

Apartment Name: M, Max Bandwidth: 220
(id: 118, initial_bandwith: 10, is_empty: 0) (id: 410, initial_bandwith: 2, is_empty: 0) (id: 322, initial_bandwith: 6, is_empty: 0) (id: 281, initial_bandwith: 17, is_empty: 0) (id: 250, initial_bandwith: 11, is_empty: 0) (id: 166, initial_bandwith: 10, is_empty: 0) (id: 208, initial_bandwith: 8, is_empty: 0) (id: 345, initial_bandwith: 10, is_empty: 0) (id: 282, initial_bandwith: 6, is_empty: 0) (id: 253, initial_bandwith: 1, is_empty: 0) (id: 109, initial_bandwith: 14, is_empty: 0) (id: 287, initial_bandwith: 10, is_empty: 0) 
backwards
(id: 287, initial_bandwith: 10, is_empty: 0)(id: 109, initial_bandwith: 14, is_empty: 0)(id: 253, initial_bandwith: 1, is_empty: 0)(id: 282, initial_bandwith: 6, is_empty: 0)(id: 345, initial_bandwith: 10, is_empty: 0)(id: 208, initial_bandwith: 8, is_empty: 0)(id: 166, initial_bandwith: 10, is_empty: 0)(id: 250, initial_bandwith: 11, is_empty: 0)(id: 281, initial_bandwith: 17, is_empty: 0)(id: 322, initial_bandwith: 6, is_empty: 0)(id: 410, initial_bandwith: 2, is_empty: 0)(id: 118, initial_bandwith: 10, is_empty: 0)
