
Apartment Name: M, Max Bandwidth: 220
(id: 111, initial_bandwith: 209, is_empty: 0) 
backwards
(id: 111, initial_bandwith: 209, is_empty: 0)

Apartment Name: New Apartment, Max Bandwidth: 300

Apartment Name: F, Max Bandwidth: 280

Apartment Name: O, Max Bandwidth: 380
(id: 92, initial_bandwith: 42, is_empty: 0) 
backwards
(id: 92, initial_bandwith: 42, is_empty: 0)

Apartment Name: G, Max Bandwidth: 100
(id: 449, initial_bandwith: 12, is_empty: 0) (id: 245, initial_bandwith: 19, is_empty: 0) 
backwards
(id: 245, initial_bandwith: 19, is_empty: 0)(id: 449, initial_bandwith: 12, is_empty: 0)

Apartment Name: P, Max Bandwidth: 100
(id: 231, initial_bandwith: 10, is_empty: 0) (id: 267, initial_bandwith: 4, is_empty: 0) (id: 6, initial_bandwith: 7, is_empty: 0) (id: 451, initial_bandwith: 10, is_empty: 0) (id: 484, initial_bandwith: 11, is_empty: 0) (id: 28, initial_bandwith: 10, is_empty: 0) (id: 287, initial_bandwith: 3, is_empty: 0) 
backwards
(id: 287, initial_bandwith: 3, is_empty: 0)(id: 28, initial_bandwith: 10, is_empty: 0)(id: 484, initial_bandwith: 11, is_empty: 0)(id: 451, initial_bandwith: 10, is_empty: 0)(id: 6, initial_bandwith: 7, is_empty: 0)(id: 267, initial_bandwith: 4, is_empty: 0)(id: 231, initial_bandwith: 10, is_empty: 0)

Apartment Name: R, Max Bandwidth: 180
(id: 300, initial_bandwith: 2, is_empty: 0) (id: 416, initial_bandwith: 8, is_empty: 0) (id: 190, initial_bandwith: 3, is_empty: 0) (id: 122, initial_bandwith: 4, is_empty: 0) (id: 98, initial_bandwith: 4, is_empty: 0) (id: 442, initial_bandwith: 5, is_empty: 0) (id: 373, initial_bandwith: 5, is_empty: 0) (id: 368, initial_bandwith: 1, is_empty: 0) (id: 341, initial_bandwith: 0, is_empty: 0) (id: 56, initial_bandwith: 5, is_empty: 0) (id: 391, initial_bandwith: 5, is_empty: 0) (id: 52, initial_bandwith: 3, is_empty: 0) (id: 41, initial_bandwith: 7, is_empty: 0) (id: 363, initial_bandwith: 0, is_empty: 0) (id: 286, initial_bandwith: 2, is_empty: 0) (id: 387, initial_bandwith: 4, is_empty: 0) (id: 169, initial_bandwith: 6, is_empty: 0) (id: 13, initial_bandwith: 1, is_empty: 0) (id: 208, initial_bandwith: 2, is_empty: 0) 
backwards
(id: 208, initial_bandwith: 2, is_empty: 0)(id: 13, initial_bandwith: 1, is_empty: 0)(id: 169, initial_bandwith: 6, is_empty: 0)(id: 387, initial_bandwith: 4, is_empty: 0)(id: 286, initial_bandwith: 2, is_empty: 0)(id: 363, initial_bandwith: 0, is_empty: 0)(id: 41, initial_bandwith: 7, is_empty: 0)(id: 52, initial_bandwith: 3, is_empty: 0)(id: 391, initial_bandwith: 5, is_empty: 0)(id: 56, initial_bandwith: 5, is_empty: 0)(id: 341, initial_bandwith: 0, is_empty: 0)(id: 368, initial_bandwith: 1, is_empty: 0)(id: 373, initial_bandwith: 5, is_empty: 0)(id: 442, initial_bandwith: 5, is_empty: 0)(id: 98, initial_bandwith: 4, is_empty: 0)(id: 122, initial_bandwith: 4, is_empty: 0)(id: 190, initial_bandwith: 3, is_empty: 0)(id: 416, initial_bandwith: 8, is_empty: 0)(id: 300, initial_bandwith: 2, is_empty: 0)

Apartment Name: A, Max Bandwidth: 100
(id: 2, initial_bandwith: 24, is_empty: 0) (id: 107, initial_bandwith: 24, is_empty: 0) 
backwards
(id: 107, initial_bandwith: 24, is_empty: 0)(id: 2, initial_bandwith: 24, is_empty: 0)

Apartment Name: C, Max Bandwidth: 380
(id: 242, initial_bandwith: 21, is_empty: 0) (id: 8, initial_bandwith: 10, is_empty: 0) (id: 339, initial_bandwith: 21, is_empty: 0) (id: 494, initial_bandwith: 2, is_empty: 0) (id: 303, initial_bandwith: 6, is_empty: 0) (id: 220, initial_bandwith: 15, is_empty: 0) (id: 55, initial_bandwith: 5, is_empty: 0) (id: 48, initial_bandwith: 23, is_empty: 0) (id: 473, initial_bandwith: 7, is_empty: 0) (id: 167, initial_bandwith: 14, is_empty: 0) (id: 378, initial_bandwith: 15, is_empty: 0) (id: 335, initial_bandwith: 16, is_empty: 0) (id: 171, initial_bandwith: 20, is_empty: 0) (id: 240, initial_bandwith: 20, is_empty: 0) (id: 393, initial_bandwith: 3, is_empty: 0) (id: 109, initial_bandwith: 8, is_empty: 0) 
backwards
(id: 109, initial_bandwith: 8, is_empty: 0)(id: 393, initial_bandwith: 3, is_empty: 0)(id: 240, initial_bandwith: 20, is_empty: 0)(id: 171, initial_bandwith: 20, is_empty: 0)(id: 335, initial_bandwith: 16, is_empty: 0)(id: 378, initial_bandwith: 15, is_empty: 0)(id: 167, initial_bandwith: 14, is_empty: 0)(id: 473, initial_bandwith: 7, is_empty: 0)(id: 48, initial_bandwith: 23, is_empty: 0)(id: 55, initial_bandwith: 5, is_empty: 0)(id: 220, initial_bandwith: 15, is_empty: 0)(id: 303, initial_bandwith: 6, is_empty: 0)(id: 494, initial_bandwith: 2, is_empty: 0)(id: 339, initial_bandwith: 21, is_empty: 0)(id: 8, initial_bandwith: 10, is_empty: 0)(id: 242, initial_bandwith: 21, is_empty: 0)

Apartment Name: T, Max Bandwidth: 200
(id: 305, initial_bandwith: 16, is_empty: 0) (id: 119, initial_bandwith: 5, is_empty: 0) (id: 216, initial_bandwith: 10, is_empty: 0) (id: 283, initial_bandwith: 26, is_empty: 0) 
backwards
(id: 283, initial_bandwith: 26, is_empty: 0)(id: 216, initial_bandwith: 10, is_empty: 0)(id: 119, initial_bandwith: 5, is_empty: 0)(id: 305, initial_bandwith: 16, is_empty: 0)

Apartment Name: W, Max Bandwidth: 340
(id: 445, initial_bandwith: 1, is_empty: 0) (id: 67, initial_bandwith: 8, is_empty: 0) (id: 389, initial_bandwith: 4, is_empty: 0) (id: 345, initial_bandwith: 10, is_empty: 0) (id: 236, initial_bandwith: 24, is_empty: 0) (id: 337, initial_bandwith: 18, is_empty: 0) (id: 54, initial_bandwith: 0, is_empty: 0) (id: 101, initial_bandwith: 24, is_empty: 0) (id: 20, initial_bandwith: 4, is_empty: 0) (id: 165, initial_bandwith: 3, is_empty: 0) (id: 290, initial_bandwith: 19, is_empty: 0) (id: 12, initial_bandwith: 3, is_empty: 0) (id: 40, initial_bandwith: 4, is_empty: 0) (id: 431, initial_bandwith: 23, is_empty: 0) 
backwards
(id: 431, initial_bandwith: 23, is_empty: 0)(id: 40, initial_bandwith: 4, is_empty: 0)(id: 12, initial_bandwith: 3, is_empty: 0)(id: 290, initial_bandwith: 19, is_empty: 0)(id: 165, initial_bandwith: 3, is_empty: 0)(id: 20, initial_bandwith: 4, is_empty: 0)(id: 101, initial_bandwith: 24, is_empty: 0)(id: 54, initial_bandwith: 0, is_empty: 0)(id: 337, initial_bandwith: 18, is_empty: 0)(id: 236, initial_bandwith: 24, is_empty: 0)(id: 345, initial_bandwith: 10, is_empty: 0)(id: 389, initial_bandwith: 4, is_empty: 0)(id: 67, initial_bandwith: 8, is_empty: 0)(id: 445, initial_bandwith: 1, is_empty: 0)

Apartment Name: K, Max Bandwidth: 280
(id: 401, initial_bandwith: 43, is_empty: 0) (id: 125, initial_bandwith: 33, is_empty: 0) (id: 34, initial_bandwith: 8, is_empty: 0) (id: 414, initial_bandwith: 28, is_empty: 0) (id: 251, initial_bandwith: 32, is_empty: 0) (id: 118, initial_bandwith: 31, is_empty: 0) 
backwards
(id: 118, initial_bandwith: 31, is_empty: 0)(id: 251, initial_bandwith: 32, is_empty: 0)(id: 414, initial_bandwith: 28, is_empty: 0)(id: 34, initial_bandwith: 8, is_empty: 0)(id: 125, initial_bandwith: 33, is_empty: 0)(id: 401, initial_bandwith: 43, is_empty: 0)

Apartment Name: U, Max Bandwidth: 200
(id: 348, initial_bandwith: 39, is_empty: 0) (id: 181, initial_bandwith: 16, is_empty: 0) (id: 113, initial_bandwith: 33, is_empty: 0) 
backwards
(id: 113, initial_bandwith: 33, is_empty: 0)(id: 181, initial_bandwith: 16, is_empty: 0)(id: 348, initial_bandwith: 39, is_empty: 0)

Apartment Name: Q, Max Bandwidth: 220

Apartment Name: V, Max Bandwidth: 100
(id: 366, initial_bandwith: 2, is_empty: 0) (id: 443, initial_bandwith: 3, is_empty: 0) (id: 46, initial_bandwith: 14, is_empty: 0) (id: 194, initial_bandwith: 5, is_empty: 0) (id: 390, initial_bandwith: 2, is_empty: 0) (id: 421, initial_bandwith: 1, is_empty: 0) (id: 210, initial_bandwith: 14, is_empty: 0) 
backwards
(id: 210, initial_bandwith: 14, is_empty: 0)(id: 421, initial_bandwith: 1, is_empty: 0)(id: 390, initial_bandwith: 2, is_empty: 0)(id: 194, initial_bandwith: 5, is_empty: 0)(id: 46, initial_bandwith: 14, is_empty: 0)(id: 443, initial_bandwith: 3, is_empty: 0)(id: 366, initial_bandwith: 2, is_empty: 0)

Apartment Name: E, Max Bandwidth: 140
(id: 403, initial_bandwith: 9, is_empty: 0) (id: 412, initial_bandwith: 3, is_empty: 0) (id: 289, initial_bandwith: 0, is_empty: 0) (id: 483, initial_bandwith: 6, is_empty: 0) (id: 172, initial_bandwith: 2, is_empty: 0) (id: 344, initial_bandwith: 0, is_empty: 0) (id: 259, initial_bandwith: 2, is_empty: 0) (id: 14, initial_bandwith: 4, is_empty: 0) (id: 66, initial_bandwith: 7, is_empty: 0) (id: 97, initial_bandwith: 0, is_empty: 0) (id: 369, initial_bandwith: 1, is_empty: 0) (id: 146, initial_bandwith: 3, is_empty: 0) (id: 454, initial_bandwith: 2, is_empty: 0) (id: 144, initial_bandwith: 1, is_empty: 0) (id: 156, initial_bandwith: 1, is_empty: 0) 
backwards
(id: 156, initial_bandwith: 1, is_empty: 0)(id: 144, initial_bandwith: 1, is_empty: 0)(id: 454, initial_bandwith: 2, is_empty: 0)(id: 146, initial_bandwith: 3, is_empty: 0)(id: 369, initial_bandwith: 1, is_empty: 0)(id: 97, initial_bandwith: 0, is_empty: 0)(id: 66, initial_bandwith: 7, is_empty: 0)(id: 14, initial_bandwith: 4, is_empty: 0)(id: 259, initial_bandwith: 2, is_empty: 0)(id: 344, initial_bandwith: 0, is_empty: 0)(id: 172, initial_bandwith: 2, is_empty: 0)(id: 483, initial_bandwith: 6, is_empty: 0)(id: 289, initial_bandwith: 0, is_empty: 0)(id: 412, initial_bandwith: 3, is_empty: 0)(id: 403, initial_bandwith: 9, is_empty: 0)

Apartment Name: J, Max Bandwidth: 380
(id: 159, initial_bandwith: 16, is_empty: 0) (id: 83, initial_bandwith: 19, is_empty: 0) (id: 357, initial_bandwith: 37, is_empty: 0) (id: 226, initial_bandwith: 35, is_empty: 0) (id: 160, initial_bandwith: 24, is_empty: 0) (id: 42, initial_bandwith: 25, is_empty: 0) (id: 19, initial_bandwith: 29, is_empty: 0) (id: 284, initial_bandwith: 8, is_empty: 0) (id: 103, initial_bandwith: 0, is_empty: 0) (id: 456, initial_bandwith: 3, is_empty: 0) 
backwards
(id: 456, initial_bandwith: 3, is_empty: 0)(id: 103, initial_bandwith: 0, is_empty: 0)(id: 284, initial_bandwith: 8, is_empty: 0)(id: 19, initial_bandwith: 29, is_empty: 0)(id: 42, initial_bandwith: 25, is_empty: 0)(id: 160, initial_bandwith: 24, is_empty: 0)(id: 226, initial_bandwith: 35, is_empty: 0)(id: 357, initial_bandwith: 37, is_empty: 0)(id: 83, initial_bandwith: 19, is_empty: 0)(id: 159, initial_bandwith: 16, is_empty: 0)

Apartment Name: D, Max Bandwidth: 120
(id: 425, initial_bandwith: 0, is_empty: 0) (id: 395, initial_bandwith: 2, is_empty: 0) (id: 201, initial_bandwith: 1, is_empty: 0) (id: 79, initial_bandwith: 7, is_empty: 0) (id: 211, initial_bandwith: 5, is_empty: 0) (id: 496, initial_bandwith: 1, is_empty: 0) (id: 115, initial_bandwith: 1, is_empty: 0) (id: 180, initial_bandwith: 5, is_empty: 0) (id: 37, initial_bandwith: 4, is_empty: 0) (id: 157, initial_bandwith: 1, is_empty: 0) (id: 61, initial_bandwith: 8, is_empty: 0) (id: 59, initial_bandwith: 7, is_empty: 0) (id: 238, initial_bandwith: 3, is_empty: 0) (id: 120, initial_bandwith: 3, is_empty: 0) (id: 129, initial_bandwith: 5, is_empty: 0) 
backwards
(id: 129, initial_bandwith: 5, is_empty: 0)(id: 120, initial_bandwith: 3, is_empty: 0)(id: 238, initial_bandwith: 3, is_empty: 0)(id: 59, initial_bandwith: 7, is_empty: 0)(id: 61, initial_bandwith: 8, is_empty: 0)(id: 157, initial_bandwith: 1, is_empty: 0)(id: 37, initial_bandwith: 4, is_empty: 0)(id: 180, initial_bandwith: 5, is_empty: 0)(id: 115, initial_bandwith: 1, is_empty: 0)(id: 496, initial_bandwith: 1, is_empty: 0)(id: 211, initial_bandwith: 5, is_empty: 0)(id: 79, initial_bandwith: 7, is_empty: 0)(id: 201, initial_bandwith: 1, is_empty: 0)(id: 395, initial_bandwith: 2, is_empty: 0)(id: 425, initial_bandwith: 0, is_empty: 0)

Apartment Name: H, Max Bandwidth: 100
(id: 155, initial_bandwith: 0, is_empty: 0) (id: 282, initial_bandwith: 3, is_empty: 0) (id: 342, initial_bandwith: 6, is_empty: 0) (id: 43, initial_bandwith: 4, is_empty: 0) (id: 296, initial_bandwith: 3, is_empty: 0) (id: 374, initial_bandwith: 6, is_empty: 0) (id: 10, initial_bandwith: 6, is_empty: 0) (id: 317, initial_bandwith: 3, is_empty: 0) (id: 99, initial_bandwith: 2, is_empty: 0) (id: 69, initial_bandwith: 6, is_empty: 0) (id: 489, initial_bandwith: 5, is_empty: 0) (id: 108, initial_bandwith: 1, is_empty: 0) (id: 487, initial_bandwith: 3, is_empty: 0) (id: 192, initial_bandwith: 6, is_empty: 0) (id: 248, initial_bandwith: 4, is_empty: 0) 
backwards
(id: 248, initial_bandwith: 4, is_empty: 0)(id: 192, initial_bandwith: 6, is_empty: 0)(id: 487, initial_bandwith: 3, is_empty: 0)(id: 108, initial_bandwith: 1, is_empty: 0)(id: 489, initial_bandwith: 5, is_empty: 0)(id: 69, initial_bandwith: 6, is_empty: 0)(id: 99, initial_bandwith: 2, is_empty: 0)(id: 317, initial_bandwith: 3, is_empty: 0)(id: 10, initial_bandwith: 6, is_empty: 0)(id: 374, initial_bandwith: 6, is_empty: 0)(id: 296, initial_bandwith: 3, is_empty: 0)(id: 43, initial_bandwith: 4, is_empty: 0)(id: 342, initial_bandwith: 6, is_empty: 0)(id: 282, initial_bandwith: 3, is_empty: 0)(id: 155, initial_bandwith: 0, is_empty: 0)

Apartment Name: I, Max Bandwidth: 200
(id: 320, initial_bandwith: 3, is_empty: 0) (id: 193, initial_bandwith: 1, is_empty: 0) (id: 439, initial_bandwith: 10, is_empty: 0) (id: 218, initial_bandwith: 16, is_empty: 0) (id: 57, initial_bandwith: 3, is_empty: 0) (id: 420, initial_bandwith: 16, is_empty: 0) (id: 164, initial_bandwith: 5, is_empty: 0) (id: 199, initial_bandwith: 8, is_empty: 0) (id: 241, initial_bandwith: 13, is_empty: 0) (id: 486, initial_bandwith: 11, is_empty: 0) (id: 453, initial_bandwith: 8, is_empty: 0) (id: 329, initial_bandwith: 14, is_empty: 0) 
backwards
(id: 329, initial_bandwith: 14, is_empty: 0)(id: 453, initial_bandwith: 8, is_empty: 0)(id: 486, initial_bandwith: 11, is_empty: 0)(id: 241, initial_bandwith: 13, is_empty: 0)(id: 199, initial_bandwith: 8, is_empty: 0)(id: 164, initial_bandwith: 5, is_empty: 0)(id: 420, initial_bandwith: 16, is_empty: 0)(id: 57, initial_bandwith: 3, is_empty: 0)(id: 218, initial_bandwith: 16, is_empty: 0)(id: 439, initial_bandwith: 10, is_empty: 0)(id: 193, initial_bandwith: 1, is_empty: 0)(id: 320, initial_bandwith: 3, is_empty: 0)

Apartment Name: X, Max Bandwidth: 360

Apartment Name: Y, Max Bandwidth: 280
(id: 153, initial_bandwith: 12, is_empty: 0) (id: 327, initial_bandwith: 9, is_empty: 0) (id: 432, initial_bandwith: 3, is_empty: 0) (id: 346, initial_bandwith: 24, is_empty: 0) (id: 7, initial_bandwith: 8, is_empty: 0) (id: 30, initial_bandwith: 24, is_empty: 0) (id: 26, initial_bandwith: 19, is_empty: 0) (id: 183, initial_bandwith: 10, is_empty: 0) (id: 137, initial_bandwith: 5, is_empty: 0) (id: 323, initial_bandwith: 8, is_empty: 0) 
backwards
(id: 323, initial_bandwith: 8, is_empty: 0)(id: 137, initial_bandwith: 5, is_empty: 0)(id: 183, initial_bandwith: 10, is_empty: 0)(id: 26, initial_bandwith: 19, is_empty: 0)(id: 30, initial_bandwith: 24, is_empty: 0)(id: 7, initial_bandwith: 8, is_empty: 0)(id: 346, initial_bandwith: 24, is_empty: 0)(id: 432, initial_bandwith: 3, is_empty: 0)(id: 327, initial_bandwith: 9, is_empty: 0)(id: 153, initial_bandwith: 12, is_empty: 0)

Apartment Name: Z, Max Bandwidth: 260
(id: 44, initial_bandwith: 18, is_empty: 0) (id: 209, initial_bandwith: 3, is_empty: 0) (id: 376, initial_bandwith: 5, is_empty: 0) (id: 186, initial_bandwith: 16, is_empty: 0) (id: 326, initial_bandwith: 3, is_empty: 0) (id: 313, initial_bandwith: 10, is_empty: 0) (id: 85, initial_bandwith: 2, is_empty: 0) (id: 130, initial_bandwith: 24, is_empty: 0) (id: 491, initial_bandwith: 19, is_empty: 0) 
backwards
(id: 491, initial_bandwith: 19, is_empty: 0)(id: 130, initial_bandwith: 24, is_empty: 0)(id: 85, initial_bandwith: 2, is_empty: 0)(id: 313, initial_bandwith: 10, is_empty: 0)(id: 326, initial_bandwith: 3, is_empty: 0)(id: 186, initial_bandwith: 16, is_empty: 0)(id: 376, initial_bandwith: 5, is_empty: 0)(id: 209, initial_bandwith: 3, is_empty: 0)(id: 44, initial_bandwith: 18, is_empty: 0)
